; Map created with FinalAlert 2(tm) Mission Editor
; Get it at http://www.westwood.com
; note that all comments were truncated

[Header]
Width=50
Height=56
StartX=231
StartY=32
Waypoint1=242,41
Waypoint2=266,73
Waypoint3=0,0
Waypoint4=0,0
Waypoint5=0,0
Waypoint6=0,0
Waypoint7=0,0
Waypoint8=0,0
NumberStartingPoints=2

[AircraftTypes]

[GAYARD]
TechLevel=11

[INPURPLAMP]
LightRedTint=0.1
LightBlueTint=0.1
LightGreenTint=0.01
LightIntensity=0.01
LightVisibility=2000

[INYELWLAMP]
LightRedTint=0.1
LightBlueTint=0.01
LightGreenTint=0.1
LightIntensity=0.01
LightVisibility=2000

[NAYARD]
TechLevel=11

[NEGLAMP]
LightRedTint=0.03
LightBlueTint=0.03
LightGreenTint=0.03
LightIntensity=-0.15
LightVisibility=3500

[VehicleTypes]

[YAYARD]
TechLevel=11


[Preview]
Size=0,0,110,60

[PreviewPack]
1=5BIAIArd6e3d6e3e6u7e6u7dIE0sAAPAzb3R3tow3AED1Obs1eftMFwAA8TZ48PZ5LwCAx
2=Q7YRQ8YawBWBZAAUgAQAFIAEABSABAAUgAQAFIAEABSABAAUgAQAFIAEABSABAAUgAQAFI
3=AEABSABAAUgAQAFIAEABSABAAUgAQAFIAEABSABAAUgAQAFIAEABSABAAagAJywAQAFIAC
4=dQACAPLwBpbnAt7AAD0N7cv8u5vAgDuMSvvcizrAEDxNDDtL6dSABcBQPM2dOvupVIA0wB
5=D9zp7tfn7M3i683i6tXm7NTn7UgqAAPW5uzN4enE2+bQ4upymLsUO2IWPWNYKAZ4f4FWWV
6=hrbGmsClgHQAFIAEABSABAAUgAQAFIAEABSABAAUgAQAFIAEABSABAAUgAQAFIAEABSABA
7=AUgAQAFIAEABSABAAUgAQAFIAEABSABAAUgAQAFIAEABSABAAUgAQAFIAEABSABAAUgAQA
8=FIAEABSABAAUgAQAFIAEABSABAAUgAQAFIAEABSABAAUgAQAFIAEABA21vadPe4KwBWwHJ
9=1cdIAAawupevuZKtt49IAEABSABAAQO3wqPK1s1MBEwBA8nVxrvGsEwBQAcD2ejt2OfsTA
10=FQKUgAXClMKwaApcRjhaRLb5JbKBU8YrwpA3uLlI2VlkgGUAVIAEABSABAAUgAQAFIAEAB
11=SABAAUgAQAFIAEABSABAAUgAQAFIAEABSABAAUgAQAFIAEABSABAAUgAQAFIAEABSABAAU
12=gAQAFIAEABSABAAUgAQAGoACcsAEABSAAnUABMAVBKA7S/ocrVyFhwXAJYASeMCVgBQARI
13=AEABSABAAUgACJ6oqqGopq23ttTfcClLKtfi5VwCUCm8CEwoQAG8BVgrTCgnPAVQKVgEUA
14=K8U6wETwfL3+i8KQmmwtZ+oLxliKcsUXVcKUB8BhY9YnCFk3BwbFAFSABQBUgAQAED0uDg
15=0t7XrAFYAUABSABAAUgAQAFIAEABMGwRSBtcAkgAQARIAEABSABAAUgAQAFIAEABSABAAU
16=gAQAFIAEABSABAAUgAQAFIAEABSABAAUgAQAFYQ0ABBtnm6czYysHLs1BuWAFcAkgAXB0D
17=ytbI2ujpTwG8ybYnXAAJn6iqusC/sbi1pbCwUQIUgABMBCcsAEgJTAFIAFACvAtYB1ALTC
18=tQKUgAvFNQKbwLVKV8egLi6tHj6kgGUClIKlBTBqrI3WCDoktwk0B8RClcUwZPaYGChH+F
19=j5JQC0gAUAVIAEABvAtMQECIWApMNEgMUIxIOUxDSA9MBEgAUAVcEUCOSBtAAVgBUAJYAV
20=CPLUwHUAIDq7SK0t7ZrAQnfAFcBagAvAJMAUABSABAAQPd6ezW4OFUAEBtvBdclVwCVBtE
21=ArxNrAG8BQWNkY+DiIWLkmwZiCgBFNPd3UABSAZABEgAQAFIAEABSABcGkhRQChIAFACSA
22=BQAlgckCnPNHh4eEgnvHpMpgPL4OnS5OpACgnN4erI3enK3ulpiadMKFhSXClIAAYlSWxh
23=YFt9goFICUAKrEAqfAFfAsbTwkgDQwHM2MxTF9Dj6UgMWBlAIlgBQBxIA1ApWARABFwsQA
24=G8BVwCQApEBVgEXBRQAkgGQARIAEwBA73GyJOYm0wETAFIAEABSABAASrMCwbJzcrKz87H
25=3udQKUgAXEFIAEwESFRewtjobP0JjpOPe3x2g4eEqKypSANQCEgASB6oAEwBUAJIAEABSA
26=BAAUgAQAFcUyecAlhbUAJIAFwCSABAAUgAQAFIAFAdrAFIKkABSABQAkwBCbvU4tLl7I+x
27=zzldf0CmvCkDfouPhIyNrARYBEABQB+8I0ABWAFQAkgAUBcqbAKsAVsZ0+brrASwBVwmTL
28=VcfUAivAJPB9vr8FsE2ujtSC1QAqwoWCgDhIeJh4yPRAJMBFQASABAAUwcQAEP1+DizczE
29=ysi/zc7KwsG21t/hWDcnXANYBAzW5evN2+CmqJ+5wLrJ0tBIBlACSABAE6wBQwHX5+28Di
30=pdANecL6wEXAJAAUgAQAG8XKwBWAFAAUgAQAFIAEwfJywAX33O4upQ+APD2eRZfJxYUkB8
31=AxY8YlhcXCeMAEABSAZTI83i6VBZWAFQCEgASBKoAE9t2OPmrAFXANPd3lQAqABQBUgAUA
32=VIAFxQJywAuCtQAlgEUAItDwWttLZIAFwCSABMBEgAQMonHBBcaycIACccAU8E0eLpSwDS
33=4+pIAAPJ19rV5etPNNzo7agMQASBAewnTAFAAUgAXAJIAF8gzOHqTBxMAVACSABAAUgATx
34=n6+gBIAIiKMXwrQBBsBw7g6Mzh6cnf6Jy3zmiHoomkurzOWFJQ+AlrbGmKkZCGioedoaBM
35=ClALSABAAUgAQAFUEksAztfYVAAqCABIA0AERAJAAUgATwHP1tVAAUgATAFIAEMB2ervQH
36=BbFsfKxjkMBUQFvAVbl6+6lVisRAJIAFACBdrf3dXY09XfYKZYAQbc6eyUl5HI1dpMKFAp
37=SABAAUgAUAVIAEAESACoEkABSABAQ7wCXFBcIFhDTJ28g7wCTARMQ0AoJwgARFNQKVgBQw
38=TZ5upYAUwETFsnbBFMpgnI3ee30eFmiqqDoronHx9ZfZ1ULUhyDKqqoouIf+Do6tDU0+Xu
39=8lwISABQCEgATBMwCABYDVACzQTpYEDMASOcMqwoT1vb5+o5DAVQC0gAQAdIAEABSABAwS
40=dMCkATvEdMDUAECZmfn4SHhLC3tZyakFNQ1+XrLQwFTARIAFAISABAAUgAQAFIAEAB/BFg
41=kVAdXI+8AiSMJFwmJwsA1+HjJ3wKTwTS29tYB0ABbrXg6awBX6TH3easK1z4DEhvlJGxzM
42=rf6MXb5t7r71QnBuTt8qytqOjw80sA5+/ySABAB0gAXAhIAEA0SCdIAEwBVAAD1d/g1+Lj
43=gAFARiJgNVwCUAVIAEABXFBAATYNBbgprDFYBEgASAZUAEgAQAGsqawBTBZAAUgAXAIDkZ
44=aVrKyjrAFAFkgPzgHq7kxGVKhTBdHj6lACSABcBUgALRwKKgwFJ4wAQAFYUlBuJzAFJyAA
45=SANRCN6cREgMUCm8GrwCRA5IAL8pxNnjgAElvCRAKEgAQChIAEABSABAAUgAQAdIAG4K6u
46=4n/AJDAc7W07wCTAFAAbw+SNVMSTYMBVgEXAhqeL+hrAFYAUABSABAAUgAXKRbUq+5kiEM
47=JlAXJ7wYBpyjpLXAwLW9u0wEUAVEDkgASG9MAUgAUAJIAFwaSNtAeU8B/wAAqAAtLA9QBU
48=gAQARIAEABJ9AEKiMAzdXSJzgAUFZYBFAFSABQC0h7UDVMAVACWDRQbkgAUIZYAVACSDlc
49=KVgBTIhMLkAoSABAKEgACNjh4nJsYqGmptrlYFu8BUgGQAFIAEABSABAAUgAQAFAGUABNg
50=wFWCJMOlRCUKEn/A5cBagAWAcnIABcLEAEWAFQAkgAQAFIAEMBg4iIQAFIAEwBSABEKScs
51=AEABSABQAkgAoCgqFABQAkgAQBBYHEArSCFQBVTnUIZYalAmSyfQ2dpAATMIAEQFnAV8bl
52=wjJ/wgfCb8fXaN5+1EIFACWCgnvABcDlN94OvvSAAABqSoo4aPkHV1cGFjYZObnJ+oqm+E
53=lZOamkwBXAUlriLPzkwBMwwFTM1IA0AKSABATKwBTCVAAUgAUAJIAEABSABAAUgAXCwjeC
54=wiLDxMH6wTsCavBG1vaUABRAJIAC1MClwCSAa8NSckBUw3SAC8CH1H31DvKOweMOgETBBA
55=lypcAFgKUAJIAIDffClMAVACSABAAUhgTHBYVUABWAFQVrw1rHMtLAAGxdzotb29WHqbT/
56=0UPWNf/hU8Yid/NNXb2EwoJLgiJH0orSNuI8fNIhgvVxjZ4+VMDbwOSL1BAcQjH0bK1s1M
57=AagATBBAAVgoUCxM9ypMClDOSANABEgAJ0w9TAFEKagASEtABEgAUAJIACctA9gs3CgnLA
58=lUKlAFWL5AMVwFKtAETAGgGUABSAAG0d3e1N/i2uXnXAVYK0BYXAWMAUnD7FxQTAFIAFAC
59=SABYCkgATFJYXkB8vAJYAVMp1enwIWQ0VxV0mrwl7CQjAERcKVApDBY8YoCIkZKYm4KGh2
60=9ydKwouBBc9bwIWENAAVgoQDRMDUABWAFAAXglNZwUUKRYKCdcObwFSAZDAZ2lpiEzOLG4
61=tUwBSABQAkgAQ3PY4uVQwlwUUAKsUkwZKvwFXAJID0w6XAVAAUgDUHRMAUAHWCVIADO4GV
62=wCTARUAFgHQAFMBCdcGFgrVAm/UNTe30AEJ1wGJ7wGSFRcAic/AqfE2DHsJCk8BQxsdX9l
63=aGlrb3GLkJKLkZRPB4qRkEB/SA9MAUgAQAFENSd8AVgBUAKsTzBMCkgDQARM9yccKFgBJ+
64=wDA5KZmaSopKwEXAJAAVQnqABMAUgAUAJIACesAawZvMK8U7waLRwTQAdIAEAHUCYtCAC8
65=AkgDQAFIAEABSABAAUgAQAFIAFQPJ1wGR1zS29tAWFwCQARIAEABSAAnPAJcUyrsJCgMRF
66=4pFBREU0gAAAaDh454hI5ZfZ2lwNWboZ2Gioeho52Gi4lIKkIK2eUi0EZMCkwBSABAAUkA
67=ySLMUCg8UCdcAE33ySOcUEAoUAK8IExMTAFIAEAHLSxXTBm8AkgDQAFIMFxNSGBMASQsIU
68=wHUB1YAUAESAAnrBZMAVACSABAAUsA2OPmSFRMW7ApA9Te3tPd3VgiQARIAEAESABAAVQS
69=VFFMAVALWAFAAVwjQAFIAG4B3+JAAUTUgI4ujC1IA24E5+1EfScMRFwXBi1Td2iLqS5Td0
70=ymBjFWeoWlv3WWs0ANWIJQF0wZDNfi5dnj5sbNzZ+inOTt8JSKAe7i7PBACkgATApIACQM
71=QbgBVABIAFACSABAfKwBXBSMjiVcSAmgqaqSlY+ttbSanZlABFgQqABMAZjBImxWTAFIAF
72=AITGFAAUAfULNYAUwBSABAAUgAQAFIAEABQBZAAUgATAFIAEABSABAAYkh7VQDQBlYAUAB
73=WBBQWaxbWAG8AkA9VAxQFFg3QAdIAFAFSABAAUgAQAFIAEABSABAAUgAQAFIAEABSAZEF1
74=x9BqC+1E1zlq3I2icvALnQ3qwoWChMBFhAUAtL/8XLyiRPJdbl60ABSQDnL8wvUAtIAFwL
75=SABBf8om7FFQcbwXSAlABAaZoqN3e3mFjIpMAUgMqABAalgBQAdcmEABSABMAbx6rAFYAU
76=ABJ6wKTB9YbVsf0ePqTAEnfAFALrwCSCRAJawBSAxEBawBWChcCEsGzeLpXClQAlgBUAtI
77=ACqcC4A6LnwfTARQBUgAQAFIAFgKAtbh49voImtjyd7nrBBcJm4B3+hAAUgAUAJYBEgATC
78=5AB0gAQAdIJ0hRRClUAEwBMIwquARUAEl7vybMZVgBTAdM1lC5WCVAbV+kvMrMvAJIA1QM
79=JywATHOsBFwCUAJIAEABMDwFvAJIA0ABSABAAUAlQwHT3uBEaFsBwM29rPRYEFwCSABQAk
80=gAQAFIAEABXBFQRKwBWAFAAUgAQAFIAEABSBVUpawBCW1xboaNjpOamQAAAF/yhYqNXAJs
81=FgXq7srS0svS0lwFvDJcJkwBSABABFwmQFJIAFACXEdACkgGLQgARCktjCoGqa6okpaRo6
82=yuUAhIAFwISAAq7B5MUlgWQApcTQalr7KhqauKkpG8eie8AEABSABAB0wEQAFIAEwBSAAk
83=FCG0ACdME18Cz9bWJ4wAJ/8I2ujpJ/xKXHpApqwEWiLS4CIIY0AHSwC4xK+8ZYSVJb9I0t
84=7XKo8A1d/frDoMh4uGi5GRlZuecHN1b3N0XPIDam5xiY6RXAgDqKWbwsbEVA9cMlAmVDlA
85=KExkJ5wCRAInnAtcGi0kBawTXAhAQEk/0SlsdKgDVABLe6+6lSGoOEwBSABQBUwNQAFIAE
86=wBTFIG0Nve0+HjtMLFWAFQAkgAQAFIAEABWDdAH6wBWwHc6OsnLABAAUgAUAJIAEIBzdMi
87=kDusAVgBQAFIAEABSABAAUgAQAFIAEDHvBFIFUABSLckbCZcgCmMANwpnAXMAUwxWAEAEt
88=/r77rCxoKGh2BjZWNoa4yRlY2Tlqetstvp7dTe4Lu7ttXg4kgJrLhIJ6xGQAdTC9rl6FAU
89=SANMAUgAUAIwMAW8AlglQAFIAEwEWOVAAUgAbgHq7kz6vD5YAU1SzSYMZUAESABQAgxpbW
90=3B1+HC2OO+1N/H3OVQAkgAXAJIACcsCUwBXxS6u7ZYGUwBQARIAEABSABAAUgAQAFIAEAB
91=SABAAUgABt/r8MPZ47/W4UwBUAJIAEABSABQEUg/T3/M2MpUSCdcAEABSABABEgAQAFIAE
92=ABSABAAUgAQAFIAFgfQxCkpqohiCgGfoSEn6amoKekW2rW4ONACgK2uLPc5yi8RQjX5+zd
93=6e3d6e3e6hEAAIUTACAK7t7q7s3OysLBttbf4UwBAd3p7RThAHiAALcB2ebpSANABEgAQA
94=GoACcsAEABSAAAFdTm7Mvg6dLk6s3i6cvf6NDj6dXm7Nfn7Nzo7cvW2MLX4LPEyMPZ40sA
95=v9bhSAAnEAFMB0wBBtzp7LCup6Gaj0wBSABTAtTf4EABSABMAUgAQwGrr61UAEwBBnJ1b5
96=uhoICDf08BdXp50gJ4eEABSABQAkgAQAFIAEABSABAAQOYnp15eHCsAVgBQAFIAEABA9Ph
97=47TCxawBWAFAAagAJywAQAFIALACDLi4tMfOzdvn6tjn7NXf4SdcAEABUAID2d7d1dnWTA
98=FIAFwFA87X2NLb26wBWAFAAUgAQAEMv8u5xNDDxtPCzNjM0t7ZUAJIAFwCSABDAdzp7lAm
99=WChMAUgAUAJIAEABSABAAUgABsnd5tHi6dLj6kQFKiwAQARIAEAESAAFo52S1d/i3ut/O9
100=3p7CdcAAPi7fHj7fG0AANvcm/Z6O1UNl8FgomKJ4wAQAEGnqiqeH57naelTAFIAEAESABA
101=AQl7fHlqamaKkI+ZoKBYAVACA3h8enR3dawBDGltbcHX4cLY477U38fc5VACSABMBEgAJw
102=wCWEkJ097g3+rvvb+7q6efQARIAEAEA9Te39Xf4Fsl2uXnWAFQAkgAQAFIACfsAEwBWAcp
103=XQDtLSwAuAFUAAPW5evi7PBcBUwBrCVYAUwBSABQAksA2efsSCdDKM7h6CosAEAEWxDX4u
104=NMBEwBXBQDvr+7vL+7TAFIAFACSABUJ0sA4ezwSwDi7fC4E1Nc2+vwrF5UKkQLWBwG1+Ll
105=kpmZoaimSCQDgoeFeX9+UAhIAFAISAAGVllYhIyNnaaoKpwLTAFICT+8DCrsCQO3t7HT3d
106=9ACkgAUAtIAEMB1N/iQAFIAEwBSABAAUgAQAFIAFAXrAFPcN/r8LxxXAJQAkgAQAFIAEAB
107=A+jw8+fv8kQpQAFUJ0ABSE5cAkgAQASoAydcAFAsWChQKUwETAGsBF9fztbTrAFIBgORhn
108=fP2NlAAasA6fL1Qyjp8fRYAScsAFAFVCdQa0M9093eViHW4NySSANHBY+UlEABSABPAXd6
109=d0ABryuIj5BMAQW9xsiTmJvK1StMDUAcrD1cHSosAF8F2OPmUBRITkwBSABOCtfgK98E2e
110=bqM0wKRAVYIlAgQAFAB0gqTxm+1uFcC0QCekbW4awrVANEAqAlVABIBlwjRAJAH0gGVANY
111=AVAmSANAAVgBSANIAEAWvClASVAUA9ji5d7p7FwCQAQG3eruv8K+xMfEbgHp7VACSAl1AP
112=IuPAVQAkwHA83V0tDZ2kgAQBlIBlACVCpAAUgbQAFYAUAuWAFAAawrA9vl6Kesr1goCYSH
113=iYeMj620tsPP1EAEvBFIFVwUKiwASANMB0sA1d/fSAxQKUwBUAJIAEABSABAYawBSDlAAU
114=gAUAJIAFwjdgDq71wmQECsKKwirARcNSqMAFACrC5IUUABRCZAAVQAJywATBNMBEgAWApI
115=AEABSBVQAkwoXClYAVACSABAAUx2kBEH7KeimcjOzsbLyailSAlANLwpJywAXAVIJFykSA
116=ZMUkta1+HjWBy8AkxVTApAH1gBQAFIAEABD93o7Nbe4Nbi5sbO0cXO0bnAwVgofAKcNUwE
117=XERIEkATTBwqLAAnjABYUkwBBtXg4r/DwNzn6kwBSABAB0iKQAFIAEwBSABQJkgAUCZMKE
118=ABvAJYTyrcBCosAEAETDdUAGwHhKRQHVgHWAG8HUABUCagBEghTAGwLFQAQAesFkwEQARI
119=AEABSABAAUgAQAEFytDPu7672edA03hSQApIAFAISAAJ2OHicmxioaam2uXpXKRLANfo7l
120=wpQAcqvBUD1N7e093dTCtQ6ax5DMDIzNPb3tHZ3dHb39Xg5FwFrDdMBEwBA9zp7NXk6kg8
121=XBRIAEABSABAAUgDXBFIAEAKrAEDztbWuru2rAFcAidMCkwBXCZIAFAgSABMJVgxUDIqXA
122=AqbAVIA1AISCFMnVg3TAFIAFAFSABQHVRRQCVUAEgAJ1wAQAFIEkATSAAnjABMAVwCSABA
123=B0gAQAEqXANMfAK6u7fN1igsIVh/A+Xu8uDr70gACaSoo4aPkHZ7epGYmU8HzeLqSwDR4+
124=pMRlB9vFNIVERWWApDBMLGxycuD9HZIkAimMf8iYxSCc3W15SXkZyakMPQ00wTQBasB1gH
125=QBMnLABALgOjnZLDx8NEXFACSABABKgASBtAPVhJWAGsAUABSABIKkAoXAJQBUgARAJIAE
126=ABSABAAVwpVABMAUgAQAEG0N7ct8KjytbNTAFEAkgAQAFYCkABSBJAE0gATAFUw0gASANM
127=AUgAQAFIAEABSABAAUgAQAFIAEABSAAMvL24zNPStbOr0drb1eDjV3Lb6OtcAkAESABCAZ
128=+mKJwjA9Xm7NPm67wCrOgDnqirpK6xWARQAkgAQwHFyMlAAUgATAGsWAOKkZCTm5xYAQuZ
129=n5+srKOlpp6cmo/a6C58IkAESABAB0gAQAEDvb6509vdrAFYAUABJ1wGKjwUKiwAUFNEBU
130=B8TFVTkszh6iGsKEQCTAdIAEABXClAAUgATwHM2MohkCmuAdroIgAvrAFIVEABQCioAEDB
131=oAFIBlwCA9rl6M3T06wBWAFAAUgAgBNwek8BzNLSvAK8klgHvMgJx9LT2OTolZCDfoGAQA
132=QDlJucnaWmXAUABo2Rj6isqZiXjY+VlMjV17zHx6etq5qjpVMmmaCiQAFMBFwFSCcFg4eE
133=g4iFk5Zo+VMCpbCwXAIzPAJcAkgATARIAAjEy8u8vLfKz87c6CKgK0h+TIhIAEgDvFBMT0
134=wBSJADmJaQ4evvQAdIAEQCSABAAUgAQwHH3udAAQPAzb3R3tpYAUB8SC1EAkwBVABIAEAB
135=WBxQlVQAUD5EJlACVAAjkTR4QAEnCABcAkgAXAVIAAfAvbHHx8HV2dbWI7AwvwLU3t9AAU
136=iQULlMBEwBSABAAUgAQP0nLwDJ0dCsAQJycGnX5WjAQwSjpZ1QAiecAkwBSABcAkkquSOY
137=KkwBA5+koauspLwCWAFADScsAFARJy8A1+ftKvwIZAUD3N3Q2dnaJq83ztfYUAVIAEgDSA
138=BQKUiQA+Ls78LMzVC5S5CcpKVcAlwIvLmsAa8Kr7qVQAdbeb/LuVwCTAG8gKwBWAFAAUwN
139=USnRIpkn4if0BKABXJigAVgEUAVIAEMByce8QAFIAEwBSABcm6wNTAFQAkgAQAFMKyqsCl
140=ACSABcAkgAQAFImUw3VwDY4+ZL9trl50xkWwHZ5ulAAUs/0uDgSDwD1+Lj0t7XUxfK1shA
141=Z0wHQARYBKwHTNNIb1QPXAKMCnxivEdYAVACSAC0QlQATAFPDdXf30ATTAEqbAJEub8FpK
142=2tULmsAUwEUClUkAzU5+3Y6O7M2dPJ1ca7xrBfAqu0ilhSuAQncApcAkQCSABAAUgAUCZY
143=DUA3QAEnCAC8mCeMAEABSABQBUgATDcDy9/ozeLrSABQAlIa1ed4GVAISFFQzkwEXwKCiY
144=kh8DKsAVgBQAFIAEABSABAAVgiRB0wTARcOyccB0gtKkwBUAUn7AZAAbwISgnZ6nhzQwHX
145=6O5QAlgKqABMAUgAXAJLANPd3idsAkwcJ1wAQAFIkAOEh4F9goFMAUgAUAVIACc8F08BtL
146=+hvAJIKkABBoKDfYOFfpCXl0wBSABABEgAQAFIAEABSABQU0gMSABIIUCdSA9QGkRBXCas
147=NFjuUAVYFlA1JNxDJzwFUPJIGyd8FgADqbCsh4uGho2OipGSlpyfb3N0hYqNRAtYB0ANSA
148=BAAUgAQAFIAEwHvAtYMVACSABQAkgAQDQnLABAAUgAUAKsT0gSQAFYDSRYIlwCTChAE6wE
149=WwHW5uxIS1ACTAFQAkgAQAFIAEABSDOsRkwBSABQAksAdXp5mFUinCCAAYJD5+yMYWwBTy
150=jE0MNMZKgGVABIAEMHcnh4IVBFBsHX4bzS3bnEyEB/WFVA00gDQARIAEABSAAq7ANQJkgA
151=UFBIAEAESBVTKdLk6iFAPVgBUAVUIUABSABMAUgAAAacoKWTmZuChodwc3VgY2VlaWyNk5
152=aJjpFABFQzQFJUAEwBWEwkfC4nHAFYHydMBEwBJzwFQAFQDid8BEA3WAdADVwCKrwATARI
153=M1A+SANIEicsAEAorHxQGkgArAdPBFhcXKwBWCtAAVwRQApcAkwBiQnpXDtMfDDMI68E3O
154=jtV06kqaQhUEVZKL4j3ExQKUgALTwFWItMNKwKTCgGw9nlqcTY0eTsTAFQFKwrTA1cDkAQ
155=QAG8C1gBQAEABrrCxmVoaWtvcYuQkoyRlZqhpKGpq4qSkUgDQARIAEABSABAAUhLQExAHF
156=cS+voAqABcAlgBRLlMBKQCVABMAVAOSABAEFglTASsE0wBJzwFQCgnbA5IVyfMBUwHSAyo
157=AEwBTAcGtLy8nZ2Wa2xpTAFY2b7my+AiSCNABFwIJ3wHX86tt49IpUQFSANUAEgAQAFfuc
158=vW2L8m3+rvQAFIAEwoSAAFxdjhtcnT1uQlTCi8FFhPAAbE2eNymLtbfJpylbS0zuCbu9N+
159=ob/T5u1QGkgAXBqJAOpYEEBVSCpAFqwNA6Smqq61uqwBA4aLidDb3n6G2NcnTApIMEgSQA
160=RYRkND0NjXRCZYAVACSABMAScIAFACrAFMDVAOSABAAXkN5kU76lApXAVQSicMAlwFSABQ
161=AkgAQAFIAEABoBOsAVgBBs3X10xHQHBwbEwBUAK8Hbg6WAFQAkgATFJLpcrVyEgAUAJIAF
162=ACSAAqTBxYAbwCTCgIxtrk0uLo0uDlzt8iHCWskUwoDdDk65e4001xk1+DpBU8YhZIAAAF
163=PWI1YY1qh6CgtsV8nbnJ3+nM4OjP4utAK0gbSBUnPAJQC0gAVAxLANXf4EixQNlMJUD3KF
164=4A5uxYRlAXTARAJbwCTGFMAScIAFACSABABEgAQAFIAEABWOtcYlhGUEdcFCosAEAEvBdY
165=K0Q1WAFcBUgATBOoAEwBUAJIAEMBtb++IRBPvGK8CCcMEUAEW6O0vp1IAEwBqABIBicgAD
166=kvAJ2kpSFIVgOQlpWTmplEFLwUAAO1zt5jhaR+oLxJbpAWPWMUPGIUO2JAAVQqA0RpjTBc
167=hkArSFRTFL7X5UArXClcGid8BEwZWAFQGjbcAUxwTBMwLA8nJAVAASpsBSSAM0gGQApIAE
168=ABSABAAUgAQAFIAEABSABQVrxTWDRMVSd8AUAESABABEsAf4eJJywAQAFIAFACSABAH6wB
169=vHpLe6+5kiF4OFACSABABEgATFVM0CScJlACSABQAkgAQAG8OFAOTAFIAFACA2lucHJuZ0
170=jwD3Z8e7jQ3i1Td63I2qbF2jZcflgoyFRCKxQUrAFLVMDY5EgqSABcKVAISABcCFxHXBon
171=PAVTVtPm60AiSANABEgAQAFIAFDCUCYqCAAkPCMqRAAnPAtI1UAWJx8B/wAAqABcCFwLSC
172=FEQawQUBFIAFwCVABZB9ojz1ypsKxLe31xXyG4OkAQSABABEzcQAFLrtjo7lwgJ+8esLqX
173=QHxIA0gAWARUAEgAQAFIAEABKnwxVAZAE1wCQFsnLAlMBEgAUAJLAIeMjKxVBnl/fgAAAJ
174=KYmyJgI1xTCBQUJ050LlN3FDxhTCsJZISidZazk7TPyd3kJzwIXB2YKCL8KVACJ0wBQAFI
175=AFALSL1AAUSnT/rT3d0q3AQzLABIBlwCJ1wGoCgqFABUYEwETApIKkB2TFJMAVgoSABIsU
176=wBSABABEgAUKRLe52mqEwBXBRQL1A+TK9ABEgAUAJMykxPWChQpDAcZ0stzNjKJ+wPXAVI
177=AEAHSABAAc5t6O2sK1ACSABcAkgAQAEk70tvc3Rf8mpucSFgIw9oi6lrjqtliKcsUXWFpb
178=+xzNxYJVARSABcBUgAQAdMCpAp3MKAHMwBsG5MKFgEXCO8BawBrNBQAkgAvAKgAawBrAon
179=3AcnJAVMB0AQrARYIkAErAFcAkQpJywAQwFYXFwhw2iIj5BA91gBQARIACq+ANLgIphvUA
180=JMfEAEqABYAScgAKwBA7jEr73Is6wBTFK8OCqMA1wFWDRAFqw6TCisbSfsSwONk5anrbJY
181=f1OqqsjdULYDXltVe358RDtNB9MvHHBcAlBuSANQDiqMA1oo2OIieGt+At/gWCWoAFgBoA
182=G0AEAHoAFcAkwBSABAAVwIQAG8cUixKvwCXBFIA0wETHZABKwBWAFAAUgAQwFqamZAAUgA
183=TQHUI2x0mQfpvB1IUUAoSCRRzsYjbHEwnxTJ1cdAf1tVytbIvAhICVgcSABAE0yLQGcn/B
184=FMNE8ok5ibSACsKLwpBsnNytXY09nj5VjTQH+/CJGYmCcsADsdcO1YHEAWTB9AB1A4SDlM
185=EFBQvPukJjMUAECdvDtMB0AfiF18hlwISABQCFQYTJRINkABUFBADbwCSANBAeIj33Pg6+
186=8hEHkDb3JviJCRSHtAi0gDQARYRlwdrAFYAVB6JywAQAGoAFwCJyAATwGrtIqgIlyAKlwA
187=J14MzdMi8GstDwWttLZIACq8AEwBXSDVI9w9Ki0A3CAF3HysIkw3TAdYIkyaSCon7ANEKV
188=wCVAAnCAAKztbT1+Hj2uXn1ebs1REAACIIWA0O5uzU5+3S5OrQ4+nd6e3e6u5IAEEBFOAA
189=TAFIAFACSABAAQPi7fHh7PBIAAnj7fHi7fC+xcautLNcAkgAQARIAEABBtfn7cfe59fn7E
190=wBSABQAgO7xrC8ybauAdroYA2sAUgDQAFIAEABvAID0N7cv8u5WAFQAgLU5uzZ6GgSTAED
191=vcbIk5ibSAAGhIeJh4yPrbS2SABcAkgAUAUM2ujt3Onu1d/g1+Lj1ebs7RcUTwHb6/BKAN
192=fofxrD2eNLAL/W4UgAQAFIAEABSABQCEgAXAhIAEgGA8vf6M3i64gABOrN4urR4+pcAkME
193=+voASABICVQAWAFTAtTf4kABSABMAUgAQA1YKEQIWBZQAicYAkABWAFABEgAQAEC6fDx6v
194=F4KFApSABQKUoA3el4JUAESABAHyffAczh6kgGUAJIAAbM2dOrtIrS3tlPAcDNvVwCSABM
195=AVQASABAAUsAuMSvJ4wAQAG8AqwxPAwFTAcnnAIDztfYzdXSWAFLANDZ2lQAqAAqjABMAU
196=AoSABAKEgACcLX4s/h6c7f59bk61AOA9bm7M3i6UgABr/Y5rLN4cvg6UQIUBqvK9Xn7UwE
197=A9nq79jo7lsr0uDgWAFACkgAQAFIAEABSABIBjMsAFACSABABAnl7e7s8vPl7u/n7+9MKF
198=ApvAJIA0AQUg7S5EU461AOWChQIFwCXCMGrbePr7mStL6dUAVIAFACrE+sAVgBQAFILQOv
199=upXK1chMAUgAUAJIAEABPwwFTARIAFAFSABDAdjj5lApKgwFUBpIAAPS29va5edcVkwESA
200=BQBUsA1OTrVABIAAPS4OXe6vC8aEwoD83h6pe0zTJYe2CFp8DY5LTO4FgSXFNcGkgAQAFY
201=HFAIWEZAT1hnA8TQw8nVxlBuSAlcHVhArEZMBEgPSABID0wBSABABEgAC+Dr7G5wbH6Dgt
202=jm6uTtaDNQAkgAJwwFvAu8EawBJ3wEBsnVx7fCo8rWzVwFQAqoACcsAEABSgDK1lwVYHlM
203=AUAEMw8Fx83MSANABEgAQAFIAEABSABAAUgAQAFIAEQXNggAJ4wAQAG8IFwFTAFIAEMBaW
204=5uQCUJdJq8Sm6PT3SYFDthSAAPFTxib5a7m7vTRGqNk7TPyd7mflPg6UAcWFJMKCdcA0BG
205=SABMRkgAQApIAEwKSABQEScsAEEBf0iTAo6QfIF/TAFIAEAESABAAUgAQAFYgkABSABMAU
206=gAQFInLABADbwLTFJAAQPG08LM2MxINkAESABQBUgAQAFIAEABSABAATMPBdvn6kwfUGus
207=BCosAEgGUAJIAIwWAezW4OFAAQPT3d7R3d5TmNfh40AEXAVcR0wETAFIP0BPXCBMAUgAUA
208=JIAEABSABAAQNtb2kUO2JDKBY8YqgACBU8Y0hrjGCCn7vUcH1MKEgATyi0v6FQaEgAXESs
209=AUwoQAG8CFxuWBCsAaABBnt8eWpqZoqQj1ACRAJIAFgNQ4XV3+FEpEwBXAIPys7Kysi/ys
210=/Oyc3KwsG21t/hTLJQF0gqT3ywupdMKEgqPEwKXAgzDAVcAifsAyc8F0ghUAtIA0AQSABA
211=AUATqABMAUgAUAJIAEABSABAAUgDQAGs2Vw+XAhIAFAUSANcAkgVrzSeqKpbKBY9Y0QpqA
212=BQKQkUPWOAosHI3OXL4OdIe1wFr214eHhMAWoqvp1cRCcsAFgcLYwPSANADUgABlZZWISM
213=jZ2mqEwBTCi8Akg/QAFIAFMCzczEWAonCABQAkgAXQLUvLMC5unM2MpcNUCIvAJIA0ABSA
214=BAAUgAQAE2DAVY8UwxX0fT5uuuFr3IKJwgLdwTXAhMIifsCVgBUAtIAEQCJywAKgwCTAq8
215=AkgMJy8Acnh4JwwF6CpsUgOivtXL3+eswUzNKhwKXERYAUBGvFOsAVwdUAtIAEAQSABAAQ
216=ZtcW6GjY6Ij5BMAUgAUAJIOUAWRDtAJbAUWAFAAQja393U19XV2NPZ40G47lAgREFIAEgG
217=QAe8IFw1TAGoALwCNgwFvEesBAO8ybbBy7NIAFAUSABMFlyDRA5YH1AprARYDUAiTC5QC7
218=wFKswFTARQAkgDQAFIw0xGJ4wYUAIDwM290d7aSANMAVhSA3h+e46anVBTSConTAoCpsPY
219=xtxQpHz7rFK8UEhLUA5QEUAKSABQC1wITCtYfEArXBRMCkgAUAIDh4uGdnt6rAFYAUABSA
220=BAAUgAQGS8KUxtUAJIAFACSABAAbxxSGZMAUgAUAJYo1AgSAxQNbwLNgwFvAVIBkCCvAVM
221=KFACWB9QI1wCQBa8AlgBUAJYTEAKXAJMAbwCrBxIBlACXJVAH0gJUDhYAVACWARAB0wBUA
222=VIAFwRSABcAkgAUwKSmZlAKEgAbSg8UM6Mpgs9YrfO2qjG26rJ3s/j6Ug2QCWsKFgoQAdI
223=AEwHSABMHKzBWChQAkgAUAJIAEABBsfS04SHgX2CgUwBSABQAkgAQAGsTEk50CY8L0xVUA
224=tIA0AERCxcAlhAUCBMBCffJa+6lUAfTARIAFgEM4wtXAJMHyc8AifcBEgJJ3wfWIVMFkgA
225=XFOsFqwNTCJQI1gEQChcCFAmvAhMK1wCSABABEgAQAG8AkwHUAhIDKxJVBJIAEMHg4iIJ0
226=8KFj1iTAEJJUpuTHGXa5fC2ebpWBxAKEgAUAVIAFwFSABAAUgAQAFIAEABSABAAUgAQAFI
227=AEABSAAJ2OToydHQjIyChY+SUAJIAFACjUzGvBFIPEwWKjwCvCxcF1AFrBxcKQnd6e3d6e
228=3e6u7e6u4RAAA=

[AITriggerTypesEnable]
043F40BC-G=yes
043F521C-G=yes
043F874C-G=yes
044082BC-G=yes
05CB5B6C-G=yes
05CB830C-G=yes
05CBAEDC-G=yes
05CBC04C-G=yes
05CBC19C-G=yes
05CBC2EC-G=yes
05FC088C-G=yes
05FC0C9C-G=yes
05FC13EC-G=yes
05FC1A8C-G=yes
05FC1C5C-G=yes
05FC333C-G=yes
05FC37CC-G=yes
05FC3C9C-G=yes
05FC50EC-G=yes
05FC747C-G=yes
05FC75CC-G=yes
05FFA7DC-G=yes
05FFB18C-G=yes
06002BFC-G=yes
0611A1EC-G=yes
0611A33C-G=yes
0612B11C-G=yes
0612CD8C-G=yes
0612EAEC-G=yes
0612F46C-G=yes
0612F9AC-G=yes
0616004C-G=yes
06C551AC-G=yes
078F4B2C-G=yes
07C04C7C-G=yes
07C04EDC-G=yes
07C0B14C-G=yes
07C30A5C-G=yes
07C310BC-G=yes
07C3266C-G=yes
07C329FC-G=yes
07C330CC-G=yes
07C33DDC-G=yes
07C4853C-G=yes
08A3EEDC-G=yes
08B902EC-G=yes
08B90B1C-G=yes
08B911BC-G=yes
08B9154C-G=yes
08B9213C-G=yes
08B9305C-G=yes
08B9356C-G=yes
08B940EC-G=yes
08B9423C-G=yes
08B9483C-G=yes
08B9586C-G=yes
08B9641C-G=yes
08B9708C-G=yes
08B9767C-G=yes
08B97C6C-G=yes
0A31295C-G=yes
0A44F17C-G=yes
0A44F2CC-G=yes
0A452C6C-G=yes
0A452E5C-G=yes
0AA845AC-G=yes
0AA846FC-G=yes
0ABC484C-G=yes
0AD2BAEC-G=yes
0C0C7AEC-G=yes
0C0D184C-G=yes
0C0D251C-G=yes
0C1245AC-G=yes
0C1246FC-G=yes
0C32599C-G=yes
0C32D84C-G=yes
0C87B45C-G=yes
0C87B99C-G=yes
0C87E5AC-G=yes
0C8B81BC-G=yes
0C8BC5AC-G=yes
0C8C2AEC-G=yes
0C8C2C3C-G=yes
0C8C430C-G=yes
0C8C4C3C-G=yes
0C8C51BC-G=yes
0C8C56FC-G=yes
0C8C645C-G=yes
0C8C6EDC-G=yes
0C8C71BC-G=yes
0C8E2C3C-G=yes
0C8EE1BC-G=yes
0C8EEAEC-G=yes
0C8EEEDC-G=yes
0C91D45C-G=yes
0C92C1BC-G=yes
0C92C45C-G=yes
0C955AEC-G=yes
0C955C3C-G=yes
0C9561BC-G=yes
0C9565AC-G=yes
0C96F45C-G=yes
0C96F5AC-G=yes
0CA1F84C-G=yes
0CA24D8C-G=yes
0CA2A04C-G=yes
0CA2B06C-G=yes
0CA2D99C-G=yes
0CA2FEDC-G=yes
0CA5945C-G=yes
0CA6621C-G=yes
0CA6AEDC-G=yes
0CAD0B2C-G=yes
0CAD0C7C-G=yes
0CAD0DCC-G=yes
0CAD130C-G=yes
0CAD145C-G=yes
0CAD25AC-G=yes
0CAD2AEC-G=yes
0CAD2C3C-G=yes
0CAD5AEC-G=yes
0CADD99C-G=yes
0CADDEDC-G=yes
0CB29EDC-G=yes
0CB2CEDC-G=yes
0CDF899C-G=yes
0CDF8D8C-G=yes
0CDF8EDC-G=yes
0CE2395C-G=yes
0CE23AAC-G=yes
0CE26B5C-G=yes
0CE26CAC-G=yes
0CE2E8DC-G=yes
0CE2EA2C-G=yes
0CE44D0C-G=yes
0D022B1C-G=yes
0D022C6C-G=yes
0D052AEC-G=yes
0D0803CC-G=yes
0D08461C-G=yes
0D0848BC-G=yes
0D084A0C-G=yes
0D084B5C-G=yes
0D0873DC-G=yes
0D087D8C-G=yes
0D0B3B9C-G=yes
0D2769BC-G=yes
0D2C41EC-G=yes
0D2C448C-G=yes
0D2C45DC-G=yes
0D53099C-G=yes
0D53130C-G=yes
0D53430C-G=yes
0D535EDC-G=yes
0D62145C-G=yes
0D6215AC-G=yes
0D6216FC-G=yes
0D62199C-G=yes
0ECCB2BC-G=yes
0ECCB40C-G=yes
0ECCB55C-G=yes
0ECCB7FC-G=yes
0ECCBC3C-G=yes
0ECCF14C-G=yes
0ECCF29C-G=yes
0ECCF68C-G=yes
0ECCFA7C-G=yes
0ECCFCAC-G=yes

[Basic]
Name=[Pro] [2] Cloud Nine
Author=Speeder (original) & RaVaGe (pro edit)
Percent=0
GameMode=Battle
HomeCell=98
InitTime=10000
Official=yes
EndOfGame=no
FreeRadar=no
MaxPlayer=2
MinPlayer=2
SkipScore=no
TrainCrate=no
TruckCrate=yes
AltHomeCell=99
OneTimeOnly=no
CarryOverCap=0
NewINIFormat=4
NextScenario=
SkipMapSelect=no
CarryOverMoney=0.000000
AltNextScenario=
MultiplayerOnly=1
IceGrowthEnabled=yes
VeinGrowthEnabled=yes
TiberiumGrowthEnabled=yes
IgnoreGlobalAITriggers=no
TiberiumDeathToVisceroid=no

[CellTags]

[Chinese]
IQ=0
Edge=North
Color=SovietLoad
Allies=Chinese
Country=Chinese
Credits=0
NodeCount=0
TechLevel=1
PercentBuilt=0
PlayerControl=no

[Europeans]
IQ=0
Edge=North
Color=AlliedLoad
Allies=Europeans
Country=Europeans
Credits=0
NodeCount=0
TechLevel=1
PercentBuilt=0
PlayerControl=no

[FAYARD]
TechLevel=11

[FutureTech]
IQ=0
Edge=North
Color=LightBlue
Allies=FutureTech
Country=FutureTech
Credits=0
NodeCount=0
TechLevel=1
PercentBuilt=0
PlayerControl=no

[GDI]
IQ=0
Edge=North
Color=Gold
Allies=GDI
Country=GDI
Credits=0
NodeCount=0
TechLevel=1
PercentBuilt=0
PlayerControl=no

[Headquaters]
IQ=0
Edge=North
Color=Purple3
Allies=Headquaters
Country=Headquaters
Credits=0
NodeCount=0
TechLevel=1
PercentBuilt=0
PlayerControl=no

[Houses]
0=UnitedStates
1=Europeans
2=Pacific
3=USSR
4=Latin
5=Chinese
6=PsiCorps
7=ScorpionCell
8=Headquaters
9=FutureTech
10=GDI
11=Nod
12=Neutral
13=Special

[Infantry]
0=Neutral,GBEAR,256,53,101,1,Guard,64,None,0,-1,0,1,0
1=Neutral,GBEAR,256,44,22,1,Guard,64,None,0,-1,0,1,0
2=Neutral,GBEAR,256,62,67,1,Guard,64,None,0,-1,0,1,0
3=Neutral,GBEAR,256,87,78,1,Guard,64,None,0,-1,0,1,0
4=Neutral,GBEAR,256,30,35,0,Guard,64,None,0,-1,0,1,0

[IsoMapPack5]
1=Iw8AIAE3AAEAgAAFBAA2AAIA//9TAQQANygpADgoKwA1AANUA0gAbQUDKKwAJykAOEAExQ
2=g5SAFEBQIAAAQANEwAyQE1KCkANkgBzQU3KCkAOCgpADlIAdkGOigrADMABZACRQI0KCkA
3=NSgpADZIASddAQXxFDgoVQA5SAGLCAQAOigpADsoKwAyAAacA0kMMygpADQoKQA1KCkANi
4=gpADcoKQA4KCkAOUkBj3gJdA0nXQE7VAJwAkkMPCgrADEAB5ACVQIyKCkAMygpADQoKQA1
5=KCkANigpADcoKQA4KCkAOUkBjmQLbBAniQE7VQImcz8EADzIAQEBBAA9yAEDAgQAMAAIcA
6=ZpODEoKQAyKCkAMygpADQoKQA1KCkANkgB0R83SAGXCQQAOCgpADlIASdkAie1ATtUAidm
7=AggAaAGEE6gBRRM+QATTCS8ACYQBTSYwKCkAMSgpADIoKQAzKCkANCgpADUoKQA2SQGMeA
8=lnYAkAh6kBOFQCZAFJDDlIASe8AifhATtUAnAUQQQ8yAGdFQmIF5wVJ60AP0AE0wkuAAqE
9=AVkGLygpADAoKQAxKCkAMigpADMoKQA0KCkANSgpADZIAScXAwoAiHAMdy4KAImpATlBBI
10=qpATpIAWQBTRA7SAEnFQMKiBeUGKgBlBgnvQI/TAXZBkAoKwAtAAuQAlEJLigpAC8oKQAw
11=KCkAMSgpADIoKQAzKCkANCgpADUoKQA2SQGScAxkNAELANcCTAFvGwsAz6kBOUEE0akBOk
12=gBWAN9VztIASdtAwsobAOoAYwbJ+kCP0wF2QZAKCkAQSgrACwADJwDWRwtKCkALigpAC8o
13=KQAwKCkAMSgpADIoKQAzSQGNeAl9pAzpTjVUAnACSQw2KCkANygpADgoKQA5KCkAOigpAD
14=tIASfFAwwoxAOoAYQeJxUDP0wF1Q1ASQGPbwEEAEFIAWQBTRBCKCsAKwANkAJVAiwoKQAt
15=KCkALigpAC8oKQAwKCkAMSgpADIoKQAzSAHRVjRIAdlTNUgBmA1mzg0AxRM3KFUAOEkB1b
16=k9OUgBzQU6SQH4tQI7SAEnHQQNKBwEqAGcICdBAz9MBc0xQEkBhnQJfCAngQBCVAJwAlEf
17=QygrACoADpACVQIrKCkALCgpAC0oKQAuKCkAL0kBkWAHZa0O5T8xVAJwAlEJMigpADNIAd
18=2ONEgBwQQ1SAHFCDZIAd0VN0gBwQQ4SQHWvSA5SQHNqQE6SQH3qQE7SAEndQQOKHQEqAGU
19=IydtAz9NBZBjCwQAQEgB1Q1BSAFwAl0VQigpAEMoKQBEKCsAKQAPiAVNBSooKQArKCkALC
20=gpAC0oKQAuKCkALygpADBIAcFGMUgByZsyKCkAM0gB2Ug0SAGHDwQANUkB2bEfNkgBJywR
21=J2UCOFQCzQU5SQHUrQU6SQH7qQE7SAEnzQQPKMwEqAGMJicxAT9MBdEJQEgB2SdBSAHNy0
22=JIAcEEQygpAEQoKQBFKCsAKAAQiAVZJykoKQAqKCkAKygpACwoKQAtKCkALkgBwUYvSAHN
23=JjBIAdU5MUgBjwwEADIoKQAzSAHFrTRJAdG9IDVIAc0FNigpADcoKQA4KCkAOUkB0rkGOk
24=gBxQg7SAEnJQUQKCQFqAGEKSfFAz9MBcF9QEgBwQ9BSAHRKkJIAcEaQ0kBhWcEBABESAHJ
25=LUVIAXACWSdGKCsAJwARkAJVAigoKQApKCkAKigpACsoKQAsKCkALUgBwZMuSAGXCQQALy
26=gpADBIAdF3MUkB070gMkgB3SAzSAHZBjQoKQA1KCkANigpADcoKQA4KCkAOUgBJ6QKJ0ED
27=O1QCJ30FESh8BagBnCsnrQA/TAXJhUBIAcUTQUgBxRNCKCkAQ0gByW9ESAHNR0VIAc0FRi
28=gpAEcoKwAmABKcA0ktJygpACgoKQApKCkAKigpACsoKQAsKCkALUgB0SouSAGAC3YuEgDV
29=RDBVApJ7AgQAMUkB2PcuEgDEqQEzVAJ8A1kRNCgpADVJAfyhBDZIAcEENygpADgoKQA5SA
30=HdCjpIAc0FO0gBJ9UFEijUBagBlC4nHQQ/TAXZBkAoKQBBSAHNlEJIAcEEQ0gBzV1ESAEl
31=WSdFSAHNXUZIAc1dR0gB2QZISAHbUyUAE5ACRR4mKCkAJygpACgoKQApKCkAKigpACsoKQ
32=AsSQGNewkEAC1IAdFALkgBwVwvSQHQpSkwSAFoBUEPMSgpADJJAcGhBDNJAbypATRIAc0F
33=NSgpADYoKQA3KCkAOCgpADkoKQA6SAHRQDtIASctBhMoLAaoAY4xEwAlpSA/TAXBD0BIAc
34=UIQUgB1QJCSAHVAkNIAdUCRCgpAEVJAZB7AgQARkgBxTRHSAHBk0hIAcnSSUgBaAVLIiQA
35=FIQBSQElKCkAJigpACcoKQAoKCkAKSgpACpIAc0xK0gB3UEsSQGDZAtmNBQAwQ8uVALJhS
36=9IAXwDQQ8wSQHCoTAxSQG6qQEySQG9qQEzKCkANEgBwQQ1SQHAoQQ2SAHRCTcoKQA4KCkA
37=OUgByUM6SQHQuQY7SAEnhQYUKIQGqAEBAgQAPkEE9a0FP0kB9KkBQEgByW9BSAHBD0JIAc
38=0bQ0gB1QJEKCkARSgpAEYoKQBHKCkASCgpAEkoKQBKKCsAIwAVmAoBAAQAJCgpACUoKQAm
39=KCkAJygpACgoKQApKCkAKkkBkHsJBAArSAHBRixIAdE1LUgBfANVDS5IAcUeL0gB1QIwSQ
40=HFqSIxSQG7qQEySAHBBDMoKQA0SQHDoQQ1SAHBBDZIAcWiN0gB1QI4KCkAOUgB0So6SAHB
41=BDtIASfdBhUo3AaoAZ42FQAllSk/TAXBZ0BIAcUIQUgB3UFCSQHQpRNDSAHBBEQoKQBFKC
42=kARigpAEcoKQBIKCkASSgpAEooKQBLKCsAIgAWhAxRKiMoKQAkKCkAJSgpACYoKQAnKCkA
43=KCgpAClIAdmrKkgBgAt0OSeJASwoVQAtKCkALigpAC9IAcEwMEgBxQgxSAHBOzJIAd1tMy
44=gpADRJAb+tJjVIAdkGNkgBzao3SQHAoQQ4SAElASc5SAHJLTpIAdkGO0gBJzUHFig0B6gB
45=lTkWKDYHFgAnpyAWAM+pDEFECN0KQkgB3QpDKCkARCgpAEVJASdlBANfpBYAIKkBR1QCyQ
46=FISQGBImtKAwBJyAEBAQMASkgBJWVPS0kBOXsGBABMyAFbBSEAF2wCIsE/IigpACMoKQAk
47=KCkAJSgpACYoKQAnSQGTbwgEAChIAWQBAQAEAClIASWtISpIAdUCKygpACxIAcFcLUgBwQ
48=QuSQHGtSMvSAHNczBIAcEEMSgpADJIAdk9M0gBwTs0SAHNBTVJAcKxCTZIAdEJN0gBwQQ4
49=KCkAOSgpADooKQA7SAEnjQcXKIwHqQECZq0XACWNMz9MBd0KQCgpAEEoKQBCKCkAQ0kBgF
50=QvRTREyAEBAgMARUkBK2kIAk08F688AgBHVAKPPAIASEgBbjwDAk48FwBpAQRsPKgBAQUE
51=AEtABGw8UR5MSAGHPwAATSgoAAIgABgAlGsMBAAhSAFkAVE1IigpACMoKQAkKCkAJSgpAC
52=YoKQAnKCkAKEkBkXQJZz8YAIOpASpVAoupAStIAWQBVQ0sSQHURBRJAS1IAdUCLigpAC9J
53=AcWhBDBJAb6pATFJAcCpATJIAdkGMygpADRJAcKhBDVIAdHwNkgByUM3SAHZBjgoKQA5SQ
54=H2uQY6SQHwqQE7SAEn5QcYKOQHqQECZT8YjAkBAAQAP0wFjAEilD8nVQBBVQJSewIEAEJI
55=AXg9AQMEAEPIAV02RMoBBQJHPxgAI2wFZj8YAIF9AUU/GLFAAUU/GJo9BgFEP6oBBwBUe6
56=oBCABFPxgk3V4AVnsYAIxoZz8YAMBjGgAATlQN3EECHwAZADt1TwBZCxmcQU0EIVUClEwQ
57=URQiSQGXSgEABFUSGWEBAEkBJFQCjwEEACUoKQAmKCkAJygpACgoKQApSAElUTEqSAHFCC
58=tJAdNUDl0KLEkBzKkBLUgBwQQuKCkALygpADAoKQAxKCkAMkgBhx4EADNIAcFGNEgBxT81
59=SAHdCjYoKQA3KCkAOCgpADlJAfm5ETpJAfOpATtIASc9CBkoPAioAZxBJ6EEP0wFxT9ASA
60=HFP0FJATyQEF5BGQB2AgYAXEGoAVU5REAEdgIIAV1BGUgzUQUBRYEZUDCJAUdABIlDAF1B
61=GZ5BCQBcQakBCn9BGQDIfBV/QRkAj1QGSQBMWAbFP00oKQBOKCkATygrAB4AGohDWQYfyA
62=FBRSBJAT1cAEkAIUgBdEQBBQAAIkgBdERBDiPIAU1HJEkBmFgHQTslyAEBAQQAJkkBlrUC
63=J0gBZAFBBCgoKQApKCkAKigpACtJAdJcC00FLEgB0eUtSAHFCC4oKQAvKCkAMCgpADEoKQ
64=AyKCkAMygpADQoKQA1KCkANigpADdIAdU5OEgBzRs5yAFNGzpJARlII1EUO8gBVQI8yAFJ
65=Qz3IAVUjPskBBHeGGgCrmhgAQFQCZD9dQUFIAZ1iAFdEGgDNcB91RBqARk08REAEbgULAF
66=VEGrVEAFREJykAR0AEjIl1RBqgDHVEGv2DSkAE3UFLSQGQqQRMSAEjJDx0hietAE5VAo2h
67=BE9IAcEEUEgBxAgCHQAbAGOhBB7IAUkhH0kBQlwAQQMgSAFuRwMARs4bANUCIlUCPEAESQ
68=AjSAF4SEVKJEgBfCtRHiXIAVkGJkgBbEdVAifIAUUpKEkBV1wLVS4pSAFkAUkBKigpACtJ
69=AdhMBlUCLEgBwQQtKCkALigpAC8oKQAwKCkAMSgpADIoKQAzKCkANCgpADUoKQA2SQGceA
70=0ivmUbAGgBWRw4VQKYVAJFEjnIAU0bOkgBbEdRHzvJAQYibnEbAHUCByJscakBCGTOqAFN
71=fj9MBWxHXQpASAHBRkFJAclcC1UMQigpAENJAc21AkRIAVADaQBFSAHJOEYoKQBHKCkASC
72=gpAEkoKQBKKCkASygpAExJAZJ0Cm1HG/1MTlUCjLUCT0gBI3s2AABQSAHBD1EoKAABHAAc
73=ANUYHUgBZEpJFh7IAUElH0gBbNZdCSDIAVEfIUgBJ0YJHAB8TFUCI1QCyQEkSAHBBCVIAW
74=QIQQQmSAHVTydIAXBLQTAoSQFWXAtBRilIAWQBSQEqKCgABSsAHAAAAAAAEQAAAxAAIA8A
75=BAAsABwAgAEAAAEDAC0AHABoAQECAwAuSgEgAEMAAwAvKCkAMCgpADEoKQAySQGBRAgBAA
76=MAM8gBUQk0SAFdBwBJDDVJAVJvAQQANkkBnEgBAQIAADdJAT17BgAAOEkBPqkBOcgBVQE6
77=SQEZXAABCgAAO8gBAQsAADzIAQEMAAA9yAEBDQAAPsgBAQ4AAD9JAXFIDEkAQMgBUQhBSQ
78=HJVA5VAkIoKQBDSQHOtQJESQHRqQFFSQHCqQFGSQG6qQFHSQG+qQFISQG8qQFJSgH//1cK
79=AABKSAHZBktJAcChBExIAcEETUkBkYoFAE5JAYqpAU9IAcEEUCgpAFEoKQBSKCsAGwAdsQ
80=YATwIdANKpDB1VAny9Ah7IAUUeH0kBarUCIMgBVQIhSQFstQIiSQFuqQEjyAFBBCRJATxc
81=AEEDJcgBVQEmSQFCXABVAidJATtIAUkAKEkBlEgCAQAEAClIAWQBSQEqSAHZPStIAWZKAw
82=RdTB2RSwR8TKoBBQJeTB0AnUwCXEwnKQAwWAbVAjEoKQAySAF+TAMCXkwdAGgBUQk01AIB
83=BQQANUkBrnAQfkwdAGgBURQ3VQI9XABNJThIAdUYOUgBdAJZBTpIAdUCO0gB1QI8SAHVAj
84=1IAdlTPkgB1SM/SAF8TF0KQMgBAQMAAEFIASefCR0AzFQDSQxDVAJYAGkAREkBxrUCRUkB
85=uKkBRkkBu6kBR0gB3UFISQHBtQJJSAHBUUpJAb+1AktIAc0FTCgpAE0oKQBOKCkATygpAF
86=AoKQBRKCkAUkkBIWsUAABTSQEeqgEaAMMBAAAbSQHToQ8cSAHZHB0oKQAeSAFgUV0gH0gB
87=dE9ZBSDIAVUCIUgBdE9ZMSJIAXRPQQQjyAFBBCRIAWAETQ8lSQFnXABJACbIAVkGJ0gBdE
88=9NBShIAXRPRQgpyAFdTCpJAatMBkkAK0gBdk8GAFVPHpZPBwBUnKoBCAFVTx61TwFUTycp
89=ADBYBpdPAQAxKCkAMkgBak4GAVVPHpRPUQk01gIIAFVPHohOWRE2VAJ0T1EUN0gBfBVVAj
90=hIAcVKOUgB2Ug6yAFNGztJAT5cAEkAPEgBzQU9SQFwVBlJAD7IAUEEP0kBfkgCSQBAyAFV
91=AkFIAdkyQigpAENJAc1AEE0FREgBwUZFSQHFtQJGSQG9qQFHSAEnlhMeANUCSVQC2VNKSA
92=HFCEsoKQBMKCkATSgpAE4oKQBPKCkAUCgpAFFIAclOUkkBJUQUSQBTSAGXAgEAVEkBHkgC
93=BAABABkAHwDVTxpJAcu9FRtIAcW4HCgpAB0oKQAeSAHJIh9IAc0FICgpACFIAcEEIkgBbF
94=IBBAAAI8gBAQUAACRIAWxSXSslSAFsUk0PJsgBTTwnSQE6VANJAShIAXg9VQEpSAF4U0UI
95=KkgBbFJVAitJAdVYB00aLEgBeFNd2y3IAV3bLkkBIFQDSQAvKCkAMCgpADEoKQAySAFuUg
96=kATVIfjFJRCTRUAsElNUkBZEQJSQA2yAFNEDdJAW1IAkkAOMgBVQI5SAF4HFUCOkgBfCBJ
97=ATvIAUEEPEgBeBxJAT1IAWxSQRk+yAFRHz9IAWxSVQJAyAFVAkFIAd0rQigpAEMoKQBESQ
98=HRTAZVDUVIAdFLRigpAEcoKQBIKCkASUgB0aNKSAHd8UtIAcUITCgpAE0oKQBOSAGTSwAA
99=T0gBk0sAAFAoKQBRSAHBUVJIAY0FAUaiHwCUAm1SH0gVSwACAFVBBCZEAQEAAQAYRYnXtR
100=gZSAHFHhpJAdC1AhtIAWgFTQAcKCgAzN5QAkddIADUrQUfKIEAICgpACFIAcn+IkgByVkj
101=KCkAJEgBwQ8lSQFjdwoAACbIAV02J0gB2YooSAFkVUU0KUgB1QIqSQF0uQYryAFZBixIAc
102=GILUgBvANVpyDhci9UAsEEMEgBwQQxKCkAMigpADNIAdlTNEgB3RU1SAFox0kHNsgBQQ83
103=SAFkVVUiOMgBXRU5SAFkVUEEOkgBZFVBBDvIAUEEPEgBYARRCT1IAWxSSQE+yAFZBj9IAc
104=EPQEgBxSlBKCkAQkgBwQRDSAHJOERIAdFLRUkB2VQOXQpGSAHVAkcoKQBIKCkASUgBxa1K
105=SAHBqUtIAdkGTEgBn0wAAE1IAc1STkgBiE5mVSAAgQQBRFV86VsOAQBRQASPBQEAUkgBjA
106=VkVc0FAlSnzAVnVSAAIlQGAQACAFZMBWQBSQEXVArNEBgoKQAZSQHYrRsaSAGMBXb/IQDF
107=HhwoVQAdKCkAHkgB2VMfSAHAtHARyQEhVAIlQSQiSAHdCiMoKQAkSAHFCCVIAXxXWRAmyA
108=FBOydIAXxBSQcoyAFVOSlIAdk9KkgB2T0ryAFBBCxIAdU5LUgB2REuSAHVAi9IAcUTMEgB
109=WAtpADEoKQAySAHRVjNIAdkGNCgpADVIAXxXXRU2yAFdFTdIAXwVQco4yAFZwTlIAcUIOk
110=gBfFdBBDvIAUEEPEgBYBpJFz1IAWAaXQo+yAFdCj9IAd0VQEgBcBVNAEEoKQBCSAHNiUNI
111=AVADaQBESAHZPUVJAfpQClkCRkkB7qkBR0kB8KkBSEgBzQVJKCkASkkBx6EES0gBwQRMSQ
112=EdRAlJAE1IAVkAAEWiTigpAE9IAYAEfFeBWQBVT1FUAo0FAlxXcENTAQIAU1QCiFl8V80F
113=A0WtIUCZgQRWKIEAV0gBTAICAAADABZYW9kRF0kBjZgCV7IiAIepARlUAsEEGkgByVkbSA
114=HNBRxIAc0FHUgB0bkeSAHRNR8oKABwadUCIVQCwYgiSQHNtSMjSAHVDSRIASdXCyIAe7kR
115=JlQCaAFNPCdIAXRERQcoyAFNPClIAdFAKkgB0UAryAFBBCxIAc0QLUgBzRAuSAHVAi9IAd
116=VEMEgB2RExSAHJWTJIAc0FM0gBxQg0KCkANUgBwQQ2KCkAN0gBzQU4KCkAOSgpADooKQA7
117=KCkAPCgpAD0oKQA+KCkAP0gB1Q1ASAHZdEEoKQBCSAHBGkNIAcEaREgB1TlFSAHVAkZJAf
118=lEKlUtR0kB76kBSEgBwQRJKCkASigpAEsoKQBMSAGQVnayIgCbBgEATlQCTAphXE9IAYAE
119=dFqQq7Ra0Jt3WiIAKXAFdFoiwDNNAQNUsicpAFVECIW4A1SyJ1UAVyhVAFhIAYcLAwAVIU
120=0qj0AISQAWSAGbEQAAF0kBkEgCSQAYSQGDXABJABlJAYlcAEkAGigpABtJAYhIAkkAHCgp
121=AB1JAYtIAkkAHkkB1qElH0gBzTwgSQHQtQIhSAHBDyJIAdHEI0gB1QIkSAEnrQsjjF1FBy
122=ZUAmxdUVYnSAFsXUGeKMgBQZ4pSQHJQAVNECpIAcEPK0gB1QIsSAHFPy1IAdUNLkgB3RUv
123=SAHZBjBJAcuxCTFIAcUIMkgBxQgzSAHFCDQoKQA1SAHRCTZIAcUeN0gBzQU4KCkAOSgpAD
124=ooKQA7KCkAPCgpAD1IAVShaQA+SAHRCT9IAcElQEgB0RRBSAHVGEIoKQBDSAHZikRIAcUI
125=RSgpAEYoKQBHSQH7sR9ISAHNBUkoKQBKKCkASygpAExJASRUL0kATUkBIFwASQBOSQEoXA
126=BJAE9IASesC8v2AgBRVALNtVJIAYEEA0W4I0QGSQAETF0nKQBVQARMAiJBUFYoKQBXKCkA
127=WEgBIzMtAwBZSAHfYhQAJKlvAEdgJACMiAhVvST9uhcogQAYSQGOoQQZSAHRHxooKQAbKC
128=kAHCgpAB0oKQAeKCkAHygpACAoKQAhKCkAIigpACNIAd3FJEgB1TklKCkAJigpACdJAc6l
129=NCgoKQApSAHJTipIAckXK0gB1UQsSAHdCi1IASXBNC5IAc0FLygpADBIAdkGMUgB2QYyKC
130=kAM0kBz60QNEgB0Qk1SAHRCTYoKQA3KCkAOCgpADkoKQA6KCkAOygpADxJAQBQ201+PcgB
131=TX4+yAFNfj9IAd1tQEgB0R9BSAHNEEIoKQBDSAHRjURIAcEERSgpAEYoKQBHKCkASCgpAE
132=koKQBKKCkASygpAEwoKQBNSAEl4SFOSAGEuCINLiQmBThQVAKMXWRgItAqT04DAFJUApBh
133=ZGDQaWRgJykAVUAERAWkYCdVAFcoVQBYKCkAWSgpAFooKQATRBDRHxQoKQAVSAEnXgwlAM
134=3AF1UChZoNABhIAdUCGUgB1QIaKCkAGygpABwoKQAdSQGLpQgeSAHADyIcPMkBIChVACEo
135=KQAiKCkAIygoAHAn2T0lVALNUiZJAcyhUSdIAd0KKCgpACkoKQAqKCkAK0gBwVwsSAHFCC
136=1IAcUILkgBJZEjL0gBzV0wSAHJbzEoKQAySAHVTzNIAcUINCgpADUoKQA2KCkANygpADgo
137=KQA5KCkAOigpADsoKQA8KCkAPUgBaWQHIvxiREdVZQgi/2IlAAFIAUkAQEAEaAFBJEFIAS
138=WRI0JIAdEUQygpAERJAcRABV01RUgBwQRGSAElTWJHSAElkURISAHBBEkoKQBKKCkASygp
139=AExJASFQCkkATUgBWBRGAQBOSAGHYAEAT0gBaAIBAAIAUEgBlAJ8YiL0YFwCfGLRBgREwy
140=cpAFRMBYumBABVSAGf2wQAVkgBUAZpZFdJAY9vAQQAWEgBZgEABEfDJQCRbwEEAFpUAiO/
141=LgQAW0gBy8cSACb9xRMoKQAUSQGNeAZ1yCbpZBZUAt1iF0gBJW0kGCgpABlIAcEEGkgBwQ
142=QbKCkAHEgBJR1nHUgB0SoeKCkAHygpACAoKAAiLDPNBSIoVQAjKCkAJCgpACVIAcFnJkgB
143=3VcnSQHNuT0oSAHRCSkoKQAqSAHFYCtIAdkGLCgpAC1JAc+lCC5IAcVgL0gB0QkwKCkAMS
144=gpADIoKQAzKCkANCgpADVIAcFRNkgB0Qk3KCkAOCgpADkoKQA6KCkAOygpADwoKQA9KCkA
145=PkkBAVxjlcgmlGUBBgAAQNQCWWlByAFZaULIAQEJAABDSAHNaERJAcWxH0VIASXFW0ZIAS
146=XFW0dIASWRZUhIAdUYSSgpAEooKQBLKCkATEgBhGAizDAi4EJMTiLMMHyciQFPQARBAQCU
147=ZSJUbVABdGUigCBIAXRlIrxOiQFTTAUj+CUizDDUWnZlJgCcQXZlJgCTQAQAV00FkFQGSW
148=RYSAHdYllIAXACVQJaSQGMbAF3ZSYAiakBXFQCzwURACfhZxIoKQATSQGNbwUAABRIAdFh
149=FSgpABZJAYahBBdIAcElGCgpABlJAY6hBBpIAcEEGygpABwoKQAdKCkAHigpAB8oKQAgKC
150=kAISgpACIoKQAjSQHGoTskSAHBniVIAcEPJigpACdIAYcpAAAoSAHRYSlJAculCCpJAdCp
151=AStIAcUILCgpAC0oKQAuKCkALygpADAoKQAxSAHFEzJIASUxbzNIAdEUNEgByQw1SQHHoQ
152=82SAHVAjcoKQA4KCkAOSgpADpJARpcYlUtO8gBAQEEADzIAQECBAA9yAEFAwQAPgAnABoR
153=AACwDwAgCAEAAAQAAD8AJwABSAECCwAAQACoAQEMAABByAEBDQAAQsgBAQ4AAENIAQH7AA
154=AAWQVESgH//08BAABFKCkARigpAEcoKQBISgHGAo0FSUkBvKkBSkgBxQhLKCkATEkBHYoF
155=AE3rAQEATkkBIXcCAgBPSQEeqQFQSQElqQFRSAGDBAMAUkgBgwQDAFNIAYMEAwBUSAFoBU
156=keVSgpAFZJAdZ7EQQAV0kBzakBWEkBkHMFBABZSQGJqQFaSQGGqQFbSAFkAVEJXEkBjG8B
157=BABdSQGLqAEBEAAoAM0bESgpABJJAY1jBAAAE0kBg6kBFCgpABUoKQAWSQGIoQQXSAGPEA
158=AAGEkBhbUCGUgBxQgaSAHVAhtIAY8QAAAcSAHNEB1JAcZvGwAAHkkBuqkBHygpACBIAdky
159=IUgB2QYiSQHErQUjSAHVAiRJAcW1AiVJAcCpASZIAcEEJygpACgoKQApSQHYrQUqSAHNBS
160=soKQAsSQHXoQQtSQHRqQEuSAHJFy9JAb61AjBIAcEPMUgB0QkySAHFEzNJAb+tBTRIAcEE
161=NSgpADYoKQA3KCkAOCgpADlJAU1rLQQAOkkBGkxeAQUEADvIAQEGBAA8yAEBBwQAPcgBAQ
162=gEAD7IAQEJBAA/SQFGpQhAyAFRCEFIAdkRQkgBeWkEZmsoAGgBAQUAAETVAgZkaycZCUZU
163=AtkGRygpAEgoKQBJSQHHpR5KSAHNBUsoKQBMSAEnZg0oAIgBZGvIAWVrKHQVAgAAAwBQTA
164=WPAQMAUUgBjAVka8EEBERrJykAVEEE1WMPBABVSAGbBgQAVigpAFdJAdShBFhIAcEEWSgp
165=AFpIAc1oW0kBiWcEBABcSQGGqQFdSAFkAQEABABeSQGPbAECBAAPACnxbBAoKQARSQGRYw
166=QAABJJAYipARMoKQAUKCkAFUgBiwwAABZIAc0mFygpABhIAYeBAAAZSAEnvw0pAIq9ChtU
167=AtkGHCgpAB0oKQAeSQHBcx8AAB9JAbipASAoKQAhSAHBciJJAb2hBCNIAcFyJEgByQwlKC
168=kAJkkByK0FJ0gBwQQoKCkAKSgpACpIAd14K0gBzQUsKCkALUgBwQQuSAHVcC9JAc+pDDBJ
169=AcupATFJAc2pATJIAdEJMygpADQoKQA1KCkANkgByQw3SAHZBjgoKQA5SQEycCp/bSkAGE
170=hlWT07VAJpAQF8bbUCAnxtqQEDfG2pAQR9bSlYb2gIRNknaQhBRAjVDUJIAc0mQ0gBfW0J
171=fW0piW8KfG2oAU3hRkAE2QZHKCkASEgBxQhJSAHBBEooKQBLKCkATEgBgWcARdkpKL8NKQ
172=AkbBR/bSkAIKkBUEwFgWoCXG3MBX1tKXgDefRTQASNAQRG2SkAzdZVVAKENH5tKQDJAVdV
173=As5nNAQAWEkB0akBWUgBxQhaSQGSbwEEAFtIAWQBSS1cSAGMXWfZKQCFeAJ/bSkAg6kBX0
174=EEh6sBDgAq6W8PKCkAECgpABEoKQASKCkAEygpABQoKQAVSAGYEXRwJ10BF1QC3SsYKCkA
175=GUgBzQUaSAHBBBsoKQAcKCkAHSgpAB5JAcF8IHZwKgAnFA4nKQAhQQS7oQQiSAHdCiNIAd
176=kGJEgBwXIlSAHBBCYoKQAnSQHEpQgoSAHBBCkoKQAqSQHHoQQrSAHBBCxJAcK1Ai1IAc3W
177=LkgBwQQvKCkAMEkB0q0FMUgBjzwAADJIAc1zM0gBzXM0SAHFCDUoKQA2SAHNEDdIAcEEOC
178=gpADlIAXRwVW86SAFob0nSO8kBBnVwKo1zB3RwqQEIdHCoAVlpP0wF3QpASAHNG0FJAcCp
179=F0JIAcEEQygpAERJAftRSw51cCqAcgEPAABGVALNBUcoKQBIKCkASUkByL0KSkgBzQVLKC
180=kATEgBJxUOKqhvdd4qq28BAE9ABIlvAVXeKrh0d3AqAIFQIE3hUkAEaQEBIj0pKkgUSAB0
181=cCcpAFVABEwCeXRWKCkAVygpAFgoKQBZSQHZfxUEAFpIAdkGW0kB07UCXEgBiDh2cCoAwX
182=JeVAInFw4qAIZ/BgQAYFQCZAEDAAQADQAr4XIOKCkADygpABBIAcElEUgBwSUSKCkAE0gB
183=wQQUSAHBBBUoKQAWKCkAFygpABgoKQAZKCkAGigpABsoKQAcKCkAHSgpAB5JAcVwH25zKw
184=DB4CBUAtl0ISgpACJIAdHlI0gBwQQkKCkAJUgBJY0oJigpACdIAc0FKEgB3XgpSAHZHCoo
185=KQArSAHRVixJAbulEy1IAc0FLigpAC8oKQAwSAEjkyMAADFIAc0FMkgBxXYzSAHFdjRIAZ
186=eyAAA1SAHNBTYoKQA3SQHGoQ84SAHBGjlIAckXOkgBbHNN1jvIAU3WPMgBAQwAAD3KAQ0A
187=SeIrhHZFaz9UAtUNQEkBx6kMQUgB1QJCSAHRmENIAdUCRCgpAEUoKQBGKCkARygpAEgoKQ
188=BJKCkASkgB0UtLSAHdCkxJASSAWEXkK6NyAABOVQIotQJPSAGQd21zK7B3bXMrjHMBAwIA
189=UkAEbXMEbHO1AgVvcysAM2QIIkQq3GJl5CtsAnl0V1gGjAFm5CsAhB4irDcngQBaKIEAW0
190=gBiDgiRyorANBsJmxzJ60AXkEEkHcJBABfSQGGqQFgSAFkAU1zYSgoAAIMACwASHgCZHao
191=AQEBBAAOKFUAD0kBRaEEEMgBVZARSQHGYA8iTyssAMCpARNUAsUpFEgBlxgAABVIAdUCFi
192=gpABcoKQAYSAGQjSJNKywk0yAAABpUAp+OAAAbSAHFCBwoKQAdKCkAHigpAB8oKQAgSQHF
193=pRMhSAHdbSIoKQAjKCkAJEgBxWslSAHVDSYoKQAnSQHBsQkoSAHRCSlIAcVgKkgB2QYrSA
194=HBDyxIAcnoLUgBwQQuKCkALygpADBIASVBOjFIAc0FMkgB3XgzSAHVAjQoKQA1KCkANigp
195=ADcoKQA4KCkAOUgB0Ww6SAHRCTsoKQA8KCkAPSgpAD4oKQA/KCkAQCgpAEEoKQBCSAHRH0
196=NIAdUjREgB1Q1FKCkARigpAEdJAf5cTFFLSEgBzQVJKCkASigpAEsoKQBMSAHdeE1IAdkG
197=TkgBmXQAVeksuHRldiyregEAUUAEenQGAUV2LJB3AQcAAFPUAgEIAABUSAFkdkU+VckBA2
198=d2LABXURQAInVGLGEBAEkBWEAEkCpkdidVAFpUApRaIk0rLPl0XFQCnAZkdietAF4oVQBf
199=SAEl6TlgSQGFcwUEAGEoKQBiSQGHtwILAC1gAW0QDCgpAA0oKQAOKCkAD0gBlyMEABBIAW
200=h6AQQEABHJAQV9eC3h9hNUAsXOFEgB3VcVSAGECCJULCetABcoVQAYSAHFVRlIAc0FGkgB
201=mJV+eC0AyXocVALBBB0oKQAeKCkAH0gBwTsgSAHNBSFJAcVMMlkeIkgB1XAjKCkAJEgB3R
202=UlSAHZBiZIAcEaJ0gB2QYoKCkAKUgB2QYqSAHZBisoKQAsKCkALSgpAC4oKQAvSAEj00EA
203=ADBIAcUIMUgBkEAiVSwtsUAASMEn+QQ0QATNBTUoKQA2SQGTTBxJADdIAcEEOCgpADkoKQ
204=A6KCkAO0gBSAZpADwoKQA9KCkAPigpAD9IAd0KQCgpAEEoKQBCKCkAQ0gB1S5ESQG+oTBF
205=SAHVe0ZJAf5YDgEEAABHyAFFSkjIAQEGAABJSAHVDUooKQBLKCkATCgpAE1JAcSpDE5IAd
206=3xT0gBI286AABQKCkAUUgBfngJAF14LZ14Cnx4J30FVEAEwQ9VSAFoekUTVkkBU1wVUXdX
207=SAGUDWTvJzkNWVQCI9BBIlcsLQDMeBF8eCeBAFxABGAIRQhdKCkAXigpAF9JAYxkBCJVLC
208=0mxTphVQKDtQJiSQGGqQFjSAFkAVMJCgAuhAFJAQsoKQAMKCkADSgpAA4oKQAPKCkAEEkB
209=QmwIdnsuAGgBTaoSVALdIBNJAcNjGgAAFEgB1QIVKCkAFkgByVkXSAHBBBhIAdXTGUgB1Q
210=IaSAEndw8uAMm9ChxUAiU9KR1IAc0FHigpAB8oKQAgKCkAISgpACJIAdntI0gByfMkSAHR
211=CSUoKQAmSAHNBSdIASd2Dy4A2QYpVALZBiooKQArKCkALCgpAC0oKQAuKCkAL0gByZswSA
212=HRCTFIAdUCMkgB1QIzKCkANCgpADVIAcl6NkgByZs3SAHZBjgoKQA5KCkAOigpADtIAXw6
213=TQA8SQGEVDpJAD3IAUEvPkgBI59hAAA/KCkAQCgpAEEoKQBCSQEiRAlJAENIAc0QRCgpAE
214=VIAc1+RkgBwX1HSAFgfV1tSMgBXW1JyAEBCwAASkgB0QlLKCkATCgpAE1IAdVPTkgBzQVP
215=KCkAUCgpAFEoKQBSKCkAUygpAFQoKQBVKCkAVkgBdXsBdvQuAJQYd3suAMBVJAB09CeRDV
216=pMBSXtSltIAZTTIlwtJ4EAXVQCUSQAWQZeSAGcYiJeLS4AJYktYFUCg2QEd/QuAIipAWIo
217=VQBjSAHB9mRIAXwDUwkJAC+EAUkBCigpAAsoKQAMKCkADSgpAA4oKQAPKCkAEEkBRHgJbn
218=4vAGgBSUMSVALdKxNIAZwgb34vAL58ICJmLi8AwTsWQASfIAAAF0gB0XcYSAHFCBkoKQAa
219=SAEnzQ8vsKMidWcvJv0gHUAEI0xBInRnJ1UAH1QC0QkgKCkAISgpACJJAcGlEyNIAd14JE
220=gB0RQlSAHFCCZIAc0FJ0gBzQUoSAEnzA8n4QEqVALZBisoKQAsKCkALSgpAC5JAdOtEC9J
221=AcypATBIAcUIMUgB0R8ySAGARmT6J7UBNFQCzQU1KCkANigpADcoKQA4KCkAOSgpADooKQ
222=A7SAFgfQEDAAA8yAFN7D3IAQEFAQA+SAGNfgFOfi8AyQFAKFUAQUgBgX0BS8EvAB90RCJ0
223=Zye9AkRABN0VRSgpAEZJAcOxH0dIAcEESEkB/kUIDmb6LwBpAQ9vfi8A/FQCSU5LQATNBU
224=woKQBNSAHRCU5IAcEETygpAFBIAZPwAABRSAHBBFIoKQBTKCkAVCgpAFUoKQBWSQExTBBZ
225=aVdIAYQIbH4nkQ1ZVQLIYBpk+idVAFtUApQ5bn4vACPUUiJlLi8kFDoit1kvANC5Bl9MBW
226=QMSQxgSQGSbAFsficxAWJVApC1AmNIAdH7ZEgBcAJZBmUoKAACCAAwACV7AgMACUgBZAFB
227=BAooKQALKCkADCgpAA0oKQAOSQGPfAYi3WkwYAFtlBBUAtEfEUgBZIEBBAQAEskBBSKddz
228=D5dBRUAowFZYEwvKQiby8wALxkHmSBJ60AGEwF3WIZSQHPoQQaSAElCUkbSAEn9h8wAMGI
229=HVQCyQweSAHRgh9IAdQCCiAAMAD//wAAAAAAIQARAAC9DwAgAzAAwgIAAEAAAyIAMAC9Ak
230=MBAAAjKCkAJEkBuLUCJUkBuqkBJkgB1QInKCkAKEkBv6EEKUoB//+RCSpJAca1AitJAbyp
231=ASxIAcEELSgpAC5JAdKhBC9JAcypATBIAc0FMUkB1rUCMkkBzqkBM0kB0akBNEkBk54OAD
232=VIAdkGNigpADcoKQA4KCkAOSgpADpJAU5nCAQAO0gBBYQBAAAGBAA8yAEBBwMAPcgBAQgC
233=AD5JAR5vBQIAPygpAEBJASK1AkFJAR9rAQEAQkkBJmsBAABDSAGbBgAAREgBjwUAAEVIAd
234=0VRkkBw6EaR0gB1QJIKCkASUkB/FAJAQQAAErIAQEFAABLyAEBBgAATEgB2QZNSQHFsQlO
235=SQG8qQFPSAHBBFBIAdUNUUgB1QJSKCkAU0kBxLkGVEgBwQRVKCkAVkkBMVgRTQRXyAEBAw
236=QAWEkBNFQCAQAEAFlIAZsGBABaSQHIQAVVAltIAZs9BABcSQHQtQJdSAF0BkEEXigpAF9J
237=AdWhBGBIAcEEYUgBmz0EAGJIAdUCY0kBkG8BBABkSQGFqQFlKCkAZkkBi7QCAQcAMQDFEw
238=goKQAJKCkACkgBaAVZEQsoKQAMKCkADSgpAA5JAY5zBQQAD0gBZAFZBhAoKQARSQE/ewIE
239=ABLIAV1LE0gBjxAAABQoKQAVKCkAFkkBx3MfAAAXSAHNBRhJAdi1AhlIAdUCGigpABtJAd
240=ShBBxIAcEEHUkB2bUCHkgB1QIfKCkAICgpACFIAcEPIkgBzQUjKCkAJEkBxbEJJUgB0YIm
241=KCkAJ0kBu6EEKEgBxQgpKCkAKigpACtJAcOtBSxIAc0FLUkB07UCLkkBzqkBL0kB0KkBME
242=gBzQUxKCkAMkkBjWstAAAzSAGbPQAANEgB0R81SAHZBjYoKQA3KCkAOCgpADkoKQA6SQFQ
243=XQoBfINwXkwBfoMxAGmFCnyDqgELA16DMQCBfQNegzEAg30DAEBECJOCAgBBSAGQgnyDzQ
244=UBXIPNBQFegzEAjAV8g8dVAABGWAbZMkdIAdUYSCgpAEkoKQBKSQH8TRQJfoMxAGkBCnyD
245=qAEBCwAATUAExQhOSAHVOU9JAb69K1BIAcXDUUkBwLUCUkgB2QZTSAHZBlRJAbyhBFVIAc
246=EEVigpAFdIAXQmWZVYSAF8g1kFWckBA3+DMQBXXBUBAAQAW1QCgFx8g3AGWwIEAF1UAkEB
247=AEEEXigpAF9IAY9dBABgSAHBBGEoKQBiSQGTewIEAGNIAWQBRQhkSQGMbwEEAGVJAYqpAW
248=ZIAWQBQQRnKCsABgAykAJVAgcoKQAIKCkACSgpAAooKQALKCkADCgpAA0oKQAOSQGSZAt0
249=hieJARBUAnACVQ0RSAF1hgJ1hjJISQMAAAMAABNUAt0rFEkBxlgoXQUVSQHAqQEWSAHBBB
250=coKQAYKCkAGSgpABpJAdO5BhtJAcmpARxIAcHrHUgB0QkeSAHNBR9JAcutBSBJAc2pASFI
251=Ac0FIigpACMoKQAkKCkAJUgBzUcmSAHdTCcoKQAoSAHFSilIAd0KKigpACtIAdFhLEgBwQ
252=QtSAGfQQAALkgB1QIvKCkAMCgpADEoKQAySQGOWChJADNIAdkGNCgpADUoKQA2KCkANygp
253=ADhJAUxYB12DOUgBaIVdNjrIAUFcO0gBkDV2hjIAkzUEAD1UAlcGAAAEVIYnEQg/VAKYf3
254=aGMgCIhXWGMruKAgBCQASZigJVhjKohXSGyAF1hjK823SGJykAR1gGzRtIKCkASSgpAEpJ
255=AfxdEQ11hjKVhg50hicFAU1ABMUITigpAE8oKQBQKCkAUSgpAFJIASUpIVNIAcUIVEkBw6
256=1HVUgB1QJWKCkAVygpAFgoKQBZSAFgiE2JWkkBU1wVWSdbSAFkAUkBXEkB13wKd4YyAM+p
257=AV5UApNWBABfSQHMtQJgSAHZBmEoKQBiKCkAY0kBjWQEIlchMgCGqQFlVAJkAVUNZkgBwQ
258=RnSQGLewIEAGhIAWQBQQQFRNHJAQYoKQAHKCkACCgpAAkoKQAKKCkAC0kBkWsIBAAMSQGJ
259=qQENSAHVDQ5IAXACVQ0PSAElxSQQSAHVAhFIAQGDAQAAWVMSyAFdHxNIAdUuFCgpABUoKQ
260=AWKCkAFygpABgoKQAZKCkAGkkB0lAKRQ4bSAGfKwAAHEgByQwdKCkAHkgBJUEvH0kBybkG
261=ICgpACFJAc21AiJIAcUII0kBxrUCJEkBwKkBJUgBwQQmKCkAJygpAChIAdGNKUgB2QYqSA
262=HZBisoKQAsSAHVnC1IASWtIS5IAc0FLygpADBJAZNYHUkAMUgBwQQySQGQSAJJADNJAYdc
263=AEkANEgBxWA1SAHNBTYoKQA3SAFgiFWGOMgBAQMEADlIAVQHfYM6KCkAOygpADwoKQA9KC
264=kAPigpAD9IAYCIbYkzo4gDAEFUAoGIA02JM6GIAkyJyAFsicgBbYkzKCwRJykAR0QI1RhI
265=KCkASSgpAEooKQBLSAF5ihJsiScFAU1UAsUITigpAE8oKQBQKCkAUSgpAFJIAdU5U0gBJb
266=UiVEgB1chVSQG8qUNWSAHJDFcoKQBYKCkAWSgpAFpIAWyJSWRbSAHVLlwoKQBdKCkAXkgB
267=nFdviTMAznQNIgYiMwCTVgQAYUAExQhiKCkAY0gBiENtiTMoLREziAUBAAQAZkEEjnMBBA
268=BnSAFkAVUCaEkBj28BBABpSAFkAVYCBABwoFMBBAAFKCkABigpAAcoKQAIKCkACUgB0QkK
269=SAHJhQtIAUgJfUwMKCkADUgBn20EAA5JAcC5HA9IAY/sBAAQSAF4igEEAwARyAEBBQMAEs
270=kBBiK2IjQAYQQHIo0zNPlIFUAE2TIWKCkAFygpABgoKQAZKCkAGkgBJ4YRNADVhhxUApcu
271=AAAdSAHdCh4oKQAfSAHZBiBIAdkGIUkB0GMaAAAiSAHZBiMoKQAkKCkAJSgpACYoKQAnKC
272=kAKCgpACkoKQAqKCkAK0kB07UNLEgBwQ8tSAGcuiK2IjQAk7kAAC9UApcuAAAwSAHJWTFI
273=AZ02AETLJyUFM1UCkoA3QwE0AMepDDVQAcEaNigpADdIASM7LQQAOEgBgARmjDQAlw0EAD
274=pUAs08O0kBr13FACK2IjQAaAFdYj3UAk2UPkgBnw4EAD8oKQBAKCkAQUgBJQ0jQugBZYw0
275=sI1kjMgBZIwnQQNGTAWHEwAARygpAEhIAYdVAABJSAHBBEooKQBLKCkATCgpAE0oKQBOSA
276=HFCE9IAcUIUEgB1QJRSAHVAlIoKQBTKCkAVCgpAFVIAcktVkgB2QZXKCkAWCgpAFkoKQBa
277=SAEjjCcijTM0UAFAKCKMM9AfIrQiJ0kPXrgDYXJfKCkAYEgB3Y5hSAGYXiIMRCfZAGNUAl
278=QKeQZkSQGQbAEijzM0AImpAWZVAoapAWdIAWQBTTxoSAHNBWlIAYNRBABqSAHDBAMANYQB
279=TQUEKCkABSgpAAYoKQAHKCkACEgBg1wEAAlIAcEPCkgBJYE3C0gBgAsiZCMniQENVAKYMn
280=yOJ1UAD1QC2QYQSAF5igh9jjWGjAkCXI6oAQEKAQATwQQLfY41KNwRJykAFkAE3TYXKCkA
281=GCgpABkoKQAaSQHSpWsbSQHJqQEcSQHQqQEdSAHRCR5IASPtKQBdXDWnwwAAIFQCzQUhSA
282=HNBSJIAdGCI0gBlzkAACRIAcEEJSgpACYoKQAnKCkAKCgpACkoKQAqSAHNECtIAcEPLEkB
283=j44tAC1JAcKpFy5JAcCpAS9IAcEPMEgBwVwxSQGQuQYySAGIQyJuRTUAIzhPImxFJ1EFNU
284=AExQg2KCkAN0gBfI5VDDjIASNlIzUmwT86VAKEDCJvRTUAJvyOqAGcjqkBAiKUNCc9CD8o
285=2QBAKCkAQUkBgmQIImYjNQBpAQF8jqgBAQIBAETBBAN8jifpAkZUAskXRygpAEhIAZxtfY
286=41sPsi7FUn2QBLQATZBkwoKQBNKCkATkgBzUdPSQHPUCBJHVBJAc6pAVFJAcupAVJIAdFA
287=U0gB3QpUKCkAVSgpAFYoKQBXKCkAWCgpAFkoKQBaSAF8jlUiW0gBcIVBDlzIAU0xXUgBJf
288=FFXkgBgDsiZCMnqQVgVAJYFnmKYUgBgBp8jsgiImxFJ60AZEAEzQVlKCkAZkgBmEgiZyM1
289=AIdkBCKUNCfZAGlABHICAARcjidWAGsAJysAAgA2v3gEAAMoKQAEKCkABSgpAAZIAdEJBy
290=gpAAgoKQAJSQGOZwQEAApIAWQBQQ8LSAGAcnaRNgCbMgQADVQCjH51kTawQCLNRjaUBlkG
291=EEAEyd0R6AF1kTZIgEwEdJHIAXSR1xgAABVMBc08FkgBgA8ipFfDDwAAGFQC3UEZSAHNBR
292=pIAYMwAAAbSQHQSDlRDBxIAcEEHUgBl6cAAB5IAdUCHygpACAoKQAhKCkAIkgBzV0jSAEl
293=/TYkSAHFCCUoKQAmKCkAJ0gB0Y0oSAGPJgAAKUgByRcqSAHFCCsoKQAsSAGBMABXkTYAx7
294=UYLlQCzQUvKCkAMCgpADEoKQAyKCkAMygpADQoKQA1KCkANigpADcoKQA4SAFgkwEFAAA5
295=SQFWWChVOTpIAWQBSQE7SAEnNRI2gJOUkagBlZE2JvEkP0wFI6smBABASAHFCEFIAWmQBH
296=WRNpSRAQUDAEPVAgYiJGi1Agd0kSdpCEZBBPipIkdIAckiSCgpAElIAdE1SkgB1S5LSAHF
297=jExIAcEwTUgBxQhOSAEj6y4AAE9IAdUCUCgpAFFIAd0KUkgB0UtTSAHNBVQoKQBVKCkAVi
298=gpAFcoKQBYKCkAWSgpAFooKQBbKCkAXEgBYJNNMV1IAc0xXkgBxSlfSQHGaCIinjU2AMkt
299=YVQCnBV1kTa47XSRJ5kOZEAExQhlKCkAZigpAGdJAYxkBHeRNgCHqQFpVAJkAVFAakkBjW
300=8BBABrSAHBBGxIAXACQwQBADfhkwIoKQADKCkABCgpAAUoKQAGSAHFCAcoKQAIKCkACUkB
301=kmQEbpQ3AJNsBAALVALVkQwoKQANKCkADkgBnDZtlDd8B3m2EFQCJ40SN6CTbJTIAWyUyA
302=FslMAabJQnKQAWRAiILW2UN6gtbJQnKQAZQATVTxpIAYwQbJQnBQEcVALZSB1IAcFRHkgB
303=1QIfKCkAICgpACFIAd2ZIkgBzQUjSAHZESRJAdFrQwAAJUgBwQQmKCkAJygpAChJAdKtBS
304=lJAcypASpIAdkGK0gBg+AAACxJAZKhKC1IAcEELigpAC8oKQAwKCkAMSgpADIoKQAzSAGu
305=CQA0KCkANSgpADZIAckMNygpADgoKQA5SAEiXFlJkDpIAZAJIsckNwAzRPtBUTxUAmgBQQ
306=Q9yAGMlCcQCAc/ADcAxwIAAAAEEQAAHBAAIAQAQAA3AAAAQwAEAEEoKQBCSAEFggEAAAkE
307=AEPIAQEKAABESgH//08FAABFSgH6AokBRkkB76kBR0gBwQRIKCkASSgpAEpJAdStBUtIAc
308=0FTEgB1QJNSAHVAk5JAdKtBU9JAcupAVBJAdGpAVFIAc0FUigpAFMoKQBUSQHVrQVVSAHN
309=BVZJAdm1AldJAcapAVhJAb6pAVlJAbypAVpIAdkGWygpAFwoKQBdSQExeyAEAF5IAY8FBA
310=BfSAFwAgEABABgSQHHcwkEAGFIAdUCYigpAGNJAdahBGRJAc2pAWVIAc0FZkkBjW8BBABn
311=SQGDqQFoSQGIqQFpSQGFqQFqSAHBBGtJAYq1AmxIAWQBWRFtKCgAAQIAOADdFQMoKQAEKC
312=kABSgpAAZJAZFrCAQAB0kBiakBCEkBi6kBCUkBxKkXCkgBcAJVDQtIAc0bDEkBzqEEDUkB
313=0KkBDkkByKkBD0gB2QYQSQEfbwEDABHrAQIAEusBAQAT6wEAABRIAZcYAAAVKCkAFigpAB
314=coKQAYKCkAGSgpABooKQAbSAHBRhxIAd0KHUgB2VMeSAHVAh8oKQAgKCkAIUgBzQUiSAHN
315=BSMoKQAkKCkAJSgpACZJAdN/IAAAJ0kBy6kBKEgBjyYAAClIAY8mAAAqSAGPMQAAK0kBi2
316=MlAAAsSAHVDS0oKQAuKCkALygpADBJAU17BgQAMUkBSqkBMkkBRakBM8gBRYA0SAGfCgIA
317=NUkBTqEENkkBSakBN8kBAWdHOABQVAIBAgQAOVQCaAEBAwQAOkgBUQIAXUE7SQEzUApVAj
318=zIAQEEBAA9yAEBBQQAPkkB/HMfBAA/SAHZBkBIAdVEQUgB1QJCSQFCbAFulDgAaAFJC0RU
319=ApwVbJTDXAAARlUC938KAABHSAHBBEgoKQBJKCkASkgB3Y5LSQHPuQZMSQHJqQFNSAHVAk
320=5IAdUCT0gBxTRQSAHJDFFIAcE7UkgB2QZTSQHLsQlUSAHFCFVJAc21AlZIAcUIVygpAFgo
321=KQBZSQHFrQVaSQHAqQFbSAHZBlwoKQBdSAFslE0EXsgBQTBfSQFXuSdgSAFlAQBtlDiEAU
322=kBYihVAGMoKQBkSAGDXAQAZUgBkwUEAGZJAZBsAW+UOACGqQFoVAJkAVEJaUkBjG8BBABq
323=SAHBBGtIAXACQQRsKCkAbSgpAG4oKQADTEqNGwRVBTnllwUoVQAGSAHRCQcoKQAIKCkACU
324=gBybEKSAHNBQtJAfZII1UKDEkB7qkBDUkB8KkBDkgBk4IEAA9IAdkGEEgBZeQAbpQ5AGkB
325=AWyUqQECbJSpAQNslNwVbJQnKQAWRAiDGgAAFygpABgoKQAZKCkAGigpABtIAY+qAAAcSA
326=HZSB1IAdlIHkgB2UgfSAHJDCAoKQAhSAHBXCJIAc0FI0gBzQUkKCkAJSgpACZIAdkGJ0kB
327=0HcjAAAoSAHZBikoKQAqSQHEoQQrSAHBBCwoKQAtKCkALkkBIZYqAC9JAR6pATBJAVNoAW
328=2UOWABYYgyVAKTCQQAM0gBeJUBBAQANMgBAQUAADVIAXyOVZE2SAGdBgRM3icFAThUApT/
329=bJQnVQA6VALNBTtIAWyUAQYEADzJAQdulDkAdQIIbJQn2QA/QQTEexwEAEBIAcUIQUkBUm
330=0BBFGSOVibbgEAQ1QCiBciHyU5AMh4BmyUJz0IRkEE+7UCR0kB16kBSEgBxTRJSAHFCEpJ
331=AdihBEtIAdUCTEgBj3MAAE1IAdUCTkgB1QJPSAHVAlBIAckMUUkBzLEJUkgBwQRTSAHdTF
332=RIAdFLVUgBzQVWSAHNBVcoKQBYKCkAWSgpAFooKQBbKCkAXCgpAF0oKQBeSQGHRLlJAF/I
333=AUHKYEgBnChslCcBBmJUApurBABjSAGTYQQAZEgBnBVulDkAmCdslCfZAGdBBJB3CQQAaE
334=kBhakBaUkBg6kBaigpAGtIAcEEbEkBh6EEbUgBZAFVhm4oKQBvKCgAfN7BBAVI4MkBBigp
335=AAcoKQAIKCkACSgpAAooKQALSQH1ZzQEAAxJAd6pAQ1IASPjLQQADkgBnEFtlDqQDUUTEF
336=QCYZMEbZQ6jJQBBQMAEtQCAQYAABPJAQdtlDqsqm+UOgDGawwAABZABCUpLBdIAdk9GCgp
337=ABkoKQAaKCkAGygpABxIAdlIHUgBmzIAAB4oKQAfSAHZ4iAoKQAhSAHNBSJJAdC5ESNIAc
338=0QJCgpACVIAZNAAAAmSAHNBSdIAc0FKCgpACkoKQAqSQHHvQorSAHNBSwoKQAtKCkALkkB
339=HbkqL0gBjwUBADBIAWyUUY0xSAGfAwQAMkgB3cUzSQFYeAJtlDombSQ1VAJslAEDBAA2SA
340=F8A1E1NygpADgoKQA5KCkAOkkB+H8VBAA7SAF1kQlulDoAaQEKbJSpAQtslCcRCD9MBZgc
341=bJQnVQBBVQI/ZA9ulDoAaAFdbUNUAowbb5Q6AI9gBG6UOgCUnCIcJSeVCEcorQBISAHNPE
342=lIAZ9tAABKSAHRCUtIAdGNTEgBJU0rTUkBy2MaAABOSAHZik9IAdkGUCgpAFFIAdHPUkkB
343=0bkGU0gBzQVUSAHBBFVJAcmhBFZJAc+pAVdIAcUTWEgB2QZZKCkAWkgBnzYAAFtIAcEEXC
344=gpAF1IAWCTAQQAAF7IAUXOX8gBAQYDAGDIAQEHAwBhSAGXJwQAYkgBhBNulDoAhBNulDoA
345=nCBulDoAkB9slCeFBmdYBsUIaEkBkG8BBABpSQGIqQFqKCkAa0kBg7UCbEgBwQRtSAHFl2
346=4oKQBvSQGHrQVwSAFkAVVPBUxKyQEGKCkABygpAAgoKQAJSQGPcwUEAApIAWQBRQgLSQH5
347=aC1ulDsAJ4wSJykADkEE9KEED0gBh0oEABBIAcUIEUgBepUJBE2UO5mVCm2UO+GTFEAE2T
348=IVKCkAFkkBx3wKIhwlJ60AGFQCzQUZKCkAGigpABsoKQAcKCkAHUgByVkeSQHQvQofSAHR
349=CSAoKQAhSAHB6yJIAcEEI0gBI4MhAAAkSAHVAiVIAYC0bJQnkQInVALBBChIASPkMyKsNy
350=eBACpUAsEEKygpACwoKQAtKCkALkkBS2spBAAvyAFBkzBJAVG1AjFIAWQBUTUySAGYESId
351=JTskMCJtlDucA0EENUAEjAFslCdVADdUAoTDIq43OwCEwyIcJdwVbt47ACMMI2+UOwAmTI
352=pRCTxYBmgBWRE9yAFF+j5IAckMPygpAEBIAYQeIj1KO4CTTQVCVAJslAEDAABDSAGABG+U
353=OwCSiggARVQC0UBGSAHRjUdJAc2pOEhIAdkGSUgBzTxKSAHBBEtIAcEETCgpAE1JAdKlCE
354=5JAc6pAU9JAcupAVAoKQBRSQHQtQJSSAHRCVMoKQBUSAHRCVVIAc0FVkgBzQVXSAHBBFhI
355=AcUTWUgBwQRaSQHUqQxbSAHVAlwoKQBdSAFtlAhulDsAaAEBCQEAX9YCCgJMlLUCC2yUJ2
356=EHYkAEgA9tlDv1kWRUApgrb5Q7ANZgD22UOyZJJWcogQBoSQHToQRpSAGLFwQAakgBxQhr
357=SQGSbwEEAGxIAWQBSUNtSQGMbwEEAG5JAYipAW9IAd2ZcEkBh7UCcUgBhx4EAAYhbC5wAk
358=UIBygpAAgoKQAJSAHVDQpIAc0FCygpAAxIAdmVDUkB86kXDkgBzQUPSQHHtQIQSAHVAhFJ
359=AUNsAW2UPFJRAABNXBNUAoQTIh0lPPmVFShVABYoKQAXSAGPaAAAGEgBJc1RGUkBuncNAA
360=AaSAGHawAAG0gB3QocKCkAHSgpAB4oKQAfSAGDMAAAIEkBz7EJIUgB3UwiSAHRCSMoKQAk
361=KCkAJSgpACZJAdWlCCdIAdkGKCgpAClIASX9VypJAfStBStIAc0FLCgpAC0oKQAuSAFslE
362=l6L0gBYClJODAoKQAxSAGADyIdJTwk2CFslNAqbZQ8lAZZBjVMBYQpb5Q8AMBsECKsNyeB
363=ADhBBMW1AjlIAZAqbJQngQA7VQKxXTcAIh4lPABoAYyUqAFRFD5ABJgNIjxKJw0CQFQCiG
364=dslHGbAHFAQlQC0R9DKCkAREgBiN0iHCXECCIcJScpAEdABIdrAABISAGDZwAASUgB0QlK
365=SQHSdxgAAEtIAd2OTCgpAE1JAcyhBE5IAdkGT0gB2QZQSAHRQFFIAcEEUkkB2bkGU0gB1Q
366=JUSQHYtQJVSAHVAlZIAdFLV0gB2aBYSQHJrQVZSAHJTlpIAdkRW0gBxQhcKCkAXUgBJTEt
367=XugBbpQ8AJQCbJTIAWyUJ7EGYkwFgBptlDwojBIngQBlQATRNWZIAZAqIj5KPACEEyKtNz
368=wmzSVpQASUGG2UPP2Za1QCxQhsSQGRbwEEAG1JAYqpAW5IAYMaBABvSQGQtQJwSAHBBHFI
369=AcEEckgBfANRSwcmE0AEAAgoKQAJKCkACkgB1Q0LSQGHfAYiHSU9r4kEAA1UAnACUQkOSA
370=GMMSKtNz3pFxBUAsEEEUgBzRASSAF4lQEEBAATyQEFbJTcCiKsNycpABZABJgGIhwlJ1UA
371=GChVABlIAZhpb5Q9ALilPxtVAsCpARxIAcUIHSgpAB4oKQAfSAHRSyBIAc0FISgpACIoKQ
372=AjKCkAJCgpACUoKQAmSAHN4SdIAdEJKCgpACkoKQAqKCkAKygpACwoKQAtSAFw5VGBLsgB
373=WX8vSQHXbxsEADBIAdlIMUkB0LUCMkkBwakBM0gBhLhtlD0mbSQ1VALZMjYoKQA3SAGIby
374=IcJcgtIh8lPQDDsQk6QATZoDtIAcUIPCgpAD0oKQA+SAEluUk/SAEj/FYirDciqiUAAF0J
375=QVQC1SNCSAGcTCIfJT0Ai4ILAERUAsE7RUgB1TlGSAHZBkcoKQBISAGUcG2UPaRrIq03PS
376=RgM2yUJykATEwF3YNNKCkATkkBy1gSTQ9PSAGHKQAAUEgB1Q1RKCkAUigpAFNIAYsiAABU
377=SAHNBVVIAYc0AABWSAHdjldIAcEEWEgByU5ZSAHVAlpIAdUCW0gB1QJcKCkAXUgBlJEiHS
378=U9oJNslMgBbJTIAW2UPUwZSAAirjc9AJQjbZQ9KIwSJ4EAZVwKRgUAACIfJT0A9nwgb5Q9
379=APCpAWgogQBpKCkAakgBnxUEAGtIAcUIbCgpAG0oKQBuSQGTZARslCdxCXBUApscBABxKC
380=kAckgBaAVbEQgAPoQBSQEJKCkACigpAAtJAYxoBGKTPgDNlA1UAnACWQYOSAHRrg9IAdmr
381=EEgBk9oEABFIAc0FEkgBJWVEE0kBSHsCBAAUyAEBAQQAFUgBInhXXQoWyAFNcxdIAZQYIv
382=EkPrOjAAAZKFUAGkkBx2QpIvAkJ4EAHFQC2QYdKCkAHigpAB8oKQAgSAHFSiFIAY9+AAAi
383=KCkAIygpACQoKQAlKCkAJkgB1VonSAHBDyhJAcilEylIAdUCKigpACsoKQAsSAF0kQEEAA
384=AtyAFZti7IAQEGAwAvygEHA0CTJ90GMVQCJUEkMkgBgLQi8SQ+rLVgkycoAAQ1AD4AvAIA
385=EQAAJhAAIAYAAAQANgA+AABgAAIEADcAPmABdQI4SgHCAlcBBAA5SQG7qQE6SQHYqQE7Sg
386=H//4EEPEkBUkQBUQk9SQE4qQE+SQE9awEAAD9IAXQCAQEAAEBIAZsGAABBSQGToQRCSAGX
387=DQAAQ0kBvGsMAABESAHNBUUoKQBGKCkAR0kB160FSEkB0KkBSUgB2QZKSQHWtQJLSQHJqQ
388=FMSQHOqQFNKCkATkgBxQhPSAHFCFBJAdWtBVFIAdUCUigpAFNIAckMVEkB0a0FVUgBzQVW
389=SQHUtQJXSAHVAlgoKQBZSAHJDFpIAcEEWygpAFwoKQBdSQEdrSZe6wEBAF/rAQIAYOsBAw
390=BhSAGLBQQAYkgBkxQEAGNIAZscBABkSAHBBGVJAfZzFAQAZkkB3qkBZygpAGhJAfC1AmlI
391=AdkGaigpAGtJAdOhBGxJAc2pAW1JAY9zBQQAbkgBZAFVRG9IAdUCcEgB1QJxKCkACUhG1Q
392=IKKCkAC0kBkHsCBAAMSQGDqQENSQGHqQEOSAFkAUkMDygpABBIAdEfEUgBhzQEABJIAc0F
393=EygpABQoKQAVSAGPMQQAFkkBRVAFAQQEABfIAQEFAAAYSAGDBAAAGSgpABooKQAbSQHIfy
394=AAABxIAc0FHSgpAB4oKQAfSQHErQUgSAHNBSEoKQAiKCkAIygpACQoKQAlKCkAJigpACco
395=KQAoKCkAKSgpACooKQArKCkALEkBh1h1AQgAAC3IAQEJAQAuyAEBCgIAL8gBAQsDADBIAV
396=AjdYYxSQHZdxgEADJJAcWpATNJAbipATRJAb2pATVIAdmKNkgBxQg3SAGHgQQAOEgB2QY5
397=SAHNBTpIAc0FO0kBOm8BBAA8yAFJFj1IAdGNPkgBxSk/KCkAQEkBk3gGapA/AJcNAABCVA
398=KUDWuQPwC/cBRqkD8AzXNFQATRCUZIAdUCR0gB1QJIKCkASSgpAEooKQBLSAGXpwAATEgB
399=2QZNKCkATigpAE8oKQBQSAGfVwAAUUgBn1cAAFJIAcUIUygpAFQoKQBVKCkAVkkB0qEaV0
400=kBy6kBWEkBz6kBWUkB0KkBWkgB3QpbKCkAXCgpAF1JAYhcLEUoXskBAWqQPwB1AgJokKkB
401=A2mQP1gESABokCcpAGNYBkwCYUZkKCkAZUkB9WwQapA/ACcIEicpAGhBBPGhBGlJAfSpAW
402=pIAdEJa0gBmxwEAGxIAYMaBABtSQGOZARokCcNAm8oVQBwSAF8A1WGClzTyQELKCkADEkB
403=kHsCBAANSQGKqQEOSAFkAVkGD0kBj28BBAAQSAFkAVUCESgpABJJAdO9FRNIAdGjFEgBzQ
404=UVKCkAFkkBRHgCcY1AUuAAAFUtGFQC2TIZKCkAGigpABsoKQAcSQHGdw0AAB1IAdXpHkgB
405=xQgfSAGPcwAAIEgBwQQhSAHBBCIoKQAjKCkAJCgpACUoKQAmSQH+XBVRFCdIAcUIKCgpAC
406=lIAdkRKkgB1Q0rSAHNBSxIAdHaLegBcY1AWBdAC3ONQAAkRQEAc41AACipATFMBWQBSS0y
407=KCkAM0kBx3MfBAA0SAHBBDVIAdUCNkgB1QI3SAGcIHKNQADBkzlUApt/BAA6SAElZSM7SA
408=FwjUkLPEgByRc9KCkAPkgBxbg/SAGcQSK+I0AA0R9BVAKIDHGNQOWMQ1QC0QlESAGfVwAA
409=RUkBz0gNQRVGSQHQqQFHSAHNBUhIAcWXSUgB0SpKSAHBBEsoKQBMSAElmSRNSAHBiE5IAc
410=0FT0gBm7YAAFBIAdUCUSgpAFJIAcGeU0gBwQRUSAHdClVIAdmKVkkBzr0VV0gByRdYSAHZ
411=BllIAcElWkgB1QJbKCkAXCgpAF1IAXiKAQQAAF7IAUXvX0kBiVxNXUFgyQEBcY1AWCVIAH
412=KNQACcFSK8IydVAGRMBZ/xBABlSQH5cBRyjUAA2YpnVQLztQJoSAFICW2UaSgpAGpIAd14
413=a0gBjBtwjSeJAW1VAox8BnONQACFqQFvVALXhgsAQWwCfQoMKCkADSgpAA5JAZFrBAQAD0
414=gBJZEjEEkBh7UCEUgBZAFZXhJIAYfDBAATSAGXLgQAFEgBxYwVSAHNBRZIAYgteYpBmIoB
415=BAQAGFQCcI1RKhlIAYMEAAAaKCkAGygpABwoKQAdSQHFYyUAAB5IAdVPH0gBxQggSAHBBC
416=FIAcEEIkgBwQQjKCkAJCgpACVIAWyJWT0myAFFEyfKAQYASn9BAMUIKVQCyQEqSQHHuREr
417=SAHVAixIASdZEUGsiXmKQayJeYpBQApfIwIAMEwFxYwxSAHFjDJIAVgDcTUzSAGMXXqKQQ
418=CPcwQANVQCyQE2SAGEYCIaNUEAyQE4VQLRZBMiGDUn5Qc6VAKH0QQAO8gBVVk8SAHJFz1J
419=AY+GDwA+SAHNGz9JAZK1AkBIAc0FQSgpAEIoKQBDKCkAREgBJQEyRUgB2QZGKCkAR0gBzZ
420=RISAHNlElIASPPJQAASkgB2QZLKCkATEgByZBNSQG6exwAAE5IAdk9T0gB2QZQSAGYJyIM
421=I9QjIg4jQQAlTTZTQASTVgAAVEgB2QZVSAHJF1ZIAdUCVygpAFgoKQBZSAHJTlpIAc0QW0
422=gB2QZcKCkAXSgpAF5IAWSMAQkAAF9IAXiKAQIEAGBIAYctBABhKCkAYkgBmBF7ikEAxGQe
423=Ihg1J2EHZUAE2QZmKCkAZ0gB1ZFoSAHBBGkoKQBqSAHdCmtIAcEEbCgpAG1IASdaEUEAz4
424=kMAEKIBUWBDSgpAA4oKQAPSQGQaAQiXyJCAIapARFUAmQBWQYSKCkAEygpABRIASOfKgQA
425=FUgBzQUWKCkAF0kBWHgCY4hCAEipARlUAmoBAQRDiEIARrUCG1QCaAFBXBxIAc0xHSgpAB
426=5IAcFcH0gBwQQgKCkAIUgBwTsiSQHAdy4AACNIAc0FJCgpACUoKQAmSAFsiUE7J8kBCmKI
427=QgB0AgELAAApVALFCCooKQArKCkALEgBJwERQrSGYYhCt4YBAC9ABJSGYIjXAgIAMfcCAw
428=AySQGBRB9B1TPIAUHVNEgBcSMAYIgnCQc2VALRuTdJAdB4HCJcIieBADlUApwVIlwiIroy
429=AABFVTtUAmyJAQMAADxIAY9SAAA9SAHJhT5IAZgGIh1GQvWnQChVAEFIAZDaIl0iQqSXIh
430=E0QrScIhI0QgCYESJdIkK5XgBcOycxAUdECMkMSCgpAElJAcF0GGKIQgDdg0tVAr61AkxI
431=AdGNTUgBJfU1TkgBI/slAABPSAHdClAoKQBRSAGAJWKIQgCX3gAAU1QCyQFUSAGfrwAAVU
432=gBxYxWSAHFjFdIAd0KWCgpAFkoKQBaSAHNUltIAc0FXCgpAF0oKQBeKCkAX0kBU2Q7YIgn
433=3QZhVAJwAlk9YkgBwX1jSAGIDGCIJ60AZVQCyYVmSAHZBmdJAdJvJgQAaEgBjxsEAGlJAc
434=+1AmpIAYc0BABrSAHZBmxJAY1vAQQAbUgB14YNAENsAnHaDigpAA8oKQAQSQGQawQEABFJ
435=AYWpARJJAYepARNIAWQBQRoUKCkAFSgpABZIAYRKIq8hQwDNsRQYVALZBhkoKQAaSAGDEg
436=QAG8gBQWYcSAHVLh0oKQAeKCkAHygpACAoKQAhKCkAIigpACNJAcZtEABPeEMAwKkBJVQC
437=yQwmKCkAJ0kB/lUUDmmFQ4mFD2uFQwD3VAJFEypABNkGKygpACxIAYSBIr1EQ7+DAAAu9A
438=JohdcCAQAw9AJrhUMAIF4KAAJKhUMAaIUBAwIAM0AEaAEBBAMANMkBBWmFQ0QDUAUiyVZD
439=vHgirSFDSAJIAGiFJ1UAOVkGO1ECAGqFQwBoAUkXO1QCyRc8SQHFvSA9SAHR5T5IAcEEP0
440=gBwfZASAGITiK9REP9bUJVAtClCENIAdkGREgByS1FSAEl/SBGSAHBBEcoKQBISQHCpQhJ
441=SAHZf0pIAdl/S0gB2QZMKCkATUkBw7kGTkgBwQRPSAEjbC8iCDPcICKsIScpAFJABM0FUy
442=gpAFRIAYRraYVDJjEiVlQCzRtXSAHZBlgoKQBZKCkAWigpAFsoKQBcKCkAXSgpAF4oKQBf
443=SAFphQFohScJB2FUAng2XTZiSAEnqBAngQBkVALFa2VIAYCeIgkzQ6+1BABnKFUAaEgBlB
444=hohScFAWpVAo1sDGuFQwCJqQFsVALdgw4jbDBYAiIAMiJsMIkBEChVABFIASUxIhJJAYZc
445=A10VE0gBZAFJARRIAdGYFUgB1QIWSAGYtnOCRADJaDgi/SBE/YMZQASY1yL9IEThXBtUAn
446=AXAQQEABzJAQUiXEPABCIAMicpAB9ABNE1ICgpACEoKQAiKCkAIygpACQoKQAlKCkAJigp
447=ACcoKQAoSAFlgQRxgkSQglkRKtQCAQYAACtIAc0QLCgpAC1IAd2DLkgBI38xAAAvSAGUAn
448=GCRKeBAQAxVAKRggFRgkSSggYBSH+qAQcAUIKoAQEIAAA1TQUzQCxRKTbJAQNxgkREA1gC
449=cIKoAV1MOUAEZIFNBTpIAdEUO0kBxEgCVQU8SAHVAj1JAce1Aj5IAdUCPygoACJgSiOMKH
450=CCJwEGQiiBAENIAZBAIvwgJ4EARVUCwb0KRkgBJU0gR0kBvrUCSEgBxYFJSAHBiEpIAc0Q
451=SygpAEwoKQBNSQHDpQhOSAHNBU8oKQBQSAHdg1FIAcEEUkgB1ZxTSAHVnFRIAZhTc4JEAM
452=y9ClZUAtkGV0gBzRtYSAHVAlkoKQBaSQHGuQZbSAHZq1xIAc0FXSgpAF4oKQBfSQExQDFN
453=aGBIAYwFIgAyJxUOYlQCzWhjSAHV/2RIAcF9ZUgBYAhFCGYoKQBnSQGPeAIi/CAnMQFpVA
454=LFgWpIAdl/a0gBaAVGCA8AItBjUAEi+DAnKQARVQKQUAJBBBJJAYOpARNJAYepARRIAYhD
455=IvgwJ9kAFlQCfANZBhdIAZCueX9FvysEABlVAsdsJnh/J9kAG1QCI3Qken9FAGgBRdkdVA
456=KUI3l/RauFAAAfKFUAICgpACEoKQAiKCkAIygpACQoKQAlKCkAJigpACcoKQAoKCkAKUgB
457=ZIEBCQAAKskBCnl/RZCCAQsAACxUAtEULSgpAC5IAYx+eX9Fr34AADBUAo1+AFh/J1UAMl
458=QCIiAgSQwzyAFJDDRIAd0KNSgpADZIAWSBVZE3SQE1TC1RKTjIAQEDAAA5SAHZBjooKQA7
459=SAGULiL4MCclBT1UAs0FPigpAD8oKQBAKCkAQUgBJfFQQkgB2QZDSAGQQHh/J10BRVQCJd
460=khRkgB1XtHSAHZBkhIAcEESUgBxYFKSAHNaEtIAc0FTEgBJf0gTUgBzQVOSQHARB9dH09I
461=Ac0FUCgpAFFIAc1zUkgB3QpTSAGEayL9QUUmkSNVVAKP7AAAVkkBz70KV0kB0KkBWEgByQ
462=xZKCkAWigpAFtIAd0rXEgBzQVdKCkAXigpAF9IAXh/SQtgyQEDe39FAFdVGQAiWFMnXQxj
463=QARwAlUCZCgpAGUoKQBmSAGUDSJPIEUAjHAFeH8KRQCJAAAAAAQAaQBFABEAAK0PACAHig
464=AAAAAEAGoARVwASAACBAAQAEZcAEsABAARKCkAEkkBkFACAQAEABNIAdkGFEgBcAJVAhVK
465=AdcCUwEEABZJAc+pARdJAc6pARhJAcmpARlJAc2pARpIAVEGAEUIG0kBWG8BBAAcSAGXEA
466=QAHcgBAQEAAB5KAf//ZgQAHygpACBJAYRUA0kAIcgBSQsiSQEeigUAIygpACQoKQAlSQEi
467=oQQmSAHdCicoKQAoSQHERAlNBClIAcEEKkkB90gCAQ4AACvIAQEPAAAsSQEBQBBJAC3IAU
468=UHLkgB2QYvKCkAMEkBxlQDUQgxSQHAqQEySAHNBTMoKQA0SQHIoQQ1SAHBBDYoKQA3KCkA
469=OCgpADkoKQA6KCkAOygpADwoKQA9KCkAPigpAD9IAdEfQEgBwQ9BKCkAQkkB2aUTQ0gBwQ
470=RESQHVtQJFSAHVAkZJAce1AkdIAdUCSCgpAElJAcGhBEpJAb2pAUtJAb6pAUxIAdUCTUkB
471=u7UCTkgB0QlPSAHBJVBIAdUCUSgpAFJIAckMU0kBvKUIVEgBzQVVKCkAVigpAFcoKQBYKC
472=kAWSgpAFooKQBbKCkAXEgB2RFdSAHJDF4oKQBfKCkAYEkBMVBBAQUAAGFJAVZIAQEABABi
473=SAFkAUkBYygpAGQoKQBlKCkAZkkBkXMFBABnSAHNc2hIAXACRQhpKCsAEQBHkAJVAhIoKQ
474=ATKCkAFEgB0QkVSQGJdAVrekcAh6kBF1QCZAFFCBhJAdZnKQQAGUkBzKkBGkgBg1wEABtI
475=AYgtanpHANV7HVQC1XseyAFBZx9IAXx4AQMAACDIAQEEAAAhyAEBBQEAIkgBiXoBSXpHVI
476=FXEAEAJFQCn3gBACVJAR9QAkkAJkgB1S4nSQHCZxMAAChIAc1HKUgBwQQqKCkAK0gBfHhN
477=MSzIAQEGAAAtyAEBBwAALsgBAQgAAC/IAQEJAAAwSAHRCTEoKQAySQHtTBFNGzPIAVkQNE
478=gBzQU1SAGDJQAANkkBwFQDWQU3SAHBBDgoKQA5KCkAOigpADsoKQA8KCkAPSgpAD4oKQA/
479=SQHHqQxASAHJDEEoKQBCKCkAQ0gBk7kAAERIAYW4AErERwCZtgBeSUcAxQhHQATVGEhIAc
480=V2SUgByS1KSAHNBUsoKQBMKCkATUkBxaUTTkgBg0YAAE9IAdkGUEgByThRSQG6rQVSSQG4
481=qQFTSAHVDVRIAdkGVSgpAFYoKQBXKCkAWEkBjUguSQBZSQGHXABJAFpIAcUIWygpAFwoKQ
482=BdKCkAXigpAF8oKQBgKCkAYUkBMlEKAGt6RwAzqQFjVAKLDAQAZEgBcAJBBGUoKQBmKCkA
483=ZygpAGgoKwASAEiUBlkGEygpABQoKQAVKCkAFkkBjncFBAAXSAFkAVkGGCgpABlIAd14Gk
484=kBzXAqcndIAJgyc3dIAMC1Ah1ABN14HkkBSnUJBF7xSABydwYEUHeqAQcDUHeqAQgCUXdI
485=pXYCUXdIWAFdBgJRd0hIB0gBc3dIACZEAUkAJlwKi3oAACdIAYwQcndIAM08KVQCmycAAC
486=ooKQArSAHN1ixIAX14C3J3SABpAQxwd6kBDXB3qAFZ+DBNBb9UDll0MUgBZHZJkDLIAUmQ
487=M8gBUYI0SAHBDzUoKQA2KCkANygpADgoKQA5KCkAOkkBGkgNQQ47yAEBAQQAPMgBAQIEAD
488=3IAQEDBAA+yAFNED9IAcEPQCgpAEFIAcUeQkgBwQRDKCkARCgpAEVIAYw8c3dIANF1OQBd
489=SUj9eEhABMUISUkBw6EESkgB1QJLKCkATCgpAE0oKQBOSQHHuQZPSAHZBlBIAck4UUgB2f
490=hSKCkAU0kBv7kGVEgB2QZVKCkAVkkBj0AmSQBXSAHBBFhJAYxIAkkAWUkBg1wASQBaSQGF
491=XABJAFtJAYtcAEkAXEgB2QZdKCkAXigpAF8oKQBgKCkAYUgBcHddNWJIAXB3XRRjyQEDc3
492=dIADVcCwEABABlVAJoAVU5ZkkBOLUCZ0gBZAFDBBMASYQBSQEUKCkAFSgpABZIASWJLRdI
493=AYsXBAAYSAGcBmzsJwUBGlQClDl5dEm0snh0J4EAHUAE2QYeKCkAHygpACBIAWV2Cnl0SZ
494=J3CwNdcklMAEEHA1l0SaxzeXRJrHN4dMEEAUQCwAR5dEn5SChdCsVUJE0IKUkBwKkBKkgB
495=wTArSAHVRCxIAdUCLSgpAC4oKQAvSAFsc1EIMMgBTXMxSAF4dEnzMsgBSfMzSAHRCTQoKQ
496=A1KCkANkgB1WU3SAHNBTgoKQA5SQFOXBYBAAQAOkgBeHQBBQQAO8gBSZs8yQEHenRJAGEE
497=CHh0qAEBCQQAP0AEJWUjQMgBTUdBSQHBSBhJC0JIAd3bQ0gBzRBEKCkARSgpAEYoKQBHKC
498=kASCgpAElJAce9CkpIAdEJSygpAEwoKQBNSAHRH05JAdO5Bk9IAcWBUEgBxQhRKCkAUigp
499=AFMoKQBUSQGTVBlJAFVIAdkGVkgBwXJXSQGJVANJAFhJAYNcAEkAWSgpAFpJAYZIAkkAW0
500=gBxQhcSQGNSAJJAF1JAYdcAEkAXkgBwQRfKCkAYCgpAGEoKQBiKCkAY0gBZHZZtmRIAWxz
501=UR5lyAFZSGZIAXh0RzQUAEpADUsABAAVKCkAFigpABcoKQAYSAGUkWByJ9kAGlQCXQcATU
502=cbSAHNcxxJAc1UDlUCHUgBwQQeSQHTtQIfSAHBBCBIAcEEISgpACJIASNMK2FySkxuSARh
503=ckq7dAIAJeAEYHLABGBywAR95krtcylMBcUpKigpACsoKQAsSQHGZBN+5koAxVUuVALZBi
504=8oKQAwKCkAMSgpADIoKQAzKCkANEgB3Qo1SAEljSg2SAHF+jdIAckMOCgpADlIAXyvWSc6
505=SQEYRDVJATvJAQF+5koAdAKc5qkBA2ByqQEEYXJKUOtPJgAAQFgGyQxBSQHBuRxCSAHRz0
506=NIAcEEREgBJxw7J/kERlQCwQRHSQHIpQhISAHVAkkoKQBKKCkAS0gB0R9MSAEl9SpNSAHR
507=H05JAdSxCU9IAdEJUEgBJQ0uUUkBz6EEUigpAFNJAcu1AlRIAd14VUkBkYIeAFZJAYapAV
508=dIAd0KWEgB2XRZSQGDoQRaSQGIqQFbSQGFqQFcSAHBBF0oKQBeSAHBBF9IAdl0YEgByQxh
509=KCkAYigpAGMoKQBkKCkAZSgrABUAS7gOIrw5JykAF1QCgBpu4UsAmBFpb0smQToaQAScBm
510=zhJ9kAHFQC1XAdSAGDJQQAHkkByWwmIssqSwDQqQEgVALFCCEoKQAiSAEjRCppb0u/bQMA
511=JFQCgHJpb0ugcmhvwwQBACdABJgGaG/XAgAAKVQC1SMqKCkAKygpACwoKQAtSQHHZBMiyS
512=pL8XcvVALFCDBJAcShBDFIAdUCMigpADNJAcihBDRIAcEENSgpADZJAcWhBDdJAcCpAThI
513=Ac0FOUgBaG9JbjpIAXBsQak7yQEGaW9LiW8HbOGpAQhob6oBCQBM4SfpAkBZBsKpDEFIAd
514=1tQkgB1Q1DKCkAREkB0q0FRUkB0akBRkgBzQVHKCkASEkBxqEESUgBxWtKSAHBGktIAdkG
515=TEgBxR5NSAHNEE5JAdilCE9IAc0FUCgpAFEoKQBSKCkAU0gBxXZUSAHZBlVIAdWGVkgB0W
516=xXSQGFlksAWEkBiKkBWUkBhqkBWkgBxQhbSAHZBlxIAc0FXSgpAF5IAYdgAABfSAHFCGBI
517=AcUIYSgpAGIoKQBjKCkAZCgrABYATKQQIlw4JykAGFUCkHwCcWxM/W0aVQKHtQIbSAFlAQ
518=AiwCkn2QAdVAKcNnFsTOVrH1QCzQUgKCkAISgpACIoKQAjSAGEa3FsTCbtKSVUAoUIAk1t
519=TEwAUAFxbEyjcgEAKEAEmAZxbEz1ZSpUAskiKygpACwoKQAtKCkALigpAC8oKQAwSQHFqU
520=MxSAHN1jJJAcC1AjNIAckMNCgpADUoKQA2KCkANygpADgoKQA5KCkAOkgBcGwBCgAAO8oB
521=CwBJ10yQbAEMAAA91AIBDQAAPskBDnBsJ8UDQFUCx6UTQUgBxRNCSAHNUkNIAdUCREgB3V
522=dFSAHVAkZIAc0FR0gB1QJIKCkASUgByQxKSAHBBEsoKQBMKCkATUgB0QlOSAHNBU8oKQBQ
523=KCkAUUgBI0MkAABSSAGPtQAAU0kBzKEaVEkBk0A/SQBVSAHJF1ZJAYxIAkkAV0gB0WFYSA
524=HVDVlIAcEEWkkBhUAFSQBbSAHNBVxIAc0FXSgpAF5IAdkGX0gBzQVgSAHNBWEoKQBiKCkA
525=YygrABcATUANSABs1icpABlUAsVrGkgBlHtv1k0Ai0kFAHtpTQDTZB4i22NNAMypAR5MBX
526=wDQQQfKCkAICgpACEoKQAiSQEncAVv1k0AI6kBJFQCiGRs1tgReGknKQAn4AR6aU0A2dcp
527=VAIlHUYqSAHRHysoKQAsKCkALSgpAC4oKQAvKCkAMCgpADEoKQAySAGHHgAAM0gBIyssAA
528=A0SAHVDTVIAcEENkkBy2siAAA3SAHNBThIAc0FOSgpADooKQA7KCkAPCgpAD0oKQA+KCkA
529=PygpAEBIAcEPQUgBwQ9CSAEj/yAAAENIAdUCREgBkDUijVRN6ZBGVAKEoiKaRU0AzQVIVA
530=LJF0lIAckXSigpAEtIAcFnTEgBwQRNSAHRCU5IAdEJTygpAFAoKQBRSAHRFFIoKQBTKCkA
531=VEgBxQhVSAHJF1ZJAYxjRgAAV0gB2V5YSAHNEFlIAcEEWkgB3dBbSAGLWQAAXEkBiaUIXS
532=gpAF5IAcEEX0gBI3tiAABgSAHdCmEoKQBiKCoAGAAjLD4iRTUZKCkAGigpABsoKQAcSAEn
533=sSdOKOAMJwUBH0AE3WIgSQEgcBQi4kNOAMkBIlQC1WUjSAGMBSKdNU6saGBn0AliZ04AgA
534=R80MAEYGfDBAEAKUQInG0ifVJO/UErVALFHiwoKQAtKCkALkkB9qFcL0kB8KkBMEgB2QYx
535=KCkAMkgB3UEzSQHJrQU0SAHBOzVIAdUCNigpADdJAdCtBThIAd0KOSgpADooKQA7SAHFYD
536=xIASUBMj1IAd1XPkgBxQg/KCkAQEgBjzEAAEFJAc61DUJIAdkRQygpAERJAcyhBEVIAdEJ
537=RkgBzRtHSAHFCEgoKQBJSAHZHEpIAcUTS0gByQxMSAHBBE1IAdUCTigpAE8oKQBQKCkAUS
538=gpAFJJAV5VRAF/0E4Af0gBSQBUVAJoAVUCVUgByRdWSQGQVANJAFdIAd1iWEgBxc5ZSAHV
539=AlpIAcVgW0gBwX1cSAHRH10oKQBeKCkAXygpAGAoKQBhKCsAGQBPWA9LAAQAGigpABsoKQ
540=AcKCgACR0ATwDYAgAAAAQAHhEAAGAQACABAE8AAGMABAAfSQEfawEDACBIAWQBAQADACEo
541=KQAiKCkAI0gBjwUCACRIAY8FAgAlKCkAJkgBgwQBACdJASeGBAAoSQEgqQEpSQEjqQEqSg
542=H//40BKygpACwoKQAtSgH6AoEELkkB3qkBL0kB76kBMEgBxQgxKCkAMkkB1qEEM0kByakB
543=NCgpADUoKQA2SQHQoQQ3SAHRCTgoKQA5SQHToQQ6SQHLqQE7SQHMqQE8SAHZBj1JAdK1Aj
544=5IAc0FP0kBzbUCQEgBzQVBKCkAQkgB3RVDSAHdFUQoKQBFSAHRCUZIAd0VR0gB0QlIKCkA
545=SUkB2LUNSkgBwQRLSAHJDExJAc6hBE1IAdUNTkkBeYQtQgFPAGgBAQEAAFBRAVy1AlFJAV
546=5IAUUHUsgBAQMAAFNJAX+1AlTIAVUCVUgB1SNWSAHNEFdJAZBMBUkAWEkBiFwASQBZSQGG
547=XABJAFpIAc0FW0kB1EgNVQJcSAHVAl0oKQBeKCkAXygpAGAoKQAaUBdUBwIAAAQAGygpAB
548=woKQAdKCkAHigpAB9IAZxXcWFQTFhNCAJRYVBMWIkBIkAEQQEASWQjSAGMBXBhzQUBUWFQ
549=XGhLBAEAJkAEjF1xYVBAbVUCAEIJUADBGilABMkBKigpACsoKQAsKCkALSgpAC5JAfm1Iy
550=9JAfGpATBJAfSpATFIAd0KMigpADNIAdlTNEgB0UA1SAHRNTZIAdkGN0gB2V44SAHVTzlI
551=AcFGOigpADsoKQA8SAHNBT1IAc0FPigpAD8oKQBASAHNBUFIAclkQkgBzRBDSAHRVkRIAd
552=0VRUkB0LkcRkgBzQVHKCkASCgpAEkoKQBKKCkASygpAEwoKQBNSAHVI05IAWRgVQxPyAFV
553=WlBIAXBhXWJRSAFwYQEEAABSyQEFc2FQAHSKPABUVAJoAU0FVUgB3SBWSAHFHlcoKQBYSQ
554=HRSA1FB1lJAYxcAEkAWkkBh1wASQBbSAEnMAwn7QhdVALRH14oKQBfKCsAGwBRUAdLAAQA
555=HCgpAB1IAZeyAwAeSAGVsgNKU1EAhFV5XlFYAVgGeV5RWLyJASLtBQJcBMwFeF7MBXhe1A
556=14XicpACdYBohkeV5RKNgLJykAKkEExrEfK0kBvKkBLEgBzRstKCkALigpAC8oKQAwKCkA
557=MSgpADIoKQAzSAHZJzRIAd0KNUgB2T02SAHZMjdIAdE1OCgpADkoKQA6SAFkP1EiO8gBTT
558=w8SQFaSAJJAD3IAVUCPkgBYEZVAj9IAXykSQFAyAFBBEFJAcylHkJIAcUTQygpAEQoKQBF
559=KCkARigpAEcoKQBIKCkASSgpAEooKQBLKCkATCgpAE1IAd0gTkkBYUQUSQBPyAFRFFBJAT
560=xcAEkAUUkBOlwAQQRSyAFVAVNJAXdIAkkAVMgBVQJVSQGASAJJAFbIAVUCV0gBxR5YSAHF
561=HllJAZBABUkAWkkBhlwASQBbSAHdNlxIAc0FXSgpAF4oKQAcXHDJWR1IAclZHkgBjV0CRV
562=pStbICWQBSTFhADGFcUqu8AQAiTQUoUgIAAVEDUmIBAABhXFJIB1QBYFzUAmFcUqhZfLrA
563=BGBc1wIAAClQCd0VKigpACtJAcG5PSxIAc1dLUgBzQUuKCkALygpADBIAcmxMUgBxVUyKC
564=kAM0gB0VY0SAHBBDVIAdUCNkgB0VY3yAFNMThIAdFWOcgBVQI6SAFsBV0UO8gBTZ88SAFs
565=BVUCPcgBVQI+SAFgXFkGP0gBYFxBBEDIAUEEQUgB2T1CSAHZHEMoKQBESQGEWAdJAEXIAU
566=UIRkkBHlAuSQBHKCkASCgpAEkoKQBKSQGFWAdNBUvIAVUBTEgB1Q1NSAEnggtSAGBcSQxP
567=VAJoAVEUUEgBYFxJAVHIAVEJUsgBUQlTSAFgXFkGVMgBTQVVSAFgXFUCVsgBVQJXSAHVLl
568=hIAc0xWUgB3dtaSQGOXAtJAFtIASeACyftCF1UAssXHQBTVFVFBQJNtVNcUokBH1QClVoB
569=UAPDBAEAIVQCmF5pWVO4tmhZJ4EAJCiBACVIAUkJAE1dJkgBlA1pWVOsXWlZU6BcaFknKQ
570=AqTQXCWB1JBytJAbipASwoKQAtSAHVWi5IAZ8KAAAvKCkAMEgBxfoxSQHOpQgySAHNJjMo
571=KQA0SQF6SA1JADXIAU0xNkgB2VM3yAFVLjhIAdlTOcgBVQI6SAFsBVX0O8gBVfQ8SQE7RA
572=lNDz3IAU0FPkkBPrUCP0kBcVQOSQBAyAFBA0FIAScoCydJBENUAnxXRQhEyAFVDUXIAQEF
573=AQBGSQEeRAlJLUcoKQBIKCkASSgpAEpIAWhZAQMBAEvIAVEJTMgBSRdNSAHZJ05JAWR/Cg
574=AAT8gBURRQSQE9XABNG1FIAXRaSQFSyAFRFFNIAdEfVMgBVQJVSAFgXF0JVsgBUQhXSQFb
575=SAJJAFjIAVUCWUkBXUgCSQBaSQGSXABJAFtIAScoCyd0BAIeAFQAIFYDAAFBS1S8V3FWVL
576=GuAFJWVACRrgBdr1RlBQBNBSNYBoFcAFhYxwgAACVVAiCpBCYoKQAnSQEjtQIoSAHJTilI
577=AcVVKkgBxVUrSQG9XCFZBSwoKQAtSQG/tQIuSAHFCC9JAcS1AjBIAdUCMSgpADJIAc0xM0
578=gB3Vc0SQF6XAtFBzXIAV0rNkgBwVE3yAFVOThJAT5EKkkAOUgB0TU6KCkAO8gBXQk8SAF8
579=NkkBPcgBWQY+SAFkCFUCP0gBcFZBD0DIAUEPQUkB0EgCQQRCSQFOXAABAAQAQ0gBcFYBBg
580=QARMgBAQcDAEXKAQgCUVZUQI5TBQIAR1UCHkQBTeFIKCkASSgpAEpIAXJWBgJTVlQAhlgS
581=AQADAExUAmgBAQEEAE1JAUdnCAQATsgBVQJPSQGotQJQyAFFB1FIASeCIVQAaAFVAlNUAt
582=EfVEgBYFxFB1VIAXBWWRtWyAFFHldIAXBWVQJYyAFVAllIAXBWVQJayAFVAltIAdQjAR8A
583=VQDRSyBIAcVKIUkBJEgNSQAiSAHBBCNIAcEEJEgByUMlKCkAJigpACcoKQAoKCkAKUkBwU
584=wRXQoqSQG7qQErSAHRCSwoKQAtKCkALkkBxq0FL0gByVkwSAHRrjFIAcUIMkgB3VczSQHS
585=uQY0SQFjVA5JADXIAV0rNkgBcCpJIjdJAT5IAlkFOMgBVQI5SAFgBFkGOkgBYARJATtIAd
586=FWPEgBZDRZBj1JAXBUA0kAPsgBXQk/SQFsSAJJAEBIASWBQkFJAUxIAgEBBABCSAEj1DB5
587=U1VMAkgAelNVAGVVCnhTqgELA1lTVblTA1hTJykASEUIHlQGVU9JKCkASkgBelMJA1lTVZ
588=lTAnhTJ4kBTUAEdAZdYk4oKQBPKCkAUEgBZFUBBAQAUUgBbFJZHFLIAVUjU0gB0R9USAFg
589=JUEEVcgBQQRWSAHZBlfIAVUCWMgBTQVZSAF4U1W9WsgBX4MgAFbx8CEoKQAiKCkAIygpAC
590=RJAY2YGF+kVgCLqQEmVALdQScoKQAoKCkAKUkBwUAQWQUqSAHFSitJAbq1AiwoKQAtSQHA
591=tQIuSAHdCi8oKQAwSQHFoQQxSQG+qQEySAHZqzNIASciClYAYFFNBDVUAmgBSSI2SAFgJU
592=FGN0gBcCpFEzhIAcVKOcgBQQQ6SQE+XABFCDvIAUUIPEgBzVI9SAF4BkEEPsgBQQQ/SAFg
593=UUUHQEgBdE8BAgQAQckBA2FRVkwOSABgUScpAERABEwCIjVJRSgpAEYoKQBHKCkASCgpAE
594=koKQBKKCkASygpAEwoKQBNKCkATigpAE8oKQBQSQFYcBBjUVYASqkBUlQCelMABErwVgBo
595=AU0bVFQCfCBNBFXIAVUCVkgBeFNVAlfIAVUCWEgByS1ZyAFXAiEAV/VPIkkBkUwGSQAjSQ
596=GFXABJACRJAYpcAEkAJUgB3UEmSQHCSC5VAidIAdlIKCgpAClIAd1BKkgB2QYrSQHFuQYs
597=SAHBBC1IAcEELigpAC8oKQAwKCkAMSgpADIoKQAzSAEnywlXAHtYEkkANVQCaAFZHDZJAW
598=pIAkkAN8gBVQI4SAHNRznIAU1HOkkBGlQDTQU7yAEBAQQAPMgBAQIEAD3IAVlIPsgBSXo/
599=SQFNTAZFNEBIAdWcQUgBcAJVAkIoKQBDSAEjrDdvn1cAz2kiBEjzJykARkEEzbUCR0gBly
600=MEAEhIAdEJSSgpAEooKQBLSQHVuQZMSAHNBU0oKQBOKCkAT0gBzRBQSQHRuQZRSAHZBlIo
601=KQBTSAFoTlGjVEgBaE5ZBVXIAU0mVkgBaE5VAlfIAVUCWEgBaE5XAiIAWP1MI0kBko4MAC
602=RIAYwbIt4nWADV3iZUAs2UJygpAChIAcFGKUgB2QYqKCkAKygpACwoKQAtKCkALigpAC8o
603=KQAwKCkAMSgpADIoKQAzSQHSSBhJFjRIAWRKVQE1yAFZHDZIAXBLVQI3yAFVAjhIAZMqAA
604=A5SAElUSY6SAFwSwEFBAA7yQEGcktYAHUCB3BLqAEBCAQAPsAEAQkEAD9IAcVKQEgBSBFt
605=lEEoKQBCSAHVOUNIASO8I3BLhIltBUVUAo0mBELrWAAjTSsEQutYAJAUcEsnrQBJTAXJDE
606=ooKQBLSAEj8y8EAExIAcEETSgpAE4oKQBPSAGX/wQAUEgBzQVRKCkAUigpAFNIAYsPBABU
607=SQGpcQUEXeNYXF1NAQRQlagBVXBXQQRKUAJbaSMAWeVKJCgpACUoKQAmKCkAJygpACgoKQ
608=ApKCkAKigpACsoKQAsSQEhdw0AAC1JAR6pAS4oKQAvKCkAMEgBIgQiTQQxyAFNiDJIAZcu
609=AAAzSAGXLgAANEgBJVE8NUgBkzUAADZIAcGIN0kBSUQJWRw4yAFRHzlIAdFAOkgBfANBBD
610=tJASZIDUkBPMgBTQU9yAFZlT5JAfZMU0EEP0gBI+9gBABASAHFCEFIAc1HQkgBmBF74lkA
611=wrkGRFQCI+wpbJTULnhIJ4EARyiBAEhIAd0KSSgpAEooKQBLSAGYaXlIWe2fTVQC2aBOSA
612=HNUk9IAdEJUCgpAFFJAY97AgQAUkgBZAFNG1MoKQBUKCkAVSgpAFYoKwAkAFrtRyUoKQAm
613=KCkAJygpACgoKQApKCkAKigpACtIASL0Kk0wLMgBWSYtSAGDRgEALigpAC8oKQAwSAFgRg
614=EDAQAxyAFVyDLJAQViRloA3UE0VQJIfxwEADXIAU08NkgB3UE3SAF8A10gOCgpADkoKQA6
615=KCkAO0gBJ8IIWgBoAVEJPdUCAn+OWgD7SBhRCT9UAt0KQEgB1URBSAHVREJJAcKtBUNIAS
616=MIPn6OWgDJAUVUAiN4IGJGWgCcun6OWgAjPDR8jiJIR1MMBABJTAVAAXmVSkkB170KS0gB
617=1Q1MSAHBBE0oKQBOKCkATygpAFBJAY1wBSIfJVoAg6kBUlUCh6kBU0gBZAFZHFQoKQBVSQ
618=GTeAIDBAAlAFsA2X8mSAGXOQAAJ0gByXooKCkAKSgpACpIAXxBTcAryAFBOyzKAQUBTInd
619=CgJJQ1skjzMCAC9ABIsMAgAwSAFqQwYCSUNbIzQzAQADADJUAiWxPTNIAcU/NEgBeBVVGD
620=UoKAAGNgBbAAAAAAAAEQAAvgsEGQUEADcAWwAAAEAAAgQAOABbXABLAAQAOSgpADooKQA7
621=SgEmAYEEPMgBAQEEAD3IAQECBAA+SAFYAwIAAAQAPygpAEBKAdgCXwIEAEFJAcKpAUJJAb
622=ipAUMoKQBEKCkARUkBu6EERkgBXAd9CkdJAcO1AkhIAdUCSUkB1bUCSkgB1QJLSQGRbwEE
623=AExJAYepAU1IAWQBURROSQGNbwEEAE9JAYmpAVBJAYOpAVEoKQBSSQGItQJTSAHNBVRJAY
624=u0AgMmAFwA//9PAQEAJ0kBS0QBSQwoyAFBJSlJAUq1AipJAYREKQEGBAAryAEBBwMALMgB
625=AQgCAC1JASVvBQIALkkBIWsBAwAvSQEeqQEwSQGFRAgBCQMAMUkBhkgBAQIDADJIAXwDQQ
626=8zSAHJIjRIAdUCNSgpADYoKQA3KCkAOEkB16UpOUkBzakBOkgBxQg7SAEnEghcAGgBTRs9
627=1QICckBcAMUIP1UC0aUIQEgBxQhBSQHFtQJCSQG9qQFDSAHdQUQoKQBFKCkARkkBuq0FR0
628=gByUNISAHdCklIAd1MSkgB1QJLKCkATEkBjHsCBABNSAHJOE5JAYq1Ak9IAWQBWSdQSAHN
629=BVFJAYZ7AgQAUkgBZAFBBFMoKAABJwBdAHg9UR8oSAHBBCkoKQAqKCkAK0gBZT8Kej1dAG
630=oBCwNaPV0AwTsuQASEP3k9XYwJVQ0wVAKNAQRYPSdVADIoVQAzSQHWtSM0SQHPqQE1SAHJ
631=ODZIAcUIN0kB2aEEOEgB1QI5SAHFCDpIAdkGO0gBbDxNEDzIAZk9XYQ/RR4+VALFCD8oKQ
632=BAKCkAQSgpAEIoKQBDSAHRQERIAcU/RSgpAEZIAclDR0kBv70VSEgB1Q1JKCkASkgBwRpL
633=SAHBBExJAY5sAXg9J80ETlQCcAJBGk9JAY1vAQQAUEgBJ84PXQDdQVJUAnwDTwUoAF6EAU
634=kBKUgBg30EACpIAZgCf3heAJNtAQRceCetAC0ogQAuKCkALygpADAoKQAxSAHdCjJIAWwJ
635=VQ0zKCkANCgpADVIAdE1NkkBzbUjN0gBxQg4SAHFCDlIAdUCOkgByWQ7SAEnYQdelDmAO6
636=gBgDsnFQM/TAXRCUAoKQBBKCkAQigpAEMoKQBESAHNPEVIAcV2RkgB0QlHKCkASCgpAEko
637=KQBKKCkASygpAExIASdgByeRAk5VAo1gC3K5XgDVOVBUAtF3UUgBfANTKikAX6y1aThfkA
638=JVAitUAowBazhfAJFtAQROc18AybwuQATFKS8oKQAwSAFoBUUIMUgBwQQySAHVAjNIAdlT
639=NEgB1QI1KCkANkkB0us4XwDLqQE4VALJATlJAdG1AjpIAcUIO0gBJwkHXygIB6gBiDgnbQ
640=M/TAXZBkAoKQBBKCkAQigpAEMoKQBEKCkARUkBx60QRkgB0QlHKCkASCgpAEkoKQBKKCkA
641=SygpAExJAZBoCG9zXwCFqQFOVALdNk8oKQBQSAHDcioAYGQFIiEgKygpACwoKQAtKCkALk
642=kBj3UFBF3mYPk9MFQCcAKQNSdVADIoVQAzKCkANEgB3TY1SAHZBjZIASezBmAAyakiOFUC
643=zKkBOUkB+qkBOkkB9KkBO0gBJ7EGYCiwBqgBkDUnbQM/TAXVDUAoKQBBKCkAQigpAEMoKQ
644=BEKCkARSgpAEYoKQBHKCkASCgpAElIAcFnSkkBiWUPBEPaYACLqQFMVAJkAU0mTUkBjG8B
645=BABOSAElQSRPSAHHNCsAYXgDZTQsKCkALSgpAC5IAcU/L0gByQwwSAGcBn7bYQDdNjIoVQ
646=AzKCkANCgpADVIASWtITZJAc6pLTcoKQA4SQHMtQI5SAHJDDooKQA7SAEnWQZhKFgGqAGY
647=MidBAz9MBcUIQCgpAEEoKQBCKCkAQygpAEQoKQBFKCkARigpAEdIASWpJkhIAckMSUkBjm
648=8BBABKSAFkAUEwSygpAExIAd02TUgBwTBOSAHPBSwAYoQBWQYtKCkALigpAC8oKQAwKCkA
649=MUkBjGMHBAAySAHFNDNIAXACUQk0KCkANSgpADYoKQA3KCkAOEgBxc45SAHFCDooKQA7SA
650=EnAQZiKAAGqAGDMGIA+Kk4P0wFxQhAKCkAQSgpAEIoKQBDKCkARCgpAEUoKQBGKCkAR0kB
651=1KkMSEgByQxJSAHdIEpJAYd4AnxiJ1EFTFUCkrUCTUgBZAFXIy0AY4QBSQEuKCkALygpAD
652=AoKQAxSAHFCDJIAZ8GBAAzSAHBOzRIAcEwNUgBwQQ2KCkANygpADgoKQA5SAHFSjpIAdkG
653=O0gBJ6kFYyioBagBiy1jAPe9ID9MBdkGQCgpAEFJAdOhBEJJAc2pAUNIAc0FRCgpAEUoKQ
654=BGKCkAR0gB3UFISQGNfwYEAElIAcG/SigpAEtIAdEfTEgBaAWRKmSEAUoBLwAnKQAwKCkA
655=MSgpADJIAckMM0gBJSEgNEgBiwgEADVJAZNvAQQANkgBZAFdCjcoKQA4KCkAOUgByRc6SA
656=HNBTtIASdRBWQoUAWoAZEqZChQBSe9AkBYBsUIQUkB0qUpQkkBzqkBQ0gByf5ESAHNBUUo
657=KQBGSAHV00dIAcEESEgB2atJSAEnUQVkJk0rS1QCzwUvAGWEAUUeMCgpADEoKQAySAHRCT
658=NIAdW9NEgB0WE1SAGICHgnJzEBN1UCkXgCIk5BZQDNBTlUAnACVQ06KCkAO0gBJ/kEZSj4
659=BKgBmydlAPupIj9NBdOpAUBJAc+pAUFJAdCpAUJIAckMQygpAERIAdHERUkB0a0FRkgByU
660=NHSAHRFEhIAcUISUkBjmwBfK8nbwMwAGZsAn3bMSgpADIoKQAzKCkANEkBkHQFfUxm9ek2
661=VAJwAl0gNygpADhJAZJ4AiLwRSeJATpUAnACTQU7SAEnoQRmKKAEqAGAJSfZAD9NBdS5HE
662=BIAcUIQUkBjW8BBABCSAElzSVDSAHRH0RIAXwDVQ1FSAHNBUZIAdlIR0gBzWhISAHNBUlI
663=AcsXMQBnkAJFCDIoKQAzKCkANCgpADUoKQA2SAHVDTdIAdkROEgBlAloIiddATooVQA7SA
664=EnSQRnKEgEqAGIIifZAD9NBdLrImcA0akBQVUCjGwMaiJnAMFcQ1QCyQFESQGJoQRFSAHd
665=IEZIAcEERygpAEhJAYuvBTIAaGABdUQzKCkANCgpADUoKQA2SQGQdAUiMk5oAN0rOFQCcA
666=JFKTkoKQA6KCkAO0gBJ/EDaCjwA6gBkB8nDQI/TAUnPAgnVQBBVALBXEJIAdUNQygpAEQo
667=KQBFSQGSZwQEAEZIAWQBRRNHKCsAMwBpkAJVAjQoKQA1KCkANigpADdIAcUeOEgBzSY5SA
668=GLCAQAOigpADtIASeZA2komAOoAZgcJ+EBP00F2KE7QEgB0QlBSAEnmAMnrQBDVALJTkRI
669=Ac0QRUgB2QZGKCsANABqkAJNGzUoKQA2KCkANygpADgoKQA5KCkAOigpADtIASdBA2ooQA
670=OoAYAaJ7UBP0wFhw8EAEAoKQBBSAEnQAMnrQBDKFUAREgB2QZFKCsANQBrkAJVGDYoKQA3
671=KCkAOCgpADkoKQA6KCkAO0gBJ+kCayjoAqgBiBcniQE/TQWRfA1pF2smgTdBVALNaEJIAc
672=VrQ0gB1QJESAHPMTYAbHwHbWg3SAElWT04KCkAOUgBhARgRietADtUAieRAmwokAKoAZAU
673=J60AP0wFxQhASAHFgUFIAdVwQkgBwQRDSAHHYDcAbZACRSk4KCkAOSgpADooKQA7SAEnOQ
674=JtKDgCqAGYEScxAT9MBYALbiZtAMlkQVUCingCbJQnrwA4AG5sAnUjOSgpADooKQA7SAEn
675=4QFuKOABqAGADycFAT9MBZQJYA8nVQBBKFcAOQBvnANFHjooKQA7SAEniQFvKIgBqAGIDC
676=fZAD9MBYgIaAwnVwA6AHCQAl0KO0gBJzEBcCgwAagBkAknrQA/TAWcBgIEADsAcYwFRQg8
677=yAEjGEu0ApsGcQDZs4I8AHKMBYAEBnIAJgEAAAIEABEAAA==

[Latin]
IQ=0
Edge=North
Color=SovietLoad
Allies=Latin
Country=Latin
Credits=0
NodeCount=0
TechLevel=1
PercentBuilt=0
PlayerControl=no

[Lighting]
Red=0.990000
Blue=0.490000
Green=0.800000
Level=0.000000
Ground=0.000000
IonRed=0.695000
Ambient=0.750000
IonBlue=0.775000
IonGreen=0.445000
IonLevel=0.028000
IonGround=0.000000
IonAmbient=0.650000
DominatorRed=0.850000
DominatorBlue=0.300000
DominatorGreen=0.200000
DominatorLevel=0.000000
DominatorGround=0.000000
DominatorAmbient=1.500000
DominatorAmbientChangeRate=0.009000

[Map]
Size=0,0,55,60
Theater=SNOW
LocalSize=2,4,51,53

[Neutral]
IQ=0
Edge=North
Color=Grey
Allies=Neutral
Country=Neutral
Credits=0
NodeCount=0
TechLevel=1
PercentBuilt=0
PlayerControl=no

[Nod]
IQ=0
Edge=North
Color=Gold
Allies=Nod
Country=Nod
Credits=0
NodeCount=0
TechLevel=1
PercentBuilt=0
PlayerControl=no

[OverlayDataPack]
1=BQAAIP4AIACAkAAAIP4zBACBAf79AQCBBAAC/vsBAIQGBwgG//0BNgSECggAA//7ATYIgQ
2=gCAP/6ATMKhwQHBwgHBAT/+wE1CoIAB/4DAAD/+gE0CoUDBAMAAf/6ATUQ/hgCAIIGB//0
3=ATMIgQlqFoUKCwoHBv/xATQSQgCCAQACAIILCv/yATIGVADCLgj/8wFHFnIAEgP+tgEAgK
4=oAACD+PAAAgQn+DQAAgQH+8QEAyzwA/vIBAP8ACjwC/uQBAIUEBAMAA/76AQCGBgcAAAcH
5=/voBAIIHCBAEggcG/u4BAMdKAIIHCv4DAAiFAAgIBwT+EwAAgRD/2AFJDsgKGIIHCP4DAA
6=qDBwAI/+sBJBKCBAT+DQAAhAoKCAT/7gEiEsooGoEGBgCCAAAgBf/oASwYyiUUggQHA/3+
7=AwAI0icW/hQAAP+uASQQgK0AACD+FAAAggcGywcAhwoLCwoACgf+JwAAggME/sABAMsVAI
8=UABAcICv4DAAjlKgAAMf6/AQCBBMwUAiQSgQbmVALPFAT+rwEAgwMAAf4OAADMFgbe9AH/
9=wAFUBP9BANQB/wAEVQaBAwAC/wACWAr+/gEAgQT/uwFXDuwlBtMAEoEE/7oBWhD/AQJWDO
10=cpBP/ZAYEO//8BFhb+AwAG/wECGBb/AAIWFuoYGv+4ARocgNcAACD+HAAAgwYGA/4pAACC
11=Bwf+DgAAgwMGBP7CAQCBBv4qAACGBwgAAAQE/gsAAIEIzEkA/rQBAOUeAAH5hgcKBwAICN
12=g9AP61AQCBAeYfBIIGCv4DAAiCCgh0AoIGBv7uAQCGCgoACgsKyFoG/8MBWgDp8gH+BQAK
13=GAXJPAb/7AFeCIILCwH/gwcICHQD/8QBWQD+HAAAgRHKPAyDBwcGAf+CCgp5+OceAP7IAQ
14=AMAv/EAVkC/jcAAIIECAP9/+0BWwrMPhKCBwf/+gFSEv7zAQCBCf/DBz0WgJsAACD+PAAA
15=gQn+7AEAgQMAAv/8AS0AgwYKBv/9ASwCgwcKCM0qAv/sATwEhAMACgrNKwb/7wE8BIMLCA
16=f//AEuAoMICAf//AEtCIIABBYF/hUCAAIa/vsBAIED/gMAB4MEAAH/+wFLDoMKCgDOKwT/
17=7AE+CIMICgj/+wFEEIQBAAgKzC0K//ABVBSBCv7+AQCCBgf//gEtDv+8AUcWgBEAACD+RQ
18=AAgQP+/wEAgQH+uh0AgAUAACD+ACAAgAUAACD+ACAAgAUAACD+ACAAgAUAACD+ACAAgAUA
19=ACD+ACAAgAUAACD+ACAAgAUAACD+ACAAgAUAACD+ACAAgAUAACD+ACAAgAUAACD+ACAAgA
20=UAACD+ACAAgAUAACD+ACAAgAUAACD+ACAAgAUAACD+ACAAgAUAACD+ACAAgAUAACD+ACAA
21=gAUAACD+ACAAgAUAACD+ACAAgAUAACD+ACAAgAUAACD+ACAAgAUAACD+ACAAgAUAACD+AC
22=AAgAUAACD+ACAAgAUAACD+ACAAgAUAACD+ACAAgA==

[OverlayPack]
1=CwAAIP45GP+Bsf7GB/+AbwAAIP4zBP+BHv//ATYC//0BMwT+BAAe//4BNgT//AExBhH/Af
2=7/+QEyCv4HAB7//AE6BBH9//sBNAoX///+ATME/wICLwTPKBT/9gEyDoEZyycO//EBSBZC
3=AC4V//QBMQpUAEQC//kBSxZYB/+0AUocgJ0AACD+IQD/ga3+EwD/gbD+BgD/gRn+DQD/gR
4=7+8QH/yzwA/vIB//8OBDwA//IFSgb+5AH//gMAcIL/cP/8ASYOMAT+CQD/ga//9AExEMoj
5=Ev4PAP+Bqf7TAf/HSgT+BQBw1SIUgRj+1wH/yEoE/gcAcMsiEv7fAf+CHh7KHgBSAO8oGP
6=+4ATASykoENfv/7gEnGMkUHEf/2iQU/7sBPQSApQAAIP4UAP+CHh7+DQD//gUAcAAG/icA
7=/8wUAP6zAf/MUwD+CABw9esB/7IBYwDOVAJEAIGw/+YBLQCBHs4TAv3mA/7EAf/oJQb/1g
8=FUBv8BAikG+OoF//MBZQr//gGcDP+8AVYM/0MAWhAB//+8AVoQ51oSgav/1AOCCDQC//wB
9=Fhb+AwAe/lEA/4Gx/68BahbTGRqBqv/nAS0C5xMWgajFIgT+tAH/gK4AACD+EwD/gbD+CA
10=D//gMAHv4nAP+EcP9wcP4OAP/nHAD+mwH/6FoAEgAgBHIB/+oBWwAB+f4DAHDLRwD/xAFZ
11=AoGu5FoEMgD+BQBwzlAEga7+4QH/ga3JQAbyEwL+wQH/ZABoAQH+/8QBWQToHwIh/9JMBv
12=7YAf+BGM08DDIG//UBUQjIPwb+9wH/Rf3/+QFREEYD/gAC///rAU8UgRn+/wH//xMCPBjD
13=Qwj/qwNVGICEAAAg/jwA/4EZ/uwB/4EeAALPLQCBr//qAUAAgh4e//4BLAACAMwrBP/sAT
14=wEAf1CAYGt//kBMwQWAsktBv/rATwII//NKwb/7QE8CBH8zisEyCIO/vsB////AUYO0CkM
15=/+8BPQD//AFGEmwa//wBShLZKg7/4gFmDv/8AUYW1CUG/6kDVw6AFAAAIP5FAP+BHv7/Af
16=//AAJFAP67G/+ABQAAIP4AIP+ABQAAIP4AIP+ABQAAIP4AIP+ABQAAIP4AIP+ABQAAIP4A
17=IP+ABQAAIP4AIP+ABQAAIP4AIP+ABQAAIP4AIP+ABQAAIP4AIP+ABQAAIP4AIP+ABQAAIP
18=4AIP+ABQAAIP4AIP+ABQAAIP4AIP+ABQAAIP4AIP+ABQAAIP4AIP+ABQAAIP4AIP+ABQAA
19=IP4AIP+ABQAAIP4AIP+ABQAAIP4AIP+ABQAAIP4AIP+ABQAAIP4AIP+ABQAAIP4AIP+ABQ
20=AAIP4AIP+ABQAAIP4AIP+ABQAAIP4AIP+A

[Pacific]
IQ=0
Edge=North
Color=AlliedLoad
Allies=Pacific
Country=Pacific
Credits=0
NodeCount=0
TechLevel=1
PercentBuilt=0
PlayerControl=no

[PsiCorps]
IQ=0
Edge=North
Color=Purple
Allies=PsiCorps
Country=PsiCorps
Credits=0
NodeCount=0
TechLevel=1
PercentBuilt=0
PlayerControl=no

[ScorpionCell]
IQ=0
Edge=North
Color=Purple2
Allies=ScorpionCell
Country=ScorpionCell
Credits=0
NodeCount=0
TechLevel=1
PercentBuilt=0
PlayerControl=no

[Special]
IQ=0
Edge=North
Color=Grey
Allies=Special
Country=Special
Credits=0
NodeCount=0
TechLevel=1
PercentBuilt=0
PlayerControl=no

[SpecialFlags]
Inert=no
FogOfWar=no
IonStorms=no
MCVDeploy=no
Meteorites=no
Visceroids=yes
FixedAlliance=no
TiberiumGrows=yes
InitialVeteran=no
HarvesterImmune=no
TiberiumSpreads=yes
TiberiumExplosive=no
DestroyableBridges=yes

[Structures]
0=Neutral,CABUNK02,256,36,62,64,None,1,0,1,0,0,None,None,None,0,0
1=Neutral,CABUNK04,256,76,51,64,None,1,0,1,0,0,None,None,None,0,0
2=Neutral,INYELWLAMP,256,75,68,64,None,1,0,1,0,0,None,None,None,0,0
3=Neutral,INYELWLAMP,256,38,46,64,None,1,0,1,0,0,None,None,None,0,0
4=Neutral,INPURPLAMP,256,41,84,64,None,1,0,1,0,0,None,None,None,0,0
5=Neutral,INPURPLAMP,256,74,29,64,None,1,0,1,0,0,None,None,None,0,0
8=Neutral,CAOILD,256,102,62,64,None,1,0,1,0,0,None,None,None,0,0
9=Neutral,CAOILD,256,12,58,64,None,1,0,1,0,0,None,None,None,0,0
19=Neutral,CABARR01,256,61,24,64,None,1,0,1,0,0,None,None,None,0,0
20=Neutral,CABARR01,256,59,24,64,None,1,0,1,0,0,None,None,None,0,0
21=Neutral,CABARR01,256,61,90,64,None,1,0,1,0,0,None,None,None,0,0
22=Neutral,CABARR01,256,59,90,64,None,1,0,1,0,0,None,None,None,0,0

[TaskForces]

[Terrain]
6054=TREE20
7053=TREE28
7054=TREE28
7056=TREE21
7057=TREE21
8053=TREE23
8056=TREE20
8057=TREE21
9053=TREE21
9057=TREE26
10050=TREE28
10051=TREE21
10054=TREE22
10055=TREE20
10057=TREE25
11050=TREE23
11055=TREE27
11056=TREE20
12050=TREE20
12052=TREE28
12053=TREE22
12063=TREE22
13050=TREE27
13052=TREE28
13054=TREE21
13055=TREE24
13063=TREE27
13064=TREE23
13065=TREE24
13066=TREE25
14048=TREE23
14049=TREE21
14050=TREE22
14051=TREE23
14052=TREE23
14054=TREE24
14064=TREE26
14066=TREE22
15047=TREE21
15050=TREE23
15056=TREE28
15063=TREE28
15064=TREE26
16047=TREE25
16048=TREE20
16049=TREE26
16064=TREE27
16065=TREE20
16066=TREE23
16067=TREE23
17047=TREE27
17048=TREE25
17067=TREE26
17068=TREE21
17070=TREE20
17071=TREE22
18045=TREE24
18046=TREE22
18047=TREE20
18048=TREE21
18068=TREE21
18069=TREE24
18070=TREE28
18071=TREE27
18072=TREE28
19044=TREE28
19046=TREE24
19070=TREE22
19071=TREE20
20043=TREE28
20044=TREE26
21043=TREE28
22041=TREE21
22042=TREE24
22043=TREE24
23041=TREE24
23042=TREE24
24040=TREE27
24041=TREE22
24042=TREE20
25041=TREE28
29074=TIBTRE01
30069=TIBTRE02
33026=TREE25
34023=TREE23
34024=TREE24
34026=TREE27
35022=TREE23
35023=TREE28
35024=TREE21
35025=TREE26
35027=TREE27
35028=TREE21
36023=TREE27
36029=TREE20
37022=TREE24
37023=TREE22
37024=TREE22
37026=TREE25
37027=TREE21
37028=TREE28
37029=TREE28
37087=TREE25
37088=TREE21
38020=TREE25
38021=TREE26
38022=TREE28
38024=TREE21
38025=TREE21
38026=TREE26
38028=TREE22
39020=TREE28
39021=TREE20
39022=TREE22
39023=TREE22
39026=TREE24
39088=TREE23
39089=TREE20
39090=TREE24
39091=TREE24
39092=TREE22
40017=TREE28
40019=TREE23
40020=TREE27
40021=TREE26
40022=TREE28
40024=TREE24
40025=TREE23
40026=TREE20
40091=TREE28
40093=TREE20
41017=TREE24
41018=TREE22
41019=TREE27
41021=TREE23
41024=TREE28
41025=TREE23
41091=TREE25
41092=TREE28
41094=TREE24
42020=TREE27
42092=TREE24
42093=TREE21
42095=TREE24
43036=TIBTRE02
43094=TREE22
44094=TREE23
44095=TREE27
45095=TREE28
45096=TREE27
46014=TREE24
46038=TIBTRE01
46054=TREE27
46055=TREE23
46096=TREE26
46097=TREE23
47013=TREE28
47014=TREE24
47015=TREE28
47052=TREE21
47096=TREE21
47097=TREE21
48012=TREE23
48014=TREE22
48015=TREE21
48052=TREE22
48098=TREE24
48100=TREE21
48101=TREE24
49011=TREE28
49012=TREE27
49013=TREE24
49014=TREE20
49100=TREE23
49101=TREE23
50012=TREE26
50013=TREE24
50014=TREE26
50016=TREE24
50050=TREE28
50052=TREE27
50099=TREE20
50100=TREE21
51010=TREE20
51011=TREE20
51012=TREE27
51013=TREE28
51048=TREE27
51099=TREE26
51100=TREE23
51101=TREE26
52009=TREE25
52010=TREE24
52011=TREE28
52012=TREE21
52048=TREE21
52051=TREE28
52052=TREE20
52101=TREE27
52102=TREE21
53008=TREE22
53009=TREE25
53010=TREE21
53012=TREE22
53045=TREE23
53046=TREE20
53047=TREE28
53048=TREE28
53049=TREE25
53050=TREE27
53052=TREE28
53053=TREE27
53103=TREE28
53104=TREE21
53107=TREE27
54006=TREE27
54007=TREE24
54008=TREE28
54009=TREE25
54045=TREE20
54103=TREE20
54104=TREE26
54105=TREE27
54106=TREE25
54107=TREE24
54108=TREE26
55005=TREE24
55006=TREE20
55008=TREE26
55009=TREE25
55044=TREE26
55103=TREE27
56005=TREE25
56006=TREE23
56007=TREE28
56008=TREE28
56043=TREE25
56044=TREE22
56103=TREE26
56105=TREE25
56106=TREE26
57005=TREE21
57006=TREE22
57007=TREE28
57103=TREE21
57104=TREE22
57105=TREE25
57106=TREE27
58006=TREE20
58007=TREE24
58008=TREE20
58009=TREE24
58068=TREE28
58107=TREE23
58109=TREE24
58110=TREE24
59007=TREE23
59008=TREE20
59009=TREE28
59107=TREE20
59108=TREE20
59109=TREE20
59110=TREE22
60008=TREE23
60009=TREE24
60010=TREE25
60067=TREE27
60068=TREE22
60111=TREE25
61009=TREE20
61010=TREE23
61011=TREE20
61066=TREE25
62010=TREE21
62011=TREE20
62013=TREE26
62065=TREE26
62068=TREE21
63011=TREE26
63012=TREE22
63065=TREE24
63112=TREE23
64012=TREE20
64013=TREE21
64014=TREE27
64061=TREE27
64062=TREE27
64063=TREE25
64064=TREE27
64109=TREE26
64110=TREE24
64111=TREE28
65013=TREE24
65014=TREE27
65015=TREE25
65061=TREE22
65063=TREE26
65109=TREE27
66014=TREE26
66015=TREE27
66061=TREE28
66062=TREE27
66063=TREE22
66065=TREE20
66107=TREE28
66108=TREE21
66109=TREE25
67015=TREE23
67016=TREE22
67059=TREE23
67061=TREE20
67105=TREE23
67106=TREE25
67108=TREE22
68016=TREE28
68017=TREE24
68018=TREE27
68019=TREE26
68061=TREE25
68075=TIBTRE02
68105=TREE22
68106=TREE24
69017=TREE28
69018=TREE25
69019=TREE20
69102=TREE22
69105=TREE25
69106=TREE21
70018=TREE24
70019=TREE25
70021=TREE25
70078=TIBTRE01
70086=TREE25
70102=TREE24
70103=TREE26
70104=TREE22
71019=TREE22
71020=TREE26
71021=TREE21
71090=TREE28
71103=TREE23
72020=TREE25
72021=TREE20
72022=TREE23
72086=TREE22
72087=TREE23
72088=TREE20
72089=TREE26
72090=TREE27
73022=TREE26
73085=TREE20
73087=TREE27
73088=TREE28
73089=TREE23
73090=TREE28
73091=TREE22
73092=TREE22
73093=TREE27
73095=TREE27
74022=TREE20
74023=TREE28
74024=TREE28
74087=TREE25
74088=TREE25
74089=TREE24
74090=TREE25
74091=TREE22
74092=TREE23
74093=TREE21
74094=TREE20
74095=TREE28
74096=TREE24
74097=TREE20
75023=TREE25
75024=TREE28
75025=TREE26
75026=TREE27
75086=TREE28
75087=TREE22
75089=TREE27
75091=TREE27
75092=TREE28
75093=TREE28
75094=TREE28
75095=TREE24
75096=TREE23
75097=TREE26
75098=TREE28
75099=TREE26
76025=TREE25
76026=TREE25
76086=TREE26
76089=TREE24
76090=TREE24
76093=TREE23
76094=TREE24
76095=TREE24
76096=TREE26
77025=TREE26
77026=TREE27
77027=TREE28
77086=TREE27
77087=TREE24
77089=TREE25
77090=TREE26
77091=TREE24
77092=TREE21
77093=TREE21
77094=TREE21
77095=TREE25
77096=TREE22
78027=TREE22
78028=TREE22
78088=TREE24
78089=TREE23
78091=TREE22
78092=TREE28
78095=TREE21
79088=TREE21
79089=TREE23
79090=TREE25
79091=TREE25
79092=TREE25
80089=TREE27
80090=TREE22
80091=TREE25
80092=TREE20
81090=TREE26
83044=TIBTRE02
84041=TIBTRE01
89079=TREE21
90078=TREE21
90079=TREE23
90080=TREE23
90081=TREE20
91077=TREE28
91078=TREE24
91079=TREE25
91081=TREE28
92075=TREE27
92077=TREE24
92081=TREE25
92082=TREE22
92083=TREE27
93075=TREE25
93076=TREE25
93080=TREE21
93081=TREE23
93082=TREE26
94076=TREE21
94077=TREE21
94078=TREE26
94080=TREE23
94081=TREE22
95075=TREE28
95076=TREE25
95077=TREE25
95078=TREE20
95079=TREE20
96045=TREE20
96073=TREE28
96074=TREE20
96077=TREE23
96078=TREE25
97046=TREE21
97047=TREE22
97073=TREE26
97076=TREE25
98047=TREE27
98048=TREE28
98073=TREE20
98074=TREE26
98076=TREE24
99050=TREE23
99051=TREE28
99052=TREE28
99072=TREE27
99073=TREE26
99074=TREE22
99075=TREE22
100050=TREE26
100052=TREE21
100071=TREE27
100072=TREE28
100074=TREE21
100075=TREE22
101051=TREE22
101054=TREE27
101056=TREE28
101071=TREE27
101072=TREE24
101073=TREE28
102051=TREE27
102052=TREE22
102056=TREE23
102071=TREE28
102072=TREE25
103052=TREE20
103053=TREE24
103056=TREE23
103065=TREE24
103068=TREE20
103069=TREE24
103070=TREE24
103071=TREE28
104055=TREE28
104056=TREE23
104065=TREE26
104067=TREE28
104068=TREE21
104069=TREE26
104071=TREE24
105055=TREE22
105065=TREE23
105068=TREE24
106066=TREE22
106067=TREE25
107066=TREE27
107067=TREE22
108066=TREE21

[Triggers]

[USSR]
IQ=0
Edge=North
Color=SovietLoad
Allies=USSR
Country=USSR
Credits=0
NodeCount=0
TechLevel=1
PercentBuilt=0
PlayerControl=no

[UnitedStates]
IQ=0
Edge=North
Color=AlliedLoad
Allies=UnitedStates
Country=UnitedStates
Credits=0
NodeCount=0
TechLevel=1
PercentBuilt=0
PlayerControl=no

[Waypoints]
0=54027
1=62083



[Digest]
1=ZDS2COxypdC+bIhZRC2ryxJs6D4=

