[GAYARD]
Name=Allied Shipyard
TechLevel=11

[NAYARD]
Name=Soviet Shipyard
TechLevel=11

[YAYARD]
Name=Yuri Submarine Pen
TechLevel=11

[Header]
StartX=228
StartY=35
Width=55
Height=56
NumberStartingPoints=6
NumCoopHumanStartSpots=4
Waypoint1=235,44
Waypoint2=255,44
Waypoint3=275,44
Waypoint4=235,82
Waypoint5=255,82
Waypoint6=276,82
Waypoint7=0,0
Waypoint8=0,0

[SpecialFlags]
TiberiumGrows=yes
TiberiumSpreads=yes
TiberiumExplosive=no
DestroyableBridges=yes
MCVDeploy=no
InitialVeteran=no
FixedAlliance=no
HarvesterImmune=no
FogOfWar=no
Inert=no
IonStorms=no
Meteorites=no
Visceroids=no

[Ranking]
ParTimeEasy=00:01:00
ParTimeMedium=00:01:00
ParTimeHard=00:01:00
UnderParTitle=GUI:NoUnderParTitle
UnderParMessage=GUI:NoUnderParMessage
OverParTitle=GUI:NoOverParTitle
OverParMessage=GUI:NoOverParMessage

[Houses]
0=Americans
1=Alliance
2=French
3=Germans
4=British
5=Africans
6=Arabs
7=Confederation
8=Russians
9=YuriCountry
10=GDI
11=Nod
12=Neutral
13=Special

[Americans]
Country=Americans
TechLevel=0
Credits=0
IQ=0
PlayerControl=yes
Color=Gold
Allies=Americans
PercentBuilt=0
NodeCount=0

[Alliance]
Country=Alliance
TechLevel=1
Credits=0
IQ=0
PlayerControl=no
Color=Gold
Allies=Alliance
PercentBuilt=0
NodeCount=0

[French]
Country=French
TechLevel=1
Credits=0
IQ=0
PlayerControl=no
Color=Gold
Allies=French
PercentBuilt=0
NodeCount=0

[Germans]
Country=Germans
TechLevel=1
Credits=0
IQ=0
PlayerControl=no
Color=Gold
Allies=Germans
PercentBuilt=0
NodeCount=0

[British]
Country=British
TechLevel=1
Credits=0
IQ=0
PlayerControl=no
Color=Gold
Allies=British
PercentBuilt=0
NodeCount=0

[Africans]
Country=Africans
TechLevel=1
Credits=0
IQ=0
PlayerControl=no
Color=DarkRed
Allies=Africans
PercentBuilt=0
NodeCount=0

[Arabs]
Country=Arabs
TechLevel=1
Credits=0
IQ=0
PlayerControl=no
Color=DarkRed
Allies=Arabs
PercentBuilt=0
NodeCount=0

[Confederation]
Country=Confederation
TechLevel=1
Credits=0
IQ=0
PlayerControl=no
Color=DarkRed
Allies=Confederation
PercentBuilt=0
NodeCount=0

[Russians]
Country=Russians
TechLevel=1
Credits=0
IQ=0
PlayerControl=no
Color=DarkRed
Allies=Russians
PercentBuilt=0
NodeCount=0

[YuriCountry]
Country=YuriCountry
TechLevel=1
Credits=0
IQ=0
PlayerControl=no
Color=DarkRed
Allies=YuriCountry
PercentBuilt=0
NodeCount=0

[GDI]
Country=GDI
TechLevel=1
Credits=0
IQ=0
PlayerControl=no
Color=Gold
Allies=GDI
PercentBuilt=0
NodeCount=0

[Nod]
Country=Nod
TechLevel=1
Credits=0
IQ=0
PlayerControl=no
Color=Gold
Allies=Nod
PercentBuilt=0
NodeCount=0

[Neutral]
Country=Neutral
TechLevel=1
Credits=0
IQ=0
PlayerControl=no
Color=Grey
Allies=Neutral
PercentBuilt=0
NodeCount=0

[Special]
Country=Special
TechLevel=1
Credits=0
IQ=0
PlayerControl=no
Color=Grey
Allies=Special
PercentBuilt=0
NodeCount=0

[Basic]
NextScenario=GDI2A.map
AltNextScenario=GDI9C.MAP
NewINIFormat=4
CarryOverCap=0
EndOfGame=no
SkipScore=no
OneTimeOnly=no
SkipMapSelect=no
Official=yes
IgnoreGlobalAITriggers=no
TruckCrate=no
TrainCrate=no
Percent=0
Theme=No theme
MultiplayerOnly=1
TiberiumGrowthEnabled=yes
VeinGrowthEnabled=yes
IceGrowthEnabled=yes
TiberiumDeathToVisceroid=yes
FreeRadar=no
InitTime=10000

[Lighting]
Ambient=0.850000
Red=1.000000
Green=1.000000
Blue=1.000000
Ground=0.050000
Level=0.008000
IonAmbient=0.730000
IonRed=0.300000
IonGreen=0.400000
IonBlue=0.750000
IonGround=0.000000
IonLevel=0.000000
DominatorAmbient=1.500000
DominatorRed=0.850000
DominatorGreen=0.200000
DominatorBlue=0.300000
DominatorGround=0.000000
DominatorLevel=0.000000
DominatorAmbientChangeRate=0.001000

[Preview]
Size=0,0,110,56

[PreviewPack]
1=wg4AIAAJoKhQoKhImKRQiJhAiJg4mKRIoJhImIxIeHx4JwgAAAW4oEiopEiYpFCglEignE
2=igqEigoFCwlCuMAFQDSABoA0AKRAgEmEigpFCYoHYGmKBgAVgKAZCMQKhIA2gJnAIIpFCI
3=lECIkDiIlDhEBQOooFCgmEAn0AFAATHcAUoPqFBIAycIAOwEQAqCE6hQSBhpAKBgGSjEAV
4=gBKjwCjBDUFS8sA+wKOrwDrAQDgIgogIgwuA20ALwpdABYJYQOrBC0ANwCSCQElECoqFCo
5=rFAvSQBItAO0ANQSjAdIKn0ylGgkCKCQQLiMOKiQQKCUSAACSLCIOLioAAWMQMCQQLCMQE
6=QsKH0BqEAiSSFQ7QpQWDF2A5RASC1IFVgBQAG0A7QATA1IAGwEkCxDBKCgSFgKwA0CjDi4
7=lECoAFECuEs5kECYcEF8F3QGgBZsEEs8jEiwSANcFEQdXCBUAD68A0xAaACEUFgQbEZACm
8=kASFwUpAInlwGQnEBYE50CWExSWBBEGmwEMrwApDUsLQNAWFgwvABAEEwKAaigSLheKYhA
9=WCtULfAL3ClEVgSAkDigrFCwZEpITnAsSAn9EVBME7wIUAJIAASonEiwlECwVzakSLhEPg
10=WcSGhkAMC8ELwFpBpTa7CYSGwESCdEU/RmtANQCEgAvgWYpCi8A/QML3wEcCB4PUwZeCL0
11=CVAISABcF0RuzExcMpAFXAJuDZhAVCRkL1B3VIGMcwKQmECAjHhzZDtcgEQjSEhQO7BEhw
12=jAwAAnCACsHLQMVABMJVALSABEC0FYqFlAnGQpVFpQAsgAWA1QKaAK/BFIA0wEdBJcRwKY
13=QLiYSH6DoFBcKUQ+J7gBJyEAmFAIWASELERrUD5UVGwWhBQqvAOsl2QLJ7wDUA5MlFQATA
14=0vvABEEUgAQEZcDlgKUDW0KqQjA3iEMHiAMEgqUAK0DGIBmEBUFYkASFARRAJXhHiIKEg2
15=QD0ByJxIuEAoRK2IHlQDSAAnIAMtIABID0cyeIQoSAC8C1gKXKRYColsSFxTWhyYjGhRZI
16=OEKbQhvAVQC0gAXB1IJ1wXYEmMTC2gATM4AKQISB5FYrhSv5hISBhIAEAKSAC0A0QUQBBc
17=O1xN5AJsUrwjAYCMMJCYlyd0AFsQqJRI5BRgVVxEeCicI1wUcAiMskkVqEYpmEhYFpUGQE
18=hIYDFBKJBELIwfXTWolI1AQEY4oEgzIAMnUADcC1YGpFBEfUsAoKRIVNJoKlBTSABKA5RI
19=YFVJTpxUTmQ4dAZMQ1Q2Xg6IOFQDTBNEGk95yLgQJ3ABOSAAaBhEPkB8WwqYQLBADUyCSC
20=pZDajEg2gqRJtCdqBQ3AVUA1wOVAD8uWQRWEacCEghWChcL0gAvBF0A1AgXDtoAGiTQBxI
21=AFQzaJlEC1wCQCVWKqRQXEdMjkwfpEpYGUyXTBBAATkgAydoAFA+RAW8BUQIQDS4T6SATB
22=NIAGgMXCyAH0AEXiaojHChfgKoUKQFUBdIAFQDXGsncAE5IABQBWgAXFyIq04QoJxk9XAL
23=uH9IAzAEB1giXAJEKUABUCBoAHwjvBcq9AR8GkgkUCxQBUgAfQVQTHBGFLCUZ3eoqFhoVE
24=gDSAC0A0w0UAtMQ1g6nJtcBXIUpFA5IAMnaABUSEXCqEQyVMBYQzN8AZwRTApMNGBwWA1c
25=VlgNSAC0HlBTWhaYQHQJPkwKSDN0QnwXIkQnTIh4KFQPsAhUAERfiQCwUCwtBAdY+kDBI7
26=Qm/E18I0wTSABkAmxVULxEkkgAUCxsAUgDSABMHEifT6DwAAAnCACMJWwEtCpUgVTGvJtQ
27=U0hXrDQnuAQ5IADUZkQjfCNUElgKVADMEFwLJ9ABQAFcEUQCQBa8C0wiSABBzcBIMJxHTC
28=JMEzm4ASdoAFhwQIgoNAH0SydEAFgNJwgATApkDlFioHD+bRycJQQoJ7wAaA9QCFQYTDSI
29=P0hUSABcAlQnKQUZUCdYAUABhBoiPCZAAVTnXERoACNMJUgbaACY3CfYAj8gAFAjUA50AG
30=w6WChQC0gAeDpYDScIAGAEQGG0FUxhjBZMEEgAaAP8Fz+4AUAEXU2gQExECFwIzAp4DVgQ
31=TB9UCSfQAUABJ3wBXI9cL2R0rHBEYkhUUAhKAKRQUMtESiR0M0gGRCNIIUTaSGBkX1QMjA
32=1ACicIAIA0fB1gAXimdEhUD3gQ/AVcEUAWIAYIAGAHnAhcd2wKUDucCEA0J9ABQAF4BJwC
33=YAH8KbwFvGIk9CIgA9ABrGED4LxwsKhYVB5XTrCsWEgAbAEgBrwDJxwQRDJIAGSbZPtkpE
34=wZTElIhFTYVAmoPJQtXAtAGScIAKAZlB58KawovFysAVwFSABMNyAM/BenCICIMEgAJGQl
35=UAgn0AFAAVALRAJcDtwmLIQCVCEgDcYBoFBHKeC8aFgKRBq0D6wBVAxYDScIAEQORAJcC3
36=QAZCMihCMqvABAmmLWkECQhgRIqIg4qIw4UBFIAEQgdAZAK3hDWF5IAFAmUJhIAEAByG98
37=QUxDXERUMHQASANABFAFSQBQdTOMPRQkJMQ3tBJ0CXgNUAgrfAEodB4sPAInHA1IFaQI1Q
38=mYItxANmQKU1DguGisKAPgwHjgwIDMAQG8cLiwXFMo/AK0CX6AmEgr9ChkHVgEhHFMDVDd
39=rDpUvYTXTHmkMnQA/JW0PyQsKiqULlA4XHdkBaw0/AVkAtgKYDdMBDZEA7xrMLwArCIgBH
40=wBKxQDXBqYN/wRMNwBAAmopFi4qFi4rGDYuGjQsGjIrHB4gFhwfGDYwIi8KVMsyLBgJwgA
41=7BDYCkwZrDesFlg3SACsAXQAXA5MfKRKTAGULbwCWARMpkSVSAB0Ra0EoFRFiCREBfwFtC
42=1tBKTE2mwB/AWkO7xTJJQipAJsBORQUBQnBA0n9AFAEOwZpA5YQEgAZFZsB/wLvAW8VtwF
43=Ix4xmJQi3Elea5iUI6QwAZRAuKxsKAPYuHjIsHBAKAZIUFhASFhobFhEAqQpRH1QDkgAAs
44=i0YLisXFNUMzG8A6QOWyKQlEBMH6BMSBjUD/yhXAjUQidEAGxqfBekCC50AFwpsFAgOLwA
45=VBVM4tQPnFBQFEgApAJoGCKtN0BMBFQbeAEpPAK9ULBWw5hIlXhwXybYvIBEKQZQYFhYZF
46=iYnHBYAagDQChYCjk8FHQD/B0DsLBQwLhYVHVIAPwCWS5IWwGAjDi0gWQ+9EW8JmQCXKH0
47=GIxVKFxRdAMtvgCgSExMrDR0DIwxRAK0DNA4tFqUHmYIoEgkjCF0V3xNWE/VEngjbD58CP
48=QYRCZIACx8AXwFTC7wC1gBtD9sc0AlVCS8BUwBaAAHwIDItIDQuHjgvEkAcCc0Clj3SAC8
49=EbwFfQ6gJ5RPdQmojyiwtFBcILUAkIAWVBtAEH07qCUUP6QIrCjsAXxrWARcPmQLZBp8L3
50=QGTAFMIlwsjCK8BWBDjK94IlQDTAREVj58AXQJnK1PLgDAAEgAUPhIAGYpgChYAS0IACe8
51=AEgSrAF0AEwNRA4sPALcAowQUAVIAALAsGDQtL3OcKwWvx3ArGAhizGorFBYInYGqEgqLA
52=C8UFwCQBwFsLhQuLhYoKxcNXhGTBZELFQG1iqcSFwsQA1EXFA+v4B4hDCsGVAaSAB8NeRQ
53=bAFNSawi6FtUBlQJtC3sE3wvA0AAQIAgaFQDiAAixCVYDX9fAICA6ABuBChwRBRAB7YDeI
54=CTDoQocOwoSA9IACddAHj8ArgrkAtwGkwcbAH8uU8KwLRgJ0AKRBRsFiz8ArwFWM1M+lsH
55=uLRYVAZAAawifAUCoECAjEBAAUknsJcDkJxIVFEBwMBYsEF8nGoDiJR8KUwEvBFADUgzQG
56=SnBci8YKwBVCpIAEgDSAxoACLVYDhcLKw0rAflBUBkLyMcSbQ5J7gEOSAAbRmkeEBkLCQ8
57=KVo3gDCkC7UAQIAArAG0ACTkX6SSpAIqRAYqtAK8C1UDiPw1ZAJA05x0XUqwkFBQOLYbuL
58=giXGBXJMC8YFAjWEO0G7YMwLx3UcjEYEgAVAOwJkwHTCtILUgwJ4gflANMLgFYwLxYXDJU
59=VFQAUQKIQLsidFciTGFEWVytXA6tLrjkBawEVANQEbwOQARECDkYBUgDpAU2FABQOCcIAK
60=wEcoaYSKwBtAC8KUgJIAYIALRUYR+kI60omCKmWoCQIoxjRCO8AloooKxPtTiosFSuSE7M
61=IkQvAcDAYKh8pEghATCYpECsEFwCVJ8DgJAwkJw4QCID0MhomJxASCG2A5CYfAhaT7i8Iq
62=hfSAO8AkBbdgmwUEAxSA8DmKBAkKBAfA5IXVoHtFBEBVg0eAeMAaw6MJgDWD1UD6wKrIis
63=SSSMMyq8AHZIpFAqXAlcC4xYIkxqpAhEO1yDKtQANiwAXwiAKHBYPUBnKuwJVCFcU7ROrA
64=pYeWEroFEsQEQFSE68AkQgXAKsAVAIXB1QJlAXXKdIA1wIUEq0A1AjQD1pUZTUP6w0RAJA
65=FkwKQCikBawBpAhWA4icSCqJlqTE3UsMiJBAVAy0jSp0A6QItAC0J7hPKowANiwAeYiAIm
66=g5J/wUXDVAEDa8ALwCVB5YN0gSTGpUJFxuSAZQDnA+jE9UG1wgv0S4wFisE1Q2UFAkQ3OY
67=rEhABLwCA6i4UMDEYEAKXyaosFhcfUgGSwCotFhcBVwLVC1AJUgMVCRUMFwOTE9YBEgAtA
68=NSBaCkdF1EBUwoSACkAmUIsJZXpEi0VFQnBoCIOHiEOIiMQKwZtABQC2QgnKG8yGgYRO8j
69=DCCsBDwUAH5KJGhANEAHvBq8VqQCKuwAVCdIIWkYvHRyXEe0TrQbtABccVQbXEdcHaQXvA
70=KkC7QApCkDwMRY0MxoRAVYKLwCXAtccVAvJ4QFWSu4RIACsFDIyGBTApioSFwjSB60MEQR
71=SCqsB7cAoLBQRC+sAVwLXAWkAqwHWAGgrEilrARPH3ggaKwctB60xvRRIowqTgSAJMwEpA
72=U2FAC8GtQAI8wptAxEC1hAfggocEAWSHhcTVARSwC4vGCdLEhQJlyYtBv0BgNAqLBQiJQR
73=AAApDwAgCkCImEigrFDAwGAAwABIAAAS0Mhg2MxomKhQmKhImKBAkKBAyMhgwMhgkJhAqL
74=RQiJRAoKxIWARIAA+grFCAkDiQnECYnEC4vFjQyGhQAicIAAnAxFioqEiwvFjAwFiwAkcC
75=0MxoVABcAkwKBtDQaLjAWMjEWFMLqLBIrgGgpGgGXw6ouFBbCqiwUFwOQA1UAEgABYiYOJ
76=ikSKCoSAAGUHiEKHiAKIiQZAK8CwZ4iCiIlDigqFCjBKCkUEoAmKBQBUgAzAEDgIwwkJQ4
77=VBhkFwKYQICMOKwHtABIDEQCWw24uFCkAkgeWBACsLhYwLzcI6gVdRiwfiOYpHoimJhZIl
78=BMDb4gyMhcGv0FtHwCtAlUBieUBAOwtFi4uFhcC1AatANfDsDAYEgeUCOnApioQFwgQyWw
79=vFBEBVkQoFYJrFBDBNDQYEAxYARGAqRAvwWQpEhAN88BnEiwTCgBqEiQoFACdwCQnEhQNU
80=gAXyOAjECEKXsieIAwUCmkI6QgSANIALwIKhcAgIgwSwCYpFBIACpcAFgHaACcCEMBcIAo
81=tANiIrRYQ0m4vGBQDkgASBhAELQDSEtIGKwBtB5EIFMFmKxIQAG8UKQdTB9cLAKYoDigrH
82=wsWBxcCEwHXCleBaCwcCNEF1gEQChMB1wCV07IzGBULV9K0MxgVACmTdDUcFlYClAjUE20
83=D1oryMzUVK8BiJhAUBd6K7hQRAVACkxGSABQF1xBAaisUJBAYU5koEhcDkgASBtAT7QJ3i
84=mIKEwlxgKEMHACvCOUVLwCQARIAKwBNhQAWApYWASwsFDAuFiQXl+oSExMWAFUAHIOrEhM
85=VUxJXR1AgAC8U2ZQyFi0b1gEQGoqfwGQnDBEKVxBXAK1A8BRBbSdWaDOSaiwKAwLKu8AeH
86=x4JwsA2NRoUFNiTKRIUC9AAVQAQBBRKaCcYkwBpDWkCFQ8QDG0AKQCSCpfOIiQQFgQAoCI
87=QICQeFJMIlRISQBAgAC4DUhOSABdBXhQKYwoWCJsNFVRoEFSSERWrFhAAYgAUgJQgJQwSA
88=lMUrwFUG5YJVhGTFKsEFIFiJRohFQJUAKJAFhQAip8CkJGwMTEelBBREpYFkgAjCjfoYiY
89=MEBGrAoqFABLh8jAYFw1VDZYNEAQVDNYAVQkSFSECMwutAZEAkRKXCZUJ6QCVB5EjKwBRC
90=xMAVglSACkAkABSABUJ1goQAdMoFQASABIGEQpiADcpCckBVtYgACAIAEIAJSlSAlUoqwN
91=lQkwbFJSsKxQTE9UDFRITGRcGkAiRAKkBUgMVBJYHFceiJQwVGa8ArQApCCuAaCwTL7cra
92=QCTB9MCkhFRHRcCEgMXAhMebYDyMR8ekQpUDJ6o8xoRCZAEFQPSDZAB0wBXAJcNVhJSAO0
93=BkR6TAGkIH4RpEBUKkzfUAsn9AdcDkxYXB3pADhUKlAITARAH7wItABQLFRFIAEABfAsKG
94=4apFBogVDXSgCAKLwCZhGQOFhSRBRYKEABtAy8EaxVWJpEDiheAJxAXCBYnVAgRB28HUwB
95=UKG0AG4HnDgqNARmCKhIvKpIJFyhJzQBSCdIV1AIpAIwFwCotFhUOVyJQDdMCkwBpCmkBV
96=gHXD5MykRQUBRQ8mVxmHUniOTspCakKWh4UKGUeFjfcALgJT9IBbwFaYGYZDjJCYTEzjD4
97=AANAAECAKHC/FICQMEioTB9QLKQCXEpMGbwXpAK0AEx8VG9UAEgApAJcKUAfRL9QBVACSA
98=BEcUwEVDBMLkyaWC5uTKBIWDFI2EQCQFi8JkQvRE28CLQAtAOsAVgfslyInHSfTEBca1QA
99=tAO0AEwrWAS0G6QaSFRUcrxHSANYLkwiXAi8AqQFKhQAVANIAERNRCZ2M5Q4vKFAB1QG1A
100=yUpbQDKuwAKiwASCdcU1AmVABMDUAKRCNUZrQAWCtYVUSeVCSsCiqcCEgkUCO8AkwHQChI
101=JFACvCakKUD9UCOsBLQzJywAUAVALlQAUIlMBEgMVE60AyoUAFBQVE5Ed0ABvAJmJiRwKh
102=QDKywAlB5QVlgoRC9YInUAqEDKZMisAVgcKNwESJ9K/6RQWBZ2A6RQdAD8BVwaXDJYhUgA
103=X854gCgrrAEvnAtQMl8vsLRQSACUKlUJSEwBQBxYH7QYpFZAH0gApCAnHApYAVgWRAhhUr
104=DE0UArUCNAl1gWbk+UOGVfnCWsLkQCUDinI3iIOFQkTBZ4cyJoIczcSA9YCkwQSABABEAT
105=XERACjwsA6wKKhQAZCNB9KRQKQJIoJhImEgATQGgWwFQmKBEHSL8KUQgSABYLkgMvAWkCE
106=gSiQBARC+8XDz0AVAISAC0V0MfgJA4WAdMClAdTBlMHEgAQCtqG6BIWIhQxVQkeQGkbXa4
107=JgQ0WBxYB7QkQKxcWSoUBkdxgIg4RDJM07wUUCNYCkQXJ8wOXA5QArQDpAW0AKQCdgmMOD
108=wsA7QDTArYIgGYSLCcYCjEAkgqIswj/FNkUCIAI9UDoGQFKrwAAbioUKiYB1QhpAsqFABQ
109=JkgAjWRoxAicC1QYJwgAWBlIA1gcSABMAVQArBliKLhQTCJQRKQCtABUKlgEVFQnnCy0ML
110=QDWApXA3iEOEAHXAJEiUwiWC5QApUMWEQpKlwAQAQnRABQOFCMQF5QBVgHRDsqLAM2LABY
111=BEgASAZcC0ABSABIPEREKEQAUCZ0HsRTQARIACh0AFBWVAP8LEgDRCmFJnBMAUR9VABIAD
112=C8AAGQjECo7F6oObwyVA9AjlwgXAhEHUwHXBq4AV8CgIgoSIdDT7i8YKR0QAFIAFAsSAxU
113=IUCsSDBIALwpUBpcAuVfOEwuvAJACmkAmCKMPAK4rGDYuNw7UF9EDlSEZdq0RXFArBm0J0
114=gJQApIQid8E7wFRAJIAEgDQARYB1QetHJoDPTJdAN0JEh7hCmQJlA1TAREHaQgWAe4BGUC
115=qGSAeAH8p0QjXH1QIEgMIAO8AEgSXBRUBkgGtB5cC0QjKhQAQBBYAVQMVEhAAVQDT0+IjE
116=BgSSIQQCRMQHwmTARwDng9J/0CSFwUVAwzvhK4rHQqA+C8cLCoWEwcSABYFjm8ACAPfAFs
117=pgOMSLigSKhoEnx9KnwBTEZszSOULkQgXFlgEHSrUBdIAC68ALQPtAZYJUgJpAJAAYgALr
118=wAVB5IJypkAUxPTCi0ACdcAFxNSx54iDBUD0gAVAZIAFwscAucO1gBVCd1AKQiPEdMFsRH
119=hFNXJ+C8aFQABti8gNjAiODAgEwBqwDItGBwCAKkULCsWEgArAG8CCpME2QCMj0UqErMmE
120=B0A1xQQXyYkKRMAUoAoFC0KqwKvBGsAUgYSAA2/AIqjABYBEgAvAu8BVgBaACcGvwCpFyI
121=Dyc0BGxkZAJxBZRYc0xwsC9AZ0gATDdoAKwKTCtUMPQJdAZwNVgZdBhYBGwHWk/guGwoAA
122=LArHB4jGhYaFhIVFiYlGjYuHjgvEkAcEAEYFtsQ3wFVAkn1Ay8OEDESAB8TWwEbF4svABA
123=DWgAVH52D6RI9Y1AJ9QJMLwA3BdoV2AKVBgoRAAs/AKsCkQdQBCkpEQUSACkOGETlIXglJ
124=Q5bD1wESg0AWgMYCgoRAAnFANMLiPAJlgTSABIDEwNVBgq/AtsOvyPrAG4Twa4rHhwgGhA
125=RFhIAAVYZFiYmGjgxFxTfym4sFhYE0gAvAVAAZwpIsghrBCsDXQDbD2NOqAi/E1kAiw8Ar
126=wFpEF0Aye8AFw77AHcAkQCXCa4B1rKoEi8VkQ4mBmkIGwNMLwARBScL7RRbAREAkgAZAWh
127=CqQidFdcCFQJKEwHVCdQDkgAbC58C1QnjCh0SGwHSAOIACq8A2wE5DIMwLBg0LRo0LRwyL
128=R4eIBgSwDQuICsUid0D7wFA2hkAMC8EGwBbDcgB3wBvAVEREgAUEfME1wmVBJsJXwdbAT8
129=EUgeRDVUAESS3BdagphAeQeUUEoiVC8qvBu0ISq8ALynKvwLJ3wBhAtoXUQCTEzUM5SBA6
130=CgULCUSFcMmJhIIUkgsFgTiACsEKxArAFIGEAZK0QARAVaB6hYrHxwU1GkwHxQTChIAFAv
131=WKNLAMDAADMIAC00AURBXE1gDZw7WA1MAWwcYA0i9CgtvABIA6RxQAFMB1QAVCd0AG1GOE
132=wHM9ABUAKsrGQF/EdsDUAuiE5IJEgA1CQiWF4j9F5MEEgAJ7wApBScBSp8BE0KoFwpWyKY
133=SLAhlCW8g1BizAdIOUilSABwVkwWvDi8GlQzTBZQJlQAVye4rFhUAFgBtANYFjkIAFwOjB
134=98Cy4MGlROnBRMBEQOQApcC0wBJ7wAvAt0D/RR5AJ0TjnQAUgDpCn9BUhECzB8AfxWbBN8
135=Dig8AjS8AAKwmEjInJAFhG5MFncGnEioITxWhClcWVwmLTwmK0QA1DMoPBFQUEgAQBYgBg
136=gAbjqoSCScLKS/rBy0G3QDbEwoDDisHCdcACikEn0+SLRsIAPoAVQYTJ28CHQALPwXZAJU
137=J6wKjDotPAIo3AEDnEi4kECoQSiccE1QF2wo7weopEhRLLD8KYgDAUjwAAAnCAB4ClQM/A
138=VY9Ex8KoQIIAMsA6wEkAtsuEwTbQGgUDK0n2hgQA0n0AFAAWgMnNFEBZQ8pNcpvABGa5RI
139=pAs8FABICVR4UClAAbwmUFPMSWgbjk+gUFAOJwgAUA5QBVQGrH9Uok2juEJPqFh+g6BIV5
140=OQlECsCpAFJbYmqKhgAVx9eQSkK0wBaA+UUbwFQDFEAlx6VHtmAqBQPBQDKnQAvAVERERf
141=/Lx0nFwaXA5UVCcgA0ABQCu8BXQAXDiMELQPQBBUA1YboJQgBiQFfID8CLhJ5DL8oUwQUA
142=4nCABcEVwFRziopFBAKFFNoER6QN9UokJSmEhTLICIKLQYtBJEL2gAlj+goEjSAUCojDgn
143=QAFAAQS4iECwiDi4U6qQQJhUCXCVcMJID1QMSAAqrAQ8LQCgTAekCEgSUEFVAKB4tXwLSQ
144=yILtwBRI9EDqzNSCdEDlQbKPwUUZKMIAQkBSq0FCqUFlwdUEc29QG4iBJNKLAjfE9ID0xA
145=VGmn/niEKCEUaaRWpDukFLQqzRaoLE4KmEBgNFEspHaEuJR4KE4QoIxdAkBAATz0BCp0AH
146=YMpFAi5CCMKEIlsJR0M90OmCxUEVwOWARdkpQiYCNEVngQXC+8UwmoSKCgULCUSMDAAMAR
147=AAA2BDAIBMAAwMAAwMA3FAADoKhQoKhIdAAADqRQsJxIoJRAoKBIqJBAsJRAmJxIqKBQoJ
148=hAoJhI8AAAJwgApAIDmKBIoKRQdACYBwABiJRAeIQweIgoiJQ4gIgwgJA4mFQDaQBITARu
149=AaBQTAQnXACsB0ANAqicSJikqQBQeARMAUAQkBECsJBAqJjMEFsEoJRIPCwDtAOQCANQqJ
150=hAqIxUGFEUSEgSzBCYClgZfQ6gkReYSA9+DqioeB9VHqisFgGkSKCcTB9bB1CgpCAI3AFY
151=JVoZmEgqDAW8EbwdZCxEGlwaWARAKHQPKHwEtDAqvABlI6CEFFQVAqRQkJxAThmQlFQAdS
152=2IcCyUA14ajDhYJSgEAZwFSAmkAgOopEiwmEhgBGQOfB2sJTYVALhoMEQLaABOJbCUQAED
153=UIiYQIiYWDptAZj8C1QDXCnISExJdCd+C6igZA5oMFAdUA5EI0oqqFA2xAEqXABYFlwLKg
154=QHXCBwSgKMMJCUOLRIpQ6wlB5cBYUjQFRLvB20A6wBVAOIAFgWXFxIAFgTbC6kMkgDXBpc
155=C2oAoEhcCFEdsIwuTAG0LagDRAVEAlQAbhOoUEoksIxoY3UDpDeECLwFSSSYXj6UQEAWA6
156=ioWKisWH0CpMhvZAi4JVguQCWEbkRW9C2HF6RIqExzSgCcSLRIAaCgULA+RAxSCJiUfAVM
157=eWwQnBpcF1waSAC0JHQPWENYBEBSjHm0eCd8BFwFZA5QF1yDSDmEdEQLVCGkLHUAqFAUQC
158=tEGkgAcCxYB1gTQIhEHUQsWAFIBmQFhEREAkAQaACESl1loF5ElEB4fEgMBYxIaGQAwLgQ
159=vAV0ACd8AU8QlEC4UimoWOwKeA1UQlyPpGJMUlwIeA1EcUxSkBpQBVARbJe4AVEdnFWESF
160=giKn4BkIxsjrQASAZwCEgzkAJsKFQJdDZsHFwaSACsB3QAXAJIG1gKYBl0IUwc3AJUBvwX
161=SAZcJlQVzFX8AswNRAVQCEUspHSWXCN0M1RCVJn0sUQISAAwvABQAogAbFu0mUBGQAFdmJ
162=hAK7g3Wo6USHCqRLxdGqhINnwFYAcCoFC4qFB8JmAQUJ54o1hVUIZUA0wWVABIACiMAEBV
163=1BVRCFBGOKicSK4EOLiMQLiIOEkAsEwWWDRYjkQXWg2IOGiQZA6cBVUMoEwcbHZ4HKRTUA
164=JMH64BoFBcOEA9UA5IALwd9A9YK0gAfAi8I7QDtC1QBUgApwV4fHhIAEhvXD5QAkgATSKw
165=VAxYNEwTQhOcSEAESAC8BSgEAfybpQKgV06cSLhYrFhwjAdEYmicSDNUCUgA/AVCKKCUzA
166=oq3AFMYbSKVEIzjABELLRCUBRIAKxV1BJEYqwiTEyMLqQFrBNEIEyjzHaMglgZSABAlFi+
167=rCtQOFAOWApUDLyGQARIAKQUCaCYSJigSJikUJikUBEAAA==

[Map]
Theater=TEMPERATE
Size=0,0,60,66
LocalSize=2,4,56,56

[Waypoints]
0=64023
1=44043
2=24063
3=103061
4=83081
5=62102
8=75040
9=94044
10=86055
11=47096
12=53082
13=32078
14=44072
15=64054
16=56063
699=63062

[IsoMapPack5]
1=5A4AIAE8AAEAwwA7AALGAQA8KCkAPSgrADoAA+EEOygpADwoKQA9KCkAPigrADkABPkGOi
2=gpADsoKQA8KCkAPSgpAD4oKQA/KCsAOAAF8Qk5KCkAOigpADsoKQA8SQGuuRs9SAHdBj4o
3=KQA/KCkAQCgrADcABsoFADgoKQA5KCkAOigpADtJAaypDDxJAampAT1IAckIPigpAD8oKQ
4=BAKCkAQSgrADYAB9YGADcoKQA4KCkAOSgpADooKQA7SQGxoQ88SAHJCD0oKQA+KCkAPygp
5=AEAoKQBBKCkAQigrADUACM4JADYoKQA3KCkAOEkBjakEOUkBi6kBOkgBpgEAOygpADwoKQ
6=A9SQGTpQQ+SAGmAQA/KCkAQCgpAEEoKQBCKCkAQygrADQACcIIADUoKQA2KCkANygpADhJ
7=AZK1BTlIAaYBADooKQA7SAHBGjxJAYelBD1IAaYBAD4oKQA/KCkAQCgpAEEoKQBCKCkAQy
8=gpAEQoKwAzAAraCgA0KCkANSgpADYoKQA3KCkAOCgpADkoKQA6SQGRuQk7SQGIqQE8SQGD
9=qQE9SQGFqQE+SAHRNT9IAbICAEAoKQBBSAHVWkJJAaSxS0NJAaapAURIAdkGRSgoAAIyAA
10=sA9FgCRXQzyAFFaTRIAVACaQA1KCkANkgByS03SAHJLThIAWAFTQA5KCkAOkgB2RE7SAHN
11=EDxJAZBABUkAPUkBilwASQA+SAFYAGkAPygpAEBJAbCpF0FJAaepAUJJAaKpAUNIAdF3RE
12=gBeAdNAEUoKQBGKCsAMQAMTAOJADJIAWQeTVAzyAFNOjTKAQsATlIMANkyNlQCzTE3SAHd
13=FThIAc0bOUgByS06SAHFEztJAaWxFDxIAZsOAAA9KCkAPigpAD8oKQBAKCkAQSgpAEJJAb
14=GxCUNIAdEJRCgpAEUoKQBGKCkARygrADAADdYGADEoKQAyKCkAM0gBaiIOAFVaDZ1BD38g
15=DQD1QAdNDzZABNVwN0gBUAJpADhJAatUA00BOUgB0R86KCkAO0gBxTQ8SAFcBGkAPSgpAD
16=5JAbKlCD9IAXQDTQBAKCkAQSgpAEIoKQBDKCkARCgpAEUoKQBGKCkARygpAEgoKgAvAEwd
17=SA1JADAoKQAxKCkAMigpADNJAY9ABUkANEgBaCJR4zXIAUFnNsgBQWc3SAFcBGkAOEkBr6
18=0bOUgB3Vc6SAHJIjtIAWAFTQA8KCkAPSgpAD4oKQA/KCkAQEkBj0wGSQBBSAFYAGkAQkgB
19=xSlDSAFoAk0ARCgpAEUoKQBGSAHFCEdIAVwEaQBIKCkASSgqAC4AREF7AwAALygpADAoKQ
20=AxKCkAMkgB3YMzSAHBZzRJAYulCDVIAXgnSW82yAFJbzfIAUlvOEgBqgUAOSgpADooKQA7
21=KCkAPCgpAD0oKQA+SAHNED9JAYW1CUBIAdF3QUgBsgIAQigpAEMoKQBEKCkARUgB0QlGSA
22=HFCEdIAcUISCgpAEkoKQBKKCsALQAQygUALigpAC8oKQAwKCkAMSgpADJJAZChBzNIAcEP
23=NEgBsAJMlCddATZUAnAqQVo3yAFJNjhJAfZQBUFQOUgBRAFpADpIAcU/O0gBaAJNADwoKQ
24=A9KCkAPkkBjFQDSQA/SAHNEEBIAUQCaQBBKCkAQigpAEMoKQBEKCkARUkBknMGAABGSAGm
25=AQBHKCkASCgpAEkoKQBKKCkASygrACwAEcIIAC0oKQAuKCkALygpADAoKQAxKCkAMigpAD
26=MoKQA0SQGsQCZRCzVIAc3WNkgBRAJpADdIAXAqWX84yAFZfznIAVl/OkgB2Rw7SAFsBk0A
27=PCgpAD0oKQA+SAHNBT9IAVwEaQBAKCkAQSgpAEIoKQBDKCkARCgpAEUoKQBGKCkARygpAE
28=goKQBJKCkASigpAEsoKQBMKCsAKwASdBJtACwoKQAtKCkALigpAC8oKQAwKCkAMSgpADJI
29=Ad0rM0gB3eY0SAHJxzVJAaWhMDZIAXQOTQA3KCkAOEgBYDBBiDnIAUGIOsgBQYg7SAFIBm
30=kAPCgpAD0oKQA+KCkAPygpAEAoKQBBKCkAQigpAENIASVZMkRIAXwLTQBFKCkARigpAEco
31=KQBISQGwoRpJSQGqqQFKSAFUB2kASygpAEwoKQBNKCsAKgATfARtACsoKQAsKCkALSgpAC
32=4oKQAvSAHBfTBIAXgHTQAxKCkAMkkBq7kRM0gBwTA0KCkANUgBJywGJw0CN1QCQAlpADhI
33=AckiOUgBeDJJkDrIAUmQO0kB+EQFVQw8SAHdID1IAcVrPkgBXANpAD8oKQBAKCkAQUgB2Q
34=ZCSQGoRAlRBUNIAcnoREgBRAJpAEVJAb5gAWaMEwBoAVkFR1UC57UCSMgBVQJJyAEBAgAA
35=SkkB5qEES8gBQQRMyAFBBE3IAQEDAABOSQHlrwUpABSjAQAAKigpACsoKQAsKCkALSgpAC
36=5IAcHKL0kBhq0IMEgBpgEAMSgpADJJAa9MEUUDM0gBJ4YGFAAlKSE1VALdIDZIAVwEaQA3
37=KCkAOEgBxQg5SAHVTzpIAXgyQRo7yAFdmTzIAV2ZPUgBJcEpPkgBZClBCz/IAUUSQEgBzS
38=ZByAFVAkLIAU0mQ8gBSQxESQG5WAdJAEXIAU0FRkgBfApBBEdIAWQ0SQFIyAFZEUnIAVkR
39=SkgBdA1VAkvIAVUCTMgBUa5NyQEHZjQUAGQ0TQVPVAJoAU8FKAAVWA+JACkoKQAqKCkAKy
40=gpACwoKQAtKCkALkkBkIIIAC9JAYipATBJAYupATFIAaYBADIoKQAzSAHFKTRIAcEENSgp
41=ADYoKQA3KCkAOCgpADkoKQA6KCkAO0gBaDhFHjzJAQgifzEVAM9MDF0rPlQCaAFNMT9IAc
42=ktQEgBxSlByAFVI0LIAUUpQ8gBXQpESAF8NkUIRcgBRTRGSAFEDGkARygpAEgoKQBJKCkA
43=SigpAEsoKQBMKCkATSgpAE4oKQBPKCkAUCgrACcAFnAObQAoKCkAKSgpACooKQArKCkALC
44=gpAC0oKQAuKCkALygpADAoKQAxKCkAMigpADMoKQA0KCkANSgpADYoKQA3SQGPdxUAADhI
45=AaYBADkoKQA6SAHN4TtIAc1zPEgBfDZJLT3IAUlZPsgBUTU/SAHRCUAoKQBBKCkAQkkBsE
46=RAUQRDSAHdCkRIAUQCaQBFKCkARigpAEcoKQBISQGypQhJSAFsBk0ASigpAEsoKQBMKCkA
47=TSgpAE4oKQBPKCkAUCgpAFEoKwAmABdUC4kAJygpACgoKQApKCkAKigpACsoKQAsKCkALS
48=gpAC4oKQAvKCkAMCgpADEoKQAyKCkAMygpADQoKQA1KCkANkkBkZoVADdJAYqpAThIAaQB
49=TDwnQQM6VQKxpSk7SQHZpQQ8yAFBAz1IAXg9XW0+SAHV6T9IAaoFAEAoKQBBKCkAQigpAE
50=MoKQBEKCkARSgpAEYoKQBHKCkASCgpAEkoKQBKKCkASygpAEwoKQBNKCkATigpAE8oKQBQ
51=KCkAUSgpAFIoKwAlABjKGwAmSQGRsQEnSQGFqQEoSQGHqQEpSAGkAUzsJ9kAKyhVACwoKQ
52=AtSAHRVi5IAdkGL0gBbJ9ZATDIAVUuMUkB40gCSQAyyAFVAjPIAUGeNMgBVXA1SQHoQAVJ
53=ADbIAU0FN0kByUgCSQA4yAFVAjlJAepIAkkAOkgBdKdJATvIAUEEPEgBcEBdCj1IAdl0Pk
54=gB2fg/SAFIBmkAQCgpAEEoKQBCKCkAQygpAEQoKQBFKCkARigpAEcoKQBIKCkASUgBJTEi
55=SkkBiXsOAABLSAHR2kxIAbICAE1JASGtAU5JAQNUJFUBT0kBIlwASQBQSAFYAGkAUSgpAF
56=IoKQBTKCsAJAAZfARtACUoKQAmKCkAJ0kBjHsDAAAoSAElmSQpSAGwAlxBJwUBKyhVACxI
57=Ac1oLUgBzQUuSQHVTAFJFi/IAUEwMEgBaENJATFIAXxBRa0yyAFFrTPIAVniNMgBWXQ1SA
58=F8QVEJNsgBRQg3SAF8QVUCOMgBVQI5SAF8QUU/OkgBfEFBBDvIAUEEPEgBQBNpAD0oKQA+
59=KCkAPygpAEAoKQBBKCkAQigpAEMoKQBEKCkARUgB3dBGSAFoDU0ARygpAEgoKQBJSQGOVA
60=NJAEpIAdk9S0gB2T1MSQEBSBhBBE1JASVcAEkATkgBI2tgAQBPSQEmSAJJAFBIAclDUUgB
61=RAJpAFIoKQBTKCkAVCgrACMAGnwEbQAkKCkAJSgpACZIAdFWJ0gBJY1JKCgpAClIAd1XKk
62=gBZAlNACtJAaxAMUkBLEkBqakBLUgBaENZPS7IAVk9L8gBWT0wSAFIBmkAMSgpADJIAdEJ
63=M0kBprEJNEgBYAVNADUoKQA2SAHBkzdJARCtBTjIAVUBOUgB0Qk6SQGqSAJFCDtIAVgAaQ
64=A8KCkAPSgpAD4oKQA/KCkAQCgpAEEoKQBCSAHFrUNJAYl3CgAAREgB0a5FSAElTStGSAHZ
65=J0dIAaoFAEgoKQBJSQGSuQJKSAElpXFLSAHRQExIAY1HAVeGGgACY0YBAE5UAphIdkQaAI
66=tDAQBQVALBRlFIAdFLUigpAFMoKQBUSAGbBgAAVUgBqBBBCRvHAQAjACcpACQoKQAlKCkA
67=JkkBkLUFJ0gBJ+8IGwCKtQIpVAKkAUSMJzEBK1UCsbkyLEgBYEYBCAAALcgBAQkAAC7JAQ
68=oijFQn2QAwVALBOzFIASW1QzJIASUpNzMoKQA0SAHBBDVIAcVKNkgB2RE3SAFsR1EpOMgB
69=QYg5SAHFEzpIAc0FOygpADwoKQA9KCkAPigpAD8oKQBAKCkAQSgpAEJIAdUYQ0kBqr0gRE
70=gB0UBFSAHBD0YoKQBHKCkASCgpAEkoKQBKSQH+sQlLSAHBRkxIAZiKbUcbJBVmAk5HGwCN
71=UgJGjBsAgEZvRxsAHmcPAQBRWAbJAVIoKQBTSAGDRgEAVEgBmAZuRxsA3UxWVAKABAIAAC
72=EAHGgJbQAiKCkAIygpACQoKQAlKCkAJigpACdIAdWnKEgBZAlNACkoKQAqKCkAK0kBuFQD
73=SQAsyAFJIS1IAXFLDWZKHADVLi9UAshDBTAAHACiAQAAEQAADBAAIAYAAAAxABwAogFAAQ
74=MAADIAHADJATMoKQA0KCkANUkBpa0FNkgBkwYAADdJARBUAgEEAAA4yAEBBQAAOUgBwQQ6
75=KCkAO0kB/UwFRQM8SAFYAGkAPSgpAD4oKQA/KCkAQCgpAEFJAbClCEJJAampAUNIAWQJTQ
76=BEKCkARSgpAEYoKQBHKCkASCgpAEkoKQBKSQH+vQpLSQEkUAoBAAEATEoBBwJPAQEATUkB
77=KEQBVQJOSQEhawECAE9JAQJjBAIAUCgpAFEoKQBSSQEirQVTSQEmawEBAFRJAR6pAVUoKQ
78=BWSAGPBQAAVygrACAAHWQFbQAhKCkAIigpACMoKQAkKCkAJSgpACYoKQAnSQGSawkAAChI
79=AaYBACkoKQAqKCkAK0kBuEQEWRssyAEBAwAALUkBrKElLkgBzUcvKCkAMCgpADEoKQAyKC
80=kAMygpADQoKQA1KCkANkkBpqkMN0gBfUwGfkwdAGkBB3xMJ0kEOkAETBRpADsoKQA8KCkA
81=PUgB1U8+SAFgBU0APygpAEBJAZNIAkkAQUgBWABpAEIoKQBDKCkARCgpAEUoKQBGKCkARy
82=gpAEhJAa61GElIAXAKTQBKaAFEKkkBS0kBkVwARUpMSQGHqQFNSAGDUQEATkkB/2QIf0wd
83=AI1hBANfTB0AhakBUUEEi6kBUkgBk0sCAFNIAZFLAl5MHQCHSgIAVVUCH28FAQBWSAGMBX
84=xMwwQAAFhUAowFAQAAHwCcB3UFICgpACEoKQAiKCkAIygpACQoKQAlKCkAJkgB3SAnSAFw
85=Ck0AKCgpACkoKQAqKCkAK0kBCnMfAAAsyAFVAS1JAatcAEUILkgBJ/UJHvGYMChVADEoKQ
86=AyKCkAMygpADQoKQA1KCkANigpADdJAaS1DTgoKQA5SAHZUzpIAUgRaQA7KCkAPCgpAD0o
87=KQA+KCkAPygpAEAoKQBBKCkAQkkB96EPQ0kB8akBREgBaA1NAEUoKQBGKCkAR0gB3aRISA
88=HdpElIAUgGaQBKaAH0T8w8dpweAJCCdpweACf2CR4AJ/cJHgCMfAd3Tx4AhqkBUVAJm6AD
89=AFJIAZmgA1VPHqlOA1VPHkhJUAV2Tx4AiE50T8EEAVSc1AJ1Tx5MCE8FAABZQAHAUX0H9F
90=ACTcsfSAloAUWBIEgBUAJpACEoKQAiKCkAIygpACQoKQAlSQGspSkmSAHNRydJAaa1AihI
91=AXAKTQApKCkAKigpACtJAQWtBSzIAVUBLUgBJ00KH+FRL1QCyQwwKCkAMSgpADIoKQAzKC
92=kANCgpADUoKQA2KCkANygpADgoKQA5SQGlTBFJFzpJAfupATtJAe+pATxIAdlIPUgBXARp
93=AD5IAd1MP0gBwQRASAF0A00AQUgBwQRCSQHysQlDSQH0qQFESAFcBGkARSgpAEYoKQBHKC
94=kASCgpAEkoKQBKSAGb7QAAS0kBCblTTEgBme0ARe8fSJNEDGWiHyhPCh8AkFECAG9SHwCK
95=qQFRWQYAZAhuUh8AnboET1IfAAW1AlRABIBRbVIfpVUCRaIf+VNXQASFYwFEosEEAUxSww
96=QAAFpABNtTHQAgeA5tAB5IAXlTCXanIABqAQoATAKoAQELAAAhUAFgBU0AIigpACMoKQAk
97=SAHZUyVIAc1HJigpACdIAc08KEgBQAlpACkoKQAqKCkAK0gBZFVRHizIAY/3IACvvTYuVA
98=LJDC8oKQAwKCkAMSgpADIoKQAzKCkANCgpADUoKQA2KCkANygpADgoKQA5KCkAOkgByW87
99=SQH6pRM8SQHtqQE9SAHdVz5IAdUCPygpAEBIAcEEQUkB8LkGQkgBaCNNAEMoKQBEKCkARS
100=gpAEYoKQBHKCkASEgBi5sAAElJAQNYKFEJSkgBxT9LSAFEAmkATEgBiKZkVSWwJmZVIACU
101=Wm73IACUWiKOKCAAl1oCAFFYBiMUI2dVIAAnaAl3pyAAI6kBVEAEnVcDTfcguFNmVSAAha
102=0CVacg/VdYTAWUWmRV1QIBRFUnpRRbQATJFxxIUWQMTQAdKCkAHigpAB9IAX1XDn1XIYlZ
103=D39XIQD1TAZJLCJABEQBaQAjSQGwSAJNASRJAaepASVIAdFLJigpACdIAcnSKEgBSAZpAC
104=lJAY9jAQAAKkgBpgEAK0gBfVcEdv8hAGgBTcAtVALBBC5IAdGuL0gB1Q0wKCkAMSgpADIo
105=KQAzKCkANCgpADUoKQA2KCkANygpADgoKQA5KCkAOkgBwXI7SAHFEzxJAfa9ID1JAXm5Aj
106=7IAUEDP0kBgLUCQMgBVQJBSAHBXEJIAcmxQ0gBqgUARCgpAEUoKQBGKCkARygpAEhoAbFW
107=SUgBm0gBAEpIAZREZ60hAAGhBExVAiWtDE1IAYj+flchACNwKn9XIQCLYAR9VyEkeCB9Vy
108=GgXH1XIfFWU0QIiFki7ykhAAhoDGWtIfleVkAEmT0DXVch9VpYVAKZUwJErcz6fFfDBAAA
109=W0AEl7IAAFxIAY8FAAAbvF9tExwoKQAdKCgAJaQhYATIuWgBYGRoWVFLIUwFaAFRSyLKAQ
110=YAUBnBDABIHCcpACVBBK9ENUkIJkgByVknSAFEAmkAKEgBjyYAAClJAYZsAnRaJwUBK1UC
111=BUQISQwsyQEHIkQ1J4EALlQCyQwvSAEnVQsiJlUhMShVADIoKQAzKCkANCgpADUoKQA2KC
112=kANygpADgoKQA5KCkAOkgBJ1YLIgDV/zxUAtlTPUgBdFpNOz7IAU3LP0gBdFpVAkDIAVUC
113=QUgB2QZCSAHBtENIAbAjVloiACV5NkUoVQBGSAHdr0dIAd2vSEkBJb0GSUgBgAR1WiKnog
114=EAS1QCkKMiTCsljDIiTisiAJgGdFrMl3ZaIgCcCnRawAR0WsAEdFpkQlgNdbIi5VVUSAyY
115=NXVaIiYxIlZVApBJBQB1WiK3ZQMAWFQCI9ghdFrECHRaJ2UCW0AElVoBVFon/SpdVAKLDA
116=AAGkhReApNABsoKQAcKCkAHSgpAB4oKQAfKCgA2MlACFlmI4a4CQBADKkBCmxdqQELbF2I
117=z20FJSgFASYoKQAnKCkAKCgpAClIASP4MGxdJwUBK1UCBkxdVQksyAFVAS1IAUQCaQAuKC
118=kAL0kBq1QDWQIwSAHZXjEoKQAyKCkAMygpADQoKQA1KCkANigpADcoKQA4KCkAOSgpADpI
119=ASeuCyMAJwYiIwDRVj1BBGNYEkkAPsgBXRQ/SQF1SAJJAEDIAVUCQcgBRWBCSAEnrAsnSQ
120=REVAJIBmkARUkB+UwGTQFGSAEjyyoAAEdIAYOIAQBISQGLVAMBAAEASUgBgARtXSP1sktV
121=AodjBAIATEgBk2ECAE1IAYdKAgBOSAGYXm1dIyj2QCMAmwYDAFFABCPgIm1dI6BcbV0jWE
122=NACyL8NtQCbV0jrGgiBCJw/oEEV0QIhFVsXSetAFlUApdwAgBaKCkAW0gBjQUCTF3PBQEA
123=XVQCI1dCAABeSAGDBAAAGViuQAxpABooKQAbKCkAHCgpAB0oKQAeKCkAHygoACUcJnAJxN
124=ZpASJABGG/DmVgJJ1iD2dgJAD3WANFMyVABJ3mAEQjIyQnXgIAJ1QCfABNACgoKQApKCkA
125=KigpACtIAWRgXUEsyAFFoi1IAVQHaQAuKCkAL0gBwb8wSQGnQBBFBDEoKQAySAHdYjMoKQ
126=A0KCkANSgpADYoKQA3KCkAOCgpADkoKQA6KCkAO0kBqqEPPEgBJw4jJABkYFUYPlQCaAFV
127=GD9IAWRgSQFAyAFV6UHIAVXpQkgBzWhDSQH1vQpESAFcGmkARUkB+LUCRkgBxSxHSAEjrS
128=wARWAkJNAgIg0uJFwCVAZkYNQCdr0kAJyOZWAk+VNNRAWRYQNFYCTpWU9VAoxACEG0UEgB
129=iPNkYNwKZmAkACOkV2dgJAAurQVUTAWIWSIMLiV7SwMAVlQChGt3vSQABEgjXQpYVAKTdw
130=MAWUkBiaUIWkgBn3gDAFtJASZ0AmRgxRMCRWAkQExZAgFEYCe1Ql9MBdFhGKQbRARcYpgO
131=aQEaKFUAGygpABwoKQAdKCkAHigpAB9JAay1LiBIASVxSyFJAaa0AsThaAxkfnBhQDt0K2
132=gBQTslTAVpAQZ8Yic5AidUAmwGTQAoKCkAKSgpACooKQArSQEGVA1dCizIAV0KLUgBxRMu
133=SAHBUS9JAdtQClkFMMgBVS0xyAFVTzJIAcFnM0gByWQ0KCkANSgpADYoKQA3KCkAOCgpAD
134=koKQA6SAEnZxglAPtAEFkQPFQC1Vo9SQF8SAJJAD7IAU0EP0kBbEgCSQBASQF+XABJAEHI
135=AUEEQkgBJ2QYJ/kERFQCXARpAEVIAd3QRkgBwWdHSAF0A00ASEgB1WVJSAEjOzkAAEpIAS
136=M4OX1iJSZdIkxUAkkGAFlTTUgBmAZ8Ytv7AwBPVAIl4SJQSQGIcAV+YiUA3VdSVALdV1NI
137=AZzQZ8MlAI9vBQQAVVQCnW0EXGIiiCxbAgQAV1QCnLplwyVYplQCIhYkJQCUe2XDJbV7Al
138=5iJQCFrQNFwyWwYXxi0QkCXGLXAgEAX/8KAABgSAHJZBewBk4MABgoKQAZKCkAGkgBI/hc
139=Is0wJiT7XAAAHFQCjxsAAB1IAXgHTAAiSVKwRDVIASLMR8RKIgA+yAEiUDLIQyVQJ0gFUd
140=cmeABsAGB6amQJAEkUJoHKCnRlqgELAFohJgDJDChAD9VwKUgB2V4qSAFkCU0AK0kBBlgR
141=XW0syAEjzzAmALFUAkEELlUC21wAWWkvyAFZaTDIAVkGMcgBWQYySAFIBWkAM0kBq6UINE
142=gBzRs1KCkANigpADcoKQA4KCkAOSgpADooKQA7SAHNiTxIAScWGSYAdGVRdz5UAmgBUXc/
143=SAF0ZVkQQEgBdGVBBEHIAUEEQkgB3W1DSAHRYURIAWgYTQBFSAGXTwAARkgBI0AvIhwlIo
144=A2WAN1yCawS3XIJiTwOnRlJUxsdGXIAXXIJkgzWAYiHCUi4E2JAU5cCpBsIhwlIjhDVAIi
145=zVEmJAA9dGUnKQBSTAUjWD11yCZUP40FVFQCgNV1ZSZEu1QCdGUlZC10ZSJAWlQCdWUmoM
146=p1ZSZIAkgAdGXIF3RlJw0CXFwKhWADVcgmUAGNBV5AAZUCAlRl1QIBVGXLDAAAYeMEAAAW
147=vB1eBgAXKCkAGCgpABkoKQAaSQGMZAVtaCckwFVsaCO4P30CHUAEfABNAB4oKQAfSAHcTC
148=KUSyVlIyFVAqlYPk0FIkgBWABpACNIAdl0JEkBi2wCbWgnjWgObGipAQ9vaCcA+UAEUQgo
149=TAXRYSlJAb5UAkkAKsgBQQQrSQHLSAJJACzIAVUCLUkBuUgCSQAuyAFVAi9IAXhpUXcwyA
150=FRdzFIAVwEaQAyKCkAM0kBr0wGWQI0SAEnDQ0nJrk+NihVADcoKQA4KCkAOSgpADooKQA7
151=SAHFjDxIAdnBPUgB0WE+SAElLV4/SAHVAkBIAdUCQSgpAEJIAQn0AQAAAAAAQwAnAAARAA
152=D4DwAgCQAAAAAAAEQAJwAhAIAAAkUAJwAlhgEARkkBj2sBAQBHSQEmawEAAEhKAQECjQFJ
153=SAHNBUpJAR1zAgEAS0kBJGsBAgBMSQEjqQFNSAGLDAIATkgBmwYCAE9IAZsGAwBQSAGDBA
154=QAUUkBAmsMBABSKCkAUygpAFRJASJ/CgQAVUkBjakBVkkBh6kBV0kBBWcIAwBYSAGLFwIA
155=WUgBixcCAFpIAc0QW0gBzRBcSAGPBQMAXUgBiwwDAF5IAZcCAgBfSAGXAgIAYEgBlwIBAG
156=FJAR9jDwAAYkgBgAQCAAAVACivAgAAFigpABcoKQAYKCkAGSgpABpJAZKhBxtIAaYBABwo
157=KQAdKCkAHkoBsAGJBB9JAampASBIAY0CAFA6Jw0CIihVACNJAY6lBCRIAaQBVz4oAK6lCC
158=ZVAvlYAkUoJ8oBAwBDASgAz1QCTQQpUAFoAUEEKkkBvlQCQQQrSQHLSAFVAizIAVUCLUkB
159=ubUCLsgBVQIvSAFQAmkAMCgpADEoKQAySAGDOwAAM0kBi2cFAAA0SQGrQBBVATVJAaKpAT
160=ZJAaepATcoKQA4SAHBBDkoKQA6KCkAO0gB2QY8SQGqpQg9SQH4qQE+SAFEDWkAP0kB/LUC
161=QEgBaAJNAEEoKQBCKCkAQygpAERoAVwhTQVFSQGRXgAAAUdrKACGqQFHVAKZXgFGaygAm1
162=4BAElUAskBSkgBhFVmaygAhAhnaygAi2cIAgBNQQQAaAxka9k9A0drKAD+fBVnaygA/2gB
163=ZmsoAJEqBUdrKACFZwgFAFNFCIepAVRJAQZwCWdrKACMdwIEAFZUAp8VBABXSAEnZQ0oQE
164=xFBANHaygAHkYBAANEaycpAFtMBYsXAwBcSQGTYQQERmsoAMUIXlUCJ3QCZmsoAMmFYFQC
165=iSICRmsoAIVrAkRrywEAAGNABNNsFAApfAdtABUoKQAWKCkAFygpABgoKQAZKCkAGigpAB
166=soKQAcKCkAHUgBmaAASBwntQEfVAJ0Dk0AICgpACEoKQAiKCkAI0gByXokSAHFdiVJAad7
167=MgAAJkgB1U8nSAFka0lkKMoBBABBASmIbwEFAAAqUAFQDmkAK0gBxRMsSAFoAk0ALSgpAC
168=4oKQAvKCkAMCgpADEoKQAySAHRFDNIAUAJaQA0SQGvsRQ1SAHFjDZIAXQDTQA3KCkAOEkB
169=q60FOUgByW86SAHZBjtJAfuhBDxJAfOpAT1JAfCpAT5IAUwKaQA/KCkAQCgpAEEoKQBCKC
170=kAQygpAERIAZPPAABFSAHZYUZIAYwbZNlIOGBcfW0psWECX20pAId7DgIASkwF1U9LSQED
171=bAV+bSkAiE5+bSkAiAx8bWChXAZm2SkA1chQWAYnvQ0prGh/bSkAg0kFAH1tKbt/BQBUTA
172=UnvA3MBXxtwAR9bSlYQ1wGZdkpULSJAVlYBoBnf20pAAdzFAMAW1QCyQFcSAGQH2XZKaxo
173=ZNnQCX1tKVhZUAlk2dwKfG3MBXxtyQEBX20pAARrDAAAZFwKUAZpABNIUXwATQAUKCkAFS
174=gpABYoKQAXKCkAGCgpABkoKQAaKCkAG0gBlZwAV94qAIlcC0kAHVUCilwASQAeSAFYAGkA
175=H0gBcM9NASDIAUVJIUkB50gCSQAiyAFVAiPIAUEZJEkByVQDSQAlyAFBBCZIAWDVVQInyA
176=FVAihIAWFyB3VwKkwDiQAqVALRFCtIAcUTLEgBmwMAAC0oKQAuKCkALygpADAoKQAxKCkA
177=MigpADMoKQA0KCkANSgpADYoKQA3KCkAOEgBxXY5SQGpSBhJEjpIAVgAaQA7KCkAPCgpAD
178=1IAd3bPkgBYAVNAD8oKQBASAGHuAAAQUgBUANpAEIoKQBDSAHVe0RJAfWhD0VIAZVlAFTe
179=IqwgdgYAR1QCiGR1cCqoZHZwKgCEKXRwSC1ENUHbS0wFkwYDAExIAZRld3AqAI94AnVwKq
180=jddXAqKBUOKijXGyoAkGwFd3AqAIipAVNQCZDadnAqAJwKdN7MBXRwzAV1cCqz5QQAWFgG
181=iYUEVN7YBnZwKgCUI3RwSBdoDHTexBN1cCooFg4qAJB3d3AqACBsBXRwJykAYUgMzeFiSA
182=GA4HVwKigUDssMAABlQARgCE8AEgArVACJABMoKQAUKCkAFSgpABYoKQAXKCkAGCgpABko
183=KQAaSQGytTkbSAGADG9zKwDgTAFBAx1UAmgBXTUeyAFZ1x/IAVnXIEgBeHRVAiFIAWxzSQ
184=EiyAFBBCPIAV3bJEgBbHNRCSXIAU0FJkgBbHNVAifIAVUCKEgBSBBpACkoKQAqKCkAKygp
185=ACwoKQAtKCkALigpAC8oKQAwKCkAMSgpADIoKQAzKCkANCgpADUoKQA2KCkANygpADgoKQ
186=A5KCkAOigpADsoKQA8KCkAPSgpAD5JAfdILkkeP0gB0WxASAFEAmkAQSgpAEJIAc2UQ0gB
187=I7MnAABEKCkARUgBiFltcyutaABNcyugZ29zKwCSdAptcysksCdtcyu/0AIAS0QIlHBtcy
188=usaGxzJ9kATkAEIxgqbXMrKG0OK6joIkcqKwAJVToAIqw3IgAxWw0EAFNZBo5EAVHlVEkB
189=JmgBb3MrAAGtBVZUApzxbXMrtHttcyug621zK/3mWk0FA3gGbXMruPhsc8wQbXMrJOwpZe
190=QruHRtcyu7dAEAYEUIB2QIIq43KwDJAWJUAph0b3MrAARgBGXkK3QVbQBlQAR8AE0AZigr
191=ABEALEACiQASKCkAEygpABQoKQAVKCkAFigpABcoKQAYKCkAGUkBrqlDGkgBgwwAABtIAW
192=xzRWscygEGAF0wLJB3Udoe1gIIAEAftgIJAFCSJ5ECIUAE0QkiSQGwqQwjSQGmqQEkSQEH
193=qQElyAFVASZJAaxcAEkHJ0kBqqkBKEgBRAJpACkoKQAqKCkAKygpACwoKQAtKCkALigpAC
194=8oKQAwSAEjYzMAADFJAYljDAAAMkkBi6kBM0gBpgEANCgpADUoKQA2SAHdFTdIAd0VOEgB
195=g1wAADlIAcUIOigpADsoKQA8KCkAPSgpAD5IAcHrP0gBxQhAKCkAQSgpAEIoKQBDSQGMsQ
196=VESAEj5CgiTSsspORldiwoxQ4sRDpQBWV2LPl0SVkGJVACSehKSAGFgQNFdiyoZGV2LKhk
197=ZXYspGt16Sz1e09YBpT0Ig05LCSsLGV2LCSsLGR2VER4XmV2LLRwdeksJG86BQBVRQgnbB
198=B16SywbGR2WAa1AlhBBJCpAVlIAZ82BABaSAGfNgQAW0kBBmgMZHbMEGR2zBBndiwABWAE
199=ZXYstHBldiwkqDxkdtsRAQBiUAmYESIMOdgRZHbYEXTpJykAZkwFYBNNAGcoKwAQAC1AAo
200=kAESgpABIoKQATKCkAFEkBrLleFUgB1WUWSAGfBwAAFygpABhIAc0FGUkBqbkGGkkB2LEF
201=G8gBQQMcSAFpegt9eC0kFCQibDonZQIfQATRYSBIAcm8IUgBrAlIoCetACNVAq1QCkUDJE
202=kBB0gBUSklyAFN7CZJAbFUAkEEJ0gBWABpACgoKQApKCkAKigpACtJAbC5BixIAdlpLUgB
203=eAdNAC4oKQAvSQGRSAJJADBJAYpcAEkAMUgBWABpADIoKQAzSQGyvQo0SAF0A00ANSgpAD
204=ZIAcEaN0kBjVQDSQA4SAEj3Cd9eC0mUTE6VAKfTAAAO0gBXARpADwoKQA9KCkAPigpAD8o
205=KQBAKCkAQSgpAEJIAcEPQ0gB0XdESQGGYAx9eC24dH14LbxtZe8tKBwPyAFk788FAwBKRA
206=iU3n94LQCOcAl8eCeBAE1ABCUdRk4oKQBPSAGEgX14Lbh0fXgtrIl9eC398VNMBd3xVEkB
207=CFBBSfNVSAGI3X14LbviAwBXVAKMBSJtOi24+CIsSCcpAFoogQBbSAGECHx4zBB8eMwQfX
208=gtKB0PLaCTfXgtoJN9eC1AV0gefXgtoH18eCcFDGRIDFgDaQBlKCkAZigpAGcoKQBoKCsA
209=DwAuaAZtABAoKQARKCkAEigpABMoKQAUSQGroVEVSAHFdhZIAWQJTQAXKCkAGEkBsa0FGU
210=kB4VQDVQEayAFJLBtIAWB9XW0cSAFcA2kAHUkBkGABdXsu8VYfVALJWSBIAdFLIUkBi60F
211=IkgBpAFCri4AwQ8kVAJ2ewQAWk0uAGkBBSLkSSfxAydABNkGKCgpACkoKQAqKCkAKygpAC
212=woKQAtKCkALigpAC8oKQAwKCkAMSgpADIoKQAzKCkANCgpADUoKQA2SAHBGjdJAZKhFjhI
213=AaQBVPQnQQM6KFUAOygpADwoKQA9KCkAPigpAD8oKQBAKCkAQUgByXpCSAHVLkNIAc0xRE
214=gBJ3UPLunzRlQCIzRJIuVJLkQvWBR19C6gfXV7LqhvdXsuQDZABHV7LiTgLXR7J4EATVAJ
215=I7c4AwBOKCkATygpAFBIAYd2AwBRKCkAUkkBKFgKAQADAFNIASObOgQAVEkBJ7UCVUgBI0
216=8rAwBWSAHZdFdIAYQedXsuqP50e9wrIs07LijOOy4AkwkCAFxYBo8QAgBdKCkAXkgBnAp0
217=9MwFdHtAUVlfAHR70B91ey4odQ8utJx09MAPdPQnKQBmXApwGE0AZygpAGgoKQBpSQEJUG
218=1DBA4AL1QAiQAPKCkAECgpABEoKQASKCkAEygpABRIAdVPFUgBiAkidGcnXQEXKFUAGEgB
219=YH1JehnIAUlvGsgBSW8bSAHFCBwoKQAdSAElISAeSQGmqRcfSAHNBSBIAdleIUgB1QIiKC
220=kAIygpACRJAQdFCAZufi8AaQEHbH4nvQInQATFCCgoKQApKCkAKigpACtIASUpLCxIAdkG
221=LSgpAC4oKQAvKCkAMCgpADEoKQAyKCkAMygpADQoKQA1KCkANigpADcoKQA4KCkAOSgpAD
222=pJAbJEHlUTO0gBWABpADwoKQA9KCkAPigpAD8oKQBAKCkAQUgB3a9CSQGGawkAAENIAaYB
223=AERJAZKtAUVIASOgO2X6LyYBPUdUAp9tAgBISAGABG9+LwAneAYiLD1YMmRgIiw9JUxsIr
224=VZL+VrTVgGzQVOSAGYdCIsPSetAFBUAsEEUUgBg30CAFJIASPYTW5+LwCBcgNNfi/ljFVA
225=BGgQUYJWSQGRbAFl+i8keExtfi8keCBsfie9AlpMBYv+AgBbSAHJelxIAY0QAUx+wxoBAF
226=5UApsRAQBfSAEjfDxtfi8kyCpsftwKItx0xBNl+i8ozA8npQplRAhsFE0AZigpAGcoKQBo
227=KCkAaUgBbH5dKmrIAVdwDQAwUAeJAA4oKQAPKCkAECgpABEoKQASSAHZXhNIAZ8HAAAUKC
228=kAFSgpABYoKQAXSAHZBhhIAWSBVXAZyAFVcBpIAdEJG0gBzX4cSQGkvVcdSAElDWUeKCkA
229=H0gBwQQgSQGmrQUhSAHRCSJJAa61AiNIAdUCJEkBEbQCCiUAMAARAQAAAQAAJgARAABHDw
230=AgATAAAACCACcAJykAKCgpACkoKQAqKCkAK0kBjpYGACxIAaYBAC0oKQAuSgGsAZ0CL0kB
231=qqkBMEgBjwIAADEoKQAyKCkAMygpADQoKQA1SQGPvQY2SAGmAQA3KCkAOCgpADkoKQA6KC
232=kAOygpADwoKQA9KCkAPigpAD8oKQBAKCkAQSgpAEJIAdEfQ0gB2RFESQEhrQFFSQElqQFG
233=SQEkawEBAEdJASipAUhIAZcCAgBJSQEjdwICAEpIAZscAgBLSgEAAlsCAgBMaAFEAQEAAw
234=BNSQEGtQJOSAHNBU9IAdEJUEgB0QlRSAHVAlJJASBnCAIAUygpAFQoKQBVSQEIvQpWKCkA
235=VygpAFgoKQBZSAHJDFpIAc0QW0kBJ2sMAQBcSAGDBAEAXUgBgwQBAF5IAZsRAQBfSAHBBG
236=BJAZK5BmFIAY8bAABiSQGNdwIAAGNJAYqpAWRIAaYBAGUoKQBmKCkAZygpAGgoKQBpSQEG
237=tU9qyAFVAWtIAdEJDEhRyQENKCkADigpAA8oKQAQKCkAEUkBkb0GEkgB0RQTSAGyAgAUKC
238=kAFUkBslQORQMWSAHNGxdIAdkGGEkB4VQDAQkAABnIAQEKAAAaSQGwuQYbSQGiqQEcKCkA
239=HSgpAB4oKQAfKCkAICgpACFJAaSlCCJIAdEJI0kBprUCJEkBEUgBXUAlyAEBAwAAJkgBQB
240=NpACcoKQAoKCkAKSgpACpIAc0bK0kBhnEGAF2DMaEBAFyDJykALkEEsVQNSQMvSAFYAGkA
241=MCgpADEoKQAyKCkAM0gBxSk0SQGRcwYAADVIAcUpNkgBsAJcgye1ATgoVQA5KCkAOigpAD
242=soKQA8KCkAPSgpAD4oKQA/KCkAQCgpAEEoKQBCSQGSsRBDSAGmAQBEaAFQK1kBRUgB3WJG
243=SAFGAgAAfINcFWMEAQBI9AJ+gzEAmBx+gzEAmBx+gzEAmGl+gzEA0XdNWAaHawIATkkBkG
244=MLAgBPSQGFqQFQSQGLqQFRSAGblQIAUkkBIrUCU0gB3XhUSQEHuRFVSAHFl1ZIAcEEV0gB
245=wQRYSAHBBFlIAZNAAgBaSAHdFVtIAZR7foMxAIAEf4MxAINgD3+DMQCJqQFfTAWTFAEAYE
246=gBlw0AAGFIAYwbfoMxAN2vY1QCdAZNAGQoKQBlKCkAZigpAGcoKQBoSQGutU9pSAF8g0Ud
247=asgBWV5rSAFMCmkAbCgrAAsAMmQCbQAMKCkADSgpAA4oKQAPKCkAECgpABEoKQASKCkAEy
248=gpABQoKQAVKCkAFkgBxUoXSQG4ZxAAABjIAUEZGUgBYYgNdIYnkQIbVQKrVANZBRxIAc1+
249=HSgpAB4oKQAfKCkAICgpACEoKQAiKCkAIygpACRJAaapDCVIAUQNaQAmKCkAJygpAChIAY
250=tZAAApSAGbPQAAKkgBk0AAACtIAYBGdIYnFQMtVAJwCk0ALigpAC8oKQAwKCkAMSgpADIo
251=KQAzKCkANCgpADUoKQA2KCkAN0gBm1MAADhIAYNnAAA5KCkAOigpADsoKQA8KCkAPUkBh1
252=AVSQA+SAFYAGkAPygpAEAoKQBBKCkAQigpAEMoKQBEaAFMU0kIRUkBjlwASYVGSAGQd3aG
253=MgAjrCF2hjIAlAJ2hjIAyXpKTAWPaAEAS0gBxXZMKCkATSgpAE5IAd14T0gBlw0CAFBIAd
254=0KUUkBLWwQdoYyAIByIlchMgAEcxQBAFRABMmbVUkB/mtDAQBWSAHBBFdIAcEEWEgBI5Mj
255=AQBZSAGAXHaGMgDdFVtUAogMd4YyAIxgD3WGMrigdIbPBQAAX00FCW0QAFSGxBN1hjK0p3
256=SG2AYiVCEncQlkWAZ4Ck0AZSgpAGYoKQBnSQGsdxgAAGhJAaWpAWlIAXSGAQQAAGrIAQEF
257=AABrSAFACWkAbCgpAG0oKAACCgAzAPRYA00FC8gBAQYAAAxIAVACaQANKCkADigpAA8oKQ
258=AQKCkAESgpABJJAa6lExNIAWQJTQAUKCkAFSgpABYoKQAXSAFsiVkmGMgBTZ8ZSAFUB2kA
259=GigpABtIAScuETMAJywRJykAHkAE1QIfKCkAICgpACEoKQAiKCkAIygpACRIAd0rJUkBk2
260=QQIgUiM6EBAFhCJykAKEAE2QIpKCkAKkgBmEhsiSetACxUAs0FLSgpAC4oKQAvKCkAMCgp
261=ADFIAcWBMkgByXozSAHRCTQoKQA1SAHNBTZJAYWlBDdIAcmbOCgpADkoKQA6KCkAOygpAD
262=woKQA9KCkAPkgB3Qo/SAHZEUBIAbINAEEoKQBCKCkAQ0gBn20AAERIAZ9tAABFSAGDJQEA
263=RkgBlAJuiTMAly4CAEhUAiWBIUlIAZRwIgYiMwDdeEtUApO5AQBMSAGTuQEATUkBi38RAQ
264=BOSAHdCk9IAZQNbYkzJuEiUVQC3QpSSAHNflNIAZQCbokzAJsGAQBVVAKYEW2JM7+OAQBX
265=VQKOtQ1YSAHBBFlIASNDJAEAWkgB0QlbSAGENG2JM+GIXVQCgw8AAF5IAYwFbokzAM0mYF
266=QCZAxNAGEoKQBiKCkAYygpAGQoKQBlSAHFCGZIAVQHaQBnSQGvuXRoSQGlqQFpSAFsiUWB
267=askBB2yJJ/0KbFQCeAdNAG0oKQBuKCsACQA0TAOJAApIAWSMAQkAAAvJAQpljDScjgELAA
268=ANVAKHBQAADigpAA8oKQAQSAHBnhFIASXNMBJIAdV7E0gByf4USAHRCRVJAbChGhZIAcEE
269=F0kBCbUCGMgBVQEZSAHZBhooKQAbSAHVIxxIAdUNHSgpAB4oKQAfKCkAICgpACEoKQAiKC
270=kAIygpACQoKQAlSAHNGyYoKQAnSAHJFyhIAdEUKSgpACooKQArKCkALCgpAC0oKQAuKCkA
271=LygpADAoKQAxSQGMrQwySAHJhTNJAYW1AjQoKQA1SAHBBDYoKQA3KCkAOCgpADlJAYilCD
272=ooKQA7SAHFCDwoKQA9KCkAPigpAD9JAYalCEBIAaQBRIwnnQlCVAKbfwAAQ0gBzQVESAGU
273=cGaMNAAjKSEARYw0rH5mjDQAlPQitCLDBAEASVkGj2wMZ4w0ACZoASK3IjQAAUnTAGSMJy
274=kATUwFI2QjZIwnXQFPVALdClBIASWRI1EoKQBSSAGXewEAU0gBlJxljDRQyngNRow0AJsG
275=AABWQATJF1dIAcmQWEgByYVZSAHNBVpIAc0FW0gBzQVcSAHNBV1IAYAPZYw0JOczAABfVA
276=IlpStgSAGEECK0Iid9BWIoVQBjKCkAZEgBk5gAAGVIAdU5ZkgBk64AAGdIAdEJaEkBsVBt
277=WQFpSQEFqQFqyAFVAWtIAVADaQBsKCkAbSgpAG4oKQBvKCsACAA1aAZtAAkoKQAKKCkAC0
278=gBaZAOfY41nY4Pf441APVQBkEPDkAERAFpAA8oKQAQSQGrVANZAhFIAdl/EigpABNJAamh
279=BBRIAVwEaQAVKCkAFkkBraEEF0gBfI5ZRxjIASNkIyfpAhpUAngHTQAbKCkAHEgBzRAdSA
280=HNEB4oKQAfKCkAICgpACEoKQAiKCkAIygpACQoKQAlKCkAJigpACcoKQAoSQGmtRgpSAFA
281=FGkAKigpACsoKQAsKCkALSgpAC4oKQAvKCkAMCgpADFIASfdETUkCT4AWMknKQA0QATRSz
282=UoKQA2KCkANygpADhJAYZoFCKXNDUAsqkXOlQCsgIAO0gB1Q08SAHdCj0oKQA+SAHZlT9I
283=AcEEQEgB2aBBSAElvSNCSAHdCkNIAd0KREgBwQRFSAHJkEZIAc1zR0gBhIx8jlBAXEJZik
284=lVApB0CX+ONQCLqQFLVAKQd3+ONQAgdAIiZSM1JtkhTkEEkbUCT0gBkxQBAFBJAYm1AlEo
285=KQBSSAGcCn2ONfGNVFQC0YJVSAGEE32ONb+kAABXVAKfmQAAWEgBzQVZSAHNBVpIAdkcW0
286=gBzQVcSAHNBV1IAZAUfY41JLwjfI5QH3MUAABgQASmAQBhKCkAYkgB2QZjSAGDGgAAZEgB
287=2TJlSAHZPWZIAcUIZygpAGgoKQBpSAF8jlUtasgBVXBrSAHZBmwoKQBtKCkAbigpAG8oKQ
288=BwKCsABwA2wggACCgpAAkoKQAKKCkACygpAAxIAWmQBHWRNpWRBSIUJKgBAQYAAA9ABMEL
289=EEkBr6lZEUkBp6kBEkkBqakBE0gBzQUUKCkAFUkBj7kCFkkBsa0FF0gBfCBBAxjIAUEDGU
290=kBsFwAVQIaSQGqqQEbSAFEAmkAHEkBq7UCHUgBJzUSNib1NR8oVQAgKCkAISgpACIoKQAj
291=KCkAJCgpACUoKQAmKCkAJygpAChIAcUeKUgBeBJNACooKQArKCkALCgpAC0oKQAuKCkALy
292=gpADAoKQAxSQGQUApJADJIAd1MMygpADQoKQA1KCkANigpADcoKQA4SQGKRAlJADlIAVgA
293=aQA6KCkAO0gB1YY8SAHVDT1IAdVaPkgBbAZNAD9IAcUTQEgBzQVBKCkAQkgBmH8iFSQ24a
294=lEVALNBUVJAYtECUkARkgBIz80AABHSQGSSQIAdZE2rH4iFiQ2AJ94AQBKQAQlCTNLSAGI
295=enWRNuGITVQCJQUiTkgB1ZxPSAHdClBIAZOYAABRSAGfCgAAUigpAFNIAZ8KAABUSQGNex
296=EAAFVIAd0gVkgBsAJVkTYmFUVYVQKJuQJZSAHZHFpIAdUCW0gBxR5cSAGqBQBdKCkAXigp
297=AF8oKQBgKCkAYSgpAGIoKQBjKCkAZEgB2TJlSAHZPWZIAdUNZygpAGgoKQBpSAF0cFl/as
298=gBWX9rSAHZBmwoKQBtSAHdeG5JAa61cG9IAc0FcCgpAHEoKwAGADfeAwAHKCkACCgpAAko
299=KQAKKCkACygpAAwoKQANSAF5lQltlDeZlQpslKgBAQsAABBABNkNESgpABIoKQATKCkAFC
300=gpABVIAcVgFkkBh6kIF0gBdCNNtRjIAU21GUgBvgMAGigpABsoKQAcSQGvtSMdSAEnjRI3
301=KIwSJykAICiBACEoKQAiKCkAIygpACQoKQAlKCkAJigpACdJAaWhDyhIAdEUKSgpACooKQ
302=ArSAEjxC8iXFknhQYtVALZBi4oKQAvSAHZPTBIAcEEMSgpADJIAdknM0gBxWA0KCkANSgp
303=ADYoKQA3SAHFVThIAd0KOSgpADooKQA7SAHJDDxIASVtJD1IAc1zPkgBxQg/KCkAQEgB2Q
304=ZBSAHFE0IoKQBDKCgAB0QANwCGAAAAAAARAAChDgAgBABFADcAAACBAEZJASSGAQBHSgEJ
305=Ao0BSEkBKIYBAElJAZNrAQEASkkBJ2sBAABLSQEHrQVMSQEjtQJNSQGPqQFOSAHdCk9IAd
306=0KUEgBzQVRSQGRrQVSSQGJqQFTSQGFqQFUSQGDqQFVSQGKqQFWSgGwAY0BV0kBqqkBWEgB
307=jwIAAFlJAZKtAVpIAaYBAFsoKQBcKCkAXSgpAF5JAa6xCV9IAdkGYCgpAGEoKQBiSAHZHG
308=NIAc0FZEkBsqUIZUgB1QJmKCkAZygpAGgoKQBpSQEFWAYBBgAAasgBAQcAAGtIAdkRbEgB
309=0QltSQGOrQFuSQGvWAZVAW9IAd0gcEgBRAJpAHEoKQByKCsABQA4cANtAAYoKQAHKCkACC
310=gpAAkoKQAKKCkAC0kBrqEPDEgBZAlNAA0oKQAOSQH1SAIBDgAAD8gBAQ8AABBJAfZUAkUH
311=EUgBRAFpABIoKQATSAHdQRRIAd1BFUgB0UAWSQGGcwYAABdIAWwmAQQAABjIAQEFAAAZSA
312=G+AwAaSAGTVgAAG0gB1QIcKCkAHUgB2SceSQGiWBJRBB8oKQAgKCkAISgpACIoKQAjKCkA
313=JCgpACUoKQAmKCkAJygpAChJAaa1DSlIAVAOaQAqKCkAKygpACwoKQAtKCkALkgBxWAvSQ
314=GpsQkwSAHZJzFIAc1oMkgB2SczKCkANCgpADUoKQA2SQGKcREAWEUnlQg4VAKyAgA5KCkA
315=OigpADtJAZKlBDxIAaYBAD1JAY6tAT5IAaYBAD8oKQBASQGMuQJBSAHRFEIoKQBDKCkARC
316=gpAEVJAYe5BkZIAaQBRJcnvQJIVALdjklIAd2OSkgB3Y5LSQGNvQZMSAHBJU1IAdEfTkgB
317=vgMATygpAFAoKQBRKCkAUigpAFNJAZC9BlRIAdEJVUgBsgIAVigpAFcoKQBYKCkAWSgpAF
318=ooKQBbKCkAXCgpAF1JAaylP15JAaWpAV9IAdleYEgBwQ9hKCkAYkgB0TVjSAHBBGQoKQBl
319=KCkAZigpAGcoKQBoSQGPvQZpSQEEoQ9qyAFVAWtJAatcAE0EbEkBqqkBbUkBjEgCSQBuSA
320=HJOG9IAUQCaQBwKCkAcSgpAHIoKQBzKCkABEhRbAZNAAUoKQAGKCkABygpAAgoKQAJKCkA
321=CigpAAtIAd0VDEkBpL0VDUgB2XQOSAFEDWkAD0gBcJhdjhDIAV2OEcgBRbgSSQGwpQgTSA
322=HRCRRIAd0gFUkBkGsJAAAWSQGKqQEXSAF8mUUIGMgBTcAZSQGwsQkaSQGqqQEbSAG2BgAc
323=KCkAHSgpAB5JAa+tBR9JAaepASBIAdWcISgpACIoKQAjKCkAJCgpACUoKQAmKCkAJygpAC
324=hIAdVPKUgBxRMqKCkAKygpACwoKQAtKCkALigpAC8oKQAwKCkAMUgBzUcySAHJhTMoKQA0
325=KCkANUkBhrEQNkgBpAFdmTnEAVJIOQDdpDlBBIu9AjpIAaYBADsoKQA8SAHJhT1IAd0KPk
326=gBzQU/SAHBBEBIAcUTQSgpAEJJAYixBUNIAcEERCgpAEUoKQBGSQGHrQVHSAGmAQBISAHJ
327=DElJAYm5AkooKQBLSAHJDExIAdEUTUgBqgUATigpAE8oKQBQKCkAUUkBj7EFUkgBpgEAUy
328=gpAFRJAa65SFVIAcEEVigpAFcoKQBYKCkAWSgpAFpIAdUYW0gB1S5cSAHRCV1JAaupDF5J
329=AampAV9IAcEEYCgpAGEoKQBiKCkAYygpAGQoKQBlKCkAZigpAGdIAdkRaEgBzSZpSAF9mQ
330=IiJiY5AGkBAyInJjkAsbkRbEAE2RFtSAHNUm5IAcE7b0kBi6UEcEgBpgEAcUgB1Q1ySAHN
331=PHNIAcEEdCgrAAMAOtICAAQoKQAFKCkABigpAAcoKQAIKCkACSgpAApJAaypFwtIAdl/DC
332=gpAA1IAdF3DkgBxQ8PKCkAEEgBYJ4BCQAAEcgBAQoAABLIAQELAAATSAHVIxRJAb6pCBXI
333=AU0PFkkB6bUCF0kBy6kBGMgBQQQZSQHntQIayAFVAhvIAU0xHEkB66EEHcgBQQQeyAFBBB
334=9IAb4DACBJAa9UA1kBIUgBxR4iKCkAIygpACQoKQAlKCkAJigpACcoKQAoSAHNUilIAVgL
335=aQAqKCkAKygpACwoKQAtKCkALigpAC8oKQAwKCkAMUkBjHcKAAAySAHFSjMoKQA0KCkANU
336=gB0VY2SAG0BlScJ+0IOChVADkoKQA6KCkAOygpADxJAZCpCD1IAc2JPkkBhbUCP0gB2RFA
337=KCkAQUgBzRBCSAGqBQBDSAHRCURIAdkGRSgpAEYoKQBHSAHJDEhIAdEJSUgB0QlKKCkASy
338=gpAExJAY6lBE1IAaQBVJwn8QNPVQKPuQJQSAGmAQBRSAHZBlJIAdUCU0kBsKFGVEgBzTxV
339=SAHBBFYoKQBXKCkAWCgpAFlJAZGxBVpJAYqpAVtIAaYBAFxIAckMXUgByQxeSAHBBF8oKQ
340=BgSAHJhWFIAcmFYkgBzQVjKCkAZCgpAGUoKQBmKCkAZ0gBxUpoSAHdK2lIAWmbBHWcOpWc
341=BXScJ/kEbEAEzRBtSAHJOG5IAcUIb0gB2RFwKCkAcUgB1Q1ySAHZBnNIAdUYdEgB2QZ1KC
342=kAAkDu1QIDKCkABCgpAAUoKQAGKCkAB0gB0RQISAHJDAlJAay1OQpIAdl/CygpAAwoKQAN
343=SAHNMQ5IAc0QDygpABAoKQARSAF5oA5unzsAaQEPb587ANBcBkEOFEAEaAFVkRVIAXigSc
344=cWSAFsn0EEF0gBbJ9BBBjIAUEEGUgBbJ9JARrIAVkyG8gBWTIcSAFsn0EEHcgBQQQeyAFB
345=BB9IAUgQaQAgKCkAIUkBq1QOWQIiSAHdICMoKQAkKCkAJSgpACYoKQAnSQGlpQgoSAFACW
346=kAKSgpACpJAbKhBCtIAXQDTQAsKCkALSgpAC4oKQAvSAHNczBIAUgGaQAxSQGMYAFunzsA
347=zUczVALJATRIAcGTNUgBwVE2SAG0Bk6fOwDdQThVAoW5AjlJAYupATpIAaQBQgE7AM0QPF
348=AB1QI9KCkAPkkBkLkCP0gBzRBAKCkAQUgBwX1CSAGoBU2fO8YBAERUAsEaRUgBxQhGKCkA
349=RygpAEhIAcEaSUgByQhKKCkAS0kBjbkCTEgBzQVNSAGwAkyfJ+EBT1UCjLkCUEkBiakBUU
350=kBiqkBUkgBpgEAUygpAFQoKQBVKCkAVkgBwQ9XSQGHvQZYSAGmAQBZKCkAWigpAFsoKQBc
351=KCkAXUkBkb0GXkgBxTRfKCkAYEgBwSVhSAHdFWJIAbYGAGMoKQBkKCkAZSgpAGYoKQBnSQ
352=GQvQZoSAHNJmlIAW2fBm2fO42fB2yfJ/kEbEAE2QZtSQGIpQhuSAHZEW9IAbICAHAoKQBx
353=SAHZBnJIAdkGc0gB2QZ0SAHZBnUoKQB2KCsAAQA83gMAAigpAAMoKQAEKCkABSgpAAZIAd
354=EqB0gB2ScISAHFHglJAa+5dApJAaepAQsoKQAMSQGptQINSAHREA5JAZOtAQ9IAaYBABAo
355=KQARKCkAEkgBbJ9NlBPIAU2UFMgBTZQVSQGwqQwWSAElUTwXSQGqtQIYSAHJDBkoKQAaSA
356=HVTxtIAcFGHEkBi7EFHUgBpgEAHigpAB8oKQAgKCkAIUgB3SAiSAHdICMoKQAkSAHdpCUo
357=KQAmSAHNBSdIAcElKEgBwQ8pSAHRFCpJAYe5AitIAaYBACwoKQAtSQGPuQIuSAGmAQAvSQ
358=GSrQEwSAGmAQAxSAHdeDJIAcE7M0gBwTs0SAHNBTVJAY6tATZIAaQBR6I8AJCtAThVAoqp
359=ATlIAaQBSPAnyQk7VALNEDxIAcEEPUgB3RU+SAHVAj9IAcUTQEgB2RFBSAHBBEIoKQBDKC
360=kAREgB2QZFSAHJZEZIAc0bRygpAEgoKQBJSAHFP0ooKQBLSAHZBkwoKQBNSAHBME5IAdkR
361=T0gBzRtQSAHVAlEoKQBSKCkAUygpAFQoKQBVKCkAVkgB1RhXSAHRH1hIAd0KWUkBrLVaWk
362=kBqqkBW0gBwQRcKCkAXSgpAF5JAYylBF9IAc0bYEgByQxhSAG+AwBiKCkAYygpAGQoKQBl
363=KCkAZigpAGcoKQBoSAHJImlJAbOhC2rIAUkWa0gBsgIAbCgpAG0oKQBuKCkAbygpAHAoKQ
364=BxKCkAcigpAHMoKQB0KCkAdSgpAHYoKQB3KCsAAgA91hEAAygpAAQoKQAFKCkABigpAAdI
365=AcVgCEgB0SoJSAHBiApIAcELCygpAAwoKQANKCkADigpAA8oKQAQKCkAESgpABJJAa5YKE
366=0LE0gBcKNZzBTIAQEIAAAVSQHFVANNBBZJAbFcAFUBF0gBWABpABgoKQAZKCkAGkgB1UQb
367=SQGKZwUAABxIAaYBAB0oKQAeKCkAHygpACAoKQAhKCkAIigpACMoKQAkSQGvpRMlSAHNny
368=ZIAdUNJygpACgoKQApSAHRFCpIAd1XK0gB2QYsSAHJpi1IAcEELkgBwQQvKCkAMCgpADFI
369=AdU5MkgB1TkzKCkANEgByYU1SAHVIzZIAd0KNygpADgoKQA5KCkAOigpADsoKQA8SAHdFT
370=1IAcEPPkgB1Q0/SAHVAkBIAcmbQUgBwQRCKCkAQygpAERIAdEfRUgB0RRGSAHZJ0dIAdEJ
371=SEgByQxJKCkASigpAEsoKQBMKCkATUgB3SBOSAHJDE8oKQBQKCkAUSgpAFIoKQBTKCkAVC
372=gpAFUoKQBWSAHdFVdIAdUNWEgB1Q1ZSAHBXFpIAdUCWygpAFwoKQBdKCkAXkgB2T1fSAHR
373=H2BIAckiYUgB3XhiSAHdCmMoKQBkSAHVcGVIAcEEZkkBrLVaZ0kBqqkBaEkB2KUEacgBQQ
374=NqSAFxowMijCgnCRJsVAKqBQBtKCkAbigpAG8oKQBwSAHVDXFIAdUNckgBxQhzKCkAdCgp
375=AHVIAdkGdkgB2QZ3SAHZBngoKwADAD7SAgAEKCkABSgpAAYoKAAEBwA+AAAAABEAAI4OAC
376=AGAAAAAAgAPgCSXABLAAkAPlQAiQAKKCkACygpAAwoKQANKCkADigpAA9JAY2CCAAQSQGH
377=qQERSAGmAQASSgGvAZEBE0kBpqkBFEkBxVACAQIAABXIAQEDAAAWSAFQAmkAFygpABgoKQ
378=AZKCkAGkgB1RgbSAFsBk0AHCgpAB0oKQAeKCkAHygpACAoKQAhKCkAIigpACMoKQAkKCkA
379=JSgpACYoKQAnKCkAKEkBkUwRSQApSQGIXABJACpJAYpcAEkAK0gBWABpACxJAYxjAQAALU
380=kBhqkBLkgBpgEALygpADAoKQAxKCkAMkgBxQgzSQGDvQY0SAHRCTVJAbK1LjZIAb4DADco
381=KQA4KCkAOUkBk6UEOkgBpgEAOygpADxIAdUNPUgB1Q0+SAHZHD9IAdkcQEgBxQhBSAHZBk
382=JIAdkGQygpAERIAd0VRUgB2QZGSQGSrQFHSAGmAQBISQGQrQFJSAHRCUooKQBLKCkATEgB
383=3QpNSAG2BgBOKCkAT0kBj7kCUEgBpgEAUUgB1VpSSAHVWlNIAcEEVCgpAFVIAdk9VkgB0R
384=9XSAHNBVgoKQBZKCkAWigpAFsoKQBcKCkAXSgpAF4oKQBfSAHJImBIAckMYSgpAGIoKQBj
385=KCkAZEkBr7FAZUkBpKkBZkkBqakBZ0kBzVQJVQFoyAFNc2lJAdhUAk1zakkBrlQDVQFrSA
386=FYAGkAbCgpAG0oKQBuKCkAb0kBsLkGcEkBpakBcUgBeAdNAHJIAcktc0kBi0gCSQB0SAFY
387=AGkAdUkBsbkGdkgBaAJNAHcoKQB4KCkAeSgrAAQAP1gEiQAFKCkABigpAAcoKQAIKCkACS
388=gpAAooKQALKCkADEkBkZoKAA1JAYmpAQ5JAYWpAQ9IAc1SEEgB1U8RSAG8A0SiJ2UCE1UC
389=ra0bFEkBBKkBFcgBVQEWSAHZBhcoKQAYKCkAGSgpABooKQAbKCkAHCgpAB0oKQAeKCkAHy
390=gpACAoKQAhKCkAIkgBxT8jSAHZESQoKQAlKCkAJigpACcoKQAoKCkAKSgpACooKQArKCkA
391=LEkBkK0MLUgB2WkuSAGwAkSiJ/kEMChVADFJAY2lBDJIAcEwMygpADRIAc0xNUgBqgUANi
392=gpADdIAcUIOEgBzX45SAHNBTooKQA7SAHNBTxIAdUNPUgByQw+SQGyXDdJBz9IAVgAaQBA
393=KCkAQUgBJ0YUPwDFCENUAskBRCgpAEVIAd1iRkgBZAlNAEdIAc21SEgBRAJpAElIAd0KSk
394=gB0QlLSAHBtExIAdEqTUgBbAZNAE4oKQBPSAHBMFBIAcFcUUgBxQhSSAHFCFNIAVQHaQBU
395=KCkAVSgpAFYoKQBXKCkAWCgpAFkoKQBaKCkAW0gB3StcSAHRH11IAdEqXkgBdA5NAF8oKQ
396=BgKCkAYSgpAGIoKQBjKCkAZCgpAGVJAbGxNWZIAXigQZ5nyAEBBAAAaMgBAQUAAGlJAbCt
397=BWpJAaWpAWtIAUgRaQBsKCkAbSgpAG5IAdE1b0gBYAVNAHBIAcEPcUkBkUgCSQBySAHdK3
398=NIAUQCaQB0KCkAdUgB1SN2SAHFVXdIAWAFTQB4KCkAeSgpAHooKwAFAEBYBIkABigpAAco
399=KQAIKCkACSgpAAooKQALKCkADCgpAA0oKQAOSAHBUQ9IAcFREEgByWQRSAGFEABEoic5Ah
400=NVArGxKhRIAWSiXdAVyAFZMhZIAdkGFygpABgoKQAZKCkAGigpABsoKQAcKCkAHUgBxUoe
401=SAHdCh8oKQAgKCkAIUgBxT8iSQGpsRQjSAHZBiQoKQAlKCkAJigpACcoKQAoKCkAKUkBj6
402=kIKkgBpgEAKygpACwoKQAtKCkALigpAC8oKQAwKCkAMUkBkLUJMkgBwTAzKCkANCgpADVJ
403=AYWtBTZJAYmpATdIAdkGOEgB3TY5SAG+AwA6SAHBUTtIAc0FPCgpAD1IAdkGPkgB2QY/KC
404=kAQEgBxQhBSAHFCEIoKQBDKCkAREgB0QlFSAHRCUYoKQBHKCkASCgpAElIAcFRSkgBxWtL
405=SAHFCExIAd3bTUgB1QJOSAHFdk9IAdUCUCgpAFEoKQBSKCkAUygpAFQoKQBVKCkAVigpAF
406=coKQBYKCkAWSgpAFooKQBbSQGSsRBcSAGmAQBdKCkAXigpAF8oKQBgKCkAYSgpAGIoKQBj
407=KCkAZCgpAGVIASLcJ1kMZsgBWV1nSAFxowdmokAAaQEIZ6JAAPRABUEEakAE0XdrSAFQAm
408=kAbEgBzTxtSAHZlW5IAXQDTQBvKCkAcCgpAHEoKQByKCkAcygpAHQoKQB1SAHNPHZIAdlI
409=d0gB1Q14SAFEDWkAeSgpAHooKQB7KCsABgBBfARtAAcoKQAIKCkACSgpAAooKQALKCkADC
410=gpAA0oKQAOSAHBcg9IAdXpEEgBzVIRSAF0Dk0AEigpABMoKQAUSAFkoknSFcgBSdIWSAFI
411=BmkAFygpABgoKQAZKCkAGigpABtIAcFcHEgBeAdNAB0oKQAeKCkAHygpACAoKQAhKCkAIi
412=gpACMoKQAkKCkAJUgB1Q0mSQGsVEVVDSdJAaqpAShIAUQCaQApSQGMYwEAACpIAck4K0gB
413=sgIALCgpAC0oKQAuKCkALygpADAoKQAxKCkAMkgByQwzSAHBRjQoKQA1SAHRjTZIAcEPN0
414=gByTg4SAHBBDlIAcEEOkgB3Qo7SAHdCjwoKQA9SAHZBj5IAdkGP0kBka0BQEgB2QZBKCkA
415=QigpAEMoKQBEKCkARUgBxbhGSAElxSRHSAG6CgBIKCkASUgBzYlKSAHBBEtJAaytMUxJAa
416=mpAU1IAcEETigpAE8oKQBQKCkAUSgpAFIoKQBTKCkAVCgpAFUoKQBWSAHdg1dJAYm5DVhI
417=AcEaWUgBwRpaSAG+AwBbKCkAXCgpAF0oKQBeKCkAXygpAGAoKQBhSAHNUmJIAd0KYygpAG
418=RJAbi5AmXIAVUiZkgBcKMBAwAAZ0gBycdoSAF4oE1zacgBTXNqyAEBBgAAa0gBzTxsSAHZ
419=f21IAd1BbkgBsg0AbygpAHAoKQBxKCkAcigpAHNIAc0QdEgBxQh1SAHFVXZIAdUNd0kBiq
420=UEeEgBpgEAeSgpAHooKQB7KCkAfCgrAAcAQtYGAAgoKQAJKCkACigpAAtIAcVKDEkBpkwn
421=TQcNSAFYAGkADigpAA8oKQAQKCkAESgpABIoKQATKCkAFEgBZKJdKxXIAVXTFkgBfAtNAB
422=coKQAYSAHBJRlIAVADaQAaKCkAGygpABwoKQAdKCkAHigpAB8oKQAgSAHdVyFIAcVVIkgB
423=fAtNACMoKQAkKCkAJSgpACZJAbG1IydIAUgGaQAoKCkAKUgB1TkqSAHVOStIAdVlLEgBwQ
424=8tSAF4B00ALkkBkVwASQAvSAHNBTBIAc2qMUgBUANpADJIAckMM0gByQw0SAHVkTUoKQA2
425=SAHFCDdIAXgHTQA4SQGMXABJADlIAdF3OkgBxQg7SAHdCjwoKQA9KCkAPkgB1Rg/SAFACW
426=kAQEgB3QpBSAHRCUIoKQBDSAHdCkQoKQBFSQGGfwcAAEZIAaYBAEcoKQBIKCkASSgpAEoo
427=KQBLSQGxuTJMSAHFCE0oKQBOKCkATygpAFBIASVBL1FIAdkGUigpAFMoKQBUKCkAVUkBkb
428=EFVkgByRdXSAHRVlhIAdm2WUkBrKUTWkkBpqkBW0gBoggAXCgpAF0oKQBeKCkAXygpAGAo
429=KQBhKCkAYigpAGMoKQBkSAFkogECAABlyAFZoGZJAbCtEGdJAaepAWhJAaqpAWlIAXCjAQ
430=kAAGrJAQplokIj5CgBCwAAbFQCyRdtSQGOrQFuSAGkAUSiJ90RcFQC0R9xSAElLVNyKCkA
431=c0kBpaEPdEgBxQh1KCkAdigpAHcoKQB4KCkAeSgpAHooKQB7KCkAfCgpAH0oKwAIAEPSDQ
432=AJKCkACkgB1SMLSQGipRMMSAHBJQ1IAdUYDkgBzSYPSAHVCRAoKQARKCkAEigpABMoKQAU
433=SQEFqQwVyAFVARZIAdEJFygpABhJAbFUA0UDGUgBWABpABooKQAbKCkAHCgpAB0oKQAeKC
434=kAHygpACBIAcVVIUgBcApNACIoKQAjKCkAJCgpACUoKQAmKCkAJygpAChIAcVrKUkBIVAK
435=SQAqSQEDQFJJASsoKQAsSQEBtQItKCkALigpAC9JASJMBkkAMEgByU4xSAFEAmkAMigpAD
436=MoKQA0SQGQewMAADVIAdWRNigpADdJAYWhBDhIAcEEOSgpADpJAYqhBDtIAaYBADwoKQA9
437=KCkAPigpAD9IAdnMQEgB3QpBKCkAQkkBhrUJQ0gBpgEARCgpAEVIAdkyRkgBwQRHKCkASE
438=gBxWtJSQGqqUNKSAHNBUsoKQBMKCkATSgpAE4oKQBPSAHdFVBIAcUTUUgB0QlSKCkAU0gB
439=JSUmVEgBwQRVSQGurRBWSAHJF1dJAau1AlhIAcFnWUgBxWtaKCkAW0kBpq0FXEkBkaELXU
440=gBzeFeSAHRNV9JAYehBGBIAaYBAGEoKQBiKCkAY0gBxRNkSQEJqQxlyAFVAWZIAcUIZygp
441=AGgoKQBpKCkAakgBcaMOZaJDhaIPZ6JDAPVICFEJbUAE0R9uSAFQAmkAbygpAHBIAckicU
442=gB3SByKCkAc0kBpUQJXQZ0SAHJLXVIAUQCaQB2KCkAdygpAHgoKQB5KCkAeigpAHsoKQB8
443=KCkAfSgpAAlcT3wLTQAKKCkAC0kBsbkRDEgBUANpAA1IAdUCDkgBaAJNAA8oKQAQSQGyuQ
444=YRSAFQA2kAEigpABNIAcEEFEgBeKBFgBXIAUHVFkgBbAZNABcoKQAYKCkAGSgpABooKQAb
445=KCkAHCgpAB0oKQAeKCkAHygpACAoKQAhKCkAIigpACMoKQAkKCkAJSgpACZIAc1oJ0kBhV
446=wWSQAoSQGGXABJAClJAQBMHEkBKkgBjwUBACtIAYtZAQAsSAEIIQAAAAABAC0ARAARAABT
447=DwAgCQICAAAAAQAuAEQAIkQBAQABAC9JAQR3AgAAMEkBjHcCAAAxSQGHqQEySAGmAQAzKC
448=kANCgpADVJAZClBDZJAYOpATcoKQA4KCkAOUkBhqEEOkgBpgEAOygpADxJAZG5Aj1JAYmp
449=AT5JAYWpAT9IAckMQCgpAEEoKQBCSAHJDENIAbQGQQFExgEARVIBsgGVAUZIAYMBAABHKC
450=kASEkBsaEESUgBwQRKKCkASygpAEwoKQBNSQGNsQVOSAHdFU9JAYi1AlBJAYqpAVFIAaYB
451=AFIoKQBTKCkAVCgpAFVJAa+5EVZJAaSpAVdJAaKpAVgoKQBZKCkAWigpAFsoKQBcSAHFCF
452=1JAaalCF5IAck4X0kBhqkTYEgBpgEAYSgpAGJJAay5BmNJAaWpAWRJAQlIAUVJZcgBAQMA
453=AGZIAcUIZygpAGhIAcElaUkBi6UEakgBpgEAa0kB9UwBAQQAAGzIAQEFAABtyAEBBgAAbk
454=gBXANpAG8oKQBwSAHBJXFIAdUjcigpAHMoKQB0SQGqXBVJCHVIAVgAaQB2KCkAdygpAHgo
455=KQB5KCkAeigpAHsoKQB8KCkACkRNcApNAAsoKQAMKCkADSgpAA4oKQAPKCkAECgpABEoKQ
456=ASKCkAEygpABRJAQVAGk0mFcgBTSYWSAFcD2kAFygpABgoKQAZKCkAGkgB2TIbSAHZfxxI
457=AXgHTQAdKCkAHigpAB8oKQAgKCkAIUkBj0wGSQAiSAFYAGkAIygpACQoKQAlSQGRewMAAC
458=ZIAdVlJygpAChJAYqhBClJAQBQTFUBKkgBk1YBACtIAYMEAQAsSAGDBAEALWgBQAVZAS5J
459=AQV4BmOeRQAEaAFinkUAhAhinkUAwQ8yTAXdjjNIAdlTNEgBbAlNADUoKQA2SAHFCDdIAc
460=GTOCgpADlIAdlpOkgBVAdpADsoKQA8KCkAPSgpAD5IAd0KP0gB3QpAKCkAQSgpAEIoKQBD
461=SQGFYwwAAERIAckXRUgBsgIARigpAEcoKQBIKCkASSgpAEooKQBLKCkATCgpAE1JAYyhC0
462=5IAdkcT0gBsgIAUCgpAFEoKQBSKCkAUygpAFQoKQBVKCkAVkkBq1RaQQpXSAHJelgoKQBZ
463=KCkAWigpAFsoKQBcKCkAXSgpAF5JAaa9Cl9JAZJcC0kAYEgBWABpAGEoKQBiSQGvrQVjSQ
464=GlqQFkSAFgnlEFZcgBQQNmSAHNaGdJAYVUA0kAaEkBhlwASQBpSAFYAGkAaigpAGsoKQBs
465=SAFtnwlinkUAaQEKYJ6oAQELAABvQATVZXBIAdl0cUgBwSVySQGnTBFNDHNJAampAXRIAU
466=QCaQB1KCkAdigpAHcoKQB4KCkAeSgpAHooKQB7KCkAC0xKcApNAAwoKQANKCkADigpAA8o
467=KQAQKCkAESgpABIoKQATSQGPUApJABRIAWibQb8VyAEBBwAAFkgBUANpABcoKQAYKCkAGS
468=gpABpIAcVVG0gBi4UAABxIAXgHTQAdKCkAHigpAB9IAdU5IEkBiUAFSQAhSAHFCCJIAUQC
469=aQAjKCkAJEkBIW8CAAAlSQEDsY0mSQEBqQEnKCkAKCgpAClJASW5BipIAYQIaptGAIQIaZ
470=tGQApEBGmbRlwASwACAC5MBSdpE0ZEqFQCaptGANUNMUAEyQEySAGTCQAAMygpADRIASM3
471=KAAANUgBnwcAADYoKQA3SAHZJzhIAdWROSgpADpJAYe9BjtIAaYBADxIAck4PUgB1QI+KC
472=kAP0gB3QpASAHdCkFIAcmxQigpAENIAdUuREgB0QlFKCkARigpAEcoKQBIKCkASSgpAEpI
473=AcUTS0gB0QlMKCkATUgB3a9OSAHRd09IAc0FUCgpAFEoKQBSKCkAU0gByQxUSAHZBlVJAb
474=ChclZIAd2ZVygpAFgoKQBZKCkAWigpAFsoKQBcKCkAXSgpAF4oKQBfSAElsSdgSQGmoQ9h
475=SAHZEWIoKQBjSQGxoQRkSAFom1FVZcgBIy0nRvHlZ1QCxTRoSAHZMmlIAd0KaigpAGsoKQ
476=BsKCkAbUgBaZsOaZtGlZwPa5tGAPdICFkQcEAE1bJxSAHFE3JIAVwDaQBzKCkAdCgpAHUo
477=KQB2KCkAdygpAHgoKQB5KCkAeigrAAwAR3gLbQANKCkADigpAA8oKQAQKCkAESgpABIoKQ
478=ATSAHVGBRJAQZAG0ELFcgBVQEWSQGuXABVAhdIAVgAaQAYKCkAGUgByZAaSQGGewMAABtI
479=AaQBUJgnvQIdKFUAHigpAB9IAc0QIEgB2QYhKCkAIigpACMoKQAkaAFEQF0FJUgBiVkBVo
480=tHAMGTJ1QCJTk5KCgpAClJAR5MBgEAAQAqSAGcmXOYRwCRdwICACxUAoOpAgAtSQGLtQIu
481=SQEmaAEifiZHAMUIMFQCyQExSAGPlAEAMkgBkQkBUphHAIcIAQA0VAKECHGYR6imcZhHJK
482=M7AAA3QQSQawwAADhIAdGNOSgpADooKQA7SAHN9zxIAc0FPUgBlw0AAD5IAa4JAD9IAScS
483=E0cA0WFBVALBBEIoKQBDKCkARCgpAEUoKQBGKCkARygpAEgoKQBJSAGTHwAASkgB1Q1LSA
484=HVDUwoKQBNKCkATkgB0UBPSAHNBVAoKQBRKCkAUigpAFNIAdkGVEgB2QZVSAGfQQAAVkkB
485=q71XV0gB3ZlYKCkAWSgpAFooKQBbKCkAXCgpAF0oKQBeKCkAXygpAGBJAaW1DWFIAdkRYk
486=kB760BY8gBTQRkSQHKtQJlyAFVAmZIAbICAGcoKQBoKCkAaSgpAGooKQBrKCkAbCgpAG1I
487=Ad0gbkgBZZcEcZhHkJgBBQAAcNQCAQYAAHFJAZOlD3JIAaYBAHMoKQB0KCkAdSgpAHYoKQ
488=B3KCkAeCgpAHkoKwANAEjaCgAOKCkADygpABBIAc2JEUkBhbUFEkkBi6kBE0gBpgEAFEkB
489=BkAmRYAVyAFNwBZJAatUAlEEF0kBqqkBGEgBRAJpABlIAdFhGkkBimwCeJUnZQIcVAKyAg
490=AdKCkAHkkBsrEJH0gBwQQgKCkAISgpACIoKQAjSAHBMCRJAQBQFUkHJUkBjlwASZAmSAGX
491=AgEAJ0gBkx8CAChJAYtjBAIAKUgBnZkCWpVIAJ+ZAgArVAIjmCR5lUgkHCV4lScpAC5ABI
492=OTAgAvKCkAMEgBj5QCADFJASZoDHiV2AZ5lUi0kXmVSKeiAQA1TAWbEQEANkkBBrUYN0gB
493=YAhNADhIAcWXOUgB1ZE6KCkAOygpADxIAdHEPUgBVAdpAD5IAdWGP0gB2TJASAF0A00AQS
494=gpAEJIAc0xQ0gBUANpAEQoKQBFKCkARigpAEcoKQBIKCkASSgpAEooKQBLSQGwuT1MSQGm
495=qQFNSAFoDU0ATigpAE8oKQBQKCkAUSgpAFIoKQBTKCkAVCgpAFVIAZ1BAFuVSACrtQ1XVA
496=InuhJIAMkBWShVAFooKQBbKCkAXCgpAF0oKQBeKCkAXygpAGAoKQBhSAHZHGJIAXiVWTxj
497=yAFFa2RIAXiVVQJlyAFVAmZJAa69FWdIAUQjaQBoKCkAaSgpAGooKQBrSQGsuQZsSAHBD2
498=1JAZJ8ByLMJSdBDm9UAmWXCXmVSIWXCniVqAEBCwAAckAEtAZYlSfZAHQoVQB1KCkAdigp
499=AHcoKQB4KCsADgBJzgkADygpABBJAZC9AhFIAdlTEkgBsgIAE0gB3SAUSQEGTBtFrRXIAU
500=WtFkkBsVQCXQUXSAFYAGkAGCgpABlIAdEfGkgBdANNABsoKQAcKCkAHSgpAB4oKQAfSAGD
501=iAAAIEgBJbkzIUgBQAlpACIoKQAjSQGObwIAACRIAYiQIjI4SQCMECIcJVwgTD1NlCdABI
502=wFYJNUAngGYJNIAWAEYJNIAXUCA0CTJykALFgGh5cDAC1IAZeRAwAuKCkAL0gBl5EDADBJ
503=ASZkCGGTSSR3JQIAMlQCgwQCADNIAYAEYZNJoJ5hk0n5lTbgBCIdJUkmdSU4VAKHCAAAOU
504=gByTg6SAHNlDsoKQA8SQGGbxAAAD1IAaYBAD4oKQA/KCkAQCgpAEEoKQBCKCkAQygpAEQo
505=KQBFKCkARigpAEcoKQBISAHdYklJAaahRkpIAdkRSygpAExIAcVKTUgB2cxOSAHNBU8oKQ
506=BQKCkAUSgpAFIoKQBTKCkAVCgpAFVIAZ1BAEGTSShhEkn1kVhABCdgEidVAFooVQBbKCkA
507=XCgpAF0oKQBeKCkAXygpAGAoKQBhKCkAYkgBySJjSAHZHGRJAQehJWXIAVUBZkgB1SNnSA
508=HNBWgoKQBpSAHNJmpIAdUua0gBwRpsKCkAbUgBJZk6bkkBqlwLQQpvSAFYAGkAcEgBbZQO
509=YZNJjZQPY5NJAPZYA1kFc0AERAFpAHQoKQB1KCkAdigpAHcoKwAPAEpoBm0AECgpABEoKQ
510=ASSAHJFxNJAaVIDVEFFEkBBkgBAQYAABXIASM8SicxARdUAlwEaQAYKCkAGSgpABooKQAb
511=KCkAHCgpAB0oKQAeKCkAH0kBjHQKapBKANFsIVUCi7UCIkgBpgEAI0gBmIprkEoA/lwVRQ
512=MlVAKUhmmQSiY1SSdUAowFaZBKJIA3aJDABGiQ1AJpkEq/gwMALFgGI4A3aJDBBARJkEq3
513=hgQAL0EEJlUOAGmQSiR3JQMAMVQClYYDS5BKAB9gBGiQxwgCADTjBAIANUgBI7BeIm4kSg
514=CfrwEAN1QCn68BADhIASXFJDlIAWwJTQA6SAHVkTtIAcElPEkBhlQDSQA9SAFYAGkAPigp
515=AD8oKQBAKCkAQSgpAEIoKQBDKCkARCgpAEUoKQBGKCkAR0kBsKEwSEkBp6kBSUgBxUpKSA
516=FsEU0ASygpAExIAYceAABNSAHJF05IAVwEaQBPSQGysQlQSAFoAk0AUSgpAFJJAZFIAkkA
517=U0gB1URUSAFEAmkAVSgpAFZJAa+xCVdIAdl0WCgpAFkoKQBaKCkAWygpAFwoKQBdKCkAXi
518=gpAF8oKQBgKCkAYSgpAGIoKQBjSQGmuRFkSAFokFnhZcgBI2wkJ70NZ1QCdBlNAGhIAc0m
519=aUkBhkgCSQBqSAHNG2tIAc0bbCgpAG1JAam1DW5IAUgGaQBvKCkAcCgpAHFIAX2OBGmQSo
520=iQAQUAAHPUAlGCdEgBeAdNAHUoKQB2KCsAEABLTAOJABEoKQASSAHRFBNIAdkRFEgBcB9V
521=BRXIAV0UFkgBRAJpABcoKQAYKCkAGSgoAAkaAEsAAAAAAAAAABsRAADDDwAgAQBLAAChAB
522=woKQAdKCkAHkkBjaEEH0kBg6kBIEkBhqkBIUgBpgEAIkkBka0BI0kBiqkBJEoB/gGNASVJ
523=Af9rAQEAJkgBjwUCACdIAY8FAgAoSgEAAk8FAgApaAFEAQEAAwAqSAGHCAMAK0kBIXcCBA
524=AsSQEeqQEtSQElqQEuSQEmqQEvSQEiqQEwSQGTqQExSQEFawwDADJIAY8FAgAzSQEtYwQC
525=ADRJASOpATVJAQRvBQEANkkBjHcCAQA3SAGfFQEAOEkBBmMEAAA5SQGPYwQAADpIAaYBAD
526=tIAZsGAAA8SAHZJz1JAYelBD5IAaYBAD8oKQBASQGsYyUAAEFJAaqpAUJIAc0FQ0gB2TJE
527=SAHRCUVIAcEERigpAEcoKQBIKCkASUkBsb0KSkkBkb0GS0kBhakBTEkBiKkBTUkBiqkBTk
528=gBpgEATygpAFAoKQBRSQGwvQpSSQGqqQFTSAHZBlQoKQBVKCkAVigpAFdJAa+5BlhJAaKp
529=AVkoKQBaKCkAWygpAFwoKQBdKCkAXigpAF8oKQBgKCkAYSgpAGIoKQBjSQGloQ9kSQEHSA
530=EBBAAAZcgBAQUAAGZIAcEaZygpAGhJAYy5AmlIAclkakgBsgIAa0kBq1AJWQFsSQGpqQFt
531=SAFEAmkAbigpAG8oKQBwKCkAcSgpAHJJAfZQBgEJAABzyAEBCgAAdMgBAQsAAHVIAVwDaw
532=ARAEx4AG0AEigpABMoKQAUSAF4HFVZFcgBAQMAABZIAWwGTQAXKCkAGCgpABkoKQAaKCkA
533=GygpABwoKQAdSAHRVh5IAdFLHygpACBJAYpIDUkAIUgBgX0AW4pMAAFYElUCI1QCyQEkSA
534=GPfgAAJUkBHVUDAHqKTACYBniK2AZ5ikxQBEQEeIrABHiK1AJ6ikwAhAh4isMEBQAtXAqD
535=iAUALkkBJ0AIAQAEAC9IAZ+DBAAwSAGXAgMAMUgBlAJ5ikxMmlAFeopMAJQCeopMAIuQAg
536=A1TAWUhnuKTACOSAVJFzdUApEJAFiK2AZ4isAEeIonCQc7TQWQeAZ6ikwAJ1gRJykAPkAE
537=0YI/SAGqBQBASQGxqU5BSAHVAkIoKQBDSAHdV0RIAc0xRUgBzQVGKCkARygpAEgoKQBJSQ
538=GPsQVKSAGkAVtQTACSrQFMKFUATSgpAE4oKQBPKCkAUCgpAFEoKQBSKCkAUygpAFRIAcEP
539=VUgBsg0AVigpAFcoKQBYSAHVcFlIAcWMWigpAFsoKQBcKCkAXSgpAF4oKQBfKCkAYCgpAG
540=EoKQBiKCkAY0gBzX5kSQEHTTEGeopMAGkBB3iKJ40HZ0AE1RhoSAHZPWlIAcFnakkBi6UE
541=a0gBwTtsSAGyAgBtKCkAbigpAG8oKQBwKCkAcSgpAHIoKQBzSAFljA56ikwAaAEDDwAAEg
542=BNxgwAEygpABRIAXQYXaQVyAFdpBZIAdEFFygpABhIAcWBGUkBhaUEGkgB0VYbSAGyAgAc
543=KCkAHUgBl2UAAB5IAYN9AAAfSAHRgiAoKQAhSAHdgyJIAY0FAVFxTUgHRwsBACRUAiP9IA
544=FNg01MAJUCJlQChIFhiE2viQMAKFUCAmuQAwApSAGcCmCIwwQEACv0AmGITayJYYhNVBNc
545=CmKITQAjKCFiiE0AhFViiE0AJTEiMUUIJ0gFAQACADJIAdWGM0gBlwIBADRJAQltEAFBiE
546=1EGVAFYYhNKAIRTQCYimOITQCRXANJADlYBt3QOkgBRAJpADsoKQA8SAHRSz1IAc2JPkgB
547=2X8/SAFsBk0AQCgpAEEoKQBCSAHVOUNIAdUNREgBSAZpAEUoKQBGKCkAR0kBsERgRQRISQ
548=GqqQFJSQGQSAJJAEpIAcFcS0gBRAJpAEwoKQBNSQGuuQZOSAF0A00ATygpAFAoKQBRKCkA
549=UigpAFNIAckXVEgByRdVSAFACWkAVigpAFcoKQBYSQGvoQ9ZSQGnqQFaSAHNiVsoKQBcKC
550=kAXSgpAF4oKQBfKCkAYCgpAGEoKQBiSQGlqQxjSAF4Ek0AZEkBs1wASQBlyAFNBGZIAUQC
551=aQBnKCkAaEkBslQDWQJpSAFYAGkAaigpAGsoKQBsKCkAbSgpAG4oKQBvKCkAcCgpAHEoKQ
552=ByKCkAcygrABMATnAObQAUSQEHWBFNnxXIAU2fFkgBdANNABcoKQAYSAHJ0hlIAc2fGkkB
553=ikAFSQAbSAFYAGkAHCgpAB1JAZJsAmuFTgD+VA1VAR9UAsWBIEgBiXoBUnxOAMkBIlQCIx
554=wwa4VOAAe9bSRVAihYB1X0JUgBhwgCACZIAYSBa4VOAP9oDGmFTqlvBEqFTgCfVwQAKkwF
555=RnsAAGmFTrt/BQAsVQIkfApphU6oemmFTiipEE60e2mFTiioEMAEaYVOJlUhM1AJmH9ohc
556=wQa4VOAIVoDGqFTgCAXCIJM05YF3oCADhYBiOQIyKuIU4AyS06VQKHngMAO0gBpgEAPCgp
557=AD1IAd0rPkgBwQQ/KCkAQCgpAEEoKQBCSAHVe0NIAck4REgBxQhFKCkARigpAEcoKQBIKC
558=kASSgpAEooKQBLSQGwbTEAU9dOAKipAU1VAqWpAU5IAdUNTygpAFAoKQBRKCkAUigpAFNI
559=AdUjVEgByRdVSAHRCVYoKQBXKCkAWCgpAFkoKQBaSAHBiFtJAaelE1xIAcGIXSgpAF4oKQ
560=BfKCkAYCgpAGEoKQBiSAElgSFjSQHUSBNJWGTJAQMiriFOAHSGSQFmVALNn2dJAYVMBUkA
561=aEkBh1wASQBpSAFYAGkAaigpAGsoKQBsKCkAbSgpAG4oKQBvKCkAcCgpAHEoKQByKCgAAh
562=QATwAIvSAVyAFVARZIAWAQTQAXKCkAGEkBjkgCSQAZSAFYAGkAGkgBj3MAABtJAQNEH1kC
563=HCgpAB1IASWlIB5IAZB3Iv0gT7N3AQAgVAKJIgJSgk8AnyACACJUAsVrI0gBIxQvIv0gT7
564=iKIvwgxAhxgk9MDksAAwAnTAWUe3OCTwAoUQIAIv0gT0wLTAFxgk8k2CFxgk+ob3CCwA9x
565=gk9UCI0FLlAJI0wgIv0gTyQwLXGCTyhREE+oenGCT0wWWAYiADLUAnCC1AJwgtQNcoJPAI
566=hZcILUDSL9IE+0kXCCzAUiATJPoYgAUILYHCIAMicpAD1QFFgOaQA+KCkAPygpAEAoKQBB
567=KCkAQigpAEMoKQBEKCkARSgpAEYoKQBHKCkASCgpAEkoKQBKKCkASygpAEwoKQBNSQGxUE
568=xBFk5IAVgAaQBPKCkAUEgBn0EAAFFIAZO5AABSSAFgBU0AU0gB2aBUSAFEAmkAVSgpAFYo
569=KQBXKCkAWCgpAFkoKQBaSQENuRFbyAFVAVxIAcmFXUkBp0gCTQxeSAHJhV8oKQBgSAHBBG
570=FIAcWBYkgBZIEBBQAAY8gBRe9kyAFF72VIAUwKaQBmSAHVnGdIASU1KGhIAYvHAABpSAFg
571=BU0AaigpAGsoKQBsKCkAbSgpAG4oKQBvKCkAcCgpAHEoKAACFQBQAAhYHE2UFkgBRA1pAB
572=coKQAYSAHVLhlIAc1+GkgByXobSQGRcwYBABxIAZ82AQAdSAGPBQEAHkgBJfEvH0gBmAZ5
573=f1C0cHp/UACEHnl/UKRrIk0gUCQoQnl/ULB3eX9QoIh5f1B5DgBBfSdcCowBeX9QqIV4f8
574=wFen9QAJNLBQArTQWIcAV5f1Cgcnp/UACfjgQALkAEnI55f1CzggMAMFQCkIIi/UFQJFQh
575=IvxB2AZ5f1AmeSA0TAWQCXl/UCRUIXh/0wkAADdABJAJeH/UGHh/yCJ4f8QTeH8ngQA8WA
576=aXGAAAPUkBh3cYAAA+SAGmAQA/KCkAQCgpAEEoKQBCKCkAQygpAEQoKQBFKCkARigpAEco
577=KQBISAGXIwAASUgBwQ9KKCkASygpAEwoKQBNKCkATigpAE9IAcEaUEgBkEB4fyfFA1JUAt
578=UNU0gB1Q1UKCkAVSgpAFYoKQBXKCkAWCgpAFkoKQBaSAF4f1leW8gBAQQAAFzIAVF3XUgB
579=1Q1eSAHRgl9IAcF9YEgBwQRhSAFsfgEIAABiyQEJen9QAHQCAQoAAGRUAs0FZSgpAGZJAZ
580=C5AmdIASf4DyflB2lUAr4DAGooKQBrKCkAbCgpAG0oKQBuKCkAbygpAHAoKQAWQKzdChco
581=KQAYKCkAGWgBpfoaSQGPcQUBXfxRtOlifVEAiP5hfVHtcx5MBY9+AgAfSAEjpSsCXfxRKK
582=IPUQCIb2F9USS9LgJQ398KAgAkWAaJhQJMCtwKYH3ABH38UbCCYH3ABGF9UbCCYX1RvG1h
583=fVGwdyKeQFEAIz8/BAAtSQwuYBphfVGs92F9USQcMGF9UaiFYX1RoJNhfVG0/2B93Ap9/F
584=FYF1QJYX1RJKQgYX1RrIlhfVEkhDJifVEAJd0nOUwQzV06SAFcB2kAOygpADxIAcXDPUgB
585=yUM+SQGJZQUAQH3bJwAAQFQCsgIAQSgpAEIoKQBDKCkARCgpAEUoKQBGKCkARygpAEgoKQ
586=BJKCkASigpAEtJAa5Ix1EPTEgBWABpAE1IAZvBAABOSAHdFU9IAYU/AFlQUbCuYX1RaAZt
587=AFJABHwATQBTKCkAVCgpAFVJAbC1DVZJAaipAVdJAaqpAVhIAVQHaQBZKCkAWkgBYH1R8F
588=vIAVHwXEgB0QldSAHFCF5IAXgHTQBfKCkAYEkB2EgCSQBhyAFBDmJIAXV7DWJ9UQDdIGRU
589=AlwEaQBlKCkAZigpAGdJAY57AwAAaEgBpAFc/CcdBGooVQBrKCkAbCgpAG0oKQBuKCkAby
590=grABcAUtoKABgoKQAZaAHqelIAjBBoekwFdAJpelK5XgJO91IAjcsCTfdStOlpelKoZGl6
591=UqxdbfdSsIJqelIAI8QvaXpSQHhYEGh6wQQDRQJSQApVAgNM/MAEaHrDBAQAKFAUmH8iPD
592=/ABGh61A1pelKka2l6UrjtaXpSRIdcCml6UqByaHrcFWl6UqiQaXpSKEkPUihJD1JIEkQI
593=aHrQFGl6UryDaHrABGh61AJrelIAkFQGSQA5SBfZdDpIAZgnbPdcK1QDSQA8VALNBT1IAd
594=l/PkgBUANpAD8oKQBAKCkAQSgpAEJJAa5IT1EFQ0gBWABpAERIAdUCRUgBaAJNAEYoKQBH
595=KCkASCgpAEkoKQBKKCkAS0kBsakMTEgBQAlpAE0oKQBOKCkATygpAFAoKQBRKCkAUigpAF
596=NJAb5rCQAAVMgBVQxVSQHntQJWyAFVAlfIAVlSWEkB6KEEWcgBQQRaSQHLtQJbyAFVAlxI
597=AdEJXcgBVQJeyAFRCV9JAbm5BmDIAUEEYUgBdXsDb/dSAKxIAk0EY1UCqakBZEgBRAJpAG
598=UoKQBmKCkAZ0gBJYEsaEgBYAVNAGkoKAAGagBSAAAAAAAAEQAAGxAAIAUAAGsAUgAAAIMA
599=bABSnABRAG0oKQBuKCsAGABTTAOJABlpAQKJARpJAZJnAQEAG0kBAHcCAQAcSQGQdwICAB
600=1JAYapAR5KAf4BTwECAB9JASZEAV0FIEkBA3sGAgAhSQEltQIiSQEhawEDACNJAR6pASRI
601=AYMEAwAlSAGDBAQAJkgBgwQEACdIAYMEBAAoSAGDBAUAKUkBAmsMBQAqSQEicwkFACtIAY
602=8QBAAsSAGXAgQALUkBkWMEBAAuSQGLqQEvSQEGZwgDADBIAY8bAwAxSQGKYwQDADJIAZMJ
603=AgAzSAGXDQIANEgBnwoCADVJAQRnCAEANkkBk3sGAQA3SAGbBgAAOEgBjwUAADlJAYxjBA
604=AAOkgBmycAADtIAbICADwoKQA9SAGDMAAAPkgBwQQ/KCkAQCgpAEFJAaxjMAAAQkkBp6kB
605=Q0kBqKkBREkBqakBRUgB0QlGKCkARygpAEgoKQBJSQGPsQVKSAGmAQBLKCkATCgpAE0oKQ
606=BOKCkATygpAFAoKQBRKCkAUkkBzUALURNTyAFRKVRJAb5UAgEDAABVSQHnqQFWyAEBBAAA
607=V8gBAQUAAFhJAehABFkGWcgBWQZaSQHLtQJbyAFVAlxIAdEJXcgBUQleyAFRCV9JAbm5Bm
608=DIAVkGYUkBsEQUQQNiSAHFKWNIAUQCaQBkKCkAZSgpAGYoKQBnKCkAaCgpAGkoKQBqKCkA
609=aygpAGwoKQBtKCgAAhkAVAAkew4AABpJASipARtIAZQCeXRUWGRZAgFadFQAm0gCAB5ABF
610=1yAE0AH2gBXAMBAAMAICgpACEoKQAiSAGQCXh00QkDUg5UAJ1BBFh0zBB4dMAEeXRUUH1B
611=CwVdD1RQBIkBKVAJnWIGWnRUAJxteXRUVANJAAVbdFQABV03AHl0VFB9VQIDW3RUAAl3Ag
612=MAL0UILlACXRUwSQEBtQIxSAGEa3t0VACNoQQzVQKHqQE0SAGcCnl0VFyJWAJ6dFQAmAZ4
613=dMEaAVh0xBN7dFQAkEgFSQA6RQiDXABJADtIAZ0KAFh0yxcAAD1UAlADaQA+KCkAPygpAE
614=AoKQBBSQGxuUhCSAGfFQAAQ0gB3QpESAFkCU0ARSgpAEYoKQBHKCkASEkBkUAFSQBJSAGb
615=lQAASkkBrqkMS0gBUANpAEwoKQBNKCkATigpAE9IAcGIUEkBqqUIUUgBbHNFYFLIAVVlU8
616=gBVWVUSQGwrQVVSQGmqQFWSAF0Dk0AVygpAFgoKQBZKCkAWigpAFsoKQBcKCkAXSgpAF4o
617=KQBfKCkAYCgpAGEoKQBiKCkAYygpAGQoKQBlKCkAZigpAGcoKQBoKCkAaSgpAGooKQBrKC
618=kAbCgpABpAloFnAF3mVVRgVSAAXeZVUGdIAWBy1QIBQHLUAn/mVQAIdVoCQXJVuF585icp
619=ACJcCoF9Al/mVQD/aC1jclUAjFgKQWclQATR2iZIAZzxYHLIDGNyVQAHaAx85tQNfeZVQA
620=pICGFyVahvfObUAmJyVQCc22FyVUAFSABgctwKfeZVTBaVAjFBDyNEAVl0MkkBkKkBM0kB
621=iqkBNEgBmH9gctEJAl3mVbCCY3JVAI5sBWFyVaR2YXJVpHZ85sQefuZVAJwKYHLQCWByJy
622=kAPlQNbAlNAD8oKQBASAHJb0FJAYlUA0kAQkgBwX1DSAHdCkRIAVADaQBFKCkARigpAEco
623=KQBIKCkASUkBrGQ0Y3JVAKKpAUtVAqqpAUxIAXAKTQBNKCkATigpAE9JAbGtBVBJAdhABU
624=kAUcgBQQNSSAFucwcAXsJVAGoBCABbUFUA90AFQQRVQATFCFZIAVACaQBXKCkAWEkBkW8C
625=AABZSAGPRwAAWkgBsgIAW0kBsEQJWQFcSAHJF11IAUQCaQBeKCkAX0gB0SpgSQGFewMAAG
626=FIAd0rYkgB1ZxjSAG+AwBkKCkAZSgpAGYoKQBnKCkAaCgpAGkoKQBqKCkAaygrABsAVrxt
627=aW9W9XAd9AJpb1azVgEAH1QChWsBRQJWtMhqb1YAnRUCRk9WAJhpaW9WKOkNVqDrbeFWtN
628=5t4Va03mlvVrQcaG8nKQApVQ0nfQIETeFWo3IEACtUAoBnaW9Wt3ADAC30AmpvVgCQNWpv
629=VgCQNWhvzwUCADFNBSB/CgIAMkgBzYkzSAGI6CLJKlagfWhv2AZs4dQCaW9WrIlob8sMAQ
630=A5RAiEdmlvVqxzaG/AGmhvJykAPUwFaBBNAD5JAf2tRz9IAUQCaQBASAEjMyIAAEFIAWgC
631=TQBCSAHVAkNIAUQCaQBEKCkARSgpAEYoKQBHKCkASCgpAElJAa+hD0pJAampAUtIAXAKTQ
632=BMKCkATSgpAE5JAY9UA0kAT0kBuFwASQBQyAFRCFFIAXRwj+FWAK5IAkEEU1QCfG1Z4lTI
633=AVniVcoBBgBAASd1BFdQAUgGaQBYSAHFCFlIAWgCTQBaKCkAWygpAFwoKQBdKCkAXkgBn0
634=EAAF9JAYhYB0kAYEkBilwASQBhSAFYAGkAYkgB3StjSAFoAk0AZCgpAGUoKQBmKCkAZygp
635=AGgoKQBpKCkAaigrABwAV/1tHUgBgVEAXdtX6W8fVAKY4nFsVyR0JXFsV6S4cWxXKJAN0A
636=l828QIIlw41AJwbNQCcWxXTBlIAHBsJykAKVQNkFZxbFeoenFsV6h6cWxXJMApcWxXv20C
637=AC5YBtVlLygpADBIAYxzcGzNBQFQbM8QAQAzQAQjeCtwbCeBADVUApgGcWxXsHdwbMQecG
638=zMBX3bV6xzc2xXAI5cGUkAO0QIWABpADxJAfmpTj1IAWgCTQA+KCkAPygpAEAoKQBBKCkA
639=QigpAEMoKQBESAHB1UVJAaSpDEZJAaapAUdIAUQNaQBIKCkASSgpAEooKQBLSAHNwExJAY
640=VzBgAATSgpAE5IAdlTT0gBcGwBAgAAUMgBRWtRSAHFzlJJAaetEFNJAaqpAVRIAX1tCSJd
641=OFeJ3QpwbKkBCyJeOFcAxQhYTQWluQZZSAG0EVzb1UQAXttXANEfXEAE0R9dKCkAXkgB3S
642=BfSAHFCGAoKQBhKCkAYigpAGMoKQBkKCkAZSgpAGYoKQBnKCkAaCgpAGkoKwAdAFjlax4o
643=KQAfSAGN1gBM1sEEAU3QWL1tAUzW1AJs1tUCAkEJWPnXJUQIkFZ4acwFeWlYJBgqIphFJy
644=kAKUwFiFl7aVgAjGAheWlYsHd5aVgoOQ1YJLgoeWlYu14CAC9ECI/WAgAwSAGB4AFN1li4
645=XnhpzBB5aVgk/ysBADRMBYMPAQA1SAGbBgAANkgBm3QAADcoKQA4SAGMBXhpwA94adAUb9
646=ZYAPe9QTxNBfCpAT1IAXwZTQA+KCkAPygpAEAoKQBBKCkAQkkBrKUIQ0gBzUdESQGitQJF
647=KCkARigpAEdIAc0FSEgB0UtJSAFcD2kASigpAEtJAZBvAgAATEgBybxNSQGKtQJOSAGmAQ
648=BPSQEJoQ9QyAFVAVFIAcEEUigpAFMoKQBUKCkAVUgBZWsOeGlAJV0GD3tpWAD0SAFRCVhB
649=BLFcAFUBWUgBWABpAFooKQBbSQGroQRcSAHdIF0oKQBeKCkAX0kBqq0FYEgBZAlNAGEoKQ
650=BiKCkAYygpAGQoKQBlKCkAZigpAGcoKQBoKCsAHgBZSF9DDAAAHygpACBIAc1oIUgB1dMi
651=SAGVAgFLU1kAHXQGYGfECH3QWatkAwAmTAWJ3QNFyFmpbwNZAFlEcV8GBAApQAQjpEFhZ1
652=kmuSgrVAKLWQMALEgBkFZ90FlAClgGY2dZAAFFowBhZ1lMeZUCMEwFIyA2YWdZsNpjZ1kA
653=hV0DAGFnWbzbYWdZSBJ4AkFnWUQZiQE2RQiRhAFBZ1kkECkifVJZ/WI5QQTvuTI6KCkAO0
654=kB7bUCPCgpAD1IAc0FPigpAD9JAfGtBUBIAbINAEEoKQBCSAHVRENIAdVERCgpAEUoKQBG
655=KCkARygpAEgoKQBJSAHZaUpIAdlpS0gBwQ9MKCkATSgpAE5JAbKxFE9IAWBnVS1QyAGd0F
656=kkn0sAAFJUAtEJUygpAFQoKQBVKCkAVkgBdWUEYWdZgWcFInxSqQEGIp01WaSiIpw10DV+
657=0FkAySJcRAjJIl0oKQBeSQGlvRVfSAHZEWAoKQBhKCkAYigpAGMoKQBkKCkAZSgpAGYoKQ
658=BnKCkAH0zkkGFty1rhZyFUAp1iAF1RWrxiaGTABGlkWkzRTxMCACVNBSBEAV1XJkgBmQYC
659=XFHYBmhk2AZpZFq4U2lkWlAEXwYDACtYBt1iLEgBkFZrZFoAi10DACI8NMwFaGTECG3LWr
660=DPaWRaoNVqZFoAlKdpZFqs1mlkWiTRQQBKZFoAJXUlNlQNZAxNADcoKQA4SQH2oTA5SQF6
661=VANJADrIAUEDO0kBW0gCSQA8yAFVAj1JAYBIAkkAPsgBVQI/SAHRz0BIAVADaQBBKCkAQk
662=kBq0AFWQJDSAHdQUQoKQBFKCkARigpAEcoKQBIKCkASSgpAEooKQBLSAHVZUxJAe5IDUkA
663=TcgBTQ9OyAFdYk9JAcpUA0kAUMgBQQRRSQGMSAJJAFJJAYtcAEkAU0gBWABpAFQoKQBVSA
664=ElYShWSQGHeANpZFqJZAloZKkBCmhkqQELaWRaqKZrZFoAr1QORQdcRQinqQFdSAHVI15I
665=ASWtN19IAVwEaQBgKCkAYSgpAGIoKQBjKCkAZCgpAGUoKQBmKCsAIABbKDEMW6RgcGHIAX
666=FhW71XAV0EW7FhAVFhW0jCVREBWLvMBXFhWyYlJihcCpQjcWFboFxxYVsmSSUrQASdxQJd
667=xVskbyQCAC1UAiMUJH3FW6xocGEnDQIwQASMaHFhW6QpcGHDBAAAM0AEhwgAADRIAYwFcm
668=FbAM1dNlUC9aktN0gBTBhpADhIAcEEOUgBcGFVRDrIAVWnO0gBcGFVAjzIAVUCPUgBcGFV
669=Aj7IAVUCP0gBJzAMcAZkDF7FWwAl9UBCQQSrrRBDSAHZPUQoKQBFKCkARigpAEcoKQBIKC
670=kASSgpAEooKQBLSAHZq0xIAXBhRRNNyAFRuU7IAVG5T0gBcGFVGFDIAU0FUUkBkoQXXMUn
671=FQNTVAKyAgBUSAGQmCLdMlu0kSKhJVu0kXBhJ9kAWEwFdcgOcWFbiWQPcGFYMlQJSSFbQA
672=Qj6y4AAFxIAVACaQBdSQGxVANNAV5IAVgAaQBfKCkAYCgpAGEoKQBiKCkAYygpAGQoKQBl
673=KCkAIVwNxcMiSAGJvABGT1wAI2xmel5cACPAdnleXEhfSBB5Xly0ZXleXCjZC1ysUnleXK
674=NnAwAqXAqAUW3AXLC5eV5cJLwjeV5cJJAjeF7bBgEAL/sGAQAwSAGXZQAAMUgBwVwySAGc
675=Cnhe0Al5Xly8bXteXAD8uSc2TAVAF2kAN0kB+7UCOEgBJRUkOUkBe3gDIn4xXABoAU0EO1
676=UCbrUCPMgBVQI9SQF0tQI+yAFVAj9IAdEJQEgB0WxBSQGwVANZBUJIAc1dQygpAEQoKQBF
677=KCkARigoAANHAFwAogERAAAuDwAgCAAAAAAASABcAKIBQAECAABJAFzpAUooKQBLKCkATE
678=kBpK0FTUkBpqkBTkgBnwcAAE9JAbGtAVDIAU0EUUkBxLUCUsgBVQJTSAGyAgBUKCkAVSgp
679=AFYoKQBXKCkAWCgpAFlJAfZICAEEAABayAEBBQAAW8oBBgBBAVxYA4kAXVABgwEAAF4oKQ
680=BfKCkAYCgpAGEoKQBiKCkAYygpAGQoKAACIgBdACShCyNJASCpASRJAShrAQEAJUgBZAEB
681=AAIAJkkB/kQfSQEnSAGbBgMAKEgBjwUDAClJAR9zBQMAKkkBJ2sBAgArSQEjqQEsSQGMqQ
682=EtSQGKqQEuSgEGAk8BAQAvSQGPRAEBAAEAMEgBlwIAADFIAXACTQAySQGRXABJADNIAYcI
683=AAA0SAFEAmkANSgpADZJAY1vAgAAN0kBi6kBOEkB9ncYAAA5SQF7VAJNDzrIAQEDAAA7SQ
684=FutQI8yAFVAj1JAX1UAkkAPsgBUQg/SQHwXABVAkBIAVgAaQBBKCkAQkkBq6EEQ0gBxVVE
685=KCkARSgpAEYoKQBHKCkASCgpAEkoKQBKKCkASygpAEwoKQBNSQGloQ9OSAF4Ek0AT0gBYF
686=xFHlDIAU0bUUgBYFxVAlLIAVUCU0gBSAZpAFQoKQBVSQGsvQpWSAHZaVcoKQBYSAHFa1lI
687=AXgHTQBaSAFtXQliXF0AaQEKYFyqAQsAWQNdWASJAF5QAYMBAABfKCkAYCgpAGEoKQBiKC
688=kAYygpACNQZJlTAFNbXgAgtQklVAKFVQFJWV5EA1sCAgAn9QICSFnUAmpZXgCQVmtZXgAE
689=SCNZXitMBYdKAgAsSQGGQAhVAi1IAY9dAQAuSAGYBmtZXgCSYARqWV4AJyoLXgCDXAAAMk
690=wFfANNADMoKQA0KCkANUgBlw0AADZIAZQNaVleRAaJADhVAvqtMTlJAfKpATpJAe2pATtI
691=AWhZRYw8yAFFjD1IAWhZTRo+yAFZPT9IAdkGQEkB9aUIQUgBjw0AAEJJAa+1AkNIAScpC1
692=7xrkUoVQBGKCkARygpAEgoKQBJKCkASigpAEsoKQBMKCkATSgpAE5JAaatEE9IAcUTUEkB
693=srUCUUkBCKkBUsgBVQFTSAHNBVQoKQBVSAHNc1ZIAcEaVygpAFgoKQBZSQGqRAlVCFpIAV
694=gAaQBbSAFpWQ5pWV6VWg9rWV4A9VgDWQVeQAREAWkAXygpAGAoKQBhKCkAYigpACRAX91X
695=JUgB3VcmSQEoaQkBUVZf/Vco9QICXa9fsEtxVl+oTn+vXwCQeAZzVl8AiqkBLVkGBUVAAH
696=FWX0AKeAJfr18ACXUCAF2vX6Rgf69fAI6cA1FWX6MBAAAzRAjNATQoKQA1SQGMuQI2SAGU
697=DXBWJ9kAOFQCvANcrydVADpUAslZO0gByVk8SAHNUj0oKQA+SAHBBD9JAfRcLEEKQEgBWA
698=BpAEFJAf21AkJIAWgCTQBDSAHZPURIAdk9RSgpAEYoKQBHKCkASCgpAEkoKQBKKCkASygp
699=AEwoKQBNKCkATkgBybFPSAFIEWkAUCgpAFFJAQhcFUEvUsgBQXJTSAFgBU0AVCgpAFVIAd
700=UYVkgB1RhXKCkAWEgB1Q1ZSAFUB2kAWigpAFsoKQBcSAFkVV2DXcgBXYNeyQEGfK8nhQZg
701=VAJkCU0AYSgrACUAYKFRAE2qYOWtJ1UCKEAFUUsoSQH/TBtdpClJAZJ0AnpTYACUT3lTYL
702=VPAU2qYLdPAQAtTAXBqS5IAZ2vAFpTYADV/zBVAoVwCXlTYLRabapgrAJ4UycpADRMBdkC
703=NUgBjBBsqieBADdUAsEEOCgpADkoKQA6KCkAOygpADxIAdFWPUgBwVE+SAHRCT8oKQBAKC
704=kAQSgpAEIoKQBDSAHZq0RJAadvJgAARUgBzTxGKCkARygpAEgoKQBJKCkASigpAEsoKQBM
705=KCkATSgpAE5JAaW1DU9IAckXUCgpAFFJAQhABFVEUsgBVURTSAHNBVQoKQBVSAHVGFZIAc
706=kXV0gBwRpYSQGpUAlJB1lIAVgAaQBaKCkAWygpAFwoKQBdSAFlVQki/itgAGkBCnhTqgEL
707=AFgDJzcHJgBh7VInSQEgYQwAUfthuFN/pGEACFBtTVIqQAScTGFRYbz8YlFhAITvY1FhAI
708=dkCH2kYayqYVFhbAJtADBECMVKMUgBaAJNADIoKQAzKCkANCgpADUoKQA2KCkANygpADgo
709=KQA5KCkAOkgByZs7SAFEDWkAPCgpAD0oKQA+KCkAPygpAEBJAfmhMEFIAXgHTQBCSAHVAk
710=NIAUQCaQBEKCkARUgBwTtGSAHBO0coKQBIKCkASSgpAEooKQBLKCkATCgpAE0oKQBOSAHJ
711=Q09IAWAQTQBQKCkAUUkBs0gCSQBSyAFBGVNIAUQCaQBUKCkAVSgpAFZJAbFABUUEV0gBWA
712=BpAFgoKQBZKCkAWigpAFsoKQBcKCkAXSgpAF5IAWBRVf9fyAFX/ycAYvVPKEgB1U8p6wEB
713=ACooKQArSAGUT2lOYrT0aU5ivJlpTmIoyQlisPtp82JkGG0AMUQIfABNADIoKQAzKCkANC
714=gpADUoKQA2KCkANygpADgoKQA5KCkAOigpADsoKQA8KCkAPSgpAD4oKQA/KCkAQEgB3aRB
715=SQHzrTFCSAHJpkNIAUQYaQBESQENoQRFyAFVAUZIAdVPR0gB1U9IKCkASSgpAEooKQBLKC
716=kATCgpAE1IAcGeTkgBdA5NAE8oKQBQSQHYSAJJAFHIAU0QUkgBdE+I8ycBBlRUAlwEaQBV
717=KCkAVigpAFcoKQBYKCkAWSgpAFooKQBbKCkAXCgpAF0oKQBeKCsAKABj/UwpSQEHfZkAUk
718=tjAMkBKyhVACxIASVZJy0oKQAuSAGUT32ZYyaFJzBUAnQZTQAxKCkAMigpADMoKQA0SAGf
719=pAAANUgBnKRh62NQB4kAN1QCgwEAADhJAa5YKFkBOUgBWABpADooKQA7SAHRCTxJAYV7Aw
720=AAPUgB3Qo+SAGyAgA/KCkAQCgpAEEoKQBCKCkAQ0gBwQ9ESAFwS0k4RcgBUdpGyAFR2kdI
721=ASV1JUhJAae9FUlIAclOSkgB1QJLSAHVAkwoKQBNKCkATkkBqqUIT0kB10wXVQFQyAFdNV
722=FIAXxMWRFSSAFcA2kAUygpAFQoKQBVKCkAVigpAFcoKQBYKCkAWSgpAFooKQBbKCkAXCgp
723=AF0oKwApAGR8D20AKigpACsoKQAsSQGRewMAAC1JAYmpAS5IAdE1L0kBhrUCMEgBpgEAMS
724=gpADJJAZO5AjNIAaYBADRIASOEMnlIZKyfeEgnOQI3QATNBThJAbFYKFkBOUgBWABpADpJ
725=AZFgASL7RmQAiKkBPFQCyQE9SQGKtQI+SAGkAVhIJ4kBQChVAEFJAbKpDEJIAc0FQ0kBsb
726=UCREgBeUgGIn4mZABoAQEHAABGVQKwoQRHSQGpqQFISAHFCElIAcUISkgB1QJLSAHJm0xI
727=AdFLTUgBxQhOSAFsR1VET8gBUVZQyAFRVlFIAdEJUigpAFMoKQBUKCkAVSgpAFYoKQBXKC
728=kAWCgpAFkoKQBaKCkAWygpAFwoKwAqAGXKEAArKCkALCgpAC0oKQAuSQGQtQUvSAHZMjBI
729=AbACQEYnMQEyKFUAMygpADQoKQA1KCkANigpADcoKQA4KCkAOSgpADooKQA7KCkAPCgpAD
730=0oKQA+KCkAPygpAEBJAb6hFkHIAUU+QkkB6LUCQ8gBVQJESQHLtQJFyAFVAkZJAeO1AkfI
731=AVUCSMgBXYNJyAFFP0pJAeetBUvIAU0FTMgBTQVNSQG5oQROyAFBBE9IAWxHWVNQSAHZoF
732=FIAaoFAFIoKQBTKCkAVCgpAFUoKQBWKCkAVygpAFgoKQBZKCkAWigpAFsoKwArAGbeDgAs
733=KCkALSgpAC4oKQAvKCkAMCgpADEoKQAyKCkAMygpADQoKQA1KCkANigpADcoKQA4KCkAOU
734=kBja0TOkkBh6kBO0gBpgEAPCgpAD0oKQA+KCkAP0kB2bEFQMgBQTBBSAF0REk4QkgBaENR
735=NUPIAVUCREgBaENVAkXIAVUCRkgBaENBfUfIAUF9SMgBXY5JyAFBO0pIAWhDWQZLyAFZBk
736=zIAVkGTUgBaENJDE7IAU0FT0kBsEQUSRZQSQGpqQFRSAFEAmkAUigpAFMoKQBUKCkAVSgp
737=AFYoKQBXKCkAWCgpAFkoKQBaKCsALABnZA1tAC0oKQAuKCkALygpADAoKQAxKCkAMigpAD
738=MoKQA0KCkANSgpADYoKQA3KCkAOEgBxT85SQGIcxEAADpJAYqpATtIAaQBU0BnALKhJT0o
739=VQA+SQHNRARBAz/IAUktQEgBfEFJLUFJAa5UA00EQkgBWABpAEMoKQBEKCkARSgpAEYoKQ
740=BHKCkASEgB3RVJSQGLawkAAEpIAaYBAEsoKQBMKCkATSgpAE4oKQBPKCkAUCgpAFEoKQBS
741=KCkAUygpAFQoKQBVKCkAVigpAFcoKQBYKCkAWSgrAC0AaNoVAC4oKQAvKCkAMCgpADEoKQ
742=AyKCkAMygpADQoKQA1SAHVWjZJAaq1LjdIAdkNOEkBkq0BOUgBpAFYPSc5AjsoVQA8KCkA
743=PUgBbDxVOT7IAVFsP8gBUWxASAHBD0FIAdlpQkgByQxDSQGTrQFESAGmAQBFKCkARkkBkb
744=kCR0kBhakBSEkBiqkBSUgBpAFYPSe9AksoVQBMKCkATSgpAE4oKQBPKCkAUCgpAFEoKQBS
745=KCkAUygpAFQoKQBVKCkAVigpAFcoKQBYKCgAAi4AaQDmQBZRYS/IAVknMEkB5VQCSQAxyA
746=FRNDLIAU0FM8gBTQU0SQHkQAVJADXIAU0FNsgBTQU3yAFNBThIAWimTQU5yAFNBTrIAU0F
747=O8gBTQU8SAFkok0FPcgBTQU+SAFsPE2qP8gBAQgAAEBJAfRABUEEQUgBRAFpAEIoKQBDKC
748=kAREkBj3gDImEoaaABImAoJykAR0AE1U9ISAHFBEkoKQBKKCkASygpAExIAc1+TUgByUNO
749=SAHB1U9IAdEJUCgpAFEoKQBSKCkAUygpAFQoKQBVKCkAVigpAFcoKwAvAGqUOVUjMEgBaD
750=hFYDHIAUVgMsgBVdMzyAFNBTRIAWg4TQU1yAFNBTbIAU0FN8gBTQU4SAFoOE0FOcgBTQU6
751=yAFMBQs7AGoA4wAAAAcAADwAahEAAMgHfhEIALkAAAACAAA9AGqIAQEDAAA+SAFQAmkAP0
752=kB9EABAQQAAEDIAQEFAABByAEBBgAAQkgBXANpAEMoKQBESQGObwIAAEVIAaYBAEYoKQBH
753=KCkASCgpAEkoKQBKKCkASygpAExJAYy1CU1JAYOpAU4oKQBPSQGLtQJQSAGmAQBRKCkAUi
754=gpAFMoKQBUKCkAVSgpAFYoKwAwAGvOCQAxKCkAMigpADMoKQA0KCkANUkBkaEHNkgBxRM3
755=SAGyAgA4SgGwAZEBOUkBpqkBOkgBjwIAADtJAZOtATxIAaQBUjVrANkGPlUCqrkGP0gBwQ
756=RASAF9NglyNWsAaQEKcDWoAQELAABDQATFE0RJAYa9BkVIAaQBUDUnxQNHKFUASCgpAElJ
757=AayhD0pJAaapAUtIAcUITEkBjK0BTUgBJ7MGawCKtQJPVAKmAQBQKCkAUSgpAFIoKQBTKC
758=kAVCgpAFUoKwAxAGzOCQAyKCkAMygpADQoKQA1KCkANigpADcoKQA4KCkAOUkBsa0bOkgB
759=zQw7KCkAPCgpAD0oKQA+KCkAPygpAEAoKQBBSAF5Mg55MmyFNA97MmwA9kwMQQ5EQQSSSA
760=FJAEVIAVgAaQBGKCkARygpAEhJAaxMBkUESUkBoqkBSkkBpakBS0gBUANpAExJAZBjAQAA
761=TUgBzTFOSAGyAgBPKCkAUCgpAFEoKQBSKCkAUygpAFQoKwAyAG3OCQAzKCkANCgpADUoKQ
762=A2SQGNtQU3SQGHqQE4SAGmAQA5KCkAOigpADsoKQA8KCkAPUgB0Qk+SQGFqQg/SAHdCkBI
763=AbACUphtAMVrQlQCdC5VnEPIAVWcRMgBVZxFSQGwpSlGSQGkqQFHSQGoqQFISAHVLkkoKQ
764=BKSQGloQRLSAHBD0woKQBNKCkATigpAE8oKQBQKCkAUSgpAFIoKQBTKCsAMwBuxgwANCgp
765=ADUoKQA2SQGMqQQ3SAHBcjhJAYW1AjlIAcElOkgBsAJIkCddATwoVQA9SAHRCT5JAYixBT
766=9JAYapAUBIAaQBSC0nBQFCKFUAQ0gBdC5NlETIAU2URcgBTZRGSAHJb0dIAdEJSEkBq7Eq
767=SUkBp6kBSkkBqakBS0gBzQVMKCkATSgpAE4oKQBPKCkAUCgpAFEoKQBSKCsANABv2goANS
768=gpADZJAZC9AjdIASdSBW8AyQE5VALJIjpIAagFUConMQE8KFUAPUgB3eY+SAHNBT9IAcWB
769=QEgB1QJBKCkAQkkBj7kCQ0gBpgEAREgBfCtFjEXIAUWMRkkB9UQETSVHSAFEAWkASEgByS
770=1JSAFoAk0ASigpAEsoKQBMKCkATSgpAE4oKQBPKCkAUCgpAFEoKwA1AHBUC4kANigpADdI
771=AcUpOEgBxUo5SAEn+AQn2QA7VAKfBwAAPEkBka0BPUgB3Zk+SAGyAgA/KCkAQCgpAEFIAd
772=kGQkgB2QZDSAHZBkQoKQBFSAFsJl2DRsgBXYNHyAFdg0hIAdkGSSgpAEooKQBLKCkATCgp
773=AE0oKQBOKCkATygpAFAoKwA2AHHGDAA3KCkAOCgpADlIAdVEOkgB0QU7KCkAPCgpAD0oKQ
774=A+KCkAPygpAEAoKQBBKCkAQkkBrEBHTQtDSAHZoEQoKQBFSQGmoQRGSAFsJlV7R8gBVXtI
775=yAFVe0lIAUAJaQBKKCkASygpAEwoKQBNKCkATigpAE8oKwA3AHJgCW0AOCgpADkoKQA6KC
776=kAOygpADwoKQA9KCkAPigpAD8oKQBAKCkAQSgpAEJIAdWRQ0gBzcBEKCkARUgBzZRGSQGq
777=tSNHSAF0I01zSMgBTXNJSAEiTCBNBEpIAXQZTQBLKCkATCgpAE0oKQBOKCsAOABzRAaJAD
778=koKQA6KCkAOygpADwoKQA9SAHN4T5IAZ0HAEBnJzEBQChVAEFIAdFAQkgBxR5DSAHZHERI
779=AcmxRUgB0QlGKCkARygpAEhIAWQeRWtJyAFFa0rIAUVrS0gBxQhMKCkATSgrADkAdN4DAD
780=ooKQA7KCkAPCgpAD0oKQA+KCkAPygpAEAoKQBBSQGvQDFRC0JIAcEaQ0gBRAJpAEQoKQBF
781=KCkARigpAEcoKQBIKCkASUgBZB5dYkrIAV1iS8gBXWJMSAF8C08AOgB1VACJADsoKQA8KC
782=kAPSgpAD4oKQA/KCkAQCgpAEEoKQBCKCkAQygpAEQoKQBFKCkARigpAEcoKQBIKCkASSgp
783=AEpIAWwbVVpLyAFXWjsAdogYUQA8KCkAPSgpAD4oKQA/SAElASdASQGHTAZJAEFIAVgAaQ
784=BCKCkAQygpAEQoKQBFKCkARigpAEcoKQBIKCkASSgpAEooKwA8AHdkDW0APSgpAD4oKQA/
785=SAHB1UBJAYpkBSKcNSfZAEJUArICAEMoKQBEKCkARSgpAEYoKQBHKCkASCgpAEkoKwA9AH
786=jaCgA+KCkAPygpAEAoKQBBKCkAQigpAEMoKQBEKCkARSgpAEYoKQBHKCkASCgrAD4Aee0Q
787=PygpAEAoKQBBKCkAQigpAEMoKQBEKCkARSgpAEYoKQBHKCsAPwB69Q1AKCkAQSgpAEIoKQ
788=BDKCkARCgpAEUoKQBGKCsAQAB7/QpBKCkAQigpAEMoKQBEKCkARSgrAEEAfOUIQigpAEMo
789=KQBEKCsAQgB97QVDKCgAAQAAAAARAAA=

[Terrain]
77061=TREE10
63062=TREE10
66059=TREE10
60064=TREE10
64075=TREE11
56051=TREE11
70051=TREE12
54056=TREE12
66053=TREE11
53065=TREE11
58071=TREE11
62050=TREE10
57053=TREE10
52052=TREE10
49060=TREE10
50059=TREE10
62072=TREE10
75058=TREE12
68053=TREE12
68057=TREE13
61064=TREE13
53050=TREE13
61052=TREE13
53060=TREE13
65073=TREE13
75060=TREE13
58067=TREE14
49059=TREE14
71054=TREE14
59070=TREE14
53054=TREE04
55049=TREE04
63051=TREE04
69055=TREE04
72058=TREE04
56068=TREE04
59065=TREE04
52057=TREE04
54066=TREE04
60073=TREE04
56052=TREE05
67054=TREE05
55070=TREE05
59051=TREE05
65060=TREE05
64058=TREE05
76062=TREE06
71056=TREE06
66051=TREE06
58049=TREE06
65055=TREE06
55065=TREE06
57072=TREE06
61074=TREE06
49057=TREE06
51053=TREE07
54052=TREE07
61049=TREE07
79055=TREE07
53063=TREE07
56069=TREE07
72061=TREE07
69056=TREE07
71059=TREE08
63052=TREE08
52056=TREE08
59073=TREE08
63076=TREE10
62073=TREE11
67058=TREE08
64061=TREE07
62062=TREE06
62060=TREE05
59063=TREE05
64063=TREE04
66058=TREE03
58066=TREE03
62071=TREE03
56073=TREE02
53064=TREE02
50054=TREE02
58052=TREE02
64053=TREE05
74061=TREE05
73058=TREE07
73056=TREE07
59048=TREE10
55053=TREE10
51058=TREE11
50056=TREE12
54053=TREE12
53055=TREE11
56055=TREE10
52058=TREE02
52061=TREE04
55064=TREE04
51061=TREE05
51059=TREE06
54055=TREE07
60061=TREE07
63059=TREE08
58065=TREE11
58064=TREE12
59064=TREE13
67056=TREE14
76056=TREE13
75063=TREE12
64050=TREE12
60050=TREE12
52063=TREE13
59069=TREE14
57067=TREE08
54068=TREE08
54033=TIBTRE02
34053=TIBTRE02
73092=TIBTRE02
93072=TIBTRE02
79034=TREE12
82043=TREE12
80048=TREE12
85051=TREE12
86050=TREE12
90047=TREE12
89044=TREE12
86043=TREE12
84046=TREE12
73038=TREE12
73044=TREE12
73052=TREE12
77054=TREE12
77051=TREE12
71046=TREE12
82053=TREE12
88052=TREE12
91040=TREE12
80032=TREE13
81039=TREE13
92044=TREE13
98046=TREE13
87051=TREE13
79046=TREE13
70048=TREE13
75050=TREE13
71037=TREE13
85055=TREE13
78051=TREE14
78048=TREE14
80044=TREE14
86047=TREE14
94042=TREE14
84037=TREE14
81027=TREE14
93039=TREE14
93047=TREE14
91047=TREE14
87042=TREE15
85035=TREE15
92037=TREE15
76036=TREE15
78044=TREE15
76051=TREE15
80054=TREE15
94050=TREE15
78053=TREE01
75048=TREE01
74037=TREE01
84036=TREE01
89043=TREE01
98044=TREE01
91038=TREE02
90042=TREE02
84031=TREE02
86037=TREE02
82042=TREE02
85040=TREE02
84045=TREE02
86045=TREE02
82050=TREE02
76046=TREE02
72041=TREE02
87054=TREE02
90050=TREE02
88046=TREE02
89037=TREE02
88033=TREE02
86032=TREE03
82032=TREE03
86036=TREE03
88037=TREE03
89042=TREE03
87047=TREE03
85044=TREE03
75042=TREE03
76045=TREE03
89054=TREE03
82054=TREE03
79050=TREE04
85049=TREE04
79039=TREE04
86042=TREE04
90045=TREE04
74055=TREE04
75051=TREE04
85054=TREE05
87049=TREE05
88038=TREE05
85034=TREE05
76042=TREE05
85043=TREE05
88044=TREE06
86030=TREE06
77046=TREE06
86053=TREE06
91048=TREE06
75039=TREE07
78040=TREE07
90036=TREE07
95046=TREE07
74053=TREE07
69052=TREE07
68042=TREE08
82046=TREE08
79035=TREE08
89038=TREE08
87045=TREE08
48072=TREE03
52081=TREE03
37075=TREE03
48089=TREE03
44097=TREE03
27081=TREE03
40091=TREE03
45081=TREE03
53073=TREE04
50080=TREE04
48084=TREE04
44075=TREE04
35076=TREE04
33079=TREE04
43097=TREE04
49090=TREE04
37088=TREE04
42086=TREE04
54078=TREE04
51069=TREE05
47075=TREE05
39072=TREE05
30077=TREE05
27078=TREE05
33085=TREE05
45093=TREE05
50093=TREE05
45086=TREE05
42075=TREE06
49070=TREE06
52076=TREE06
48086=TREE06
43085=TREE06
29081=TREE06
32076=TREE06
39087=TREE06
48095=TREE06
48092=TREE07
38085=TREE07
36088=TREE07
28077=TREE07
40075=TREE07
55074=TREE07
51081=TREE07
54076=TREE08
52083=TREE08
47085=TREE08
41085=TREE08
38088=TREE08
50095=TREE08
43096=TREE08
31081=TREE08
37076=TREE08
42073=TREE08
49073=TREE10
44088=TREE10
39094=TREE10
31082=TREE10
48087=TREE10
47093=TREE10
23077=TREE10
28075=TREE11
38082=TREE11
40078=TREE11
35074=TREE11
54071=TREE11
51072=TREE12
52077=TREE12
45083=TREE12
31080=TREE12
37077=TREE12
40089=TREE12
44095=TREE12
53091=TREE13
33081=TREE13
42082=TREE13
43076=TREE13
52079=TREE13
51074=TREE13
42094=TREE13
47092=TREE13
43094=TREE14
37092=TREE14
43088=TREE14
33083=TREE14
43080=TREE14
47078=TREE14
48073=TREE14
44074=TREE15
44081=TREE15
37089=TREE15
36084=TREE15
48093=TREE15
30083=TREE15
37079=TREE04
42081=TREE04
41078=TREE05
38077=TREE05
39080=TREE06
43081=TREE06
40080=TREE07
40079=TREE08
37078=TREE10
38078=TREE11
51089=TREE02
42087=TREE02
46088=TREE03
44090=TREE04
44087=TREE05
44089=TREE05
52087=TREE05
47081=TREE06
47079=TREE07
46079=TREE08
48080=TREE10
83052=TREE17

[Structures]
1021100=Neutral,CAOILD,256,79,35,0,None,0,0,1,0,0,None,None,None,0,0
1021105=Neutral,CAOILD,256,51,18,0,None,0,0,1,0,0,None,None,None,0,0
1021110=Neutral,CAOILD,256,57,12,0,None,0,0,1,0,0,None,None,None,0,0
1021115=Neutral,CAOILD,256,62,55,0,None,0,0,1,0,0,None,None,None,0,0
1021120=Neutral,CAOILD,256,37,32,0,None,0,0,1,0,0,None,None,None,0,0
1021125=Neutral,CAOILD,256,31,38,0,None,0,0,1,0,0,None,None,None,0,0
1021130=Neutral,CAOILD,256,39,86,0,None,0,0,1,0,0,None,None,None,0,0
1021135=Neutral,CAOILD,256,11,58,0,None,0,0,1,0,0,None,None,None,0,0
1021140=Neutral,CAOILD,256,17,52,0,None,0,0,1,0,0,None,None,None,0,0
1021145=Neutral,CAOILD,256,87,46,0,None,0,0,1,0,0,None,None,None,0,0
1021150=Neutral,CAOILD,256,113,67,0,None,0,0,1,0,0,None,None,None,0,0
1021155=Neutral,CAOILD,256,107,73,0,None,0,0,1,0,0,None,None,None,0,0
1021160=Neutral,CAOILD,256,58,68,0,None,0,0,1,0,0,None,None,None,0,0
1021165=Neutral,CAOILD,256,86,94,0,None,0,0,1,0,0,None,None,None,0,0
1021170=Neutral,CAOILD,256,92,88,0,None,0,0,1,0,0,None,None,None,0,0
1021175=Neutral,CAOILD,256,48,82,0,None,0,0,1,0,0,None,None,None,0,0
1021180=Neutral,CAOILD,256,66,114,0,None,0,0,1,0,0,None,None,None,0,0
1021185=Neutral,CAOILD,256,72,108,0,None,0,0,1,0,0,None,None,None,0,0
1021190=Neutral,INGALITE,256,13,54,0,None,0,0,1,0,0,None,None,None,0,0
1021191=Neutral,INGALITE,256,33,34,0,None,0,0,1,0,0,None,None,None,0,0
1021192=Neutral,INGALITE,256,53,14,0,None,0,0,1,0,0,None,None,None,0,0
1021193=Neutral,INGALITE,256,112,72,0,None,0,0,1,0,0,None,None,None,0,0
1021194=Neutral,INBLULMP,256,56,65,0,None,0,0,1,0,0,None,None,None,0,0
1021195=Neutral,INBLULMP,256,64,57,0,None,0,0,1,0,0,None,None,None,0,0
1021196=Neutral,INGALITE,256,91,93,0,None,0,0,1,0,0,None,None,None,0,0
1021197=Neutral,INGALITE,256,71,113,0,None,0,0,1,0,0,None,None,None,0,0

[OverlayPack]
1=CQAAIIH//v4f/4H/gDAAACCB//4xFv+DZmZm/vkB/wH8IAH++AH/UgD/+AE1GGH/0TYaga
2=v+4gH/ZAD/yQE1GoBdAAAggf/qAACBZsguAP70Af//BwIuADAI/vUB////AS8C/wECLQLI
3=Lgj++QH//wAENAoiA/4iBP+Bqv7lAf+BGxAB/vsB//8EAkEW/vsB/9ZBGIGo/uQB/yH+/7
4=0BQxqAtQAAIIH/2AAAgWYgAdcCAIEbQAFQEIGs/s4B/zH/2R8AzD0A/s8B/98bAkID/tcB
5=/2IA3SIE/tcB/8gbBtolBv7ZAf//AAIbCDH50SIKga7+5gH/2R0K0T8C/9ABQwbrHQ7/1A
6=E+AtUeENA9As08AP7GAf/mIRL/1wFJEssaAFHe0UwU/9gBShQSAs06BtJNFv/cAT8CzDoE
7=00sY/+oBTBgQCnAU/+IBOQbORRhh6TAUga3/uQFHHICfAAAggf/nAACBGyAB0RwAcA7+2g
8=H/Mf7NLgDSKwD+1QH/0SkC0SsC/t8B/8pBBNk+BIJmZv7VAf/kMAaBZiAB/tQB/1Hvga/O
9=PQDOTAj/1wFaCNUlCNFLCv/gAV4K1D4OcgD/9gFfDMhWDv/7AWAO/9sBVgjpNhD/AQJiEv
10=7WAf/cQwT/3wFZFt9ABP/fAVwU3z4E/+QBWxrfPhz+ngH/gf+AZgAAIIH/9AAAgRtAAf73
11=Af///wE4AEIB/vwB//8DAjkE/v4B//8BAjoI/gkC/4JmZv78Af+BZjAB/vkB/0IA//kBSB
12=BSAP/4AUgS/woCQhT/9gFLFkH7//kBSBjIQhj//AFMGP+3AUgcgCUAACCB//5DAP+BZnAB
13=/vYB////AUYAcgH++gH//wACSAT+txf/gf+ACQAAIIH//v4f/4H/gAkAACCB//7+H/+B/4
14=AJAAAggf/+/h//gf+ACQAAIIH//v4f/4H/gAkAACCB//7+H/+B/4AJAAAggf/+/h//gf+A
15=CQAAIIH//v4f/4H/gAkAACCB//7+H/+B/4AJAAAggf/+/h//gf+ACQAAIIH//v4f/4H/gA
16=kAACCB//7+H/+B/4AJAAAggf/+/h//gf+ACQAAIIH//v4f/4H/gAkAACCB//7+H/+B/4AJ
17=AAAggf/+/h//gf+ACQAAIIH//v4f/4H/gAkAACCB//7+H/+B/4AJAAAggf/+/h//gf+ACQ
18=AAIIH//v4f/4H/gAkAACCB//7+H/+B/4AJAAAggf/+/h//gf+ACQAAIIH//v4f/4H/gAkA
19=ACCB//7+H/+B/4AJAAAggf/+/h//gf+ACQAAIIH//v4f/4H/gA==

[OverlayDataPack]
1=CQAAIIEA/v4fAIEAgDwAACCBAP4xFgCDBgcG/vkBAIgEBwcICgsKB/74AQCCBwsgAYEI//
2=gBNBZCAIIKAP/3ATYaUgCCCgj/yAE1GICYAAAggQDqAACCBwtQAYIKBv70AQAyAIYKCgoL
3=Cwj+9AEAggQIAfqDCwoAAAb/9gE4AIIACFQA//YBOAJEAhABgggE/vYBAIEGQgL/9gE6Bl
4=YEgwsLB/75AQCFBAcICgr/+AE6CEYF//YBOgT+EwQAhAQHBwf//AE6DsAuAv/3ATkEbg3/
5=+gE6CgP/wDQK//oBOgzCMgr/vQFEGIAsAQAggQDYAACCBgcAAYEG1wIAhAMHCgsAAYEI/t
6=cBAIEGId6DCggE2AMAgQgAJIEH/tcBAIEHEf/dQACDBggK/+ABQwKCCgjYIQACAtcjAv6+
7=AQA2ACIC/9gBQwTb/QmBCBH7gQoSBoEK2iUG/tgBABQBggoAJAb/+QEmCDQA0CYMgQQOHM
8=1DBv/QAUMGgQQd39QeBBYdyycOhAYICAjZIAD+tAEAwz0AAgDMTQ4N980kCsQbAv/PAVAQ
9=IenOJRAh7MwlCE4v/9EBJwwCAsYhAoEEQAgR7M0lCDIU2CIC/rkBAIEGZdSBCEQIEgDOJx
10=AWLP/YAUMAU+NH3wPs0FASgQdQH/7YAQAL9EX1gQfGJAaBBshPEFQf/tcBABXhQgCBA8hC
11=FnP1din+qAEAgQCABAEAIIEA5wAAhgcKCwsLCMwcAIEIABSBB2AOgQP+2gEAggQIEf+DCw
12=oGzh4AzDAC/tcBAIIEBxABgggKyTAAIhSBCnP//uMBAIEIyUMCgQcUEs0wAEABgQb/1gFE
13=AoIGCMwyBtNDAoQGCAoKyTEI/soBAIEEyUwIgQrUQQQAGRIb/9YBWwjJSwqBB9NeCiYZEg
14=L/7QFDBM9MDP/4AV0MJgCCCgr/8QE/BMo3AIIKACIG//UBYRAUASQA/+gBQQLSGwAwAf/X
15=AWISyTEK2EUWggoI3DoY/rYBAIMDBwjcYxZCAdRCBv7BAQCBCAPa1D8MyVMa/9kBYhQb4t
16=xfHIEGwCwE/6ABYRyAowAAIIEA9AAAgwcKCwABggoG/vcBAIIECBH+gQj/+AE/ADQAgQj+
17=/AEAgQj/+gE9ACABggYK//0BPAQGAv/9ATwGgwAAA/4JAgCBBv/9ATsKhQQICgoI//sBOg
18=qBB8E6AIMLCgf++AEAMgDAOwKBBP72AQBCAP/5AToEIgCDCgoK//gBRxIyAIEAwDkE//YB
19=OwaBBsE5ABQA//gBSRbDOAD/twE6AIA0AAAggQD+QwAAgwcKCzABggoG/vYBAFIBgQj++A
20=EAggYIIgKBB/76AQCCBgcAAYEE/rEZAIEAgAkAACCBAP7+HwCBAIAJAAAggQD+/h8AgQCA
21=CQAAIIEA/v4fAIEAgAkAACCBAP7+HwCBAIAJAAAggQD+/h8AgQCACQAAIIEA/v4fAIEAgA
22=kAACCBAP7+HwCBAIAJAAAggQD+/h8AgQCACQAAIIEA/v4fAIEAgAkAACCBAP7+HwCBAIAJ
23=AAAggQD+/h8AgQCACQAAIIEA/v4fAIEAgAkAACCBAP7+HwCBAIAJAAAggQD+/h8AgQCACQ
24=AAIIEA/v4fAIEAgAkAACCBAP7+HwCBAIAJAAAggQD+/h8AgQCACQAAIIEA/v4fAIEAgAkA
25=ACCBAP7+HwCBAIAJAAAggQD+/h8AgQCACQAAIIEA/v4fAIEAgAkAACCBAP7+HwCBAIAJAA
26=AggQD+/h8AgQCACQAAIIEA/v4fAIEAgAkAACCBAP7+HwCBAIA=

[AITriggerTypesEnable]
0CAD0DCC-G=yes
0CAD0C7C-G=yes
0CAD0B2C-G=yes
0CA6621C-G=yes
0CDF8EDC-G=yes
0CDF8D8C-G=yes
0C0C7AEC-G=yes
0D62199C-G=yes
0CDF899C-G=yes
0D6216FC-G=yes
0D6215AC-G=yes
0D62145C-G=yes
0D0803CC-G=yes
0C32599C-G=yes
0CE23AAC-G=yes
0CA1F84C-G=yes
0CE26CAC-G=yes
0CE26B5C-G=yes
0CAD145C-G=yes
0CAD130C-G=yes
0CE2395C-G=yes
0D084B5C-G=yes
0D084A0C-G=yes
0D0848BC-G=yes
0CAD2AEC-G=yes
0D08461C-G=yes
0D0873DC-G=yes
0C8E2C3C-G=yes
0CAD25AC-G=yes
0D087D8C-G=yes
0C8B81BC-G=yes
0CADDEDC-G=yes
0C92C45C-G=yes
0C9565AC-G=yes
0C92C1BC-G=yes
0CADD99C-G=yes
0C9561BC-G=yes
0CE2EA2C-G=yes
0CE2E8DC-G=yes
0C955C3C-G=yes
0C955AEC-G=yes
0C8C71BC-G=yes
0C8C6EDC-G=yes
0D052AEC-G=yes
0CE44D0C-G=yes
0CA5945C-G=yes
0CAD2C3C-G=yes
0D535EDC-G=yes
0AA846FC-G=yes
0AA845AC-G=yes
0C8C645C-G=yes
0AD2BAEC-G=yes
0C96F5AC-G=yes
0C96F45C-G=yes
0CB2CEDC-G=yes
0C91D45C-G=yes
0CAD5AEC-G=yes
0D2C45DC-G=yes
0D2C448C-G=yes
0C8C56FC-G=yes
0D2C41EC-G=yes
0CA6AEDC-G=yes
0C0D251C-G=yes
0C8C51BC-G=yes
0CA24D8C-G=yes
0C8BC5AC-G=yes
0C8C4C3C-G=yes
0D53430C-G=yes
0ECCFCAC-G=yes
0ECCFA7C-G=yes
0C8EEEDC-G=yes
0C0D184C-G=yes
0ECCF68C-G=yes
0C8C430C-G=yes
0C87B99C-G=yes
0ECCF29C-G=yes
0ECCF14C-G=yes
0C8EEAEC-G=yes
0C87B45C-G=yes
0ECCBC3C-G=yes
0C8EE1BC-G=yes
0ECCB7FC-G=yes
0C32D84C-G=yes
0ECCB55C-G=yes
0ECCB40C-G=yes
0ECCB2BC-G=yes
0CB29EDC-G=yes
0C8C2C3C-G=yes
0C8C2AEC-G=yes
0A31295C-G=yes
0C87E5AC-G=yes
08A3EEDC-G=yes
0D022B1C-G=yes
0C1246FC-G=yes
0C1245AC-G=yes
0D0B3B9C-G=yes
0CA2A04C-G=yes
0CA2B06C-G=yes
0CA2FEDC-G=yes
0D2769BC-G=yes
0A452E5C-G=yes
0A452C6C-G=yes
0A44F2CC-G=yes
0A44F17C-G=yes
0D53099C-G=yes
0612B11C-G=yes
06C551AC-G=yes
0612CD8C-G=yes
0ABC484C-G=yes
05FFB18C-G=yes
05FFA7DC-G=yes
06002BFC-G=yes
07C0372C-G=yes
07C04EDC-G=yes
07C04C7C-G=yes
07C0B14C-G=yes
05FC1A8C-G=yes
05FC50EC-G=yes
05FC3C9C-G=yes
05FC37CC-G=yes
05FC333C-G=yes
05FC0C9C-G=yes
05FC088C-G=yes
05FC75CC-G=yes
05FC747C-G=yes
08B9154C-G=yes
08B911BC-G=yes
08B9213C-G=yes
08B9356C-G=yes
08B9305C-G=yes
08B9483C-G=yes
08B9423C-G=yes
08B940EC-G=yes
08B9586C-G=yes
0611A33C-G=yes
0611A1EC-G=yes
08B9641C-G=yes
08B97C6C-G=yes
08B9767C-G=yes
08B9708C-G=yes
05FC1C5C-G=yes
0612EAEC-G=yes
0612F9AC-G=yes
05FC13EC-G=yes
08B90B1C-G=yes
08B902EC-G=yes
0612F46C-G=yes
044082BC-G=yes
07C310BC-G=yes
07C329FC-G=yes
07C3266C-G=yes
07C33DDC-G=yes
0616004C-G=yes
07C330CC-G=yes
07C30A5C-G=yes
07C4853C-G=yes
043F521C-G=yes
043F874C-G=yes
043F40BC-G=yes
05C56EDC-G=yes
05C5392C-G=yes
05C504DC-G=yes
078F4B2C-G=yes

[Triggers]
0D95C9DC=Neutral,<none>,@Sounds,0,1,1,1,0

[Events]
0D95C9DC=1,13,0,0

[Actions]
0D95C9DC=9,99,7,_Amb_BirdsMorning,0,0,0,0,I,99,7,_Amb_BirdsTemperate2,0,0,0,0,J,99,7,_Amb_BirdsMorning,0,0,0,0,K,99,7,_Amb_BirdsMorning,0,0,0,0,L,99,7,_Amb_BirdsTemperate2,0,0,0,0,M,99,7,_Amb_BirdsTemperate2,0,0,0,0,N,99,7,_Amb_BirdsMorning,0,0,0,0,O,99,7,_Amb_BirdsTemperate2,0,0,0,0,P,99,7,_Amb_BirdsMorning,0,0,0,0,Q

[Tags]
0D95C60C=0,@Sounds,0D95C9DC

[Digest]
1=G6+TbymJiI42guHsgCBF0bZ7ras=
