[GAYARD]
Name=Allied Shipyard
TechLevel=11

[NAYARD]
Name=Soviet Shipyard
TechLevel=11

[YAYARD]
Name=Yuri Submarine Pen
TechLevel=11

[Header]
StartX=218
StartY=45
Width=75
Height=42
NumberStartingPoints=4
NumCoopHumanStartSpots=4
Waypoint1=230,67
Waypoint2=241,67
Waypoint3=270,68
Waypoint4=281,68
Waypoint5=0,0
Waypoint6=0,0
Waypoint7=0,0
Waypoint8=0,0

[SpecialFlags]
TiberiumGrows=yes
TiberiumSpreads=yes
TiberiumExplosive=no
DestroyableBridges=yes
MCVDeploy=no
InitialVeteran=no
FixedAlliance=no
HarvesterImmune=no
FogOfWar=no
Inert=no
IonStorms=no
Meteorites=no
Visceroids=no

[Ranking]
ParTimeEasy=00:01:00
ParTimeMedium=00:01:00
ParTimeHard=00:01:00
UnderParTitle=GUI:NoUnderParTitle
UnderParMessage=GUI:NoUnderParMessage
OverParTitle=GUI:NoOverParTitle
OverParMessage=GUI:NoOverParMessage

[Houses]
0=Americans
1=Alliance
2=French
3=Germans
4=British
5=Africans
6=Arabs
7=Confederation
8=Russians
9=YuriCountry
10=GDI
11=Nod
12=Neutral
13=Special

[Americans]
Country=Americans
TechLevel=0
Credits=0
IQ=0
PlayerControl=yes
Color=Gold
Allies=Americans
PercentBuilt=0
NodeCount=0

[Alliance]
Country=Alliance
TechLevel=1
Credits=0
IQ=0
PlayerControl=no
Color=Gold
Allies=Alliance
PercentBuilt=0
NodeCount=0

[French]
Country=French
TechLevel=1
Credits=0
IQ=0
PlayerControl=no
Color=Gold
Allies=French
PercentBuilt=0
NodeCount=0

[Germans]
Country=Germans
TechLevel=1
Credits=0
IQ=0
PlayerControl=no
Color=Gold
Allies=Germans
PercentBuilt=0
NodeCount=0

[British]
Country=British
TechLevel=1
Credits=0
IQ=0
PlayerControl=no
Color=Gold
Allies=British
PercentBuilt=0
NodeCount=0

[Africans]
Country=Africans
TechLevel=1
Credits=0
IQ=0
PlayerControl=no
Color=DarkRed
Allies=Africans
PercentBuilt=0
NodeCount=0

[Arabs]
Country=Arabs
TechLevel=1
Credits=0
IQ=0
PlayerControl=no
Color=DarkRed
Allies=Arabs
PercentBuilt=0
NodeCount=0

[Confederation]
Country=Confederation
TechLevel=1
Credits=0
IQ=0
PlayerControl=no
Color=DarkRed
Allies=Confederation
PercentBuilt=0
NodeCount=0

[Russians]
Country=Russians
TechLevel=1
Credits=0
IQ=0
PlayerControl=no
Color=DarkRed
Allies=Russians
PercentBuilt=0
NodeCount=0

[YuriCountry]
Country=YuriCountry
TechLevel=1
Credits=0
IQ=0
PlayerControl=no
Color=DarkRed
Allies=YuriCountry
PercentBuilt=0
NodeCount=0

[GDI]
Country=GDI
TechLevel=1
Credits=0
IQ=0
PlayerControl=no
Color=Gold
Allies=GDI
PercentBuilt=0
NodeCount=0

[Nod]
Country=Nod
TechLevel=1
Credits=0
IQ=0
PlayerControl=no
Color=Gold
Allies=Nod
PercentBuilt=0
NodeCount=0

[Neutral]
Country=Neutral
TechLevel=1
Credits=0
IQ=0
PlayerControl=no
Color=Grey
Allies=Neutral
PercentBuilt=0
NodeCount=0

[Special]
Country=Special
TechLevel=1
Credits=0
IQ=0
PlayerControl=no
Color=Grey
Allies=Special
PercentBuilt=0
NodeCount=0

[Basic]
NextScenario=GDI2A.map
AltNextScenario=GDI9C.MAP
NewINIFormat=4
CarryOverCap=0
EndOfGame=no
SkipScore=no
OneTimeOnly=no
SkipMapSelect=no
Official=yes
IgnoreGlobalAITriggers=no
TruckCrate=no
TrainCrate=no
Percent=0
Theme=No theme
MultiplayerOnly=1
TiberiumGrowthEnabled=yes
VeinGrowthEnabled=yes
IceGrowthEnabled=yes
TiberiumDeathToVisceroid=yes
FreeRadar=no
InitTime=10000

[Lighting]
Ambient=0.850000
Red=0.900000
Green=0.900000
Blue=0.900000
Ground=0.050000
Level=0.008000
IonAmbient=0.720000
IonRed=0.300000
IonGreen=0.400000
IonBlue=0.750000
IonGround=0.000000
IonLevel=0.000000
DominatorAmbient=1.500000
DominatorRed=0.850000
DominatorGreen=0.200000
DominatorBlue=0.300000
DominatorGround=0.000000
DominatorLevel=0.000000
DominatorAmbientChangeRate=0.001000

[Preview]
Size=0,0,150,42

[PreviewPack]
1=gAwAIAmouFCwuFCwvFi4vFjNAbhCAViwVQC0SAPMAQagrEigqEiIlDBIAAKAkDCQmGgAAZ
2=igQLB4B80EqPwFpAVlCLicCFUAvCh8AWQI/AjECJQDJ7wAA5CcOADAAEsAgJQoUAXMBPwR
3=VAO0D0sDgJQw1AOECAaAgDiAWCiYpFCIAAFImKBIYQGgWAEABEiAiDB4gDB4hCiIkDiYpE
4=iggEC4fEAqvAN1CZB0GwGIkDCwlAknPwKouFikDkoPoKhIHi+8AwKsSJCgQGQI/Bq8BSp8
5=AXQJ/CMqfAFACkoAmKhwETa8ALQJvAvMEOQUWAFMB0AuQAFcCCpkAWQO5y+wvFBcO7QDUA
6=VLCYiYMEAHpALEBUQsMrwA1AMrBQFAbA2cBVMpmKRAKnwBXAVQEVg3JwgAzDScBbQDxBqM
7=EFgQQB8JiIQ4gGAwmHg4mHRA9DZANwNQoKhQoKRUAFhPBVCIlEB4hDBAgAAIoJxQsIRAiH
8=xAeHDEMrwapAsgDDwCJ2wLrAdQI1xKIBt8BEwcTEbUAIQ1KmwC5AtkMkgPREe8DrRdKnQA
9=ZAgnzAiUJ0AlZG6MMcwBnALcHU4BtFDOCpw4TDTMBDu8AHQMXD5MB2gASX5QtAlYBycIAK
10=QCZAU4PAIDoHxIoHxAUG4MoJhIkJhAgIw4gIwwkJQ4WDdQAuw6SHJIOUgAAAFQqKBQoJhA
11=kIRIkGw4kHg4eIA4N3wBQHDsgrBKKEQJMjwCuBbMH3EaWLwXVDBAB7QAbA1oAyi8AzC8AG
12=wEMnwBtAm8BVQJQEa0ErQAtANuB7hYpBGIb0ANfIbMAZRCrAQrvACEibwItAAwvABQa1gK
13=7Ad8qswEeBl4AUAKK1wPlD82vAAOqIxImJRIaGAwWFQ4sJRIsJBgNHWliE+vOIiUaABtcK
14=hcAv1xqHg3WDpIAEc7sJxIRD4DiGAwiGw4vA48PAJQF0gANjwCzAc2fASM0KQjvCAqvACk
15=AlgfcAKUIVQzRD55Abw4/AWXS5CYOFhwrJG0GMQUnAikAqQ+KFwA7EPUBoQFrBMqFAAwvA
16=C0CShcAFRvnB02fAEwvQCIQGcDnEjAxGCYQEYClECAdEBEaFwvtGx8NdDgcKdMNOQCUDhI
17=AHw4fLb847QDBqCgWLiISKh8SEtCwMBgUCZcEUgMKJwC/B0wPAKkAlwFdJOcIHQGNbwAWD
18=S8I8yd/AVAl3QG9CFYAUyjpAV1FaRo5Dp8AbxchCm8PrQA7Ap8rbQJQBAtBArMRuwHJ0QP
19=WARIAMQIvBSMBCq8ALQDzA20A6QFtACEAqQOKpwIWFJYJQKIkECIjEBPBkCQlECQkDiQjE
20=DraDZUCXAyjN9sOuTgcAKlO6B24YCQULwpvQCkUKoHSLCoULiYSMDAWEgAeCUBtFDIyJiC
21=KTwC3BeEX9QwKfQEJ0QDXCBcFHAIL3QAxAiUG7wF1ACkApwFVBhECKwfpC+8RMQFLzwCQC
22=JsDbQSApQwiJAwrOIqBAG8CLQAzBO8CJQAxAiUD8wBnALUFUwBJ0wKTAFoAFiC3N28Bcw0
23=hAh8FPzptCStBKBYNAigSIiUQIiYSHiIOFA4S2yAkEB2VKBItKJ0NiPkKVACXCBAN18FeI
24=QwfAL0OQJ4hChwgCVEKnwC/wW4uFhWBri8THABYMjEYFNxyMhgxHEs/AJEFFhktBusE0QC
25=IuwhKfwCxAJwHUDQLrwD1AM1vABUA1AvMbQFnAVSFJikRVZIgDFQCyW0L0gSRHdLP4CUML
26=yqSKtIALwIKhQAvEFIjUgYTA1EF8wBtEiMFkgDcAKMAUQpTA14ASw8FwOotFCosEhkCFQA
27=jBNsASclEahQFCWUKKwHCJiAQIh0QIh4OIiIRGgDSLC0UICIZHFYNFg3dAA4vBtMEGAEWH
28=BMPYR0RDsjWDF8qmkDqGAKTAqMAViOSAADWKCcSIiESO0iKCsotQK4gHNMGTW8AzB8BFQP
29=RCC8AuwcfAtMAVgutFesHEQCJzwFUJhIAKQCKzwFWsegQKw0vDUBqLRYiIjhXDW0b7wCdQ
30=CQJuwtKTwF7ApgGaQ7RCkGgIg4eGAwcGAwrAECcGg4eGTMAQOIgECAhEC8AirECrwapAhI
31=Tii0Apw+vB28BQeAfDiAcDiojECoVwCYQJhQcZQwV1GAiDAkzymIlDhEqkQCiAB8MmABLL
32=wbZG5EcSkcB20EpNzjTDpUqwewtFiQnEiorFCYXbNsVBgDOHBcOIh8JZwjvBHEIFwUJ2wO
33=KjQHXAIyHAp2BrRQvB20G2QCRAUpvAA8fAFkMlKklDAnPD68NVhAQChYNycIAEQFTKlUAF
34=xxcUe4xJ68DqxGtEJIMwtwXDCYeECAaEC4qFConCakJyTIJ9wsfClLA6h0QFUhkCTeLrhY
35=rBkqFAC8Cw+IiECAeDjAkEC4hECokEjAjEBXb8CEQCqkAFQ/sGVVb3gj5CkqRABkNWyjfA
36=54BFQ2LD4CkJxAfIgV5xSImEBEOFytgXNIKqwBCZicUKB0OIhoOIiEOCo0ClwvXCYqpACg
37=KCrEBAJoYDhYWCssAwADwIg4mGgwmIRAmGwwqHg4kGQwqJhIXwuQfEBUVLQJRAvUk1w7rE
38=OMlLwLvDKsASoUALQ5KnQAbgGQMHQJXAi+RLhYWD2sN1gZKAQ9SZOYRFlEszc8GrRdCKCg
39=UMCMSIhkOHh8McwOKkwBrRmQXW6YKzwFvALsNCKkRaw3vAt8Avw1ZAJAE4Ru9AZwFDC0Di
40=gEAVzsI8RGvAUwFAC0VAGofDjAVDkjNEAwjAC8I1gxBmhcOHBsOKBsMF/1oJhIrBlITlgB
41=fBRMTFoTmEhsWwWcSLigSMCISCWEQZw1xEHkL1SrWJSJAEhIMySEIEQXTAFY4lQAiANkU0
42=wBtAOkYjB8Fl1ukFiLAWxAqIBYWEgAIlAnVBL0XXTGZBRkKWwB3AKEKVxcRJW0GKwBJGQ9
43=pCNYHCgcAZwFRBRYByqUBFgBUAIgA3wBtAY8vADMBMwNYBkqvAC0AyMIR8SASA9gBJwFJD
44=RANkwNVIdMvqwcvB2gB3QAMrweJGQ6rwp4aDhY0KydMPwFvDLEa4w9KowAK3QAtD+UeCp9
45=FohKimw4bSigQDR0HmwBXDWcGmQUQgGkUFySvAKsYSSfRMDAAC0IALTYbAT80WwBIAv8Gv
46=wFfHF44uTjKtwErKMqPAK0M7QAvAIqvABsCvwRpBekCLQbtAZMeVxNSABAT7xrtDAtgAMn
47=OAAzfAFUJFQ8kgtQmP8poIxAXJtFsIBEzi/8BWw3LfwdnDjMNyosAMQ4I9QknAimg7CgIv
48=RDrBlUD0xqzBmAN9RU/MtUElQhQCsnIAMtIAD02ORBTIucCDDcBNwsLEQbnAt83bcMgIgo
49=TA2sEyq8AFwUJ5QEvAK8Cza8ACgEAfwRpAIudANcVik8AqwKLYADJzgAvA4uBAE4fwFYSC
50=ghZCisstQzpDKUAFvZkKBAQPFSp7C4IjBTvEp8O2AEKPwyvAIlNiiQSEeDeHx4SABcEZxH
51=IuRKVCdIAKwTQAGIAHQqKEQAULwv9A2oG4ArWNMuvABUQkgAVAyMNEAEWLVIAFgEbAF8Av
52=QneA1Aylw+AaBIeIQiAGKsFij0AfRppAIqVBSkBWUIpFALSAA9fAF8DmwubBC0CawHfAIF
53=pFBoZAC4tAi8GjAUADC8AChEAPwXfAgnfAEpzCB+MrBIvKpMAVg3TAcnvRuITnaMQCo8Fy
54=ocKAKwgEC4iCU0KLyAWDdIAGxSMjwXrARcC2AElCqgAVgxiAAidGBmHbgI1G/MBHQn7Ad8
55=cXQGIAt8AbwFTG1QOFhwUGtkAlQ8NXwBrASmOIiYUMLAEOwQ2AFwpJyJdAksPAJMDVyPKr
56=wANgwOtFRkCDg8AnQD/AtYKycIACokLCRENio8LFvleGQw1EhYQCa8JLy5fAIgEzwaKDwX
57=ZEoozAJ8MmwK5GJsASAFfwGAAIAnCABsCvzFbAH8C6wxbQqkJewqvCZsBDK8AIU4MMwEAa
58=BIkJwlbEe8BdwCVD8FpFBAAECAKHBkLHgBdG9MBFyPbA04/AKYVWCUQAFcBYgAZPWkC/QJ
59=SH6YIlAvnERsCjh8BCrUJyrsJ0oMkJSpi0C0SG5ktAgqrAHMatQMnA4p/Bd4E2x/vAJoEi
60=AtvAAn+AYnIAA+fAFsJSSMJCesBEw09Dx8FFB0UDgndABMtbQDpCCsHye4AUABLsQBIBe8
61=A/x9jHwgGjwFJOwkvIB9Nbg39BakUEgYSACkRKwZrAFtN6QlrFisH7wmBYiUOJigSJikEQ
62=AA5gsAIAdImKRIoKhIoKhQQAGIAEABAlCgqEigpAIACKBIoKRQmKBIeIQweIAwgIwwkJQ4
63=kJhAgIw4rQGYVQOk3wWAAIAnCAB9AqBICTR8AUANBoCIMHiEKHCAKLwLvAUGeIgoiJQ4iJ
64=RAWw0AwABIAHwC/AtUBkQRtAN+AqBQJ7gBQAF1A6RYDVAO3BFHBYCQOCp8AawEKHQDLLwA
65=dAP8HV8LkJxAKqQDtAlcAkgAKAQBKb0AmPwdXAhXG8DAACAGCABQFy0IAFAvWBZIAFwdtA
66=lPJXiAKFgK6QAovC9kBZA1UAVIAFwFrBPtAVBAAawEWDdQCJgH3AhYAUwKKrwALRgCWAGs
67=B3QAVDBMPVwd+A1MDUA0SACkEUABSABlBahVMEhADVgBSAAqfAF0A10IqGA0UAstCABIFU
68=wKvAXGL4gwXAiJACi8F2QI4BAqvADsASi8AykEATe8A3QJ/BFYOkgAZgKoSKwHIAb4BlgE
69=LSADWAFUNkwZQApUQrQJvBesLoQafF9bAYiQOHAFSVGgXCZMbVAjdBhsB0wTjC7GCIQoXA
70=UnHAFMZ1hkWAHkCIRfnAVAECcIALwIaAz8C0RZSQZAgABMAVAIvBG8OLwFpA5YBEAHbCJY
71=CogAvCwncAEnIABYBFAIbAeUYEwBQBN0FUwW/Fa4AfUMSCd8BDB8AbQJvAUnHAEnvAPkCD
72=q8A1AyLQgAQItICbwdLWgAWAG0Tic4A0ABbhmkUL4ggIjLSPAAACcIAEwcyACUorwFrBm0
73=CawBvAIzBAFAHKQIMJwFQBAtCABcCESSrAq8C4E4QFwCSAC8GlhtSABAOkQdagCEKLwFTB
74=9ULawBUAVIAC1wAVgBrC6kEawBrBO8CCf8AlACvAtQCEgA7Ap8fewBfDIrBAGMx/wIpHp8
75=KSq8AEAQJwgArAdQMi0IAFwCSACkMi1oAFgBpBcnEAFAAVAFVB6kI6wWQC4n+AZAAVgBtB
76=K8zrwFpFxIG0R3ZAJBc6R0G3AFcVkwQAcnCACMUkiT1LG8BbQzQBAtCABPCoiYQDB8AbwF
77=rAe8EbQtRA5cC7wFtBusBLwFLXABWAF0A1yzXXSgxJhECCeoAkABWAEqfAEqvABGRJCUTE
78=lIkEj/SADEX1wFQAcnCABcEZAIQJEiPCC0EkgPLQgAA0AAQIAgaFAyLQgAVAlYBy1QACc4
79=ADA0AeREnS+AYKZYTycwAkABXNesJbQkvAV0AGzQfFCsAXYApFBID7wFQAcnCABACokAKK
80=xAZAX8yy1QA1gBdANMspzXVDlIAGYCqEhQbkgArBBAAUgA7A20XVUAKFAFSAC8BXUApCv0
81=IlALSAC8AnYAqEi8VkwTJ6gCQAG8F1ACKLQCMjwCZAg/vAOcKTDMBVgQSACsGSdoBiAGIA
82=Cks1gHJwgAvAi8EaQaTEBAGScIAFgBWBlIAKQRKrwAfFN0b3w4bQGgOUwERCwldCpQLIgA
83=fMsnGAInIAAqfAFMXlyDkAVIDHwFQDdIAFARSABAAUgAvDi0LVgBSAAqvAAnWAEnIAAqfA
84=FuFqRIQBwnsANAAVgBUAtIAD+8A0wEtJZAAUAHJwgAjEB8HW0ThNxKJwACJyAAbnAocCAG
85=4AYnmACkHScQAUABvB2sjkQaUBG0EkAZQBBYAUgAtAa0PCq8AChEACJUIFAsJWwjrHZAB0
86=gA/AhkwrwIZAj8BUAQLQgAdANsXmyUKnwBSDNIAEAKSAC0FbQD3AuM9KQCZAggC3wBXFYn
87=8AVAAVwLvBcoNAEyPAJ0DEx8JQUrKEAHJwgAnCYgAbwDtC0naAYnIABcVlAaJzgALSAAvE
88=oq0AS0IVQJiAC0MHQnXAhIAKRWdBVsIij8F5AFWAEovABkAvzLvAVEI3BBJdU2OFQJfAL0
89=ISoMAiosADY8AqT7LAwIQBDUq1AmSAAqfAEqPAIqfAGsAXQD9IekDlgTiAAidDl8CCAFvA
90=PMHCQNI4RA30A3SABw0VwRtC28C2YOoEi0D7QAZgKkSC2ABlgBW454iDBAATMIAH1KqCsc
91=AWQCVCqE+6wNtDbcAi88GtwCNbwATh+QnEz9pDtIcnBBQApIAEATKnwBtBgqFABkC/zjKr
92=wASG9IAIhj3LC0ObwjXCBIA1glTJekAqwHRxGImEBELJACfBErrAE1/AKsEEwHSACsAXQA
93=IAt8BJhAJWRAKrwDvAgrDAKMK6wZKrAGZQWoMWQHrAR0A1AXeE9AWHwaRCBMK0IWmKBALi
94=58Nzy8AF4jgJBRa0BUALwmvgWImCTkODp8ASosA2wQaBI0vACsHFA4SABEDlx6vAUmlDEo
95=fBxABEgAbhmkUEABSAC8EdwFAgBAgChwbAEmvDn0A3wOKvwCbAQ4PAK8CyAnvACkGrQztA
96=BYMUxwMFwAvI/UQlQ/fDgiVD68ESSEIy50AExPsGIvvAC0KqQOtACkCERQQBAoZARskZwj
97=hAggCXwBUC9IALQMQAFIALwULgQB/Au8HawQKPQBOPwCrAQuNAEyvACsEANoZAC4uAi8C6
98=wcPDwCKn8BeHx4JwgALsQBfBciFDCsKLQAJ/wIjIhAZMgArAcndABAEKQCJ3ABQAHsZ1hz
99=VJ9IAFAvbAFQBUgAvAVkCCLkUyJ8N6QOKhQArBxQBUgAKrwApFZQAkR9ZAgofVVQfBSMdj
100=C8AFhtTPpYN0gA5At8EVgBSAAqvABMCoypIvw1TAFIACh0ACc2DaBIhLxsdjg8AnwLfBRk
101=XC5sBaQdpBEwfAEoRAAsPCBQEUgAKHQA/BEoRAAiDC94NHwObDpYLpyhMrw2pBesB+wBZK
102=dsRjK8AExbZKSkcVAafI98GlslgIgopBoqFAC80SAJfAHsEHRF7AF8EaRfWDRIAKwNlQAw
103=7AQovABUHlwyvBdYPUAQgN/ABDC8AGQFbG1IJFA1KKwE3AKMHLwXrBAqdAMqLAAwvADsDX
104=wXdAMyPAXsBNgTJ7wSKrwAWD1IAGQCUBF4PdwUUAJcBVwdVGD0A5wXWARMRpScbARoBnwC
105=TAFQJrRgMLwARDtIAypEA6wB7LV0GGwNTCU4fAEtPAJQNUgAvA5ID0gAtAm8CFwCJ7wATA
106=FUA8xhnAtAB0gAtBJAAUgATAQnvAAq/AJIA0gA5AJQIyVkRrw+bA0mPCBmp7QIvBowFAA2
107=fAG8PqwTbAT8KQOQXCh4XDAqfAFsAfwj9AN8EXQGAAKgSHBUMJh4QIhsMIh8OHBsOIhsOL
108=wFCIhwOIBgMHhkMJB0UAIodAC0TvwaKHwcTL5IAC50AFEmpJSfI2RnpB28X6QIMLwApAJM
109=E0QvSD9QBVgoSAAyvABsfEgDSAC0A2QXKmwRSA8ClDiQlEBABEgApL+8C7wFUAJIAHQGXC
110=OEU7QDUAInCACkArwFQBxIADC8ACp0AEAELQgAOLwAIjwyrE+lCIBMLgAahECwuFiouFiA
111=jECIjEBwZDCAeDiQhECYbDBIQCh4aDiwvFC4vFiIgDiQfDi0AKgVtAZ0AAWwSKCMQHhwOG
112=4BuFi0AMwEzgdAkPQ8tBtULUxYtH50FWwoZEQodAD0S6gbKrwAKkQJMrwAbBysXqwQRAhM
113=DWQIjAonZBx8DnQwbI50A0yFUEdkuaxMNDwCKMQBhAVMrLQMtAAodACMDUgMKEQAXNErzA
114=sgAXwBKnwEA4h4QHh4QCg2AaRIWzGYiEC0M24utFB2ALhYphGouFkBULQDzAGWPKCsXR1I
115=pAW0A+0BWFQ8SABQAqQCzQG8fAKkAgKIhECAaCUsM0A6XneIgCpkB2zHvEqkF6Q1rAG8Al
116=xNUAi0CQOQhDiIZDC8AirsD7wFtBi0AFSfQDq8OLwFrAS0IewBZLN0AyAFfBlMCkT4TApU
117=dVg0SACsB3QAA6RQkHgwmCksDE6UoIhgLrwRtAADcGAwcGQ4MDQTvBEqRAOkNbQGTAFcm0
118=gAK+wGArhYmKhAWDTMLoQ1zAEp/AVIM1ACSABAAawoJMQ0rAG0ALwISQmwYEB8elYkmKDN
119=fLCUCaR9vBEqRAAy7A90P7R+WIJIALQGKhQAtAm0D7QJSIEAAXhgMIiIQJBwOJCUQJCYQJ
120=ikSIARAACLBNQJCogwgIwwkJQ4iJRAgJBUAAg4mKBIoKhQoKRQmIgAYAEoRwBImKRIAKkD
121=SEQFbgSgUDC/AKisUEMKuLhQaAAKsEi4rEiIbDiIfDigqFQGCkCgrEiQoECwuFiouFhUAA
122=OQnDgAwAAnCABEAr4CqLREC5wFtAYCjEB4cDjUAwG8WLi8WAcBULC4UFsEqLBIfQK0WAFS
123=AliwlAMCiJgwmKj0DIYCqLhABMwKKrwAkBoEQJikQKCwUK8HsLxQXwuQmDBIAAOIlDCAlD
124=BRFKBUCZwIbAeEF3wUpAKcBcwHnBqkHUAQkA6UEpwCrATEIKwHnAIn+ANBAZhwI0gV1AZQ
125=BdwInAUDoIxIsIhAWCsGkJRAiJA4kJxITAEFeIQweIgoiJRELGw3VA9QMlwCQARtNKR0Hk
126=QCaACaOpigsDhcAnwFRAUo9QesdDZQDlE4wFwaCLhYyLxQsJhIqLRYSC1AIkgAzCucEdQh
127=RQW8xC/EApwaRBFAKCAJvAC8I7wvzAGdCECAAEgPSABiCpAwVABcMswElA+ILSjcBEo2gJ
128=RMInA4VAasAcwTnAVsAexGSBtUSMQIlAPMAZQP3BFMAfwFbAdYAYRKtAM8vAAqfgGQmGI3
129=mKhUYFVpSGQ4AZhIiJhEUFVdSKRudDZsNGAETChAN5RUWAFgNyhEAExzQjqgSGJAgDCsBA
130=AGqLBQwLhYwLxY0MBoyMRg0MhowMBYyMhgbBYgF/wCbAc+vAPUVHgEfHpUYydMBCcsBrQ2
131=WDFIAG4BkDAqtAtECEgbUAVMbURQV4SQmDhEBagAvAW0LX0RsESVRSZASHVQAmUCuHiCbA
132=EvZApYCmANnAIgA7wAtAm0Sza8AEAKQBxEC0A6ApCcQJiceDpUOVA1UAJkOHxuSWxIUHpI
133=AKQ7SANgBJQ2wgGkUFQ/UHdIAE4EsLRMN0xwAVjAxFhAN0icSABtAcTcazY8AqwWtCesAT
134=z8AuwEbJ20LbwFrAFUG1wOrA2kArwvKiwGrAGkBbQJtGxQHUgAUCNECHUGlJR1jnaIkMyp
135=rD1YBCcIALwFfAgqPRew1Ce4BNQbnDhECIgG3KRIA0gAZEecxXwIJ5QWTlKwSJAFeDFAFk
136=i9RDVsmgKwULjAWGBnnHFHoYiQQPwyWG1IAGRuYQSgjAEyvBssvABYBERTVQZIWDdfbpio
137=UFB9VgzIyNxivCxEFEArKBQDjHNIGLQqVANEaNQAnB28F6QCVEhUGKwBVABcCIAfRBdYwc
138=SeSAlQAlQDXAhcBUAxaABcLylcG0cCgJAwvBG8C7wstAC8AkwEVDZUAFyt5LlsRqwEKhQA
139=vAVEDkgPmBPc6SqMAKwBUHSIS4B2lDNIGJx98BdY9yocHIyyvAtQGkgA3Sa8jGSUA0AKQC
140=4CiIxAiIR8IHAyJyQjbKlEMiJYIkTdVCErdAAFpFCQXCh4XDBwAkwBI6wiVBhcJqQOLrQC
141=XEqEDtQDXBdEArQAhDVYE0gAxBScAry/KrwAQARIAMQCLDQBVCe0JLQAxBGcCKxDtDBYB0
142=gA1AMIvFC4vFigrEiQoEARAAA=

[Map]
Theater=TEMPERATE
Size=0,0,80,52
LocalSize=2,4,76,42

[Waypoints]
0=92041
1=81052
2=53082
3=42093
8=22087
9=49112
10=39066
11=53054
12=79080
13=96070
14=112049
15=88024
16=66039
699=66067
700=66067

[IsoMapPack5]
1=kg0AIAFQAAEAgAACBABPAAKEAQEABABQKCkAUSgrAE4AA+EETygpAFAoKQBRKCkAUigpAE
2=1ACp8GBABOKCkATygpAFAoKQBRKCkAUigpAFMoKwBMAAWMCUUCTSgpAE4oKQBPKCkAUCgp
3=AFEoKQBSKCkAUygpAFQoKwBLAAbpDEwoKQBNKCkATigpAE8oKQBQKCkAUSgpAFJJAY17CQ
4=QAU0kBh6kBVEgBZAFVGFUoKwBKAAeQAlUCSygpAEwoKQBNKCkATigpAE8oKQBQKCkAUUgB
5=wQ9SSQGDZAtuEAcAyQFUVQKFtQJVSAHFE1ZIAXACTxBJAAiEAUkBSigpAEsoKQBMKCkATS
6=gpAE4oKQBPKCkAUCgpAFFJAYxnCwQAUkgB2RFTKCkAVCgpAFUoKQBWSAHRFFdIAWAIRxNI
7=AAmEAUkBSSgpAEooKQBLKCkATCgpAE0oKQBOKCkATygpAFAoKQBRSQGQcAx9FQn5J1NUAs
8=kXVCgpAFUoKQBWKCkAV0gByRdYSAFsCV8VRwAKhAFJAUgoKQBJKCkASigpAEsoKQBMKCkA
9=TSgpAE4oKQBPKCkAUCgpAFEoKQBSSAHBMFNIAScVAwrtG1UoVQBWKCkAV0kBhmcWBABYSA
10=FkAUkXWSgrAEYAC5ACVQJHKCkASCgpAEkoKQBKKCkASygpAEwoKQBNSAHdV05IAcVVTygp
11=AFBIAdEqUUgBhA9mNAsA0TVTVQKIewIEAFRIAdkcVSgpAFZIAcEEV0kBiq0FWEgBZAFVGF
12=koKQBaKCsARQAMnANBBEYoKQBHKCkASCgpAEkoKQBKKCkASygpAExIAdkcTUgB0RROKCkA
13=TygpAFBIAcEwUUgBkBBkHic5AlMoVQBUSAHdIFVIAc0bVkgB2QZXKCkAWCgpAFkoKQBaKC
14=kAWygrAEQADYAIUR9FKCkARigpAEcoKQBIKCkASSgpAEooKQBLKCkATEgB3RVNSAEnHQQN
15=7VJPKFUAUEgBwRpRSAGcEXwgJ2UCUyhVAFQoKQBVKCkAVigpAFcoKQBYKCkAWSgpAFooKQ
16=BbKCkAXCgrAEMADogQSSJEKCkARSgpAEYoKQBHKCkASCgpAEkoKQBKKCkASygpAEwoKQBN
17=SAHBJU5IAd1XT0gBySJQSAGfEQQAUSgpAFIoKQBTKCkAVCgpAFUoKQBWKCkAVygpAFgoKQ
18=BZKCkAWigpAFsoKQBcKCkAXSgrAEIAD4ATQSVDKCkARCgpAEUoKQBGKCkARygpAEgoKQBJ
19=KCkASigpAEsoKQBMKCkATSgpAE4oKQBPKCkAUCgpAFEoKQBSKCkAUygpAFQoKQBVKCkAVi
20=gpAFcoKQBYSQGPbx4EAFlIAWQBUR9aKCkAWygpAFwoKQBdKCkAXigrAEEAEIAIRQhCKCkA
21=QygpAEQoKQBFKCkARigpAEcoKQBIKCkASSgpAEooKQBLKCkATCgpAE0oKQBOKCkATygpAF
22=AoKQBRKCkAUigpAFMoKQBUKCkAVSgpAFZIAcWiV0gBwb9YSAHRgllIAdUCWkgBzcBbSAGb
23=IwQAXCgpAF0oKQBeKCkAXygrAEAAEZQGAQAEAEEoKQBCKCkAQygpAEQoKQBFKCkARigpAE
24=dIAdk9SEgBgwsEAEkoKQBKKCkASygpAEwoKQBNKCkATigpAE8oKQBQKCkAUSgpAFIoKQBT
25=KCkAVEkBkXMQBABVSQGJqQFWSAHFKVcoKQBYKCkAWSgpAFooKQBbSAHVLlxIAdUuXUgBeA
26=pZJ14oKQBfKCkAYCgrAD8AEogFTQVAKCkAQSgpAEIoKQBDKCkARCgpAEUoKQBGSAHVREdI
27=AcEaSEkBi3AMdC4ntQFKVAJwAkEPSygpAEwoKQBNKCkATkgB3QpPSAHFHlBIAdknUUgB0R
28=9SSAHdClMoKQBUKCkAVSgpAFZIASXNJVdIAd0VWCgpAFkoKQBaKCkAWygpAFxIAdX/XUgB
29=wQ9eKCkAXygpAGAoKQBhKCsAPgATlAZdID8oKQBAKCkAQSgpAEIoKQBDKCkARCgpAEUoKQ
30=BGSAHJ0kdIAd3QSEgBmA1sMSfhAUooVQBLKCkATCgpAE0oKQBOSAHNJk9IAdEfUEgB3QpR
31=SQGObAF0/yeJAVNUAnACWRxUKCkAVSgpAFZIAd0KV0gBJy0GEyatIVkoVQBaKCkAW0gB2e
32=1cSAHZHF1IAdUNXigpAF8oKQBgKCkAYSgpAGIoKwA9ABSACF0VPigpAD8oKQBAKCkAQSgp
33=AEIoKQBDKCkARCgpAEUoKQBGKCkARygpAEgoKQBJKCkASigpAEsoKQBMKCkATSgpAE5IAc
34=UpT0gBxSlQSAHBZ1FIAdUCUkgBwWdTSAGIHiJkLifxA1VUAtmVVkgB2QZXKCkAWCgpAFko
35=KQBaSAHJQ1tIAd0KXCgpAF0oKQBeKCkAXygpAGAoKQBhKCkAYigpAGMoKwA8ABWEDFE1PS
36=gpAD4oKQA/KCkAQCgpAEEoKQBCKCkAQygpAEQoKQBFKCkARigpAEcoKQBIKCkASSgpAEpI
37=AdknS0gBwTBMSAHFok1IAY8XBABOSAHFdk9IAdVaUEgB1S5RKCkAUkgB3StTSAHFCFQoKQ
38=BVKCkAVkgB3QpXSAHRCVgoKQBZSAHVDVpIAc1oW0gB3QpcKCkAXSgpAF4oKQBfKCkAYCgp
39=AGFIAcXvYkgB0QljSQFSbwEEAGRJAT5oAQIAADsAFqMBBAA8KCkAPSgpAD4oKQA/KCkAQC
40=gpAEEoKQBCSQGTewkEAENIAWQBSUNEKCkARSgpAEYoKQBHKCkASCgpAEkoKQBKKCkAS0gB
41=1ZxMSAHJDE0oKQBOKCkATygpAFBIAc0xUUgB1S5SSAHVLlNIAdEJVCgpAFUoKQBWKCkAV0
42=gB0QlYSAHFCFlIAcUIWigpAFsoKQBcKCkAXUgBweteSAHZU18oKQBgSAHN7GFIAckMYkkB
43=OW8MBABjygEBAFQ5yzgAAGVUAnwDTwA6ABdUAEkABEw8JykAPChVAD0oKQA+KCkAPygpAE
44=AoKQBBKCkAQigpAEMoKQBEKCkARSgpAEYoKQBHKCkASCgpAEkoKQBKKCkAS0kBkkQXTUdM
45=SAFkAUkBTSgpAE4oKQBPKCkAUCgpAFEoKQBSKCkAUygpAFQoKQBVKCkAVigpAFcoKQBYKC
46=kAWSgpAFooKQBbKCkAXCgpAF1IAdnBXkgB2X9fSAHBiGBIAc0bYUgBzXNiSAFuPAIATDzc
47=Nmw8JykAZUAEmwYAAGYoKwA5ABizAgQAOigpADsoKQA8KCkAPSgpAD5IAcmFP0gBiwgEAE
48=AoKQBBKCkAQigpAEMoKQBEKCkARSgpAEZIAcFcR0gBwVxIKCkASUgBweBKSAHBD0soKQBM
49=KCkATSgpAE4oKQBPKCkAUCgpAFEoKQBSKCkAUygpAFQoKQBVKCkAVigpAFcoKQBYKCkAWS
50=gpAFooKQBbSAHBnlxIAdUYXUgBJ+YHGADRjV9UAt14YEkBOnMFBABhyAFdeGJIAXACTQBj
51=KCkAZCgpAGUoKQBmKCkAZygrADgAGVAHSwAEADkoKQA6KCkAOygpADwoKQA9SAHRNT5IAc
52=VVP0gB3TZASAHRNUFIAUEMAEFyQigpAEMoKQBEKCkARUgB3QpGSAHdCkcoKQBIKCkASUgB
53=3WJKSAHJDEsoKQBMKCkATSgpAE4oKQBPKCkAUCgpAFEoKQBSKCkAU0gBJXkgVEgBxa1VSA
54=HZHFZIAc0QVygpAFgoKQBZKCkAWigpAFsoKQBcKCkAXUgB3ZleSAHdCl9IAc1+YEgBfEFN
55=fmFJAa5QQVEEYkgBWABpAGMoKQBkKCkAZSgpAGYoKQBnKCkAaCgrADcAGmAJfTY4KCkAOS
56=gpADooKQA7KCkAPEgByTg9SAHJOD4oKQA/KCkAQCgpAEFIAcUpQkgBhA8iTCAnDQJEKFUA
57=RUgB1elGSAHVZUdIAdUNSCgpAElIAc1oSkgB3QpLKCkATCgpAE1IAckXTkgBJd0nT0gB2Q
58=ZQKCkAUSgpAFIoKQBTKCkAVCgpAFVIAd0VVkgB3QpXSAHdClgoKQBZKCkAWigpAFsoKQBc
59=SAHdr11IAcUIXkkBO28BBABfyAFJQmBJAaxcAEEDYUkBpakBYkgBmBx/xRoAhVQDSQBkVA
60=KAMCJMINQufMUnKQBnQARcBGkAaCgpAGkoKwA2ABtwA2FGNygpADgoKQA5KCkAOigpADso
61=KQA8SAHBJT1IAdU5PigpAD8oKQBAKCkAQUgBxYFCSAGQEGxHJzkCRChVAEUoKQBGKCkAR0
62=gBwQ9ISAHBRklIAdEJSigpAEsoKQBMKCkATUgBxXZOSAHZBk8oKQBQSAHRd1FJATVnBAQA
63=UsgBAQEEAFNJATa1AlTIAVUCVUkBN7UCVsgBVQJXSQE0tQJYSAFkAVmrWSgpAFooKQBbSA
64=HFl1xIAc0bXUgB2RFeSAFsR02JX0gBwUZgSQGnoUZhSQGpqQFiSQGMmg0AY0gBhDQirSEb
65=JOw/bUcb5UpmQATRS2dJAYe5BmhIAaYBAGkoKQBqKCsANQAcvwMEADYoKQA3KCkAOCgpAD
66=koKQA6KCkAOygpADwoKQA9SAGLFwQAPkgBixcEAD8oKQBAKCkAQUgBJ0QJJzkCQ1QCiBMH
67=BABEABwAAAAAABEAAA0OACAFAAQARQAcAABgAAIEAEYAHGEBAFUCRygpAEgoKQBJKCkASi
68=gpAEsoKQBMKCkATSgpAE4oKQBPSQE5cwwEAFDIAQEBAABRSQE1VAIBAgAAUsgBAQMAAFNJ
69=ATa1AlTIAVUCVUkBN7UCVsgBVQJXSQE0tQJYyAEBAwQAWUgBfApBGlrIAQEBBABbSAFkCF
70=UCXMgBVQJdSQE8RAhJAF5JAbBYEkkBX0kBqakBYEgBRAJpAGFJAY1jAQAAYkkBg6kBYygp
71=AGQoKQBlKCkAZigpAGcoKQBoSQGHpQhpSAGmAQBqKCkAaygrADQAHb8DBAA1KCkANigpAD
72=coKQA4KCkAOSgpADooKQA7KCkAPCgpAD1JAYxzDAQAPkgBjxsEAD8oKQBASQGIoQRBSQGK
73=qQFCSAFkAVEqQygpAEQoKQBFKCkARigpAEcoKQBIKCkASSgpAEooKQBLKCkATCgpAE0oKQ
74=BOSQFScxAEAE9IAXxMRUpQSQGsqThRSQGoqQFSKCkAU0kBqrUCVEgBYAhNAFUoKQBWKCkA
75=VygpAFhIAWpOBQBdTB1eMQAAVQ1aVAJoTk1SW0gBfExVAlzIAVUCXUgBWAtpAF4oKQBfKC
76=kAYCgpAGFJAZBkBX5MHQCPMQAAY1QCyQFkKCkAZSgpAGYoKQBnKCkAaCgpAGlIAclOakgB
77=pgwAaygpAGwoKwAzAB6/AwQANCgpADUoKQA2KCkANygpADgoKQA5KCkAOigpADsoKQA8KC
78=kAPUkBjHwNd08eAIipAT9VAoqpAUBIAWQBXUxBKCkAQigpAEMoKQBEKCkARSgpAEYoKQBH
79=KCkASCgpAEkoKQBKKCkASygpAEwoKQBNSQE6fxEEAE7IAUVJT0gBcAJNAFBJAbFIAkkBUU
80=gBWABpAFIoKQBTKCkAVCgpAFUoKQBWKCkAVygpAFgoKQBZKCkAWigpAFsoKQBcKCkAXSgp
81=AF4oKQBfKCkAYCgpAGEoKQBiSAGYMnVPHuFRZFQCwVFlKCkAZigpAGcoKQBoKCkAaUkBhn
82=UgAFSc0UsAVE8nKQBsQAS+AwBtKCsAMgAfswIEADMoKQA0KCkANSgpADYoKQA3KCkAOCgp
83=ADkoKQA6KCkAOygpADwoKQA9SQGSaA9sUicNAj9UAnACQVFAKCkAQSgpAEIoKQBDKCkARE
84=gBiMdm7x8AlHBk7yddAUdABN0KSCgpAElIAdkGSkkBi2cEBABLSAFkAU0QTEgBzZ9NSAFs
85=Ul2OTkgBgQQARKLJDABE7ycpAFEogQBSSAGIDGfvHwCJvQZUVAKXDQAAVUgBsgIAVigpAF
86=coKQBYKCkAWSgpAFooKQBbKCkAXCgpAF0oKQBeKCkAXygpAGAoKQBhKCkAYkgB0aNjSAHB
87=UWQoKQBlKCkAZigpAGcoKQBoKCkAaUgBJ0wKJ3UEa1QCxR5sKCkAbSgpAG4oKwAxACCrBQ
88=QAMigpADMoKQA0KCkANSgpADYoKQA3KCkAOCgpADkoKQA6KCkAOygpADwoKQA9KCkAPigp
89=AD8oKQBAKCkAQSgpAEIoKQBDSQGRfxgEAERIAd2vRUgB3a9GSAF8A0lORygpAEgoKQBJSQ
90=GOZwQEAEpIAWQBTQVLSQE7bwEEAEzIAVGiTUkBrlwAQQNOSAFYAGkATygpAFAoKQBRKCkA
91=UkgBgHJkVdcuAABUVAJ4B00AVSgpAFYoKQBXKCkAWCgpAFkoKQBaKCkAWygpAFwoKQBdKC
92=kAXigpAF8oKQBgKCkAYSgpAGIoKQBjSAHBqWRIAdFWZSgpAGYoKQBnKCkAaCgpAGkoKQBq
93=SQGFWB1JAGtIAY+JAABsSAFEAmkAbSgpAG4oKQBvKCsAMAAhWHpLBQQAMUgBQAEi8S8yKC
94=kAMygpADQoKQA1KCkANigpADcoKQA4SAGPiQQAOUgBkxQEADooKQA7SAGfFQQAPEgBwQ89
95=KCkAPigpAD8oKQBAKCkAQSgpAEIoKQBDKCkARCgpAEUoKQBGKCkARygpAEhIAdleSUgBzV
96=1KSAHNqktIAXxXTapMSQGssVZNSQGpqQFOSAGUGGWtIcQBRK0nKQBRKIEAUigpAFMoKQBU
97=KCkAVSgpAFYoKQBXKCkAWCgpAFkoKQBaKCkAWygpAFxJAZOhEl1IAaYBAF4oKQBfKCkAYC
98=gpAGEoKQBiKCkAY0gB0a5kSAEn/QohJk0gZihVAGcoKQBoKCkAaSgpAGooKQBrKCkAbEgB
99=gUYAVf8hp+QAAG5UAskXbygpAHAoKwAvACLeAwAwSQFVUgEBBFRa1AJ0sicpADNABFwDbV
100=00KCkANSgpADYoKQA3SAHJQzhIAYQedVoipB50WicpADsogQA8SAHBXD1IAdUNPigpAD8o
101=KQBAKCkAQSgpAEIoKQBDKCkARCgpAEUoKQBGKCkARygpAEgoKQBJKCkASkkBQHwRIv4gIg
102=BoAUlYTFUCsVwAQQNNSAFYAGkATigpAE8oKQBQKCkAUSgpAFIoKQBTKCkAVCgpAFUoKQBW
103=KCkAVygpAFgoKQBZKCkAWigpAFsoKQBcKCkAXSgpAF4oKQBfKCkAYCgpAGEoKQBiKCkAYy
104=gpAGRIAcFcZUgBg+AAAGZIAYc/AABnKCkAaCgpAGkoKQBqKCkAaygpAGwoKQBtKCkAbkgB
105=zV1vSAGDRgAAcEgBdC9NAHEoKwAuACNAAokALygpADBJAVNwAmxdwwQEADJUAnACRe8zKC
106=kANCgpADUoKQA2KCkANygpADhJAYxoCG1dIyisCycpADtABIgiZrgjACPzJAQAPVQCdAZB
107=Dz4oKQA/KCkAQEkBj2cEBABBSAFkAU0FQigpAEMoKQBEKCkARSgpAEYoKQBHKCkASCgpAE
108=koKQBKSAFhXAJtXSOMXQEDAABMVAKDDwAATSgpAE4oKQBPKCkAUCgpAFEoKQBSKCkAUygp
109=AFQoKQBVKCkAVigpAFcoKQBYKCkAWSgpAFooKQBbKCkAXCgpAF0oKQBeKCkAXygpAGAoKQ
110=BhKCkAYigpAGMoKQBkKCkAZSgpAGZIAcVgZ0gBjzwAAGgoKQBpKCkAaigpAGsoKQBsKCkA
111=bSgpAG4oKQBvSAGARmxd01YAAHFUAtkycigrAC0AJNICAC4oKQAvKCkAMEgBZGCUvcwFZG
112=AnKQAzQASICCIEQydVADUoVQA2KCkANygpADhIAZwgZWAkKAQMJykAO0AEnINmYCQAJdEg
113=PVQC1Q0+KCkAP0gBJUEkQEgBkB9kYCc5AkJUAtkGQygpAEQoKQBFKCkARigpAEdIAd0KSE
114=gBg4gEAElIAdEJSkkBP2wBZmAkAGgBVbxMVAKYBmZgJADJkE5UAskBT0gBkAkitDjQFCKc
115=VicpAFJABHgKTQBTKCkAVCgpAFUoKQBWKCkAVygpAFgoKQBZKCkAWkgBxRNbSAHNEFxIAU
116=QNaQBdKCkAXigpAF8oKQBgKCkAYSgpAGIoKQBjKCkAZCgpAGUoKQBmKCkAZ0gBmKBkYMc/
117=AABpVALdYmooKQBrKCkAbCgpAG0oKQBuKCkAb0gBkEBkYCdRBXFUAmwcTQByKCkAcygrAC
118=wAJUwDiQAtKCkALigpAC8oKQAwSQFUaAVkw9gGfGInKQAzQASLLQQANEgBiC0iXFkngQA2
119=VAJgCEG0NygpADgoKQA5SAHJZDpIAcVgO0gB2QY8KCkAPSgpAD4oKQA/SAHFCEBIAYgifG
120=InDQJCVALRCUMoKQBEKCkARSgpAEZIAcEaR0gBhzQEAEhIAd0KSUgB0QlKSAFwYYXDJZxi
121=hsMlANk9TUAEhwgAAE4oKQBPKCkAUEgBjCZ8YtwVIvxiJykAU0AElA0ibDonVQBVKFUAVi
122=gpAFcoKQBYSAGUGCJdWSXtc1pUAtkRWygpAFxIAcV2XSgpAF5IAcUTX0gBzRBgKCkAYSgp
123=AGIoKQBjKCkAZCgpAGUoKQBmKCkAZ0gBnDZ9YiUknFZ8YicpAGpABN0VaygpAGwoKQBtKC
124=kAbigpAG9IAZA1fGInzQRxVALVGHIoKQBzKCkAdCgrACsAJsoFACwoKQAtKCkALigpAC8o
125=KQAwSAF0ZZTIxAh2ZSYAjzEEADNABIAadWUm+cE1VAKLLQQANkgBhw8EADcoKQA4KCkAOS
126=gpADooKQA7KCkAPCgpAD0oKQA+KCkAPygpAEBIASMMRHRlJ70CQlQCzRBDKCkARCgpAEVI
127=AcEaRkgBwRpHKCkASEgB3XhJSAEiDGVZf0rIAUnHS0gBhAgiHCXcIHTIJykATkAEnAoiJD
128=wnVQBQVALBO1FIAZAUdGXIFyIkR8gtdWUmJtk3VSitAFYoKQBXKCkAWEgBxXZZSAHBD1oo
129=KQBbKCkAXCgpAF0oKQBeKCkAX0gB2WlgSAGDOwAAYUgB3RViKCkAYygpAGQoKQBlKCkAZi
130=gpAGcoKQBoKCkAaSgpAGpIAdUYa0gB1RhsKCkAbSgpAG4oKQBvSAGQNXRlJyUFcVQC3RVy
131=KCkAcygpAHQoKQB1KCsAKgAn1gYAKygpACwoKQAtKCkALigpAC8oKQAwSAEi3D1BRjFIAZ
132=QJbmgnAIiFbWgn4Wc0QASbHAQANSgpADZIASO0WWxo2xEEADhUAtEJOSgpADooKQA7KCkA
133=PCgpAD0oKQA+KCkAPygpAEAoKQBBKCkAQigpAEMoKQBESAGYXiLcXicVA0ZUAtUYR0gBjD
134=FmzicAJd1ISVQCbGgBAgAASkkBkZoYAEtIAZgGbGjQCWxoJykATiiBAE8oKQBQKCkAUUgB
135=2VNSSAG6CgBTSAGILW1oJ/WyVVQCkyoAAFZIAQkAAAAAAAAAVwAnAJERAACPDgAgCQAAAA
136=AAAFgAJwCDAIIAWQAnKQBaKCkAWygpAFwoKQBdKCkAXigpAF8oKQBgKCkAYUkBh4YMAGJI
137=AaYBAGMoKQBkKCkAZSgpAGYoKQBnKCkAaCgpAGkoKQBqSQGQoQtrSQGIqQFsSAHNG20oKQ
138=BuSQGGoQRvSAGmAQBwKCkAcSgpAHIoKQBzSQFOcwUEAHRJAUepAXXIAQEBBAB2SQFItwIp
139=AChgAW0AKigpACsoKQAsKCkALSgpAC4oKQAvKCkAMEkBVUgJSQwxSAFEAQIAAAQAMigpAD
140=NJAZB7AgQANEgBkx8EADVJAYq1AjZIAWQBWQY3KCkAOCgpADkoKQA6KCkAOygpADwoKQA9
141=KCkAPigpAD8oKQBAKCkAQSgpAEIoKQBDKCkAREgByRdFSAHJF0ZIAckXR0kBOm8XBABIyA
142=EBAQAASUkBrFwAQQNKSQGqqQFLSQGMSAJJAExIAcU/TSgpAE4oKQBPKCkAUCgpAFFIAclD
143=UkgBQAlpAFMoKQBUKCkAVSgpAFYoKQBXKCkAWEgB2RFZSAHZEVooKQBbKCkAXCgpAF0oKQ
144=BeKCkAXygpAGAoKQBhSAHdFWJIAXAVTQBjKCkAZCgpAGUoKQBmKCkAZygpAGgoKQBpKCkA
145=aigpAGsoKQBsSAGfNgAAbUgBnzYAAG5JAYpAEEkAb0gBWABpAHAoKQBxKCkAcigpAHNJAV
146=ZkBWRrw2cEAHVUAnACUVZ2KCkAdygrACgAKZwDUQApKCkAKigpACsoKQAsKCkALSgpAC4o
147=KQAvKCkAMEkBMVAKQQ8xSAFkAUkBMigpADMoKQA0KCkANSgpADZKAf//QwcEADcoKQA4KC
148=kAOUkBJ1wDAQADADpKAQkCTwEDADtIAZsfAwA8SAFMAmF9PSgpAD5IAd0KP0kBk2cEBABA
149=SAFkAVEUQSgpAEIoKQBDSQFSZwQEAERJATipAUVJATapAUbIAUWMR0gBfG1FEkhJAayla0
150=lJAampAUpIAXQGTQBLSQGMXABJAExIAcFcTSgpAE4oKQBPKCkAUCgpAFFIAcFGUkgBQAlp
151=AFMoKQBUKCkAVSgpAFYoKQBXKCkAWEgB2RFZSAHZEVooKQBbKCkAXCgpAF0oKQBeKCkAXy
152=gpAGAoKQBhKCkAYkgB0dpjSAF8Fk0AZCgpAGUoKQBmKCkAZygpAGgoKQBpKCkAaigpAGso
153=KQBsKCkAbSgpAG4oKQBvKCkAcCgpAHEoKQBySQFPRBRVRHPIAVk9dEkBjbUCdUgBgRoERN
154=nHawQAd1QCfANZBngoKwAnACqQAlEAKCgpACkoKQAqKCkAKygpACwoKQAtKCkALigpAC8o
155=KQAwSAF0cEFRMckBA3beKgDRVjNUAmgBVRg0SQEzTBFRFDVIAWQBSQE2SAHVZTdJAYBcVw
156=EBAwA4yAEBAgMAOUkBI3EFA1RwwBp3cCoAJLUCPEEECEAQWXQ9SQGBRAhJAT7IAVEJP0gB
157=yQxASAF0BkEPQSgpAEJJATt7AgQAQ8gBUQhESAF0cEkBRUgBdBhVDEbIAQEDAABHSAF0Bk
158=0ASEkBsUAFSQFJSAFYAGkASigpAEtJAZBvAgAATEgBybFNSQGDtQJOKCkAT0gBwQRQSAHJ
159=b1FIAaoFAFIoKQBTKCkAVCgpAFUoKQBWKCkAVygpAFhIAdkRWUgBzRBaKCkAWygpAFwoKQ
160=BdKCkAXigpAF8oKQBgKCkAYSgpAGJIAcHgY0gB1RhkKCkAZSgpAGYoKQBnKCkAaCgpAGko
161=KQBqKCkAaygpAGwoKQBtKCkAbigpAG8oKQBwSQFLfxEEAHHIAUVVckgBdHABAgQAc0gBfA
162=NBRnRIAYwmdt4qAJkyBFRwzFJ0cCcpAHhMBdkGeSgrACYAK5ACUQAnKCkAKCgpACkoKQAq
163=KCkAKygpACwoKQAtSAGTggAALkkBhVAKSQAvSAGfgwAAMEgBRAJpADFIAXh0AQUAADJIAc
164=lZM8gBSVk0SAFsc0FcNcoBAwROeCsAYHJJATdUAmkBBGxztgIFAk9zKwAgYQwCT3MrAAha
165=BwACROQnVQA8WAbBBD1IAWxzAQMCAD7IAVEJP8kBBWXkK0DxVwkEAEFVAjdEAU0xQkgBbH
166=NJC0NJAayxbERJAaqpAUVIAUgFaQBGKCkAR0kBj28CAABISAGmAQBJKCkASigpAEsoKQBM
167=KCkATUkBjL0GTkkBiqkBT0gBpgEAUCgpAFEoKQBSKCkAUygpAFQoKQBVKCkAVigpAFcoKQ
168=BYKCkAWUkBkLkNWkkBg6kBWygpAFwoKQBdKCkAXigpAF8oKQBgKCkAYSgpAGIoKQBjSAHN
169=R2RIAbINAGUoKQBmKCkAZygpAGgoKQBpKCkAaigpAGsoKQBsKCkAbSgpAG4oKQBvKCkAcE
170=gBbXMCbHPDZwQAclQChBNscydVAHQoVQB1KCkAdigpAHcoKQB4KCkAeSgpAHooKwAlACyE
171=DFEAJigpACcoKQAoKCkAKSgpACooKQArKCkALEkBkUQJSQAtSQGDXABJAC4oKQAvKCkAME
172=kBh1QDSQAxSAFYAGkAMkkBsK1dM0kBqKkBNEkBqqkBNUgBcHdVezZIAXp0BgBJaSySdwcA
173=VOmqAQgBRXYspXYBR3YsAAdaagABRHYnKQA8RQggew4BAD1IAWZ2BgFGdiwAaAFRCT/UAg
174=EIAABASAF4dFEIQcgBTYlCSAHdFUNJAamxFERIAXgKTQBFSAHJIkZJAYVIAkkAR0kBilwA
175=SQBISAFYAGkASSgpAEooKQBLKCkATCgpAE1JAZJzBgAATkgBpgEATygpAFAoKQBRKCkAUi
176=gpAFMoKQBUKCkAVSgpAFYoKQBXKCkAWCgpAFkoKQBaSQGMsRBbSAHFP1woKQBdKCkAXigp
177=AF8oKQBgKCkAYSgpAGIoKQBjSAHNJmRIAbANRHYn/QpmKFUAZygpAGgoKQBpKCkAaigpAG
178=soKQBsKCkAbSgpAG4oKQBvKCkAcEkBUFEQAWR2zBBkdicpAHNABFwDIsE0dCgpAHUoKQB2
179=SAGYtnTpJ9kAeFQC2QZ5KCkAeigpAHsoKwAkAC2IBVEAJSgpACYoKQAnKCkAKCgpACkoKQ
180=AqKCkAKygpACwoKQAtSQGQXAtJAC5JAYhcAEkALygpADBIAdkyMUgBUANpADIoKQAzKCkA
181=NCgpADUoKQA2KCkAN0gBaXoKfXgtinoLAFx4J0VKOkAEfQsAfHjTHwEAPFQCI/E6AF14LZ
182=J3CQBceKgBUQk/QASYBnx42QYARO8nKQBCKIEAQygpAEQoKQBFKCkARkgByW9HSAHdCkgo
183=KQBJKCkASigpAEsoKQBMKCkATSgpAE4oKQBPKCkAUCgpAFEoKQBSKCkAUygpAFQoKQBVKC
184=kAVkgBn0wAAFdIAd0VWCgpAFkoKQBaSAHZPVtIAScdDy0mRVZdKFUAXigpAF8oKQBgKCkA
185=YSgpAGJIASdULCfVBWRUAtkRZSgpAGYoKQBnKCkAaCgpAGkoKQBqKCkAaygpAGwoKQBtKC
186=kAbkkBTFgNRXZvSAFwd1ntcMkBA3x4xBN8eCcpAHNABFQGvngtAJC5IlcsLQCJewIEAHZA
187=BIRgfHgn2QB4VAJ8AwEABAB5KCkAeigpAHsoKQB8KCsAIwAulAZRACQoKQAlKCkAJigpAC
188=coKQAoKCkAKSgpACooKQArKCkALCgpAC0oKQAuKCkALygpADAoKQAxKCkAMigpADMoKQA0
189=KCkANSgpADYoKQA3KCkAOCgpADlIASN1OwBX9C4ACUDsUR87VALJATxIASNQPHR7J3UEPl
190=QCXARpAD8oKQBAKCkAQSgpAEIoKQBDSQGNcwYAAERIASUFIkVIAbICAEYoKQBHKCkASCgp
191=AEkoKQBKSAHRCUtJAYupCExIAaYBAE0oKQBOKCkATygpAFAoKQBRKCkAUigpAFMoKQBUKC
192=kAVSgpAFZJAZC5DVdIAcEaWEgBsgIAWSgpAFooKQBbSAHB9lxJAYOxBV0oKQBeKCkAXygp
193=AGAoKQBhSAHZwWJIAYdgAABjSAGuCQBkKCkAZSgpAGYoKQBnKCkAaCgpAGkoKQBqKCkAay
194=gpAGwoKQBtSAFoel14bsgBAQMEAG9IAY8QBABwKCkAcSgpAHIoKQBzKCkAdCgpAHUoKQB2
195=KCkAdygpAHgoKQB5KCkAekgBh60EAHtIAc0QfCgpAH0oKwAiAC+cA1EAIygpACQoKQAlKC
196=kAJigpACcoKQAoKCkAKSgpACooKQArKCkALCgpAC0oKQAuKCkALygpADAoKQAxKCkAMigp
197=ADMoKQA0KCkANSgpADYoKQA3KCkAOCgpADkoKQA6KCkAO0gB2Wk8SAElrSw9SAHVWj5IAV
198=wlaQA/KCkAQCgpAEEoKQBCKCkAQ0gBzV1ESAHFVUVIAWQJTQBGKCkARygpAEgoKQBJKCkA
199=SkkBjkwGSQBLSAFYAGkATCgpAE0oKQBOKCkATygpAFBIAZdEAABRSAF4B00AUigpAFMoKQ
200=BUKCkAVSgpAFYoKQBXSAHZEVhIAUAJaQBZKCkAWigpAFtIAcmFXEgB0XddSQGDcwYAAF4o
201=KQBfKCkAYEgBzSZhSAGqBQBiKCkAYygpAGQoKQBlKCkAZigpAGcoKQBoKCkAaSgpAGooKQ
202=BrSAEiUDxJ6GzIAU33bUkBUXMQBABuSAFkAUEEb0gBjEdufi8AiLFk+tBsZPonKQBzTAXZ
203=BnRIAYwxZPongQB2VALBBHcoKQB4KCkAeUgB1Q16SAGYJ21+LyZNIHxUAiV5IH1IAZ9XBA
204=B+SAHcCgIhADAASm8BBAAiSQFHqQEjyAFZHCRJAUi1AiXIAVUCJkkBSbUCJ8gBVQIoSQFF
205=tQIpyAEBAQAAKkgBcAJNACsoKQAsKCkALSgpAC4oKQAvKCkAMCgpADEoKQAyKCkAMygpAD
206=RIAYsiAAA1SAHRdzZIAZAfIo0+MEQRiQA4VAKAASJsLwgwAAAAAAAAAAA6ABEAAC8OACAB
207=MAAAAIAAAjsAMACMhgEAPEkBiKkBPSgpAD5JAYe1Aj9IAaYBAEAoKQBBKCkAQigpAENJAZ
208=KxBURIAaYBAEUoKQBGKCkARygpAEgoKQBJKCkASkgB0QlLSAHRCUwoKQBNKCkATigpAE9J
209=AY2xBVBJAYOpAVFJAYWpAVIoKQBTSAHZHFRIAb4DAFUoKQBWKCkAV0gB2RFYSAHNBVkoKQ
210=BaKCkAWygpAFwoKQBdSQGQvQZeSAHVLl9JAYq1AmBIAaYBAGEoKQBiKCkAYygpAGQoKQBl
211=KCkAZigpAGcoKQBoKCkAaSgpAGooKQBrSQFLRA8BAgQAbEgBRAECAAAEAG0oKQBuKCkAb0
212=gBnyAEAHBIAc0FcSgpAHJIAYMwBABzSAGXLgQAdEgBjzEEAHVIAdUCdkgBgzAEAHdIAdEJ
213=eCgpAHlIAY8mBAB6SQGGZwQEAHtIAWQBURR8KCkAfUgBl1oEAH5IAd0Kf0gBzwUgADGEAV
214=kGISgpACIoKQAjKCkAJCgpACUoKQAmKCkAJygpACgoKQApSQFFUAwBBAQAKsgBAQUAACtI
215=AVACaQAsSAGXIwAALUgBnyAAAC5IAZ8VAAAvSAFgBU0AMCgpADEoKQAyKCkAMygpADRIAY
216=MlAAA1SAGLLQAANkgB3Uw3SQGJUApJADhJAYtcAEkAOUgBWABpADooKQA7SAGNPABcg88m
217=AAA9VAJgBU0APkgBwQQ/SAFEAmkAQCgpAEEoKQBCKCkAQygpAEQoKQBFKCkARigpAEcoKQ
218=BIKCkASSgpAEooKQBLKCkATCgpAE1IAcktTkgByS1PSAHVI1AoKQBRKCkAUigpAFMoKQBU
219=SAHFNFVIAXgdTQBWKCkAVygpAFgoKQBZKCkAWigpAFsoKQBcKCkAXSgpAF4oKQBfKCkAYC
220=gpAGEoKQBiKCkAYygpAGQoKQBlKCkAZigpAGcoKQBoKCkAaSgpAGooKQBrSQFWWB1BZ2xI
221=AWQBSQFtKCkAbigpAG8oKQBwKCkAcSgpAHJIAdl0c0gBjDF+gzEAyQF1KFUAdigpAHdIAY
222=MwBAB4SAHNEHkoKQB6SQGOeQIEXIPTVgQAfFQCk0AEAH1IAZBhfoMxAM2Jf1QCdAZBGoAo
223=KwAfADKQAlUCICgpACEoKQAiKCkAIygpACQoKQAlKCkAJkkBj3sJBAAnSAFkAV0KKCgpAC
224=lJAUB4AnWGMl/sAAABd4YyAK5cAEEDLEAEjCZ1hjKgJXaGMgDJxy9ABFwEaQAwKCkAMSgp
225=ADIoKQAzKCkANCgpADVIAcl6NkgBZAlNADcoKQA4KCkAOSgpADooKQA7KCkAPCgpAD0oKQ
226=A+KCkAPygpAEAoKQBBKCkAQigpAEMoKQBEKCkARSgpAEYoKQBHKCkASCgpAEkoKQBKKCkA
227=SygpAEwoKQBNSAHJLU5IAY9SAABPKCkAUCgpAFEoKQBSKCkAUygpAFQoKQBVSAGfVwAAVk
228=gBTCtpAFcoKQBYKCkAWSgpAFooKQBbKCkAXCgpAF0oKQBeKCkAXygpAGAoKQBhKCkAYigp
229=AGMoKQBkKCkAZSgpAGYoKQBnSAGbaQAAaEgBzappSAHNG2pIAWAbTQBrSQFUXABNXWxIAW
230=QBSQFtKCkAbkgB3WJvSAHBBHAoKQBxSQGRewIEAHJIAYwxIlQhxGB0hicpAHUogQB2KCkA
231=d0gBwX14SAFsCU0QeSgpAHpIAZg9doYyAIEaBFWGMv2DfUAE2QZ+SAGLZAQAf0gB1QKAKC
232=kAgSgrAB4AM5wDVQ0fKCkAICgpACEoKQAiKCkAIygpACRIAYstBAAlSAHFEyZIAd0gJ0gB
233=ly4EAChIAZsNBAApSAFtiQJtiTONiQNviTMAse2JMybxLy1MBZQjbIncFSIEIicpADBABJ
234=0KAEijJ1UAMlQCnTYAQAEnVQA0UAHNBTUoKQA2KCkANygpADgoKQA5KCkAOigpADsoKQA8
235=KCkAPSgpAD4oKQA/KCkAQCgpAEEoKQBCKCkAQygpAEQoKQBFKCkARigpAEcoKQBIKCkASS
236=gpAEooKQBLKCkATCgpAE1IAZNLAABOSAGcNm2JM+W4UChVAFEoKQBSKCkAUygpAFQoKQBV
237=SAHdNlZIAdUuVygpAFgoKQBZKCkAWigpAFsoKQBcKCkAXSgpAF4oKQBfKCkAYCgpAGEoKQ
238=BiKCkAYygpAGQoKQBlKCkAZigpAGdIAdUjaEgB1SNpSAHNG2pIAc0ba0gBbIkBAQQAbEgB
239=lwIEAG0oKQBuSQGOewIEAG9IAWQBSW9wKCkAcSgpAHJIAYAPbInMMWyJJykAdUAEmxEEAH
240=YoKQB3KCkAeEgBIwctBAB5SAHVDXpJAZBsAW6JMwAlrSF8VAKX9AQAfUgBfANFE34oKQB/
241=KCkAgCgpAIEoKQCCKCsAHQA0gAhFCB4oKQAfKCkAICgpACEoKQAiKCkAIygpACRIAd0gJU
242=gBxR4mKCkAJygpAChIAcUeKUkBQ3QQZow0AGgBRYsrVAJwAk0ALEgBnCAitSI0JokiLlQC
243=UANpAC8oKQAwKCkAMUkBkXkDAFmoNLgnZow0AIEPAFgD0B8ijDMnKQA2XAK2BgA3KCkAOE
244=gB0Qk5SAGfpAAAOkgBzQU7SAHBBDxIAZirIo4zNADNBT5UAs0FPygpAEAoKQBBKCkAQigp
245=AEMoKQBEKCkARSgpAEYoKQBHKCkASCgpAEkoKQBKKCkASygpAEwoKQBNSAGIOGWMNPmKT1
246=QClzkAAFAoKQBRKCkAUigpAFMoKQBUKCkAVSgpAFZIAckiV0gBySJYKCkAWSgpAFooKQBb
247=KCkAXCgpAF0oKQBeKCkAXygpAGAoKQBhKCkAYigpAGNJAZOxEGRIAaYBAGUoKQBmKCkAZ0
248=gBwVFoSAGDcgAAaUgBg3IAAGpIAcUIa0kBVWwBZIzQS2aMNACXRAQAbkAEgZMERIwngQBw
249=VAJ0BkFycUgBwfZySAGAMGSM2DJkjCcpAHUogQB2KCkAd0gByQx4SAHdCnkoKQB6KCkAey
250=gpAHwoKQB9KCkAfigpAH8oKQCAKCkAgSgpAIIoKQCDKCsAHAA1iBBNGx0oKQAeKCkAHygp
251=ACAoKQAhKCkAIigpACMoKQAkSAGQViJlIzWzVgQAJlQCzSYnSAHdIChIAZAQImQjJzkCKl
252=QCfI4BBAQAK8gBAQUAACxIAYwFfI7MBSJkIycpAC8ogQAwKCkAMSgpADIoKQAzKCkANCgp
253=ADUoKQA2KCkANygpADgoKQA5SAGI0nyOJw0CO1QC0RQ8SAGcIHyO3yAAAD5UAt1tP0gBzQ
254=VAKCkAQSgpAEIoKQBDKCkAREgBk1YAAEVIAdEJRkgB0QlHKCkASCgpAEkoKQBKKCkASygp
255=AEwoKQBNSAHFa05IAZw2ImQjJxUDUChVAFEoKQBSKCkAUygpAFQoKQBVKCkAVkgBk0AAAF
256=dIAckXWCgpAFkoKQBaKCkAWygpAFwoKQBdKCkAXigpAF9IASUhK2BIAckMYSgpAGIoKQBj
257=KCkAZCgpAGUoKQBmKCkAZygpAGgoKQBpKCkAaigpAGtIAXyOI2Qj1ER8jicpAG5ABCXVMW
258=9IAZMUBABwKCkAcUgBjDEilDTAMHyOJykAdEAEhDQi7FUnVQB2KFUAd0gBhKIibEUn4QF5
259=VALVDXooKQB7KCkAfCgpAH0oKQB+KCkAfygpAIAoKQCBKCkAgigpAIMoKwAbADacDl2OHC
260=gpAB0oKQAeKCkAHygpACAoKQAhKCkAIigpACMoKQAkSAHNJiVIAdUjJigpACdIAckiKEoB
261=//9EEmqQNgDJASpUAgGDAQAAXTYryQECaJDIF2iQJykALkAEXAdpAC8oKQAwKCkAMSgpAD
262=IoKQAzKCkANCgpADUoKQA2KCkANygpADgoKQA5SAGMR2iQJzkCO1QCbBFNADxIAZwgaZA2
263=qLFokCcpAD9ABMGIQEgBSAZpAEEoKQBCKCkAQygpAEQoKQBFSAHVnEZIAdEJR0gBZAlNAE
264=goKQBJKCkASigpAEtIAdl0TEgBSAZpAE0oKQBOSAHVGE9IAZQ5IugjJxUDUShVAFIoKQBT
265=KCkAVCgpAFUoKQBWKCkAV0gBJRkqWEgBYBBNAFkoKQBaKCkAWygpAFwoKQBdSAEjeyAAAF
266=5IASXBKV9IAd0VYEgB1QJhSAHBJWJIAUQNaQBjKCkAZCgpAGUoKQBmKCkAZygpAGhJAU1/
267=BwQAaUkBR6kBasgBXVdrSQFRtQJsSAFkAUlvbSgpAG4oKQBvKCkAcCgpAHEoKQBySAGYPW
268=iQwDAi6CMnKQB1QASHHgQAdkgBiLwi+GfYU2iQJykAeUAE2RF6KCkAeygpAHxIAZAqInE1
269=Nib5Rn5UApM1BAB/SAHFCIAoKQCBKCkAgigrABoAN4gFUR8bKCkAHCgpAB0oKQAeKCkAHy
270=gpACBIAdkRIUgBizgEACJIAYMLBAAjKCkAJCgpACVJAZBkBCIVJDckwDQirFgnOQIoQATd
271=jilIAXyOAQQDACrIAQEFAwAryQEGapA3AGEEB2iQxAgiFCQnKQAvTAVwDU0AMCgpADEoKQ
272=AyKCkAMygpADQoKQA1KCkANigpADcoKQA4KCkAOSgpADooKQA7KCkAPCgpAD1IAYxHaJBU
273=GEQUSQA/VAKDRgAAQEgByWRBSAGPPAAAQkgBXARpAEMoKQBEKCkARUgB3QpGSAGLTgAAR0
274=gBbAZNAEgoKQBJKCkASigpAEtIAYc0AABMSAHNEE1IAYw8IvQ1J30FT1QC1Q1QSAHJF1Eo
275=KQBSKCkAUygpAFQoKQBVKCkAVkgB3RVXSAFMFWkAWCgpAFkoKQBaKCkAWygoAAdcADcAjQ
276=AAAAAAEQAAMw4AIAYAXQA3AIMAAABBAF4oKQBfKCkAYCgpAGEoKQBiSQGHTAZJAGNIAVgA
277=aQBkKCkAZSgpAGYoKQBnKCkAaEkBVHMGBABpSQGTqQFqSAFkAQEABABrKCkAbCgpAG0oKQ
278=BuKCkAbygpAHAoKQBxKCkAckkBkGMLBABzSQGIqQF0KCkAdUkBg7UCdigpAHdJAYu1AnhI
279=AWQBRRN5KCkAeigpAHsoKQB8SAHVDX1JAYZ/BgQAfkgBZAFFCH8oKQCAKCkAgSgrABkAOI
280=gFTQUaKCkAGygpABwoKQAdKCkAHigpAB9JAY1vCAQAIEgBzRshKCkAIkgBizgEACNIAWgF
281=VQ0kKCkAJSgpACYoKQAnKCkAKEoB//9DBwQAKUgBBYMBAAAIAwAqyAEBCQIAK8gBAQoBAC
282=zIAQELAAAtSAFQBmkALigpAC8oKQAwKCkAMSgpADIoKQAzKCkANCgpADUoKQA2KCkANygp
283=ADgoKQA5KCkAOigpADsoKQA8KCkAPUgBlzkAAD5IAYcpAAA/KCkAQEgBjzwAAEFIAWAbTQ
284=BCSAGXWgAAQ0gBRAJpAEQoKQBFSAHdCkZIAY9SAABHSAGLTgAASEgBbAZNAEkoKQBKKCkA
285=SygpAExIAdEJTUkBikwGSQBOSAFYAGkAT0gBwQRQSAHVDVEoKQBSSAHNG1MoKQBUKCkAVS
286=gpAFZIAcUIV0gB3RVYSAFoDU0AWSgpAFooKQBbKCkAXEkBjEAFSQBdSAHBD14oKQBfKCkA
287=YCgpAGEoKQBiKCkAY0gBi1kAAGRIAUwKaQBlKCkAZigpAGcoKQBoSAFpkAFokCe9DWpUAp
288=w2aJAnVQBsVAJwCklkbSgpAG4oKQBvSAHdbXBIAZsRBABxSAHZBnIoKQBzKCkAdCgpAHVI
289=AYc0BAB2SAGLOAQAd0gBxQh4KCkAeSgpAHpIAd0Ve0gBzQV8KCkAfUkBkngCaJAnQQN/VA
290=JwAkEagCgrABgAOZACVQIZKCkAGigpABsoKQAcKCkAHSgpAB4oKQAfSAGMPGqQOQCPPAQA
291=IVQCyQEiKCkAI0gBzSYkSAGTEAQAJSgpACYoKQAnKCkAKEkBJ3EFA0mQOUCZTAFrkDkAH0
292=UBAGiQyAFokAE5AAQCeAJIkNscAAAuRAiPAgAALygpADBJAY+5AjFIAaYBADIoKQAzKCkA
293=NCgpADUoKQA2KCkANygpADhJAZG1CTlIAYceAAA6SAGyAgA7KCkAPCgpAD0oKQA+SQGQsQ
294=U/SAGHKQAAQCgpAEFIAd0KQkgBqAVIkCfFA0QoVQBFKCkARigpAEcoKQBIKCkASSgpAEoo
295=KQBLKCkATCgpAE0oKQBOKCkATygpAFAoKQBRKCkAUkgBzRtTSAHFjFQoKQBVSAGfYgAAVk
296=gBzRtXKCkAWCgpAFkoKQBaKCkAWygpAFxIAZtTAABdSAHFKV4oKQBfKCkAYCgpAGEoKQBi
297=KCkAY0gBxRNkSAHFE2UoKQBmKCkAZ0kBTEQEXY5oSQFRSAFdbWlIAWQBSQFqKCkAaygpAG
298=woKQBtSAGbUwQAbkgB2QZvSAGDGgQAcEgBgBprkDkAhWcEBAByVAKLQwQAc0gBcAJVDXQo
299=KQB1KCkAdigpAHcoKQB4KCkAeSgpAHooKQB7KCkAfCgpAH0oKQB+KCkAfygpABdMYNkRGC
300=gpABkoKQAaKCkAGygpABwoKQAdKCkAHigpAB9IAckiIEgBySIhKCkAIigpACNIAZv4BAAk
301=SAHZESUoKQAmKCkAJygpAChJAQZ4immQOpUGAGuQOgAFdAJpkDq0kWuQOgAmqQQtWQYiqQ
302=EuSAGkAUiQxwgAADBVAo65AjFIAaQBSJAngQAzKFUANCgpADUoKQA2KCkANygpADgoKQA5
303=SAHdbTpJAYmtDDtIAcX6PEgBsgIAPSgpAD4oKQA/SAHFCEBIAZwrIhYkOgCHKQAAQlQCxQ
304=hDKCkARCgpAEUoKQBGKCkARygpAEgoKQBJKCkASigpAEsoKQBMKCkATSgpAE4oKQBPKCkA
305=UCgpAFEoKQBSKCkAUygpAFQoKQBVKCkAVigpAFcoKQBYKCkAWSgpAFooKQBbKCkAXEgB2S
306=ddSAHZJ14oKQBfKCkAYCgpAGEoKQBiSAHdjmNIAcktZCgpAGUoKQBmSAF8jgECBABnyAEB
307=AwQAaEgBmAYiFiQ6ACUpIWooVQBrKCkAbCgpAG1IAZhTaJDPUgQAb1QC3W1wSQGDYAtpkD
308=r1/3JUAohDaJAn2QB0VAJoBVWRdSgpAHYoKQB3KCkAeCgpAHkoKQB6KCkAeygpAHwoKQB9
309=KCkAfigpABZA7sEPFygpABgoKQAZKCkAGigpABsoKQAcKCkAHUgB2SceSAHdCh9IAYw8Ih
310=UkO/0gIVQC1SMiKCkAI0gBlDlpkDuACEkiJVQCjQEEUIcnVQAnKFUAKEgBmIpqkDsAmIpp
311=kDu8jmmQOyToI2iQxwgBAC1YBoSXIhYkOwAj9CoiFSQ7vMVpkDv9eDFMBY0QAEiQxwgAAD
312=MoVQA0KCkANSgpADYoKQA3KCkAOCgpADkoKQA6KCkAOygpADwoKQA9KCkAPigpAD8oKQBA
313=SAGILWiQyC1qkDsAlN4iIDYn6QJETAXBGkUoKQBGKCkARygpAEgoKQBJKCkASigpAEsoKQ
314=BMKCkATSgpAE4oKQBPKCkAUCgpAFEoKQBSKCkAUygpAFQoKQBVKCkAVigpAFcoKQBYKCkA
315=WSgpAFooKQBbKCkAXCgpAF1JAYytIl5IAZtTAABfKCkAYCgpAGFJAYqtBWJIAaYBAGMoKQ
316=BkKCkAZSgpAGZJAVBRBQFokMwxaJAnKQBpQARcAwIAAAQAaigpAGsoKQBsKCkAbUgBnBVo
317=kNBWapA7ACPkKCIUJNBAaJAnKQByWAaMG2iQy0MEAHRUAsEPdSgpAHYoKQB3SQGNZwQEAH
318=hIASVJJXlIAZNLBAB6SAF8A0kXeygpAHwoKQB9KCsAFQA8iAVNBRYoKQAXKCkAGCgpABko
319=KQAaKCkAGygpABwoKQAdKCkAHigpAB8oKQAgSQGQaA8iITY84SUiVAKUOSIsSCdlAiRUAm
320=gFURQlKCkAJigpACcoKQAoKCkAKUgBI+gjaZA8KAgSyAFqkDwAI9A2Ii9IPAAjjgwALlgG
321=hBNokMQTaZA8KAgSxBNokCcpADNYBqIIADRIAYc0AAA1SAGHNAAANigpADdJAYuxBThIAa
322=YBADkoKQA6KCkAOygpADwoKQA9KCkAPigpAD8oKQBAKCkAQUgBmFNpkDygv2mQPPWRREAE
323=zRBFKCkARigpAEcoKQBIKCkASSgpAEooKQBLKCkATCgpAE0oKQBOKCkATygpAFAoKQBRKC
324=kAUigpAFMoKQBUKCkAVSgpAFYoKQBXKCkAWCgpAFkoKQBaKCkAWygpAFwoKQBdSAHRQF5I
325=AZx4aJAnPQhgVAKHVQAAYUgB2SdiKCkAY0kBS3sCBABkyAFRjWVIAXyOAQIEAGbJAQNokN
326=hIaJAnKQBpQARgCFleaigpAGsoKQBsKCkAbUgBjDxqkDwAhBNokCcxAXBABIAaaJDQQCIg
327=NicpAHNABCVBJHRIAcEPdSgpAHYoKQB3SAHVDXhJAYNzBQQAeUgBwQ96SAFwAkkXeygpAH
328=woKwAUAD2cA0EEFSgpABYoKQAXKCkAGCgpABkoKQAaKCkAGygpABwoKQAdKCkAHigpAB8o
329=KQAgKCkAISgpACIoKQAjKCkAJCgpACUoKQAmKCkAJ0kBj2saBAAoSAEnO1o9AIIhOVoAaJ
330=CpAQEiFCSpAQJokKkBA2iQyCIiFCQnKQAvUAl4Ck0AMEkBjlwASQAxSAFYAGkAMigpADMo
331=KQA0SAGENGmQPe1+NlQCjzwAADdIAXgHTQA4SAGJFwBIkCfhATpUAlADaQA7KCkAPCgpAD
332=0oKQA+KCkAPygpAEBIAdmgQUgBzWhCSAGARmmQPe2qRFQCaA1NAEUoKQBGKCkARygpAEgo
333=KQBJKCkASigpAEsoKQBMKCkATSgpAE4oKQBPKCkAUCgpAFEoKQBSKCkAUygpAFQoKQBVKC
334=kAVigpAFcoKQBYKCkAWSgpAFooKQBbKCkAXCgpAF0oKQBeKCkAXygpAGAoKQBhKCkAYigp
335=AGNIAWiQUY1kSAFMKyI5I2VIAZgyaZA9rMBokMQ/aJAnKQBpTAXZBmooKQBrKCkAbCgpAG
336=1JAZJwBWiQJwUBb1QCcAJBfXAoKQBxSAGYU2iQ2FMiFSQ95Zd0QATZBnUoKQB2SQGRewIE
337=AHdIAYdKBAB4SAHdjnlIAXwDVQ16KCkAeygrABMAPpwDQQQUKCkAFSgpABYoKQAXKCkAGC
338=gpABkoKQAaSAHFKRtIAZ/8BAAcSAElJSYdSAGbDQQAHigpAB8oKQAgKCkAISgpACIoKQAj
339=KCkAJCgpACVIAd0gJkgBwQ8nSAGUe2qQPgAnCRI+iZAEaJCoAQEFAwArTAVgkwEGAAAsyQ
340=EHaJDUI2iQJykAL0AElBgiFiQ+AJfIAAAxVAIlDSMySAHBBDMoKQA0SAHNBTVIAc1+Nigp
341=ADdIAYsXAAA4SAHBBDlIAZgnIjhaJw0CO1QCyQw8KCkAPSgpAD5IAYgiIkZsPgAlCUlAVA
342=KIIiIgNicxAUJUAsUTQ0gBwQ9ESAHBD0VIAdUNRkgB0aNHSAHVAkgoKQBJKCkASigpAEso
343=KQBMKCkATSgpAE4oKQBPKCkAUCgpAFEoKQBSKCkAUygpAFQoKQBVKCkAVigpAFcoKQBYKC
344=kAWSgpAFooKQBbKCkAXCgpAF0oKQBeKCkAXygpAGAoKQBhKCkAYkkBT2clBABjyQEBIhUk
345=PiRrPwQAZVQClC4GBABmAD4AhgAAEQAAzg0AIAYAAAQAZwA+AABgAAIEAGgAPmABdQJpKC
346=kAaigpAGsoKQBsKCkAbSgpAG4oKQBvKCkAcCgpAHFJAZBzDAQAckkBiqkBc0gBZAFZEXQo
347=KQB1KCkAdigpAHcoKQB4KCkAeSgpAHooKwASAD+YCl0KEygpABQoKQAVKCkAFigpABcoKQ
348=AYKCkAGUkBjXsJBAAaSQGDqQEbKCkAHEkBiLUCHUkBiakBHkkBi6kBH0gBZAFZESAoKQAh
349=KCkAIkkBk2cEBAAjSAFkAU0FJCgpACUoKQAmSQGMZwQEACdJAYapAShKAf//TwEEACkoKQ
350=AqSAEFggEAAAkEACvIAQEKAAAsSAFEBWkALSgpAC4oKQAvKCkAMCgpADEoKQAyKCkAMygp
351=ADQoKQA1SAGbPQAANkgBlyMAADdIAZsnAAA4KCkAOSgpADpJAYV/EgAAO0kBh6kBPEgBpg
352=EAPSgpAD4oKQA/KCkAQEkBkrEFQUgBpgEAQigpAENIAZsnAABESAGbJwAARUgBzQVGSAHJ
353=F0dIAc0QSEgBwQRJKCkASigpAEsoKQBMKCkATSgpAE4oKQBPKCkAUCgpAFEoKQBSKCkAUy
354=gpAFQoKQBVKCkAVigpAFcoKQBYKCkAWSgpAFpIAYtZAABbSAHNG1xIAc0bXSgpAF5JAUt7
355=AgQAX8gBAQEEAGBJAUm1AmHIAVUCYkkBT1QCAQIEAGNIAUQBbYlkSAGHKQQAZUgBk0AEAG
356=ZIAdl/Z0gBzQVoKCkAaSgpAGooKQBrSAGLFwQAbEgBixcEAG1IAcUIbigpAG9IAdlpcEgB
357=wQRxKCkAcigpAHMoKQB0KCkAdSgpAHYoKQB3KCkAeCgpAHkoKwARAECQDVF3EigpABMoKQ
358=AUKCkAFSgpABYoKQAXKCkAGEkBkXsJBAAZSAHZJxpIAY9oBAAbSAGfVwQAHEgBaAVBDx0o
359=KQAeKCkAHygpACAoKQAhKCkAIigpACMoKQAkKCkAJSgpACZIAYxoapBAAM0QKFQCzRApKC
360=kAKkkBQXgCapBAAGgBQZIsVAJwAk0ALSgpAC4oKQAvKCkAMCgpADEoKQAyKCkAMygpADQo
361=KQA1KCkANigpADdIAYxSapBAAJMqAAA5VALJATooKQA7SAGLLQAAPEgBwZM9SAGVTwBczd
362=k9AEhAJykAQEAEXBppAEEoKQBCKCkAQ0gBmCdqkEAAyQxFVALdCkZIAXgHTQBHSQGOXABJ
363=AEhIAVgAaQBJKCkASigpAEsoKQBMKCkATSgpAE4oKQBPKCkAUCgpAFEoKQBSKCkAUygpAF
364=QoKQBVKCkAVigpAFcoKQBYKCkAWSgpAFpIAdEfW0gBj0cAAFxIAWAbTQBdKCkAXkgBaJBZ
365=il9IAdl/YEgBjzEEAGFIAY8mBABiSAFUB32OYygpAGQoKQBlKCkAZigpAGcoKQBoKCkAaS
366=gpAGooKQBrSAGMR2qQQADRmG1UAsEPbigpAG8oKQBwKCkAcSgpAHIoKQBzKCkAdCgpAHUo
367=KQB2KCkAdygpAHgoKQAQnGpXEAQAESgpABIoKQATKCkAFCgpABUoKQAWKCkAFygpABgoKQ
368=AZKCkAGkgB3SAbSAHdIBxIAUQQYTAdKCkAHigpAB8oKQAgKCkAISgpACIoKQAjKCkAJCgp
369=ACUoKQAmSAHNECdIAc0QKEgBzRApKCkAKkgBfI5ZSCvJAQMiFCRsApUFLVQCgwEAAC4oKQ
370=AvKCkAMCgpADEoKQAyKCkAMygpADQoKQA1KCkANigpADcoKQA4KCkAOSgpADooKQA7SAGY
371=HGmQQemFPVQC1YY+SAGQYWqQQQDIAXysyQFBKIEAQigpAENIAcUIRCgpAEUoKQBGSAHFCE
372=dIAc0FSEgB1QJJSAEjeysAAEpIAdknSygpAEwoKQBNKCkATkgBn3gAAE9JAYm9BlBIAdEJ
373=UUgBsgIAUigpAFMoKQBUKCkAVSgpAFYoKQBXKCkAWCgpAFkoKQBaSAHRKltIAYxHaJAnPQ
374=hdVALNEF5JAVNsASIWJEEAhJciFCTMMWmQQeHgYkwFaAVR8GMoKQBkKCkAZSgpAGYoKQBn
375=KCkAaCgpAGkoKQBqKCkAaygpAGwoKQBtKCkAbigpAG8oKQBwKCkAcSgpAHIoKQBzKCkAdC
376=gpAHUoKQB2KCkAdygrAA8AQoAeRR4QKCkAESgpABIoKQATKCkAFCgpABUoKQAWKCkAFygp
377=ABgoKQAZKCkAGigpABsoKQAcKCkAHSgpAB4oKQAfKCkAICgpACEoKQAiKCkAIygpACQoKQ
378=AlKCkAJigpACcoKQAoKCkAKUkBO38jBAAqyAEBAQAAK0kBrlwAQQMsSAFYAGkALSgpAC4o
379=KQAvKCkAMCgpADEoKQAyKCkAMygpADQoKQA1KCkANigpADcoKQA4KCkAOSgpADooKQA7KC
380=kAPEgBwWc9SAElxSQ+SAHdgz8oKQBAKCkAQSgpAEIoKQBDKCkARCgpAEUoKQBGKCkARygp
381=AEhIASXRIElIAWwnTQBKKCkASygpAEwoKQBNKCkATkgBJYk4T0gBVAdpAFAoKQBRKCkAUi
382=gpAFMoKQBUSAEjfzEAAFVIAXgHTQBWKCkAVygpAFgoKQBZKCkAWigpAFsoKQBcKCkAXSgp
383=AF5IAWmQAWmQQigJEkK4wWmQQiYxImJMBUgRcfBjKCkAZCgpAGUoKQBmKCkAZygpAGgoKQ
384=BpKCkAaigpAGsoKQBsKCkAbSgpAG4oKQBvKCkAcCgpAHEoKQByKCkAcygpAHQoKQB1KCkA
385=digrAA4AQ5QcXY4PKCkAECgpABEoKQASKCkAEygpABQoKQAVKCkAFigpABcoKQAYKCkAGS
386=gpABooKQAbKCkAHCgpAB0oKQAeKCkAHygpACAoKQAhSAGb4gQAIkgBmOIiLkhDAJviBAAk
387=VAKLHgQAJSgpACYoKQAnKCkAKEkBUnAFIi5IQwBqkAIAS5BDALC9jitBBKmpASxIAWgFTQ
388=AtKCkALigpAC8oKQAwKCkAMSgpADIoKQAzKCkANCgpADUoKQA2KCkANygpADgoKQA5KCkA
389=OigpADsoKQA8KCkAPSgpAD5JAZBIGEkAP0gBwZNAKCkAQSgpAEIoKQBDSAHFl0QoKQBFKC
390=kARigpAEcoKQBIKCkASUgBJUEkSkgBIy8yAABLSAFIEWkATCgpAE0oKQBOKCkATygpAFAo
391=KQBRKCkAUigpAFMoKQBUKCkAVSgpAFYoKQBXKCkAWCgpAFkoKQBaKCkAWygpAFxJAUxAF1
392=GNXUkBSkgBUWxeSQFRqQFfSAGILSIVJEP9jmFUAnwDTQViKCkAYygpAGQoKQBlKCkAZigp
393=AGcoKQBoKCkAaUgBh60EAGpIAckMaygpAGwoKQBtKCkAbigpAG9IAcVrcEgBkzUEAHFIAc
394=VrckgB3QpzKCkAdCgpAHUoKwANAESIBVkcDigpAA8oKQAQKCkAESgpABIoKQATKCkAFEgB
395=xRMVSAGPRwQAFkgBjwwEABcoKQAYKCkAGSgpABooKQAbSAElsUgcSAHZHB1IAdkcHkgB3Q
396=ofKCkAICgpACFIAZjiaJAnmQMjVALZBiQoKQAlKCkAJigpACcoKQAoSAEjaChokHr7AABd
397=jSpUApAJIhQkyAwiIDYnKQAtKIEALigpAC8oKQAwKCkAMSgpADIoKQAzKCkANCgpADUoKQ
398=A2KCkANygpADgoKQA5KCkAOigpADsoKQA8KCkAPSgpAD4oKQA/KCkAQCgpAEEoKQBCKCkA
399=Q0gBmGkiLUhEpPoiOFonKQBGQATNlEdIAcmbSEgB1QJJKCkASigpAEtIAZNAAABMSAGTSw
400=AATUgBwTBOKCkATygpAFAoKQBRKCkAUigpAFMoKQBUKCkAVSgpAFYoKQBXKCkAWCgpAFko
401=KQBaKCkAW0gBfI4BAgQAXMgBAQMEAF1JAY9jFgQAXkgBZAFJb18oKQBgKCkAYSgpAGIoKQ
402=BjSAHdYmRIAYgiIjpaRACIIiI4WtRPIkRsJykAaEwF1Q1pKCkAaigpAGsoKQBsKCkAbSgp
403=AG4oKQBvSAGPPAQAcEgBI7w5aJAntQFyVALVDXMoKQB0KCsADABFnANRHw0oKQAOKCkADy
404=gpABAoKQARKCkAEigpABMoKQAUSAHFExVIAZBLaZBFJtkhF1QChw8EABgoKQAZKCkAGigp
405=ABsoKQAcSAHNiR1IAcUIHigpAB8oKQAgKCkAISgpACIoKQAjSAHJOCRJAYl0CSIVJEUkt0
406=MEACZUAtU5J0gBfANBJShIASNMVmiQInBVyJDEKWiQJykALEwFmwYAAC0oKQAuKCkALygp
407=ADAoKQAxKCkAMigpADMoKQA0KCkANSgpADYoKQA3KCkAOCgpADkoKQA6KCkAOygpADxIAY
408=siAAA9SAGIIiI4Wtw2IixIJ20DQEAEzRtBKCkAQigpAEMoKQBESAEjiENpkEX1kUZUApNW
409=AABHSAHRCUhIAY9HAABJSAGMRyIsSCfZAEtVAoOxBUwoKQBNSAGTNQAATkgBvgMATygpAF
410=AoKQBRKCkAUigpAFMoKQBUKCkAVSgpAFYoKQBXKCkAWCgpAFkoKQBaKCkAW0kBVHwRaJDY
411=J2mQRSbJNV5ABIgXIiA2J4EAYFQCdAZJTmEoKQBiKCkAYygpAGRIAZwraJDAJWiQJykLZ0
412=AEwfZoSAHdCmkoKQBqKCkAaygpAGwoKQBtKCkAbigpAG8oKAABcABFABEAAGUOACAHAAAA
413=AAAEAHEARVwASwAEAHIoKQBzKCsACwBGVANLAAQADCgpAA0oKQAOKCkADygpABAoKQARKC
414=kAEigpABMoKQAUKCkAFSgpABYoKQAXKCkAGCgpABkoKQAaKCkAGygpABwoKQAdKCkAHigp
415=AB8oKQAgKCkAISgpACJJAZNMHwEABAAjSAFkAUkBJCgpACVJAYx7AgQAJkkBiqkBJ0gBZA
416=FNBShJAUBMAQECBAApyAEBAwAAKkgBUAJpACsoKQAsKCkALUkBjXsDAAAuSQGHqQEvSAGm
417=AQAwKCkAMSgpADIoKQAzKCkANCgpADUoKQA2KCkANygpADgoKQA5KCkAOigpADsoKQA8KC
418=kAPSgpAD4oKQA/KCkAQCgpAEEoKQBCKCkAQygpAERIAZEqAFtQRgCGqR5GVAKmAQBHKCkA
419=SCgpAEkoKQBKSQGQsQVLSQGIqQFMSQGDqQFNKCkATkkBhbUCT0gByS1QSAGyAgBRKCkAUi
420=gpAFMoKQBUKCkAVSgpAFYoKQBXSAGbSAAAWEgB3QpZKCkAWigpAFtJAVREBAEBBABcSAGT
421=QAQAXUgBixcEAF5IAYsiBABfSAFJBQBdTGAoKQBhKCkAYigpAGMoKQBkSAGXIwQAZUgBly
422=MEAGZIAd1XZ0gB3QpoKCkAaSgpAGooKQBrKCkAbCgpAG0oKQBuKCkAbygpAHAoKQBxKCkA
423=cigpAApUPM0QCygpAAwoKQANKCkADigpAA8oKQAQKCkAESgpABIoKQATKCkAFCgpABUoKQ
424=AWSAHBMBdIAZdEBAAYSAGXRAQAGUgB0RQaKCkAGygpABwoKQAdKCkAHigpAB8oKQAgKCkA
425=ISgpACIoKQAjSAHZESRIAdkRJUgB3TYmSAHZESdJATpvAQQAKMoBAQBLkEcArlwAQQMqVA
426=JYAGkAKygpACwoKQAtSAHVcC5IAYtOAAAvSAFsBk0AMCgpADEoKQAyKCkAMygpADQoKQA1
427=KCkANigpADcoKQA4KCkAOSgpADooKQA7KCkAPCgpAD0oKQA+KCkAPygpAEBIAdVwQUgBRB
428=hpAEIoKQBDKCkAREgB0R9FSAGJbwBSU0cAhT8ATQJHdAdtAEhQAZsyAABJSAHBBEpIAXQD
429=TQBLKCkATEgBi28AAE1IAYtvAABOSAHJDE8oKQBQSAGNPABIkCfhAVJUAkwKaQBTKCkAVC
430=gpAFUoKQBWKCkAVygpAFgoKQBZKCkAWkkBh0hDSQBbyAFN1lxIAZwVapBHAJAUapBHAMlO
431=X0AEbBGIkMsiBABhKFUAYigpAGMoKQBkKCkAZSgpAGYoKQBnKCkAaCgpAGkoKQBqSAGXLg
432=QAa0gBly4EAGxIAdkRbSgpAG4oKQBvKCkAcCgpAHEoKwAJAEiACEEaCigpAAsoKQAMKCkA
433=DSgpAA4oKQAPKCkAECgpABEoKQASKCkAEygpABQoKQAVKCkAFkgBg1EEABdIAcEwGCgpAB
434=lIAdEfGkgBjxcEABsoKQAcKCkAHSgpAB4oKQAfKCkAICgpACFIAZdlBAAiSAHdCiNIAd1B
435=JEgB0UAlSAHBBCZJAVJvAQQAJ0gBapACAEuQSACsREtBAylVAqmpASpIAUQCaQArKCkALC
436=gpAC1IAZQNIhUkSKhOaJDHNAAAMEAEeAdNADEoKQAyKCkAMygpADQoKQA1KCkANigpADco
437=KQA4KCkAOSgpADooKQA7KCkAPEkBkUAQSQA9SAGPMQAAPkgBRAJpAD8oKQBAKCkAQSgpAE
438=IoKQBDKCkAREgB0R9FSAGEP2mQSCZBJEdUAnwLTQBISQGMXABJAElIAdmKSkgBwYhLSQGL
439=VANJAExIAVgAaQBNKCkATkgB1Q1PSAHFCFBIAcEPUSgpAFJIAd0KU0gBxR5USAFwCk0AVS
440=gpAFZIAdUjV0gBzQVYSAFcBGkAWUgBfI4BBAAAWsgBAQUAAFvIAQEGAwBcyAEBBwMAXUkB
441=knAGaJDQQCIUJCcpAGBABHwDUXdhSAHdg2JIAZMfBABjSAHBBGQoKQBlKCkAZigpAGcoKQ
442=BoKCkAaUgB3QpqSAGUI2iQ2DJokCc5Am1ABNUNbigpAG8oKQBwKCkACFDHzQUJKCkACigp
443=AAsoKQAMKCkADSgpAA4oKQAPSAHRFBBIAZM1BAARSAGDMAQAEkgB1Q0TKCkAFCgpABUoKQ
444=AWSAGQS2mQSe3AGFQC0R8ZKCkAGkgByQwbSAHJDBwoKQAdKCkAHigpAB8oKQAgKCkAISgp
445=ACIoKQAjKCkAJCgpACVJATl4DSIiNkkAaAFRjCdVArBcAEEDKEgB3Y4pSAFEAmkAKigpAC
446=soKQAsKCkALSgpAC4oKQAvKCkAMCgpADEoKQAyKCkAMygpADQoKQA1KCkANigpADcoKQA4
447=KCkAOSgpADooKQA7KCkAPCgpAD1IAYhkaZBJaBxtAD9UAnwATQBAKCkAQUkBj0gCSQBCSA
448=FYAGkAQygpAEQoKQBFSAGQQGiQ0EAiFiRJAJFLAEFZSeGTSUwFZAlNAEpIAdkRS0gBRAJp
449=AEwoKQBNKCkATigpAE8oKQBQSAHBD1FIAcGTUigpAFNIASVxKlRIAXwLTQBVKCkAVigpAF
450=dJAY5UA0kAWEgBWABpAFlIAWmQCGqQSQBqAQkBSJCqAQoCSJCpAQtokAFJAP//VAZokNwr
451=aJAnKQBgUAlYAyJNNmFIAZMfBABiSAHVAmMoKQBkKCkAZSgpAGYoKQBnKCkAaCgpAGlIAY
452=siBABqSAHVcGtIAd3xbEgB1Q1tKCkAbigpAG8oKwAHAEqIBUmmCCgpAAkoKQAKKCkACygp
453=AAwoKQANKCkADkgB3Y4PSAHFExAoKQARSAGQNWiQJ+EBE1QCkxAEABQoKQAVKCkAFkgBxR
454=4XSAHdChgoKQAZKCkAGkgB3SAbSAHdChwoKQAdKCkAHkgB3RUfSAHRxCBIASUNIyFJATZo
455=CCIWJEoAaQEBIi9ISgA1tQIkQARoAVUCJUgBfI4BAgAAJkgBnwoAACdIAclkKCgpAClIAZ
456=ykIixI3yAAACtUAngKTQAsKCkALSgpAC4oKQAvKCkAMCgpADEoKQAyKCkAMygpADQoKQA1
457=KCkANigpADcoKQA4KCkAOSgpADooKQA7KCkAPCgpAD0oKQA+KCkAPygpAEAoKQBBSAGLZA
458=AAQkgBQB9pAEMoKQBEKCkARUkBkHgDaZBKvNBokCcpAEhABN2DSUgBlTkAQAEnfQVLUAGi
459=CABMKCkATSgpAE5IASW1Ik9JAYmxBVBIAYRKIiA2JzEBUlQCvgMAU0gB1RhUSAHVAlUoKQ
460=BWSAHdQVdIAdEJWEkBIbEFWUkBJakBWkkBHWgBapBKAIgBa5BKAP9k2WiQSAHokNgRaJAn
461=KQBgRAhgCEl6YSgpAGIoKQBjKCkAZCgpAGUoKQBmKCkAZygpAGgoKQBpSAGNMQRJkEokZC
462=4iFCQnDQJsQATNEG0oKQBuKCsABgBLnANRFAcoKQAIKCkACSgpAAooKQALKCkADCgpAA1I
463=AZ8rBAAOSAHdgw8oKQAQKCkAEUgBJwgSJw0CE1QCnBFokCdVABUoVQAWSAHFHhdIAckMGC
464=gpABlIAd0KGkgB0QkbKCkAHEgBJUU1HUgBwQQeSAGPRwQAH0kBO3sCBAAgyAFFPiFIAXyO
465=WYoiyAEBAwAAI0gBfI5VAiTIAVUCJUgBYAhNACZIAYimaZBL9WUoVAKIFyItSEvh9ipUAk
466=gGaQArKCkALCgpAC0oKQAuKCkALygpADAoKQAxKCkAMigpADMoKQA0KCkANSgpADYoKQA3
467=KCkAOCgpADkoKQA6KCkAOygpADwoKQA9KCkAPigpAD8oKQBAKCkAQSgpAEIoKQBDKCkARC
468=gpAEUoKQBGSAHdK0dIAYQ/IhQkzEciLEgnKQBKQARwK00ASygpAEwoKQBNKCkATigpAE8o
469=KQBQKCkAUSgpAFIoKQBTKCkAVCgpAFUoKQBWSAGfTAAAV0gBSBFpAFhoAUxITQFZaAFcAA
470=EAAQBaSQH+SE9JAVtIAScLEksAJGAEa5BLAAl7BgMAXkEEKLUCX0gBZAEBAAQAYCgpAGEo
471=KQBiKCkAY0gBxXZkSAGE5CI5WkskgE0iOFrbJwQAZ0AE3QpoKCkAaSgpAGooKQBrKCkAbC
472=gpAG0oKQAFSL/RCQYoKQAHKCkACCgpAAkoKQAKKCkACygpAAwoKQANSAGcQWqQTACf0AQA
473=D1QCyQEQKCkAEUgBjMAiFSRMlBFNJhNUAowBaJAnVQAVKFUAFigpABdIAdWRGEgByQwZSA
474=HdChpIAdEJGygpABwoKQAdKCkAHkgBJb0jH0gBaJBNOyBIAYcIAAAhSQGyf0EAACJIAdUC
475=IygpACRIAZc5AAAlSAGUOSIVJEz9jidUAt2OKCgpACkoKQAqSAElQSQrSAHJDCwoKQAtKC
476=kALigpAC8oKQAwKCkAMUgB2REySAHZETNIAckMNEgByQw1KCkANigpADcoKQA4KCkAOSgp
477=ADooKQA7KCkAPCgpAD0oKQA+KCkAPygpAEAoKQBBKCkAQigpAEMoKQBEKCkARSgpAEZIAY
478=hOIhUkTPG5SFQCzRtJKCkASigpAEsoKQBMKCkATUgBzSZOSAHNJk8oKQBQSAElSSVRSAHJ
479=DFIoKQBTKCkAVCgpAFUoKQBWKCkAVygpAFhIAZuKAABZSAGMiSIhNkwk6yMBAFtUAiPrIw
480=IAXEgBgA9okMhkaJBIAURWAQADAF/gBGiQVAJwBSI4WicpAGJABJgcIixI21MEAGRUAphT
481=aJAnVQBmVAKARmiQJwUBaFQCeApFdmkoKQBqKCkAaygpAGwoKwAEAE2UBlkGBSgpAAYoKQ
482=AHKCkACCgpAAkoKQAKKCkACygpAAwoKQANSQGScAxokCe1AQ9UAnACQA8JEABNAAAAAAAA
483=BAAREQAA2g0AIAEATQAAYwAEABIoKQATKCkAFCgpABVJAY+tBRZIAWQBAQAEABcoKQAYKC
484=kAGSgpABooKQAbKCkAHCgpAB1JATp3CQQAHsgBAQEAAB9IAXACTQAgKCkAISgpACIoKQAj
485=KCkAJEkBjEwGSQAlSQGDXABJACYoKQAnKCkAKCgpACkoKQAqSQGGTAZJACtIAVgAaQAsKC
486=kALSgpAC4oKQAvKCkAMCgpADFIAdkRMkgB2REzKCkANEkBhWMMAAA1SQGHqQE2SAGmAQA3
487=KCkAOCgpADkoKQA6KCkAOygpADwoKQA9KCkAPigpAD8oKQBAKCkAQSgpAEIoKQBDKCkARC
488=gpAEUoKQBGSAHZHEdIAdkcSEgBzRtJKCkASkgB2RxLSAHZHEwoKQBNSQGQuQJOSAHRCU9J
489=AYq1AlBIAaYBAFEoKQBSKCkAUygpAFQoKQBVKCkAVigpAFdIAZdaAABYSAHdCllJAf5UUF
490=kBWkkBHVwAAQABAFvrAQIAXEkBIXcCAwBdSgEDAk8BAwBeSQElRAEBAAMAX0gBZAFJZGAo
491=KQBhKCkAYkgBjyYEAGNIAZscBABkKCkAZSgpAGZIAY9SBABnSAHdCmgoKQBpKCkAaigpAG
492=soKwADAE6UBlkRBCgpAAUoKQAGKCkABygpAAgoKQAJKCkACigpAAsoKQAMKCkADSgpAA4o
493=KQAPKCkAECgpABEoKQASKCkAEygpABQoKQAVSQGSfxgEABZIAWQBQRoXKCkAGCgpABkoKQ
494=AaKCkAGygpABxJAVJrCAQAHUgBaJBVOB5IAXACTQAfKCkAICgpACEoKQAiKCkAIygpACRI
495=AYM7AAAlSAGDOwAAJigpACcoKQAoKCkAKSgpACpIAZs9AAArSAFIEWkALCgpAC0oKQAuKC
496=kAL0kBjWcFAAAwSAHJbzFIAc0QMigpADMoKQA0KCkANSgpADZIAdl0N0gBugoAOCgpADko
497=KQA6KCkAOygpADwoKQA9KCkAPigpAD8oKQBAKCkAQSgpAEIoKQBDKCkARCgpAEUoKQBGSA
498=HVLkdIAcUeSCgpAEkoKQBKKCkAS0kBi7EbTEgBpAFYZtVlAE8CTgCOuQJPUAGmAQBQKCkA
499=USgpAFIoKQBTKCkAVCgpAFUoKQBWSAHRNVdIAdk9WEgByQxZSAEnCRJOSFRcAmiQyAFrkE
500=4A/2yUaJBJAf9BBARIkMkXBEiQJykAYFAJWQMAVWVhKCkAYkgBhK1qkE4AjCZokCcpAGVA
501=BNUCZkgBkBRokCddAWhUAt0KaSgpAGooKwACAE+cA0EPAygpAAQoKQAFKCkABigpAAcoKQ
502=AIKCkACSgpAAooKQALKCkADCgpAA0oKQAOKCkADygpABAoKQARKCkAEigpABMoKQAUKCkA
503=FSgpABYoKQAXKCkAGCgpABkoKQAaKCkAG0kBOXMiBAAcyAFVOB1IAXACTQAeKCkAHygpAC
504=AoKQAhKCkAIigpACMoKQAkSAHRYSVIAYg4aZBPrzwAACcoVQAoKCkAKSgpACpIAdntK0gB
505=VBJpACwoKQAtKCkALkkBkXsDAAAvSAHVDTAoKQAxKCkAMigpADMoKQA0KCkANSgpADYoKQ
506=A3SAHdmThIAcGTOUgBvg4AOigpADsoKQA8KCkAPSgpAD4oKQA/KCkAQCgpAEEoKQBCKCkA
507=QygpAEQoKQBFKCkARkgBm2kAAEdIAd0gSCgpAEkoKQBKSAHdK0tIAdUYTCgpAE0oKQBOSA
508=GV3gBAAdlpAEiQJykAUVwCxQhSKCkAUygpAFQoKQBVKCkAVkgB3RVXSAHdFVhIAd0rWUkB
509=iExTAQQAAFrIAQEFAABbSQGJVAIBAAMAXMkBAWuQTwD/6JDFEwRIkCcpAGBMBSOjJQQAYU
510=gBnxUEAGIoKQBjSAGYEWiQx1UEAGVUAocTBABmSAGMJmiQJ10BaFQC0QlpKCkAAVwj1QIC
511=KCkAAygpAAQoKQAFKCkABigpAAcoKQAIKCkACSgpAAooKQALKCkADCgpAA0oKQAOKCkADy
512=gpABAoKQARKCkAEigpABMoKQAUKCkAFSgpABYoKQAXKCkAGCgpABkoKQAaSAElvSMbSAFq
513=kAIAS5BQAKx1OQBLzFAAqqkBHkAEmCciITZQxgEAIChVACFIAZc5AAAiSAHFBCMoKQAkSA
514=GUOSIXJFAAiKUEJlQClDlpkFD1kShUAsEEKUkBiq0FKkgBpgEAKygpACwoKQAtKCkALigp
515=AC9IAcEPMEgB1Q0xKCkAMigpADMoKQA0KCkANSgpADYoKQA3KCkAOEgBj+EAADlIAdEUOi
516=gpADsoKQA8KCkAPSgpAD4oKQA/KCkAQCgpAEEoKQBCKCkAQygpAEQoKQBFKCkARigpAEdJ
517=AYypE0hIAd0gSUgByRdKSAG+AwBLKCkATCgpAE0oKQBOKCkATygpAFAoKQBRKCkAUigpAF
518=MoKQBUKCkAVSgpAFYoKQBXSAHdFVhIAdFAWUgB0RRaSAF1kQlqkFAAapACBEmQUP2OXUAE
519=JwgS0FZqkFAAl9MEAGBABJAfaJAngQBiVAKIDCIUJCdVAGRUAphIapBQAJgRaJAngQBnQA
520=TZBmgoKwACAFGQAiO8IycpAAQoVQAFKCkABigpAAcoKQAIKCkACSgpAAooKQALKCkADCgp
521=AA0oKQAOSAGPcwQAD0gBnxEEABAoKQARKCkAEkgBIxsqBAATSAGP7AQAFEkBiX8GBAAVSA
522=GYwSLINSdBAxdUAnwDWRwYKCkAGUkBk3sCBAAaSQE/qQEbyAFFixxJAa1cAEEDHUgBWABp
523=AB4oKQAfKCkAICgpACFIAcHgIkgBbAZNACMoKQAkKCkAJSgpACZIAYg4cY1RqzgAAChUAl
524=QHaQApKCkAKigpACsoKQAsKCkALSgpAC4oKQAvKCkAMEgB3VcxSAHdbTIoKQAzKCkANCgp
525=ADUoKQA2KCkANygpADgoKQA5SAGHNAAAOkgBmzIAADtIAXQZTQA8KCkAPSgpAD4oKQA/KC
526=kAQCgpAEEoKQBCKCkAQygpAEQoKQBFKCkARigpAEdIAdEfSEgB0R9JSAGfbQAASkgBQBRp
527=AEsoKQBMKCkATSgpAE4oKQBPKCkAUCgpAFEoKQBSKCkAUygpAFQoKQBVKCkAVigpAFdIAc
528=VKWEgBeBJNAFkoKQBaKCkAW0kBU1QDTV1cSAFkAUkBXSgpAF4oKQBfKCkAYEgBiwwEAGFI
529=AdkGYigpAGMoKQBkKCkAZSgpAGYoKQBnKCoAAwCQ+CIpNwQoKQAFKCkABigpAAcoKQAIKC
530=kACSgpAAooKQALSAHVhgxIAd0VDUgB1acOSAHZoA9IAcEEECgpABEoKQASSAGcQXmKUqhv
531=eIon6QIVQAQjWD14iidVABdUAt0KGCgpABkoKQAaSAF4ikG/G8kBAyIPI1IAsfiK0wkAAB
532=5ABJAJIgwjJ1UAIChVACEoKQAiKCkAIygpACQoKQAlKCkAJigpACcoKQAoKCkAKSgpACoo
533=KQArKCkALCgpAC0oKQAuKCkALygpADBIAYcpAAAxSAHFazIoKQAzKCkANCgpADUoKQA2KC
534=kANygpADgoKQA5KCkAOkgBxXY7SAHZJzwoKQA9KCkAPigpAD8oKQBAKCkAQSgpAEIoKQBD
535=KCkARCgpAEUoKQBGKCkAR0gB0R9ISAHRH0lIAdEUSkgB0RRLKCkATCgpAE0oKQBOKCkATy
536=gpAFAoKQBRKCkAUigpAFMoKQBUKCkAVSgpAFYoKQBXKCkAWCgpAFkoKQBaKCkAW0gBeYoB
537=Igwj21MEAF1UAtVwXkgBjBsiDCMngQBgKFUAYSgpAGIoKQBjKCkAZCgpAGUoKQBmKCoABA
538=BkEFMMBAAFKCkABigpAAcoKQAISQGNSAVNnwlIAZ/QBAAKKCkAC0gBmzIEAAxIAWgFTQUN
539=KCkADigpAA8oKQAQKCkAESgpABJIAd2DE0gB0QkUSAHNEBVIAdUNFkgBwQQXKCkAGCgpAB
540=koKQAaSQFAcwUEABvIAUGHHEgBcAJNAB0oKQAeKCkAHygpACAoKQAhKCkAIigpACMoKQAk
541=KCkAJSgpACYoKQAnKCkAKCgpACkoKQAqKCkAKygpACwoKQAtKCkALigpAC8oKQAwSAElFS
542=QxSAHNaDIoKQAzKCkANCgpADUoKQA2KCkANygpADgoKQA5KCkAOkgBmDIiXCLTSwAAPFQC
543=TCtpAD0oKQA+KCkAPygpAEAoKQBBKCkAQkgBhz8AAENIASXJVkRIAXAKTQBFKCkARigpAE
544=dIAdEfSEgB0R9JSAHRFEpIAVQHaQBLKCkATCgpAE0oKQBOKCkATygpAFAoKQBRKCkAUigp
545=AFMoKQBUKCkAVSgpAFYoKQBXKCkAWCgpAFlJAUtrFAQAWsgBVYZbSAEjQC5giMgtYohTAI
546=imIipYUwAjjChgiCeBAGBYBmwJTXNhKCkAYigpAGMoKQBkKCkAZSgrAAUAVIAIRQgGKCkA
547=BygpAAhIAc0QCUgBlC5phVQkwz8EAAtUAoAwaIUnMQENVAKDCwQADigpAA8oKQAQKCkAES
548=gpABJIASeoECcxARRUAs0QFUgB1Q0WSAHJDBcoKQAYSAHRrhlIAcEEGkgBaIUjriFUAGgB
549=I6whyAwivEQnKQAeTAWYBiKsISdVACAoVQAhKCkAIigpACMoKQAkKCkAJSgpACYoKQAnKC
550=kAKCgpACkoKQAqKCkAKygpACwoKQAtKCgABi4AVAAAAAAAABEAAFgOACAFAAAvAFQAAACD
551=ADAAVJwAUQAxSQGMXABJADJJAYNcAEkAMygpADQoKQA1KCkANigpADcoKQA4KCkAOSgpAD
552=pJAYpQCkkAO0gBWABpADwoKQA9KCkAPigpAD8oKQBAKCkAQSgpAEJJAZJrCQAAQ0gBpgEA
553=RCgpAEUoKQBGKCkARygpAEhJAZC9BklIAdEfSkkBi7UCS0gBpgEATCgpAE0oKQBOKCkATy
554=gpAFAoKQBRKCkAUigpAFMoKQBUKCkAVSgpAFYoKQBXKCkAWCgpAFlJAUtIEwECBABaSAFE
555=AQIAAAQAWygpAFxJAZF7AgQAXUkBiKkBXkgBjzEEAF9IAXACWQZgKCkAYSgpAGIoKQBjKC
556=kAZCgrAAYAVYAIRQgHKCkACEgBkyoEAAlIAZMqBAAKKCkAC0kBhmMHBAAMSAFkAUUIDSgp
557=AA4oKQAPSQGNZwQEABBJAYWpAREoKQASSAHJDBNIAcEEFEgB1QIVSAHFHhZIAWAIVQ0XKC
558=kAGEkBjnsCBAAZSAFkAUEEGkkBQW8BBAAbyAEBAQAAHEgBcAJNAB0oKQAeKCkAH0kBj1QD
559=SQAgSAFYAGkAISgpACIoKQAjKCkAJCgpACUoKQAmKCkAJygpACgoKQApKCkAKigpACsoKQ
560=AsSQGTZxAAAC1IAaYBAC4oKQAvKCkAMCgpADFIAYs4AAAySAGPRwAAM0gBkyoAADQoKQA1
561=KCkANigpADcoKQA4KCkAOUgBhz8AADpIAdkROygpADwoKQA9KCkAPigpAD8oKQBAKCkAQS
562=gpAEIoKQBDKCkARCgpAEUoKQBGKCkARygpAEgoKQBJSAHFjEpIAd0VSygpAEwoKQBNKCkA
563=TkgBi28AAE9JAYm9BlBIAdmKUUgBsgIAUigpAFMoKQBUKCkAVSgpAFYoKQBXKCkAWCgpAF
564=lJATFgC3CCJ20OW1QCcAJVWlwoKQBdKCkAXigpAF8oKQBgKCkAYSgpAGIoKQBjKCsABwBW
565=hAxJDAgoKQAJSAGYSHp/VgCPRwQAC1QCyQEMSAGLIgQADUgBiwgEAA5IAc1+D0gBzQUQKC
566=kAESgpABIoKQATKCkAFEgBn0wEABVIAd0KFigpABcoKQAYSAGMPHh/JxUDGlQCeH9ZqxvJ
567=AQN4f8MEAAAdVAKfCgAAHkgBnxUAAB9IAYMPAAAgSAHBBCEoKQAiKCkAIygpACQoKQAlKC
568=kAJigpACcoKQAoKCkAKSgpACooKQArKCkALCgpAC0oKQAuKCkALygpADAoKQAxKCkAMigp
569=ADNIAZQ5en9WANGCNVQCyQE2SAGTNQAAN0gB1QI4KCkAOUgBiLF4fyclBTtUAsElPCgpAD
570=0oKQA+KCkAPygpAEAoKQBBKCkAQigpAEMoKQBEKCkARSgpAEYoKQBHKCkASCgpAEkoKQBK
571=KCkASygpAExIAdW9TUgB1RhOKCkATygpAFAoKQBRKCkAUigpAFMoKQBUKCkAVSgpAFYoKQ
572=BXSAHJTlhJAYelD1lIAXh/AQIAAFrJAQMiTyBWADZjBAQAXFQCaQEBIk0gVlQ0WwIEAF5V
573=AjdEAVUCX0kBNUgBXXhgyAFVAmFIAXgGVQJiyAFXAggAV2QFItkhCSgpAApIAZREY31XAI
574=ZoBHz8J60ADUAEcAJRCQ5IASPvKQQAD0kBg3kCBF38V+mFEShVABIoKQATKCkAFCgpABVI
575=AZ8gBAAWSAFsCUkMFygpABgoKQAZKCkAGkkBRHAFfvxXAGgBnPzcFWB9JykAHkwFnBVifV
576=cAyVkgVAJgCE0AISgpACIoKQAjKCkAJCgpACUoKQAmKCkAJ0gBxUooSAFMCmkAKSgpACoo
577=KQArKCkALCgpAC0oKQAuKCkALygpADAoKQAxKCkAMigpADMoKQA0KCkANSgpADZIAYimYH
578=0ndQQ4VAJwFU0AOSgpADooKQA7KCkAPCgpAD0oKQA+KCkAPygpAEAoKQBBKCkAQigpAEMo
579=KQBEKCkARSgpAEYoKQBHSAHdK0hIAUwVaQBJSAHVAkpIAWgCTQBLSAHRbExIAYtZAABNSA
580=FQA2kATigpAE8oKQBQKCkAUSgpAFIoKQBTKCkAVCgpAFVIAdUNVkkBhWEMAEAB02EAAFhQ
581=Ac0QWUgBvANCfVcAbH4BBQAAW1QCeHRZf1zIAU3WXUkBN1AFVQJeyAFVAl9IAWB9VQJgyA
582=FVAmFIAcUICVwNVAZ1ewooKQALSAGEP2l6WJwDUWwNVAKMAW73WADZfw9UAidJD1goSA8n
583=KQASKIEAEygpABQoKQAVSAGEHmh6J7UBF1QC1Q0YKCkAGSgpABooKQAbSAFoegEEBAAcyA
584=FBJR1IAYQIbvdYAIAaaHrIDGz3JykAISitACIoKQAjKCkAJCgpACVIAck4JkgByTgnSAGf
585=IAAAKEgB1QIpKCkAKkgBh5cAACtIAcUTLCgpAC0oKQAuKCkALygpADAoKQAxKCkAMigpAD
586=MoKQA0KCkANSgpADYoKQA3KCkAOCgpADkoKQA6KCkAOygpADwoKQA9KCkAPigpAD8oKQBA
587=KCkAQSgpAEIoKQBDSAHFKURIAdUjRUgB1SNGKCkAR0gBi04AAEhIASW1LUlIAdUuSkgB1S
588=5LSAHVAkxIAZBLaHonuQdOVALJDE8oKQBQKCkAUSgpAFIoKQBTKCkAVCgpAFVIAcUTVkgB
589=JUEkV0gBzRBYSAHVyFlIAcEPWigpAFsoKQBcKCkAXSgpAF4oKQBfKCkAYCgrAAoAWbgKfP
590=EnKQAMKFUADSgpAA4oKQAPSAGJ3QRd8Vko8A4nKQASQASXGAQAEygpABQoKQAVKCkAFkgB
591=JZkvF0gBnxEEABgoKQAZKCkAGigpABtJAT9wBXJ3WQBoAUnzHVQCcAJNAB4oKQAfKCkAIC
592=gpACEoKQAiKCkAIygpACQoKQAlSAGHHgAAJkgBjxsAACcoKQAoKCkAKSgpACooKQArSAHd
593=TCxIAdFWLUgBTBVpAC4oKQAvKCkAMCgpADEoKQAyKCkAMygpADQoKQA1KCkANigpADdIAS
594=XpOThIAdFhOUgBgDAi4C3TQAAAO1QCeBJNADwoKQA9KCkAPigpAD8oKQBAKCkAQSgpAEJI
595=AcV2Q0gB2SdEKCkARUgBySJGSAFQDmkARygpAEgoKQBJSAHBZ0pIAcFnSygpAExIAcFnTU
596=gBZAlNAE4oKQBPKCkAUCgpAFEoKQBSKCkAUygpAFQoKQBVKCkAVigpAFdIAd3FWEgBUA5p
597=AFkoKQBaKCkAWygpAFwoKQBdKCkAXigpAF8oKQALTPpwCkHrDCgpAA0oKQAOKCkAD0gBgC
598=V5dFoomA4nKQASQASMMXh0J1UAFChVABVIAZigbexanA5BDxdUAowBeHQnVQAZKFUAGigp
599=ABtIAW1zAnl0Wpl0AyLYLNgGbOwnKQAfTAWcCmzsJ1UAIShVACIoKQAjKCkAJEgB0UslSA
600=GAGnh0wBp4dCcpACgogQApKCkAKigpACsoKQAsSAGQHyJ4TCc5Ai5UAtEULygpADAoKQAx
601=KCkAMigpADMoKQA0KCkANSgpADYoKQA3KCkAOCgpADkoKQA6KCkAOygpADwoKQA9KCkAPi
602=gpAD8oKQBAKCkAQSgpAEJIAYBGIs1cWiYRP0RUAtFsRUgBxWtGSAHdIEcoKQBISQGEXLBJ
603=AEnIAQECAABKSQEBXABdBUsoKQBMKCkATSgpAE4oKQBPSQGFRAlJAFBIAVQHaQBRKCkAUi
604=gpAFNIASLEW1lTVMgBAQEEAFVJAUVzBgQAVsgBUQlXSAFwAk0AWCgpAFkoKQBaKCkAWygp
605=AFwoKQBdKCkAXigrAAwAW0gKSAAiwEonKQAOKFUADygpABBIAYPKBAARSAGTVgQAEigpAB
606=MoKQAUKCkAFUgBjFJgcieJARdUAlgOIjkuGCgpABkoKQAaSAEjCDMiHztbAEFwBWByqAFJ
607=Ih1ABHACTQAeKCkAHygpACAoKQAhKCkAIigpACMoKQAkSAGPGwAAJUgBjBthcluokGByJy
608=kAKCiBACkoKQAqKCkAKygpACxIAZAfYHLTHwAALlQCWBZpAC8oKQAwKCkAMSgpADIoKQAz
609=KCkANCgpADUoKQA2KCkANygpADgoKQA5SAGQKnzmJzkCO1QCbBFNADwoKQA9KCkAPigpAD
610=8oKQBAKCkAQSgpAEIoKQBDKCkARCgpAEUoKQBGKCkAR0gBdHBFrUjIAQEEAABJygEFAUNy
611=WwAeRBQBAAEAS1QCyQFMKCkATSgpAE4oKQBPSAFgclEJUMgBAQUAAFFIAWwJTQBSKCkAU0
612=gBYHJBv1RIAVADeVNVKCkAVkgBbHMBBAQAV8gBUQlYSAGNBQBM3idRBVooVQBbKCkAXCgp
613=AF0oKwANAFygCCK8OScpAA8oVQAQSAGUnGlvXKxSaG8nKQATQASTVgQAFEgBjJ8irVhcJF
614=BHaG8nXQEXQASYDWzhJ1UAGVQCI6MlBAAaSAGIpmlvXIhvSSIcVAJ0cEU0HUgBhAhs4cQI
615=Irw5JykAICiBACEoKQAiKCkAIygpACRIAYwbaG/AGmhvJykAJ0AEjBsivDknVQApKFUAKi
616=gpACsoKQAsKCkALUgBJSErLkgBJdUmL0gB1RgwKCkAMSgpADIoKQAzKCkANCgpADUoKQA2
617=SAHF+jdIAdUNOCgpADlIAdUYOkgBwQQ7SAHZETxIAdkRPSgpAD4oKQA/KCkAQCgpAEEoKQ
618=BCKCkAQygpAERJAUxAC03LRUkBSEgBRc5GyAFVAkdIAWhvAQYEAEjKAQcDSm9cAHYCCAJJ
619=b1ypbwJIbycpAExNBQJn5AIATUgBg3ICAE4oKQBPSQGGQLUBAAMAUMgBVQ1RSQFHrRBSyA
620=FVAlNJAVG1AlRIAWQBURRVKCkAVkgBCkAAAAAABABXAFwAQAARAACWDgAgBgAAAQAAWABc
621=AMMAWQBcxgEAWigpAFsoKQBcKCsADgBdrwUEAA8oKQAQKCkAEUkBkGsEBAASSQGIqQETSQ
622=GKqQEUSAFkAQEABAAVKCkAFigpABcoKQAYKCkAGUoB//9DBwQAGkkBUkQBRQgbSQE8awEA
623=ABxIAaYBAB0oKQAeKCkAHygpACAoKQAhKCkAIigpACMoKQAkKCkAJUkBjK0MJkkBg6kBJy
624=gpACgoKQApKCkAKigpACsoKQAsKCkALSgpAC5JAYa9Ci9IAaYBADAoKQAxKCkAMigpADMo
625=KQA0KCkANUkBjakINkgB3RU3KCkAOCgpADkoKQA6KCkAOygpADxJAYexCT1IAaYBAD4oKQ
626=A/KCkAQCgpAEEoKQBCKCkAQ0kBTEgIAQIEAETIAQEDBABFSAFRAgBBO0YoKQBHSAHFP0hJ
627=AYRQVwEKAwBJyAEBCwMASkoBAgJDBwMAS0kBIkQBAQADAExIAWQBSQFNSQEhbwEDAE5IAc
628=0FT0kBhlAJAQIDAFBIAckMUUgBaAVNEFIoKQBTKCkAVEkBj2cEBABVSAFkAU0FVkkBQEwB
629=QRpXyAEBAwAAWEgBUAJpAFkoKQBaKCkAWygrAA8AXnwEcR8QKCkAESgpABIoKQATKCkAFC
630=gpABUoKQAWKCkAFygpABgoKQAZSQE7fA16aV4AaAFJIRtUAnACTQAcKCkAHSgpAB4oKQAf
631=KCkAICgpACEoKQAiKCkAIygpACQoKQAlSAEnOw1eAINUDkkAJ1QCyQEoKCkAKSgpACooKQ
632=ArKCkALCgpAC0oKQAuSAEnOA3dKwBYaScpADFABFAOaQAyKCkAMygpADQoKQA1SAHdFTZI
633=AdEUNygpADgoKQA5KCkAOigpADsoKQA8SAHFEz1IAWAQTQA+KCkAPygpAEAoKQBBKCkAQi
634=gpAENJAVZYB0FRREgBZAFJAUVIAZt/BABGSQGLewIEAEdIAc1dSCgpAEkoKQBKKCkAS0kB
635=BqVrTEgBYAiYaVgntQJOVALRCU8oKQBQKCkAUUgBmwYEAFJIAdkRU0kBhXsCBABUSAGcIH
636=hpXAq1AlZVAkGpAVfIAVlTWEgBcAJNAFkoKQBaKCsAEABfTANLAAQAESgpABIoKQATKCkA
637=FCgpABUoKQAWSAHVexdIAUgJYXIYSAHFzhlIAXRlXR8aSAGDBAAAGygpABwoKQAdKCkAHi
638=gpAB8oKQAgKCkAISgpACIoKQAjKCkAJCgpACVIAcFRJkgBwVEnKCkAKCgpACkoKQAqKCkA
639=KygpACwoKQAtKCkALkgBg/YAAC9IAdkcMCgpADEoKQAyKCkAMygpADQoKQA1SAHdFTZIAd
640=0VNygpADgoKQA5KCkAOigpADsoKQA8SAGDRgAAPUgBxRM+KCkAP0kBS3sCBABAyAEBAQQA
641=QUkBR7UCQsgBVQJDSQFRtQJESAFkAYNnXwCSbAFgZydFCUdBBJO1AkhIAWQBTQVJKCkASi
642=gpAEtJASZkBH/QXwADVEWDZ18AJbUCTkAEZAFFCE8oKQBQKCkAUSgpAFJIAZsnBABTSAGY
643=J2JnXwCENGBnJ5ECVkAEYGed0F9VHgBcDlzQwwQAAFlABIEPAElkYKQBIqgmJyoAEwAnKQ
644=AUKCkAFUkBkXcFBAAWSAHBDxdJATq1AhjIAVl0GUkBrFwAQQMaSQGqqQEbSAGYfyKqJmAA
645=JSkhHVQCXARpAB4oKQAfKCkAICgpACEoKQAiKCkAIygpACQoKQAlSAEjGyoAACZIASMbKg
646=AAJ0gBmycAACgoKQApKCkAKigpACsoKQAsKCkALUgB1U8uSAF8Fk0ALygpADAoKQAxKCkA
647=MigpADMoKQA0KCkANUgB3RU2SAHRFDcoKQA4KCkAOSgpADooKQA7KCkAPCgpAD1IAYO/AA
648=A+SAFMFWkAP0gBaGRVREBIAWgCQVFBSAGHNAQAQkgBhzQEAENIAcEERCgpAEUoKQBGKCkA
649=RygpAEgoKQBJKCkASkgByQxLSAHNwExIAZMUBABNSAHVDU4oKQBPKCkAUCgpAFEoKQBSSA
650=GYJ2lkYP1iVFQC0QlVKCkAVkkBP3sCBABXyAFFVFhIAXACTwASAGFUAEsABAATKCkAFCgp
651=ABUoKQAWSAHFwxdIAXBhTX0YSAHFYBlJAalcC1kJGkgBkB99xWEmvSMcVALZPR1IAYsiAA
652=AeKCkAH0gBjzEAACBIAUAJaQAhKCkAIigpACMoKQAkKCkAJSgpACYoKQAnSAGMJnJhYQDJ
653=ZClUAskBKkgBxRMrKCkALEgBwQQtSQGKcxEAAC5IAaQBXMXYJyKgJScpADEogQAyKCkAMy
654=gpADQoKQA1KCkANkkBjKELN0gB2RE4KCkAOSgpADooKQA7KCkAPEgBxXY9SAGsCVBhJ2UC
655=P1UCVXgCfsVhAIQ0fMXENHBhJykAQ0wFjDEi3DLECCLcMicpAEZABGwJWWlHKCkASCgpAE
656=koKQBKSAGDMAQAS0gBhykEAExIAcUITSgpAE4oKQBPKCkAUCgpAFEoKQBSKCkAUygpAFQo
657=KQBVKCkAVkgBcGFFgVfKAQMAWV5iiBBWGBQAJykAFUkBOXwCbsBiAGgBQVsXVAJwAk0AGE
658=kBsUgCSQEZSAFYAGkAGkgByTgbSAHJOBwoKQAdKCkAHigpAB9IAd02IEgBZAlNACEoKQAi
659=KCkAIygpACQoKQAlKCkAJigpACcoKQAoKCkAKSgpACpIAZsyAAArSAGbMgAALEgBXA9pAC
660=0oKQAuKCkALygpADAoKQAxKCkAMigpADMoKQA0KCkANSgpADZIAc0QN0gB3W04KCkAOUgB
661=xSk6SAHBBDsoKQA8SAHJFz1IAXwWTQA+KCkAP0gBeV4Bel5iAIQ0eV5ioJN4XicpAENMBZ
662=AJeF4nPQhFVAJMCiKBLEYoKQBHKCkASEkBkWcEBABJSAHJvEpIAXACUUtLKCkATCgpAE0o
663=KQBOKCkATygpAFAoKQBRSAElvS5SSAHdClMoKQBUKCkAVSgpAFZIASKYJE8QFABjIWgyQA
664=ciPUpjlFpFuBZUAkwCaQAXKCkAGEgBn4MAABlIAc21GkgBzTEbKCkAHCgpAB0oKQAeKCkA
665=HygpACBIAZuKAAAhSAF0Dk0AIigpACMoKQAkKCkAJSgpACYoKQAnKCkAKCgpACkoKQAqKC
666=kAKygpACwoKQAtKCkALigpAC8oKQAwKCkAMSgpADIoKQAzKCkANCgpADUoKQA2KCkANygp
667=ADgoKQA5SAEjDy4AADpIAVghaQA7KCkAPCgpAD0oKQA+SQFPZwUEAD/IAYJcYwCYaWFcY6
668=jdYVxjJqUgQ0wFdAZdQUQoKQBFKCkARigpAEcoKQBIKCkASSgpAEooKQBLKCkATCgpAE1I
669=AZtIBABOSAGHPwQAT0gBzRBQKCkAUUgBnCAiAT1jnANRFFNUAowBIhwwJ1UAVShXABUAZJ
670=wDUQAWKCkAFygpABhIAYx+aVlkr34AABpUAicoCydVABwoVQAdKCkAHigpAB8oKQAgKCkA
671=IUgByWQiSAGbHAAAI0gBVBJpACQoKQAlKCkAJigpACcoKQAoKCkAKSgpACooKQArKCkALC
672=gpAC0oKQAuKCkALygpADAoKQAxKCkAMigpADMoKQA0KCkANSgpADYoKQA3KCkAOCgpADko
673=KQA6KCkAOygpADxIASI4LkE7PcgBUVY+SAFoWUnzP0gBYCZBBEAoKQBBKCkAQigpAEMoKQ
674=BEKCkARSgpAEYoKQBHKCkASCgpAEkoKQBKKCkASygpAExIAd1XTUgBgEZoWcBGallkAIc/
675=BABQQASHPwQAUUgB1RhSKCkAUygpAFQoKwAWAGWIBVEAFygpABhIAZx4cVZlKNAKJykAG0
676=AEmBEikDknVQAdKFUAHigpAB8oKQAgKCkAISgpACIoKQAjSAGXGAAAJEgBVBJpACUoKQAm
677=KCkAJygpACgoKQApKCkAKigpACsoKQAsKCkALSgpAC4oKQAvKCkAMCgpADEoKQAyKCkAM0
678=gBhzQAADRIAckXNUgBfBZNADYoKQA3KCkAOCgpADkoKQA6KCkAOygpADxIAXBWWVM9SAFM
679=CiIhID5IAd3xP0gB1QJAKCkAQSgpAEIoKQBDKCkARCgpAEVIAZQYIh1GZeVKR1QCgxoEAE
680=hIAckMSSgpAEooKQBLKCkATEgBgJ4ikDnIQ3BWJykAT0AEjEdxVmXlw1FUAskMUigpAFMo
681=KwAXAGacA1EAGCgpABlIAcVVGkgBnAoi2Tdm8VYcKFUAHSgpAB4oKQAfKCkAICgpACEoKQ
682=AiKCkAIygpACRIAYtvAAAlSAGAJSIMRCeRAidUAkwVaQAoKCkAKSgpACooKQArKCkALCgp
683=AC0oKQAuKCkALygpADAoKQAxKCkAMigpADNJAYxkEHhTJ0kENVUCh7UCNkgBpgEANygpAD
684=goKQA5KCkAOigpADsoKQA8SQFQSAgBAQQAPUgBRAG5U2YmpSs/VQKLeAIi/CvUIyJ4ICcp
685=AEJABHwDUa5DSAHBUURJAYV4AiLYN8gXeFMnKQBHQQSGoQRISAFkAUUISSgpAEooKQBLKC
686=kATEkBkHAFeFMnMQFOVQKDtQJPSAHdClBIAXACXQpRKCkAUigrABgAZ5wDUQAZKCkAGkgB
687=iAxhUWcoIQpnJEMkAAAdQQSITAZJAB5IAYMPAAAfKCkAICgpACEoKQAiKCkAIygpACQoKQ
688=AlSAGIF2BRJ2UCJ1QCRA1pACgoKQApKCkAKigpACsoKQAsSQGRcwYAAC1IAYwxIv1BZ7yD
689=Ir5aZwCAOyL8QSe1ATFMBbYGADIoKQAzSAHJIjRIAdEfNUkBirEFNkgBpAFAUScxATgoVQ
690=A5KCkAOkgBIlBzSU47SAF0TwECBAA8yQEDYFHHCAQAPlUCkmALIpwqJ1UAQFQCcAJBO0Eo
691=KQBCKCkAQ0gBnBUiIDbIOGBRJykARkAElBgioWdn8JgLSABnAAAAAAAABABJAGcRAAD4DQ
692=AgCQAAAAAAAAQASgBnAIMABABLKCkATCgpAE1JAZBnBAQATkkBiKkBT0kBiqkBUEgBZAEB
693=AAQAUSgrABkAaJACUQAaKCkAG0kBkkgCSQAcSAFYAGkAHSgpAB5JAYxvAgAAH0kBg6kBIC
694=gpACEoKQAiKCkAIygpACQoKQAlKCkAJkkBh7EJJ0gBpgEAKCgpACkoKQAqKCkAKygpACwo
695=KQAtSAGLIgAALkgBnyAAAC9IAd0KMCgpADEoKQAyKCkAMygpADQoKQA1KCkANigpADcoKQ
696=A4KCkAOUkBTFgNAQIEADrIAQEDBAA7SAFRAgBNMTwoKQA9KCkAPigpAD8oKQBAKCkAQSgp
697=AEIoKQBDKCkAREgBhzQEAEVIAZMfBABGSAHBD0coKQBIKCkASSgpAEpJAY1wBWtOaACFqQ
698=FMVQKLqQFNSAFkAVUYTigpAE8oKQBQKCsAGgBpiAVRABsoKQAcKCkAHUkBkVQDSQAeSQGD
699=XABJAB8oKQAgKCkAISgpACIoKQAjKCkAJCgpACUoKQAmSQGGUApJACdIAVgAaQAoKCkAKS
700=gpACooKQArKCkALCgpAC0oKQAuKCkALygpADAoKQAxKCkAMigpADMoKQA0KCkANSgpADZJ
701=AU1rFAQAN0kBSKkBOMgBAQEEADlJAVG1AjpIAWQBTTE7KCkAPCgpAD0oKQA+KCkAPygpAE
702=AoKQBBSQGPdwkEAEJIAWQBXQpDSAGHNAQAREgBxUpFSAHBBEYoKQBHKCkASCgpAElIAcVK
703=SkgBzZRLSAHRCUxIAdEJTSgpAE4oKQBPKCsAGwBqiAVRABwoKQAdKCkAHkgBhGBulGoAxU
704=ogVALJASEoKQAiKCkAIygpACQoKQAlKCkAJigpACdIAdmVKEgBSBFpACkoKQAqKCkAKygp
705=ACwoKQAtKCkALigpAC8oKQAwKCkAMSgpADIoKQAzKCkANCgpADUoKQA2SQFTfBJ6SGoAwT
706=s4VAJwAkE7OSgpADpIAcEEO0gBwQQ8KCkAPSgpAD4oKQA/KCkAQCgpAEFIAZTIeEjTNQQA
707=Q1QC3QpEKCkARSgpAEYoKQBHKCkASCgpAElIAd0KSkgB0QlLKCkATCgpAE0oKQBOKCsAHA
708=BrlAZRAB0oKQAeSAHdxR9IAZtTAAAgSAEnwQhr+UgiKFUAIygpACQoKQAlKCkAJigpACco
709=KQAoSAHNRylIAUgRaQAqKCkAKygpACwoKQAtKCkALigpAC8oKQAwKCkAMSgpADIoKQAzKC
710=kANCgpADUoKQA2SAFgRkWMN0kBjn8SBAA4SAFkAYJGawDdeDpUAtF3O0gBwQQ8KCkAPUgB
711=zQU+SAHVyD8oKQBASAGfIAQAQUgBxQhCKCkAQygpAEQoKQBFKCkARigpAEcoKQBIKCkASS
712=gpAEooKQBLKCkATCgpAE0oKwAdAGyUEVEAHigpAB8oKQAgSAHFjCFIAcFGIkgBwUYjKCkA
713=JCgpACUoKQAmKCkAJygpAChIAcHVKUgBXA9pACooKQArKCkALCgpAC0oKQAuKCkAL0kBS3
714=8HBAAwyAFBOzFJAUq1AjJIAc3LM8gBQQQ0SQFJoQQ1yAFVAjZIAcXON0gB1XA4SAFoBYpD
715=bADVAjooVQA7KCkAPCgpAD1IAZsnBAA+SAGPJgQAPygpAEAoKQBBSAHVREJIAdUNQygpAE
716=QoKQBFSAHRmEZIAc0FRygpAEgoKQBJKCkASigpAEsoKQBMKCsAHgBtjAlRAB8oKQAgSAGH
717=HgAAIUgBUANpACJIAc2JI0gByUMkSAGbHAAAJSgpACYoKQAnKCkAKEgBJxAIJ+EBKlQCfA
718=tNACsoKQAsKCkALSgpAC4oKQAvSAFxQAJxQG3twDFUAkAJIhkqMigpADMoKQA0KCkANSgp
719=ADYoKQA3KCkAOCgpADkoKQA6KCkAOygpADwoKQA9SAEnEQhtuKtwQCcpAEBABIwmfoNtAN
720=GNQlQCyRdDKCkAREgB0Y1FSAGYJyLQK9snBABHVALZBkgoKQBJKCkASigpAEsoKwAfAG6U
721=BlEAICgpACEoKQAiKCkAIygpACRIAYwbeT1urxsAACZUAoMaAAAnKCkAKEgBjxsAAClIAU
722=QNaQAqKCkAKygpACwoKQAtKCkALkgBIqgxWXQvSAElqSYwSAGfCgQAMUgBcApZdDIoKQAz
723=KCkANCgpADUoKQA2KCkANygpADgoKQA5KCkAOigpADsoKQA8SAHZET1IAZBhbH7IIng9Jy
724=kAQEAE3TZBSAHdFUIoKQBDKCkAREgBkGwijTNu6UNGVALZBkcoKQBIKCkASSgpAEooKwAg
725=AG+UBlEAISgpACIoKQAjKCkAJEgBgA9iO28AgBphO2/tPCdABJcuAAAoSAFMCmkAKSgpAC
726=ooKQArKCkALCgpAC1IAXQ5RXYuyAEBAwQAL0gBZAlJODAoKQAxKCkAMigpADNIAdFhNEgB
727=JdE2NUgBxQg2KCkAN0kBk3gCfPzcICJ8MScpADpABHwDQQ87KCkAPCgpAD0oKQA+SAGUI2
728=A71yMEAEBUAogifHgnXQFCVALdCkMoKQBEKCkARSgpAEYoKQBHKCkASCgpAEkoKwAhAHCY
729=ClEAIigpACMoKQAkKCkAJSgpACZIAdG5J0gBVAdpACgoKQApKCkAKigpACsoKQAsKCkALU
730=kBUFwHQXIuSAFEAWWtLygpADAoKQAxKCkAMigpADNIAZsRBAA0SAHFCDUoKQA2KCkANygp
731=ADgoKQA5KCkAOkgB1XA7SAElJSY8SAHB6z1IAckMPigpAD8oKQBAKCkAQSgpAEIoKQBDKC
732=kARCgpAEUoKQBGKCkARygpAEgoKwAiAHGIEFEAIygpACQoKQAlSAGEVXxtJ60AJ1QCSAZp
733=ACgoKQApKCkAKkgBYOBdVyvIAVkyLEgBZDRRbC3IAVFsLkgBZAlNBS8oKQAwKCkAMSgpAD
734=IoKQAzKCkANCgpADUoKQA2KCkANygpADgoKQA5KCkAOigpADtIAdlpPEgBzWg9SAHRFD4o
735=KQA/KCkAQCgpAEEoKQBCKCkAQygpAEQoKQBFKCkARigpAEcoKwAjAHKcDlEAJCgpACUoKQ
736=AmKCkAJygpACgoKQApKCkAKkgBeDJBMCtIAUwKaWQsSAHFVS1IAcWXLkgBwQQvKCkAMEgB
737=JbEnMUgBwQQyKCkAMygpADQoKQA1KCkANkgB3aQ3SAHdYjhIAd1iOUgB3Qo6KCkAOygpAD
738=woKQA9KCkAPigpAD8oKQBAKCkAQSgpAEIoKQBDKCkARCgpAEUoKQBGKCsAJABzgBNRACUo
739=KQAmKCkAJygpACgoKQApSQFPTAZBXCrIAVFhK0gBcAJVAiwoKQAtKCkALigpAC8oKQAwSA
740=EjkCMigSFzJplQMlQC2SczSAHdCjQoKQA1SAHNPDZJAYNkBCKBQnO06X3Qc7TpftBzANEJ
741=OkwFaAVRFDsoKQA8KCkAPSgpAD4oKQA/SAHNPEBIAc08QUgB3QpCSAHdCkMoKQBEKCkARS
742=grACUAdIgFUQAmKCkAJ0kBTkgCRRMoSAElcTUpSAFoLUFcKkgBzRArSAHVWixIAXQGWQYt
743=KCkALigpAC9IAdkGMEgBwSUxKCkAMigpADNIAcEaNEgB3Qo1KCkANkgBJT0/N0gBwQQ4SA
744=HJODlIAckMOkgB0RQ7SAHNBTwoKQA9SAHJOD5JAYlkBGn+dP02QFQCI2wkaf50Jn0mQlQC
745=aAVFHkMoKQBEKCsAJgB1nANRACdIASIoQk0FKEgBRAJ9gykoKQAqSAHBGitIAcEELCgpAC
746=0oKQAuSAHdFS9IAdkcMCgpADEoKQAyKCkAMygpADRIAc1HNSgpADZIAdkcN0gBwQQ4SAHJ
747=DDlIASVNKzpIAdEUOygpADwoKQA9KCkAPigpAD9IASUhIEBIAcUIQSgpAEIoKQBDKCgAAS
748=cAdgB4J1V7KEgB2QYpKCkAKkgB3QorSAHBBCwoKQAtKCkALigpAC9IAcFGMEgB2RwxKCkA
749=MigpADMoKQA0KCkANUgBySI2SAHBDzdIAcndOEgB3Qo5SAHdKzpIASdNCnaUBklDPFQCjw
750=EEAD0oKQA+KCkAPygpAEAoKQBBKCkAQigrACgAd4wJXQopKCkAKigpACtIAcFyLEgB2REt
751=SAGfBgQALigpAC9IAcEaMEgBwRoxKCkAMigpADMoKQA0KCkANUgBJ6AEJ2UCN1QC1Q04SA
752=HJODlIAdUCOigpADsoKQA8KCkAPSgpAD4oKQA/KCkAQCgpAEEoKwApAHiEDFUjKigpACtI
753=Ac0QLEgBhwQEAC0oKQAuKCkALygpADBIAdlIMUgBzTwySAHBJTMoKQA0KCkANUgBJ0gEJz
754=kCN1QCwQ84KCkAOUgBI7goIvxtJ60AO1QCzQU8KCkAPSgpAD4oKQA/KCkAQCgrACoAeYAI
755=XSArKCkALCgpAC0oKQAuSAHBRi9IAd2DMEgB1RgxSAGXCQQAMkgBwUYzSAHdIDQoKQA1SA
756=ElCSg2SAHZBjcoKQA4KCkAOSgpADooKQA7KCkAPCgpAD0oKQA+KCkAPygrACsAepANRR4s
757=KCkALSgpAC5IAdU5L0gByRcwKCkAMUgB1dMySAGXCQQAM0gB2QY0SAHNGzVIAcEENigpAD
758=dIAcUpOEgB0Qk5SAHNBTooKQA7KCkAPCgpAD0oKQA+KCsALAB7gAhNGy0oKQAuSAHNMS9I
759=ASdBA3v92zFUAsk4MkgBiAhhGnsmCVQ0KFUANSgpADZIAdUYN0gB3Qo4KCgACDkAewCLAA
760=AAAAQAEQAAbgFIAwE6AHsAgwAEADsoKQA8KCkAPSgrAC0AfIgFAQAEAC4oKQAvSQGQfwIE
761=ADBJAYOpATEoKQAySQGLtQIzSAFkAUUINCgpADUoKQA2SQGMZwQEADdIAdEJOEkBirUCOU
762=gBZAFFCDooKQA7KCkAPCgrAC4AfYgFTQUvKCkAMEgB3RUxSAHdCjJIAZMFBAAzKCkANCgp
763=ADUoKQA2SAHFCDdIAcUIOEgBxQg5KCkAOigpADsoKwAvAH6IBUUTMCgpADEoKQAyKCkAMy
764=gpADQoKQA1KCkANigpADcoKQA4KCkAOSgpADooKwAwAH/tEDEoKQAyKCkAMygpADQoKQA1
765=KCkANigpADcoKQA4KCkAOSgrADEAgPUNMigpADMoKQA0KCkANSgpADYoKQA3KCkAOCgrAD
766=IAgf0KMygpADQoKQA1KCkANigpADcoKwAzAILlCDQoKQA1KCkANigqADQAhFICAAAEADUo
767=KAABAAAAABEAAA==

[Terrain]
101030=TIBTRE02
104033=TIBTRE02
107036=TIBTRE02
30101=TIBTRE02
33104=TIBTRE02
36107=TIBTRE02
39077=TIBTRE02
57095=TIBTRE02
77039=TIBTRE02
95057=TIBTRE02
61050=TREE14
52060=TREE11
48051=TREE10
66066=TREE08
55055=TREE08
79076=TREE08
73083=TREE07
75069=TREE06
86082=TREE05
74080=TREE05
84070=TREE05
70068=TREE05
58057=TREE05
61054=TREE05
54060=TREE05
58067=TREE05
60065=TREE04
63062=TREE04
67070=TREE04
78072=TREE04
77079=TREE04
55063=TREE03
66056=TREE03
58054=TREE03
56068=TREE03
73070=TREE03
72082=TREE02
71076=TREE02
71072=TREE02
72068=TREE02
75071=TREE02
60061=TREE02
61056=TREE02
56062=TREE02
52063=TREE04
63054=TREE04
72081=TREE04
69073=TREE05
80072=TREE05
68068=TREE05
56064=TREE05
67079=TREE06
62056=TREE06
66062=TREE06
61063=TREE06
71070=TREE06
76071=TREE07
67074=TREE07
61067=TREE07
66059=TREE07
53061=TREE07
55062=TREE08
69060=TREE08
67068=TREE08
68073=TREE08
71080=TREE08
79069=TREE08
75075=TREE10
56059=TREE10
67064=TREE10
70066=TREE11
65070=TREE12
65068=TREE12
61066=TREE12
60066=TREE13
64058=TREE13
64064=TREE13
69077=TREE13
68070=TREE14
64067=TREE14
82073=TREE08
83073=TREE07
84075=TREE06
77071=TREE05
73066=TREE05
83072=TREE04
70076=TREE04
69074=TREE02
62071=TREE07
65073=TREE08
63068=TREE13
57064=TREE13
50045=TREE13
44070=TREE13
86087=TREE13
68042=TREE13
96022=TREE03
92026=TREE03
116042=TREE03
110048=TREE03
22097=TREE03
27092=TREE03
47111=TREE03
42117=TREE03
85010=TREE06
84011=TREE05
85011=TREE04
87011=TREE03
122048=TREE08
124049=TREE09
123049=TREE11
124048=TREE12
123048=TREE13
123047=TREE13
10085=TREE13
11084=TREE11
10083=TREE10
9083=TREE09
8084=TREE08
8083=TREE07
9086=TREE06
10086=TREE05
11085=TREE04
9082=TREE03
8082=TREE02
7083=TREE01
7084=TREE06
7082=TREE05
50125=TREE05
50123=TREE06
49124=TREE07
49123=TREE08
50124=TREE10
48125=TREE10
48123=TREE11
47123=TREE12
48124=TREE13
49125=TREE14
64095=TREE14
65097=TREE12
64097=TREE11
64096=TREE10
65095=TREE08
65096=TREE07
66095=TREE06
66096=TREE04
59113=TREE02
58114=TREE01
57112=TREE04
59115=TREE05
59114=TREE06
59112=TREE07
61114=TREE08
60114=TREE09
60115=TREE10
40070=TREE10
39071=TREE11
39070=TREE12
38072=TREE13
37070=TREE14
38070=TREE09
39069=TREE08
35058=TREE08
35059=TREE07
36058=TREE06
36059=TREE05
35057=TREE04
34057=TREE03
34058=TREE02
26072=TREE10
25072=TREE11
26071=TREE12
25071=TREE13
20081=TREE13
21080=TREE12
21081=TREE11
20079=TREE08
19079=TREE07
19080=TREE06
19081=TREE05
71038=TREE05
71037=TREE06
72037=TREE07
72036=TREE08
71036=TREE09
70036=TREE10
70037=TREE11
70038=TREE12
59033=TREE12
58033=TREE13
58034=TREE14
59034=TREE15
59032=TREE12
60033=TREE10
56033=TREE08
56032=TREE07
58032=TREE06
74024=TREE06
74025=TREE05
73025=TREE04
73024=TREE03
73023=TREE02
74023=TREE01
75023=TREE04
75024=TREE05
75025=TREE06
72024=TREE07
84019=TREE07
84020=TREE08
83020=TREE09
83019=TREE10
83018=TREE11
84018=TREE12
85019=TREE13
82020=TREE13
82018=TREE14
85020=TREE15
83021=TREE08
115056=TREE08
116055=TREE07
115055=TREE06
116056=TREE05
117056=TREE04
117055=TREE03
116057=TREE02
115057=TREE08
114056=TREE09
117057=TREE10
97064=TREE11
97065=TREE10
96065=TREE09
98064=TREE08
96066=TREE06
97066=TREE03
98065=TREE02
98066=TREE13
99065=TREE14
109062=TREE15
108063=TREE13
109063=TREE12
108062=TREE11
109064=TREE10
110063=TREE09
110064=TREE08
110062=TREE07
108064=TREE06
108061=TREE05
109061=TREE04
45063=TREE13
46063=TREE12
45064=TREE11
46064=TREE10
46062=TREE08
47063=TREE07
47064=TREE06
46065=TREE05
47065=TREE04
45065=TREE03
44066=TREE02
45066=TREE01
46066=TREE10
45067=TREE11
72089=TREE13
70088=TREE14
68088=TREE12
69088=TREE11
69087=TREE10
71088=TREE09
67088=TREE08
67087=TREE07
71087=TREE06
70087=TREE05
68087=TREE04
63044=TREE04
63045=TREE05
64044=TREE06
65044=TREE08
66043=TREE11
66044=TREE12
65045=TREE13
64045=TREE14
66045=TREE15
64046=TREE08
65046=TREE07
66046=TREE06
67045=TREE05
67044=TREE04
90071=TREE04
90070=TREE03
89072=TREE02
89071=TREE04
89070=TREE05
89068=TREE06
88069=TREE07
88070=TREE08
89066=TREE08
88067=TREE10
88068=TREE11
101078=TREE11
102078=TREE10
101077=TREE09
102077=TREE08
102079=TREE06
103078=TREE05
100077=TREE04
100079=TREE03
101079=TREE02
77100=TREE02
77101=TREE01
78100=TREE03
78101=TREE04
79100=TREE05
78099=TREE06
77102=TREE07
78102=TREE08
79101=TREE10
76101=TREE11
76099=TREE12
77099=TREE13
30076=TREE14
26082=TREE10
55105=TREE08
51108=TREE07
81025=TREE07
74031=TREE05
107055=TREE07
101062=TREE10

[Structures]
1021261=Neutral,TEMNITLAMP,256,100,55,0,None,0,0,1,0,0,None,None,None,0,0
1021262=Neutral,TEMDAYLAMP,256,77,33,0,None,0,0,1,0,0,None,None,None,0,0
1021263=Neutral,TEMDAYLAMP,256,33,76,0,None,0,0,1,0,0,None,None,None,0,0
1021264=Neutral,SNONITLAMP,256,56,100,0,None,0,0,1,0,0,None,None,None,0,0
1021265=Neutral,CAOILD,256,29,89,0,None,0,0,1,0,0,None,None,None,0,0
1021270=Neutral,CAOILD,256,45,104,0,None,0,0,1,0,0,None,None,None,0,0
1021275=Neutral,CAOILD,256,89,30,0,None,0,0,1,0,0,None,None,None,0,0
1021280=Neutral,CAOILD,256,103,44,0,None,0,0,1,0,0,None,None,None,0,0

[OverlayPack]
1=CQAAIIH//v4f/4H/gDQAACCB//5iEv+Brv7/Af+BZv7+Af+BZgAB/vwB/xIA//wBZBYyAP
2=/9AWcYEgT++gH//50BYhqAgwAAIIH//mIA/4FmQAH+9QH/gxsbGyIBMAX+8QH/Af8AAVQC
3=//gBbAJWA4H//98BbQTRbAR0AhIG/t0B/9JqBDIAWgb+3QH/02oKUgH/4QFoAtVpCMliDP
4=7cAf/XaQpCAP7gAf/Xagr/6gFmEP7gA/+Cqar+/gH/gaz+EQL/gbH+vAP/gf+AfgAAIIH/
5=/kYG/4IbG+UfBoGs/tUB/4Eb50cG/tUB/wIA//0BSQj/AAJHCtNGCIFmEAH+2wH/gancPg
6=wiAP/bAWEOgqqo2z4QAfz/3gFfDss9DM5LEv/fAV4OzjwU0UwU/ugB/9JIFv/qAV8WUgH/
7=+wFIDP8BAkoa1EcW/pwB/4H/gHQAACCB//5QAP+CGxv+2gP/gav+PQL//9MBLQSCrrD+/w
8=H/ga/+8gP/gRsAAf78Af8SANEyDv/pAT8IUgH/+gE1Dv/xATQSg2ZmZtIlFP7fAf+BqMge
9=Fv/1ASgWYf8QA//6ASoYE//PKRr/6gE6GtQlHP/EATEOgEQAACCB/+IAAIJmZtIRAIEbAA
10=H+/AH//wAEPQASAf7bA/+Bq/73Af+BqP4hDv+BZhAB/vsB/yIA/+QBOhrUPQQR/f/GAToc
11=gH4AACCB/9oAAIEbIAHQCwCBZhAB/t8B/xHi2h4A/t8B/yHj1h8C/uAB/4GpJeMD5P/3AS
12=EEMf///wEeBigE4iIIgav+0gH//wECGQhiAyIB/vUB/zYDEgH+9gH/ZgP+9wH/eAT+9wH/
13=fAb++AH///8BIRT/5gE1AN8DFv7WA/+B/4AVAAAggf/+LAj/gar+/wH/gan+0RX/gf+ACQ
14=AAIIH//v4f/4H/gAkAACCB//7+H/+B/4AJAAAggf/+/h//gf+ACQAAIIH//v4f/4H/gAkA
15=ACCB//7+H/+B/4AJAAAggf/+/h//gf+ACQAAIIH//v4f/4H/gAkAACCB//7+H/+B/4AJAA
16=Aggf/+/h//gf+ACQAAIIH//v4f/4H/gAkAACCB//7+H/+B/4AJAAAggf/+/h//gf+ACQAA
17=IIH//v4f/4H/gAkAACCB//7+H/+B/4AJAAAggf/+/h//gf+ACQAAIIH//v4f/4H/gAkAAC
18=CB//7+H/+B/4AJAAAggf/+/h//gf+ACQAAIIH//v4f/4H/gAkAACCB//7+H/+B/4AJAAAg
19=gf/+/h//gf+ACQAAIIH//v4f/4H/gAkAACCB//7+H/+B/4AJAAAggf/+/h//gf+A

[OverlayDataPack]
1=CQAAIIEA/v4fAIEAgEMAACCBAP5iFACBBP7+AQCEBggIBv78AQCEBwsLCv/8AWQWggYKEA
2=H/+wFnGIYICgAKCwj++gEAgQcD/4MLCgf+lQEAgQCAvgAAIIEA/mIAAIgGCgsLCgoIB/71
3=AQCJBgcGAAcKCwoAAgKBBv7yAQCIBAgLCggEBwoAAYILC//0AWsCA/yCCwggBgQBggAE/t
4=4BAIEG0G0EgQgB+okIBAYICgoACAr/3gFtBIMGCgrPagAZ/gQCCAmDCAoL/94BagAX589u
5=CCX8EfkACf/dAW4KgwYIANJsDAX8gQsiGIIGB//dAW4GF+TTbQz/4AFrDMhaCNNuCP/fAW
6=wOX+2BB8BhAv6uCwCBAICiAAAggQD+RgYAggQG/v4BAIMHCgf+/QEAgwcLCv/9AUgGgwYK
7=C//+AUkI0kgMhAQHBwf/5gFKCoQECAsI0TUIAAH/5gFhDoIIC9BICIYHCgAICAT+5QEAgg
8=cL0EkSggYI/+kBSAgKAdBKFIEI/+oBSQqBB9FJFv/sAUcGIgGBCP/oAV8O0TUWgQgCAoIL
9=C//nAWES0jcchAcHCArQShD+mgEAgQCAfAAAIIEA/lAAAIIGBP7fDQCEBAcHBv78AQCFBg
10=oLCgj//AEzDoUGCAoLCwIE//sBORCCBwcCBIIKB/7pAQCBBM84EIEH/+wBORSBB9A5Ev/r
11=ATkWgwYIANA9GP/qAToYgwcKCtE+GhIB/+UBOxKEBgoKCNFSAIMICwv/wAE/GoBSAAAggQ
12=DiAACCBgbSEQCEBwsLB/78AQD/AAI9AIIGCv/+AT8ChAAGBwT+9RMAhAQHBwfTJwD+5gEA
13=hQcLCgoI/+QBOhqBBtM4GoUGCgoACv/FAUAEgL4AACCBANoAAIYECAsLCgfQCwCDBwgK0i
14=IA/swBAIYEBwYABwrUIACEBgcHBP7fAQCBCBH6gwYICtMiAv7hAQBT+wAI//QBJAQn+4IK
15=CP/6AR8GEfeBACnm//cBIwgJ40f9EgGBBv70AQCCBwoGA4EIHAf/9gEoDIIACAYDE/yBBv
16=/2ASkOJAGDCwsI/vkBAIEGHgUsBv73AQDAIAQcBv/3ASgQxTMAgQv/+gEmFMMYBv/8AScY
17=/+QBNwL++AEAgQCACQAAIIEA/v4fAIEAgAkAACCBAP7+HwCBAIAJAAAggQD+/h8AgQCACQ
18=AAIIEA/v4fAIEAgAkAACCBAP7+HwCBAIAJAAAggQD+/h8AgQCACQAAIIEA/v4fAIEAgAkA
19=ACCBAP7+HwCBAIAJAAAggQD+/h8AgQCACQAAIIEA/v4fAIEAgAkAACCBAP7+HwCBAIAJAA
20=AggQD+/h8AgQCACQAAIIEA/v4fAIEAgAkAACCBAP7+HwCBAIAJAAAggQD+/h8AgQCACQAA
21=IIEA/v4fAIEAgAkAACCBAP7+HwCBAIAJAAAggQD+/h8AgQCACQAAIIEA/v4fAIEAgAkAAC
22=CBAP7+HwCBAIAJAAAggQD+/h8AgQCACQAAIIEA/v4fAIEAgAkAACCBAP7+HwCBAIAJAAAg
23=gQD+/h8AgQCACQAAIIEA/v4fAIEAgA==

[AITriggerTypesEnable]
0CAD0DCC-G=yes
0CAD0C7C-G=yes
0CAD0B2C-G=yes
0CA6621C-G=yes
0CDF8EDC-G=yes
0CDF8D8C-G=yes
0C0C7AEC-G=yes
0D62199C-G=yes
0CDF899C-G=yes
0D6216FC-G=yes
0D6215AC-G=yes
0D62145C-G=yes
0D0803CC-G=yes
0C32599C-G=yes
0CE23AAC-G=yes
0CA1F84C-G=yes
0CE26CAC-G=yes
0CE26B5C-G=yes
0CAD145C-G=yes
0CAD130C-G=yes
0CE2395C-G=yes
0D084B5C-G=yes
0D084A0C-G=yes
0D0848BC-G=yes
0CAD2AEC-G=yes
0D08461C-G=yes
0D0873DC-G=yes
0C8E2C3C-G=yes
0CAD25AC-G=yes
0D087D8C-G=yes
0C8B81BC-G=yes
0CADDEDC-G=yes
0C92C45C-G=yes
0C9565AC-G=yes
0C92C1BC-G=yes
0CADD99C-G=yes
0C9561BC-G=yes
0CE2EA2C-G=yes
0CE2E8DC-G=yes
0C955C3C-G=yes
0C955AEC-G=yes
0C8C71BC-G=yes
0C8C6EDC-G=yes
0D052AEC-G=yes
0CE44D0C-G=yes
0CA5945C-G=yes
0CAD2C3C-G=yes
0D535EDC-G=yes
0AA846FC-G=yes
0AA845AC-G=yes
0C8C645C-G=yes
0AD2BAEC-G=yes
0C96F5AC-G=yes
0C96F45C-G=yes
0CB2CEDC-G=yes
0C91D45C-G=yes
0CAD5AEC-G=yes
0D2C45DC-G=yes
0D2C448C-G=yes
0C8C56FC-G=yes
0D2C41EC-G=yes
0CA6AEDC-G=yes
0C0D251C-G=yes
0C8C51BC-G=yes
0CA24D8C-G=yes
0C8BC5AC-G=yes
0C8C4C3C-G=yes
0D53430C-G=yes
0ECCFCAC-G=yes
0ECCFA7C-G=yes
0C8EEEDC-G=yes
0C0D184C-G=yes
0ECCF68C-G=yes
0C8C430C-G=yes
0C87B99C-G=yes
0ECCF29C-G=yes
0ECCF14C-G=yes
0C8EEAEC-G=yes
0C87B45C-G=yes
0ECCBC3C-G=yes
0C8EE1BC-G=yes
0ECCB7FC-G=yes
0C32D84C-G=yes
0ECCB55C-G=yes
0ECCB40C-G=yes
0ECCB2BC-G=yes
0CB29EDC-G=yes
0C8C2C3C-G=yes
0C8C2AEC-G=yes
0A31295C-G=yes
0C87E5AC-G=yes
08A3EEDC-G=yes
0D022B1C-G=yes
0C1246FC-G=yes
0C1245AC-G=yes
0D0B3B9C-G=yes
0CA2A04C-G=yes
0CA2B06C-G=yes
0CA2FEDC-G=yes
0D2769BC-G=yes
0A452E5C-G=yes
0A452C6C-G=yes
0A44F2CC-G=yes
0A44F17C-G=yes
0D53099C-G=yes
0612B11C-G=yes
06C551AC-G=yes
0612CD8C-G=yes
0ABC484C-G=yes
05FFB18C-G=yes
05FFA7DC-G=yes
06002BFC-G=yes
07C0372C-G=yes
07C04EDC-G=yes
07C04C7C-G=yes
07C0B14C-G=yes
05FC1A8C-G=yes
05FC50EC-G=yes
05FC3C9C-G=yes
05FC37CC-G=yes
05FC333C-G=yes
05FC0C9C-G=yes
05FC088C-G=yes
05FC75CC-G=yes
05FC747C-G=yes
08B9154C-G=yes
08B911BC-G=yes
08B9213C-G=yes
08B9356C-G=yes
08B9305C-G=yes
08B9483C-G=yes
08B9423C-G=yes
08B940EC-G=yes
08B9586C-G=yes
0611A33C-G=yes
0611A1EC-G=yes
08B9641C-G=yes
08B97C6C-G=yes
08B9767C-G=yes
08B9708C-G=yes
05FC1C5C-G=yes
0612EAEC-G=yes
0612F9AC-G=yes
05FC13EC-G=yes
08B90B1C-G=yes
08B902EC-G=yes
0612F46C-G=yes
044082BC-G=yes
07C310BC-G=yes
07C329FC-G=yes
07C3266C-G=yes
07C33DDC-G=yes
0616004C-G=yes
07C330CC-G=yes
07C30A5C-G=yes
07C4853C-G=yes
043F521C-G=yes
043F874C-G=yes
043F40BC-G=yes
05C56EDC-G=yes
05C5392C-G=yes
05C504DC-G=yes
078F4B2C-G=yes

[Triggers]
06865ADC=Neutral,<none>,@Sounds,0,1,1,1,0
096FFBCC=Neutral,<none>,@Sounds 2,0,1,1,1,0

[Events]
06865ADC=1,13,0,0
096FFBCC=1,13,0,0

[Actions]
06865ADC=11,99,7,_Amb_CricketBed,0,0,0,0,A,99,7,_Amb_CricketBed,0,0,0,0,B,99,7,_Amb_CricketBed,0,0,0,0,C,99,7,_Amb_CricketBed,0,0,0,0,D,99,7,_Amb_BirdsNightOwl,0,0,0,0,I,99,7,_Amb_BirdsNightOwl,0,0,0,0,J,99,7,_Amb_BirdsNightOwl,0,0,0,0,K,99,7,_Amb_BirdsNightOwl,0,0,0,0,L,99,7,_Amb_BirdsNightOwl,0,0,0,0,M,99,7,_Amb_BirdsNightOwl,0,0,0,0,N,99,7,_Amb_BirdsNightOwl,0,0,0,0,O
096FFBCC=2,99,7,_Amb_BirdsNightOwl,0,0,0,0,P,99,7,_Amb_BirdsNightOwl,0,0,0,0,Q

[Tags]
0686531C=0,@Sounds,06865ADC
096FF71C=0,@Sounds 2,096FFBCC

[Digest]
1=f5pxyM65va1j9giChHfQZEOtOk4=
