; Map created with FinalAlert 2(tm) Mission Editor
; Get it at http://www.westwood.com
; note that all comments were truncated

[Header]
Width=56
Height=48
StartX=228
StartY=35
Waypoint1=230,60
Waypoint2=279,62
Waypoint3=0,0
Waypoint4=0,0
Waypoint5=0,0
Waypoint6=0,0
Waypoint7=0,0
Waypoint8=0,0
NumberStartingPoints=2

[AircraftTypes]

[VehicleTypes]


[Preview]
Size=0,0,120,53

[PreviewPack]
1=1g8AIA2jp1Cjp1CiqFCAiDGCiDCjOywAAqKoUKOnaAAGoqhQjpY/j5U9MLwAKowAA4+XQX
2=uEMawEKlwAICcsAAPjvXfSs3i8CwNBQ1hBQ1isAQNaZl2YnXCsAQPmvnO8sFysASAE3AEC
3=fEijfkW8BSpMBAODjDSQlj68AgOcpFGWnEasAQOMlT+Ql0CsATZMBAOAiDGdpU+0IQOCiD
4=B9iC+kEQOPlT2Pl0EwXAACiJI/oqhwMie0Bb8Fe4QxJ+wAA6OnUI+XRCdWAo6WaAa8BQmf
5=oVSen1CjdD5nXjgzHAG0FQOMlz6ao0msAbwLLSwAAAK+rmDlvXTStHzNsXd5gWBCRFlCRY
6=gAAAVEWUxSWnh5YW1xXte+iuW+c8y2ZMy2ZDmsASp8AQAMdWU2YFIyWkMsoqhQnaVPgYs3
7=jZY8j5dBfYgvjZY8aQCYKC8DgIgxtDACgogwoqhrHoeRPLwUA5SbRoSOOawHJ4wApCAn1w
8=CQlj4q1AAqlAQttAInNgSMldQPA5ukSp2lTydkAUgtrwGao0kqTAEIoo5FqJVMpnZEcXR0
9=LSdsCEAKtx6PmUYnrgGWnCgvAJeeRCdcAAAS17Vo3bt547x20LR9UFhdQURZQENYSU9Zc3
10=tf3L6D5b9z5r1wUCwGnKRRipA6nqZLpSCMj0+HkTwrPAIKqFBxczpsXjRnVS+ZemgMrSKN
11=9Cq/EY+XRC0kBSpmCnuEeC68HUcvipA6rxmBizdQAgOKkDqUm0ZAAUsDgogwJ7QFQ4iDjD
12=RAJSekDCeUAUQXpAgDe4QxoqhQJ5cEmqBLvAKkCycvDIOMNL9BhI45KkwBCXlWL4NvOnRk
13=M6OnUCcsDAOIkj+Pl0S3b4eRPCcEB7wCrAq0NqwNAAzXtWjeu3i+r31xg2lBRFlLUVpUXF
14=x5h2Lkv3jgvHCnhoGLN1wUr0yQl0BMAbQtLX8KiXU5rAotPA5cBa8HhI45KnwEJy8AkJY+
15=LQwFvh2epmAirAe4Ky2EBScEAS29BoruNKOneCsnVwKMlEGkNUQjWApYAQKIkj+jp2C+vg
16=KNlnxHvAUDj5U9jJRBrAQMxo5Ke1szY1gzdHQ4iJI/J1QFrE+8BS2kEgmMlEGNmD+bpEqj
17=p1B0h5xWAAnUt393hmd0fWBLUVpKT1qamm7bwIvhwYTmvXAn/Au8DqQgtC28Cwyjp1BhWD
18=OZejyedECzkkgqxwSDjDSkO6QsrAEtTARAr6wKrCisASq8A7ROqCq0IS2kAFySJ0QDTDqs
19=QLSKrJe0b7QVSJknTAqcQcQvMF0MeIAAQ3ODjDSnepxvPSc0BLQqrA28Vie8DCqnD7OrWa
20=SDA+a9cOW/c7ThD6qeaElPWFRZXG51Ypmba+DEja8EvLBcJ/4ChI5wVidsDgF7dTqil96i
21=bDcqhAUqLAMq5BRILSqMD1BKvLAn/gKPlSgvA5acRipMAahaoC6sASfUACpcCbRvtCqsVS
22=rEAUirLeQaA4+ZRo+XQaSApMJQFFCYVGwn3AoPe4Qxn6FUqZ9Nq3VBb2U5naVPJ7wAKg4C
23=j5co1AZIMwASvq5g3Lhr3Lhr5b5z47x1wqpyy65yeYFgTFNacXpjg4dq17mApyzmvXBIh7
24=Q2r0ycpFFQrVgcCYqQOnl7PXZsNlpDLCpMGSccBKRKJ7wDRDW0KrSfpFOsAScfBI+XRFkT
25=nuzBrAdIHqwKtABIDyo8C7QMpAtEIydcBrwCJwQBSAwnxAEqZAQ2LwCAiDFIBoVaeCfkAg
26=AGkJY+kYdKpKJYv4tKdGQ0mohJsrFZraxVtDysEKR3v2vnu24qhAULgIJham1bhINheHle
27=1LnE4LxcUyy8sFwthAgMnoNCRD4yhl04VE0yn4VDKnwBpEEqZBCsELwdJwQQLawEvCa8IE
28=gDKuwDJ9wEXAKoACecEbw+p4ONljwn1Ay8MqQdtA+kFDBUArxHLXQGrCu0AEgttBK0J6wB
29=Dp6mS6aKRLKjUrOUTa6iVbe4awC5uFYkxCgAA7OrWee7bsmxYr6uYOK8da+hccKrcSqEBQ
30=bTuYPBrmLPt2h+XL9zJ0cnlJtGrKZcCwADjpRAjpRAkJNAf3A9kXg/rohDqaZRLsYTlT1Y
31=Eyf0H6QsvB2sAbwgrBasJSpcAKwNKuwDJxQGKjwLKi8Gg4w0tNW3DPr6AC0IALw7KowApA
32=4qjBK0EjDkAlwCrC5CtXuEcFyvBL21WSeEBQ+5uFampFGMh0mVnEibpErlv3MnzyxyfmIn
33=FyfTuYMnJxGaoEuvAcy2ZCcsCQuNljykqVGTlkGPjj2Qk2gtBqSpUZGSP5eOQiePAJ6mS7
34=wRtAAqXCQqTARMcLRILdwZJxwBMOQFpDKwWSfMBUABKmQQRyyKkDoteAW7AZykUaABA/r6
35=AIOMNLQJA4eRPI+XRCcsACeHAo+VPScsKkwKJ1wArAEnXAwnPCMMubhWraVSkG45fWU5lY
36=BJVN4DxbNl17VoVIEizCwAAr12z7N6V2JdS1FaTlVbhYVn48OFdDAj7CEC5r1w4LxrALep
37=WKU4iiP8LAORkj+QlECkLAOgqE6QlECsdkQgJ98Bo6dQRCaoLUghoAFEQSR8JbwapOmsHy
38=00NydkH1wFXAi8BVwIpFm0AFgNLQQQJ7QarAo8FABfU4CIMScUGycEHCQMKbxcKlQFJKwi
39=pB1I9gZ9iC/JsWXJsWIlvCEjPDgMk5NFk4VFeGQyfHg8gXg5ZCkmfDcACd+8eGhvX0lOWj
40=9CV1NYXU5VW3d5XeW9dMWzZSdEBif/LHuEMXxZBoBAlJVGlJhCkPSHVC0n7AO0SyeXHICI
41=MTGeDplGNhAEJxwBIBg8CzZkAS1cACokBTMsAAGPl0R9I/Q6A5CXQI6WP7R7XK0nLwDcuG
42=sqHAoJoqhQcVIud2Q0iHo8bLIAJr9+4L595r1w47x1gIJhc3VfcnJhUVpc0rR0y7B0T1Zc
43=bG1chHpYfXte5L555b9zv6xx3rx55r1wJ1Q1DJeKRYduPIt1OoeGO4+OPVwLpDukREhytF
44=cqrA0BjJRBjyN8RlRCLbwDMDsAgogwLVwMOTwLJzQcvFAwNAEwRAC0CUQRJ0xAtMAnPAgq
45=1CREgCfEJXxT5H1sAQLAe+PChSQkJqQ1AEe+f0SnqVOLgEuVgVTVuYLCsX9qeGROVlxQWF
46=xqbVvTuYPjwYHkvnjjvHbVsnCnmWZfZ1xOVVtTXF13hmevpnTUuX+ji1yQhE2kp1V3dTqq
47=jEatczqDazuagyWXQOe7bipkBydMCqxbrBAkBCusHEwiMPgDpAIn5ymepksnZAekOKwHVD
48=CoACeEBVgBJ7QXTJG8CDMUAKcIkJdAUD5cQaz0KoQvXEEwDAskPCAF5L103Lt848J8qiSU
49=MQAh3Lt82r+J4MKH5L95t6lYp55Sn55VpHQ/Y1o6U1xJMjVBMjVCUVleQENYS1FacXtf27
50=h3Jzw4ABi3qVi+r313hmdWYF1CRVlTXF0zNkA1OUJRVEOLe0uFc1CxhlCfcD3JsWW0PFxo
51=bAcpZAekhiScL7SfLcQEMwQEsAK8ICQsLawBAoeRPJSbIvgwQMQwfBYqbBEqzCADm6RK+v
52=oAMPQBKnQbKlQyvEG021QPLQwLAALivHW8p3LKr3N/gV9PVlt7h2PRsiKUMQAYQUNZQkRZ
53=m5Vo2rt93Lt72Lh5rqFwa3NcUlhVpXY8RUEwNjlCOTc9MDNBRCkJW2de3Lt74cCB5cJ/bG
54=GcYgAUzbZ7cX1kTlZINzxCNztBQD0vYV9GeGA7mHM+1byEwaltr6Z03rx0ijNkB1gZtDAk
55=/DgnzDhUTqwZRFCgKzAUACqUCiqkCSecC0wHqAAqJCMtXDMqxAEnNA0q5FMqRDwnfBMq3C
56=usWArnvnPMsXrXuX1zf2FBJidTTlZarAF+LEVZdAAFRFmSjmF2fV4ktFMADERIV09XVFRY
57=T3peOUdCMzw/QpqHV5eIUuS/fOW/c6Uj5iP3Pcm2ZkiED4+VPU5IMnBtT2RWOX9cNUZLVy
58=TIVAx3hmdpd2FOVVuSjmHYuHkiNFUjKFWkOyc8RCcnEYGLN1B0vFOk9TB7Bfr6ACpUWUQy
59=KpRAtDMnjDAnXBKkXKR9UC8nvBUqXACsr7QPTAQn5Be0EidMFidXI56mSyo0BAu8sYFZY1
60=1FSVk/QldAQ9UqQngrIoheI6BeJRhZcSNEZFykLwAmQ0dYWV5ayahdx49JenI8p6lTmohJ
61=nqBN17Vo5b5zk5hHkYNAj4dFXlYxk3Y/oXVArHQ/c39ldXwiMD6dC1mRC1hPYWtyX6Q4fg
62=JEWSS0Pio8RK3ElCMMWSrsAzOcBbACKgwLLTwFJ6wEWCW0CSdEACdMCiRESFivvIxcNSeU
63=LiQEPayyLbwAJx8BipA6JFwhXE0J0LBveY5oXGhfUFhcYFj/WUFDWNQehAK0KmQCmAFgAQ
64=AuRVlITVnBqnHfvHu7r2ukolimikSvnEyggUiysVmvtFSdoUaQk0CLjUKHizt7ZTmJbTyp
65=p1jcuHjNsXe+qHNGS8Q4dCpkO7gBdDknpDM2tD4qxAS8KTMUAL8dkJY+JyQsLQQcvAi0AC
66=e0BSccFir0BCpsLCdcAFAvJzwLKmwstGwkpDykhrR7CcKsc3R9YElPWD9CV2EoRPxZ3FZk
67=IJUhWGAxkHonzAsACXF7YNu8fuHAg+e+ca6hTbKjUre4Vbm4Vrm4Vic0PQOQk0CQkD+8Dg
68=PStHx/km0kpFSsCmBkjQpBfA7MDQhLUVpPVlyblWjkv3y2vBQkLDm8eqTjJ5wOLZwFpCwn
69=ZBBYVazTtFGsByeUCqQsKuQLXFa0ZgOao0mdpU8kPDWkKQWaoEuXnkSjpyJYZypEBrz1JO
70=whtA8CkJY+xbPc+w/mvXDhvHh3hGZSWl1NVFpCRFknJAW4eSdUC7xZcAJ0IXyGDEJFWUBC
71=WEdLWWNvX8KqdSf8FAO5uFa3uFUnPguOlCIAXyTvNuW/c1sN17l9JKRUKIUFQ3hYuQFB7F
72=sMQkVaeHlfW2demZtr4cGEKnQzJ0QJKnQnUCktZAq8HSpcACpEISfsACfUAKwxpSyEI+xj
73=pAgtVFwq9AEtLAAqfDe8SrxZCdCwb8iudGt6ZUFEV6QprEzULYiEJ+gKfE2EAmQFaLeULQ
74=JEWU5VWzA3BLm4ViJEeCN3SKCoTidsI0DuA3eEZkFEV2xnsAiQWXAsmGdgAZwCCUBDWEdM
75=WXJ9Y9y7eyo8C8wfOzQQrF6kLK8BjZY8UF+sByR0J6wBsFmkBSdEACeUIrQGpAgq1ABMkS
76=qkGyq1BY8mrFgqBBwIxq1zeY5ocX1kV2IifCt4VSMUJ9QtjAFwAikMC3gBI/x6tC0GP0JX
77=REhYaG1dKjQEJ9wBA52hRqmnWLQkAty4a+O9InB2AlBYXEVJiJPkLHRmjAGsCsQ7DUVZSl
78=BaW2demZtr4cGE4LwRAABWDgAgABJw5r5zvLBce4QxgIgxg4w0kJY+o6dQoqhQlJtGhI45
79=gogwgIhoAwWCiDCNljyiqGgDA6OnUHuEMScvAIGLNyeMACe8ADBEAC0HAYGLN1QMA5ykUY
80=+ZRrcGj5dBWAoJgogwg4w0ipA6nqZLKiQCA4SOOYOMNKQUAAjXtWjlv3Plv3PmvXDPs3pZ
81=ZF5DR1lCRVlBQ3QAAkJFWUJEYgFBROABnAJ4ASdpAEPIAw9aZl3XvoriwoTlvnbgvHDmvn
82=NUIbwOAAO+rmDcuGvcuGvnvnO8sYFremVSWl1kC5ALBkJFWYBnWEdGU3gNKegBAAyPlT1M
83=UlrXvYnavYV3gGXcu3vlvnPMtmTMtmSdpU8njAMGipA6oqhQo6dQtCcJfYgvjZY8jZY8jJ
84=RBrBwDo6dQjJU/rwSbpEontAWkNQOAiDGCiDAnCAAqtAUnlARHCJSbRic0AScEAQmjp1CP
85=l0GOlj+PlT0qTAcGj5U9j5dB+voASABEC0gwpCBQLEQgBdS2dc22e1ZgZCB8LAREWUFDWE
86=BDjC68LGQC1ypBQ1jsBApZP0JXWmZdmJ1w3bp4J9QGA+a9cKKoUCd8AQzlv3PQsG/IrnTS
87=s3hZY12YB2UIQWwKBFhBQ1hCRFgoLAAORVlESVi8qHPduniPlT3iwoOkQawKpyajp1AtPA
88=u8AlwFJxwEpC+kKQOepkuaoEusBAOjp1CdpU+8AqRTuCsnRwB9iC+kBS0sBideAIiSYDcD
89=jJc+mqNJrEkDnKRRlpxGTAFUDFgrLQsA57tuKmQECeO8dt67eM6zeVReXFBWBlJaXHJ/Y0
90=pRWoRcdCFsK2hOKCwACUxTWnmCZnN6Yte+iic0BCpMAScsAAnGrXN5jmhzfmNQWF2ACgNZ
91=S1JZTFNwC0xbJ64BQUNwAgZxemOYnXDevoQwTwG3qVhcdyeUECrUCVwCJ78DlJtGJ8wLSF
92=GvKJqjSTMUBlROqAAnJAVEJrQJJ5QQp2WepksqNA0nNAFIkyckAi2QBSc4ACr0EAAV5r1w
93=47124sGB28CJe4Jhx65y4712z7N6V2JdUVpc0rR0y7B0T1ZcKkYP1roxNwTmvXAnhAUqLA
94=AAF9C0fXF+ZX6DYXuCYW56YXCBZIGFY4aKZ3F6Y8eucuLBgc+3g4aKZ9S5KAwLKx4BvnOk
95=TVgfJ/wCUaSK9IcCo6dQjpZwTUAfKiwAaXuYKF8AnKRRvAinVn2IL6tagogwRF8q9AQnLA
96=BUDCcsALRprDcDkJY+lJtGrAFIuiekBid4AqMBs6tZMMwIdi3DhSdcAFguBuPDheTBf+O+
97=eCssAClEDys0BOy+KoQFKiwAA9vAidm6fbwLQyvWuX6sAS3cAS5MAZ+zvLBcpBcnFACsHA
98=KQlj6iqGCCAoGLN4eRZOADj5dEh5E8pFO0KjAsACdcDLxZKrwGXFknZBAGnaVPjZg/m6RK
99=rI4npAwndAa8j7wCRBEnbAKgAQazq1nnu27cuGsuRAOE4ypkBCBjLwDMtmS4Fi0XAISOOS
100=cUCazTpC8kJCCvAYeRPC0sG6cshI45rCW0AFglVCS/Vp2lTySMITOMBifUDKRiSJMk5CNc
101=Ai14ArgBLYQFBeS9dNy9gOPCcFkDv6xx3rx5pCwD4r9+4L59bAEFwHvav4nhwIGvAdnAjM
102=wBPgwLfgW/cyocASAM7QDm5Ia4FicXAICIMSfkFCc8Cyf0BLRUJwwFKuQFLYwAWIIq1A+l
103=X43ojSecESrEIqwEtDBYBycsDAOWnEb6+gC/OJCXQESGA8WzZde1aMQgADK8dbyncsqvc4
104=+PaVNcXXeGZ6+mdNS5f9y7e9i4edW5gsKxf2p4ZE5WXHZ/YdK1d3J/ZU9WXIuPa9q5ecGp
105=ba+mdN68eS3UBic0EAblv3PYt3PKrnEqHAEADouPa8GpbWl3YXN9YeO+eOS9dH+BX3Z/Ye
106=HAgb+scdS5eJSsE7wIpOAnhAUnLANQKaRQrLIn5AVQUyqEBSfMCyTcJax8J4wAM/QiKiQF
107=BJacRo+XRIovnCy8sydcACokIypcLUQgCuK8dcGpcsqucXN/YUEjTCsDQUNZU1xdInQhBk
108=RZko5hdn1eQp8CUVleIqggjwFMU1ojPCYigC0Md4ZnaXdhTlVbd3ld5b10LbQFCeG8eNe5
109=fcGpcnSBYyRHJ1FZXiIUJ5wICVllXk5VW2tyX05XW0M3U1xdSw9ZZV5QLwbbunvdvHzkvX
110=V0LfxZTB9ILbRIKuQmvB20hCo0K7x6TDEwjBsqFAagBCfMIFQMXLPMUiykGyfUDCeMBqwH
111=J6wHtBK0bA+Nljy+rmDlvXTGrXPIrnR5gV+kIHgoImwsKOQmtC18LCQVLUVgK5AFIywtkA
112=InjAAJW2de3Lt74cCB5cJ/J7QFCcyxeneEZkFEVz9CV3wLmCtiCkVZdC0jpDNiCkRZJ7gu
113=fAKYBAZ9fF3cxpPhw4tACrxZpCy80bQqvB28GqSDJ7QUrKy8ICp0CSpsJrQttAAnpAC0CS
114=1sESrMCyq8ACenDJukSieEEUSJSBWk4FxEBtW1c76vfXGDaSckC2QgjBy0J3QAIswsL1QF
115=cAIirDF8BQtFWUBDWEtRWnF7X9u4dyeEBQvmvXDQsG95jmhcaF9FSZQqhQtCqCrsAXQqKb
116=QFpBFMBApITVnBqnHfvHvkv3jlKTwLJ6QJKhwErFikUCJIOOqrj5kiIC0nRAYn1AlENSd8
117=BEwipCwq9ARUDCeUPSqkACqMACdcAAOIkj+Pl0QqfAekDgOepkvFs2W/ntS3f0B/AnF9ZF
118=dijIWYTGBPJJQ9mFuZAVioKswBwFu4W5YwRVkzPAsJwqxza3djWWZgSlBbvFZsNyQkOKAu
119=sSxEYDEl9D3oMAlxe2DauXnbvH7kv3i8WXarlT2sc6wZSCQnDxqBizcnLACsf1BKJFQ+J0
120=wEKlwArAEkACwnNAFEvCcUJydfBoiSP7gEW+WNljxYuydUBSeOAHuEIshFvAgqfEMqPDgq
121=fEOkKbQhrCsnLABssoQsrAS6IkJFIhM31rqEInUtviv0PSdsCwuqoGt7iGjAqXC/qW1NVS
122=K8OdxWmDq8C7QwbAqcLAtAQ1lAQlhKT1p5h2LhwCjnMua+cydAEDP0BCRcPKQspCk2LAC/
123=X4SOOUA0QCgzNAEkfEO0JypPB4+ZRidAIlRjKgQcRDWkj7yYt+TXtWgrfkNFWScUPLAprS
124=tBIqxDfLbcIIohQkU3fEMnhAVUkycsAAnewIbjvHbUsnCqoGt4WwREWVVeX1Nd2OvEL5Bc
125=vDtWAEdLeGQCmZtr4cEi4DkD4Lxwt6lYKkQ2LQQ3J4QUpCwnrDEn1AkjjS1EQ1J7hDGkjy
126=Q8OKQCJ/wsJPcinaVPJ8QEKhcGj5dEvAIDmqNJnKRRtDAnNAFglyO0ULw4VC0qdCckxT3P
127=I+Q7IsQ9Bbx2x6x0S1JbKoQFjKl0LZACcCwCREhYaG0isE60kCpUBTksAA7jvXbhvXjSt3
128=2DjmZreGNZZCIFIkKIh6xbbAEHQ1lMUlp4eWFtcXjrJL5O5r0iMFAn/AIqdBsqJAVUq68E
129=kJdAKlwAKmQ3KqQVJJQxKqQbJ9cAj5lGJywArDcnNA1UDAeMlT+Ql0CQl0COJrw/VL0nvA
130=AqdxiQlj4nrBYt5jvUsiK4QyR8Q0BPDmt4Y01VXEJFWU5WWnCCY1FZbAEqRFQn3Ao5hAUq
131=jwDhv35oaQu3f3GDaUNHWVFaXG56YSTEKCiFBb4oxBAt5Ai0SKTgMGcQgYs3KpwmQFswjA
132=B0vQKXQY+XQSfMBTbsFbSHpICEYiVHVIKIMCdUBbQwvDsDnqZLuUvFJwgAJwQHKqwWLZQE
133=AAPhvXjhv37ewIa/qW2BhWPWuX7jvngqLwDkv3wq9AQuLAAjXELMCo8BzLZkRDsnlzTUtn
134=VAuyTnStK0dCc1SdwphAVxZb4iTFuk4Kx2XHEqJAUzvAMk1CcqXBsz3ENYJbQJrDe02K8B
135=h5E8JwRbKtxVLVQFJ7wSX1mKkDonhAUnIAC8C7TnIu5OvnOkEW4Bv3MnNAQn9gTkwShsLC
136=osAKQpCcm1ZbyvXsy2ZMm1ZbwIA7yvXqKoUCcsACfUHg2Qlj7JtWWaoEuXnkTXtWjjKeRK
137=Ki0A5fwRWAon7AAqDAu0/CekCSe3BY+ZRicsD6wivFmkNawoJ3QzJzwLvDK0AyosAAOQlj
138=6Pl0S8AiScSrQJLSRQJ2QuVBsnhAU2IwCQl0AnJx2WnEYnxAQx5AX8U1grv2WHkTwnPAIq
139=XBgqNB8kjDakO6QgJxcGxbNlSAlIKqQ1rAq8CKwctEInfwqdpU8wRGOsCrwgrAG8C6x/Jx
140=wBKmwFvFknRwCNljwnREi0FbTkpC8n5AJU4SckAid8B7SKKmwFpBEqRwC5S8UtJA6kHbQb
141=pxSHkTwqNAQn3BMq/AisE7wFrE8nBF4t/COsBLwXrAGsTLcSgogwowG5S8UqpAa0J7wXrA
142=Gs0yqUBySMTqwKvAsnRQaPjLJAfLwCuCsnpABJY/oj1GkqFAAkhCMntAUq7CEshAXMXgOE
143=jjm5S8W0MFAXJ4wAuBm0FSf0AbQ8J08Bj5U9VDy0GyrcLiQsJKwHJ00NeIAAJ1wMA6OnUI
144=OMNLyqLXcegIgxMPwCvBEnFACoIUATrA20Pyp8ZLRIJ6wEJ7wASAZQAkgnJJx0KugEKrQF
145=pB0ntBoqmAAqLAC0LUAKJLREJ1weMEwHJ8QBJ4QFvEG0JzC0AjC/AJeeRCcUEi2MCSd0A0
146=xSJ5wLTBOJLnisGTncASc8Did4BS0gACfcc7xrJ7wAJ0wBKuwVpCysIkxqKrgEJywATBOs
147=FrQApBRIHieAAC0gACckPirMCCe8BrSNpClQZSdUAi2EBSdfAIGLNyoMCydcALwFpNcqRw
148=aepksqtB0BeHh4eBEAAGgDiAoAEHh4gogwkJY+oqhQjJU/kJdAhI45gIgxjZg/m6RKo6dQ
149=oqhoAAyjp1CbpEqiqFCdpU+BizesBAaAiDGCiDC5S8UqCAAGj5dEg4w0kJY+rAcMlJtGhI
150=45gogwfYgvoqhQXAi8ArwIA42WPPr6AD8LAICIMa8NgogwqABYAQOKkDqepks/7AAD+voA
151=e4QxdBsClz6ao0lDEIOMNKwHpBGkFEgJJ6QDvAIqtAInLwCPl0Qq7AAnXAAn7AADgYs3g4
152=w0JwcElJtGSBWsFgF9iC94gwCPlT1cEQOcpFGWnEY7rQFBrweNljwqhAUnLAAOgogwg4w0
153=fYgvjZY8kJdAj5fcBbQ5J28CipA6IAOUBL4Fe4RoLaAutA9QF1QbIAMEAawETDpUG7QqKi
154=wAtBWvCoeRPEwKpA4wBAS8UKwHJ48AnaVPJ1QFJxwKKl8Jj5U9LQUEjOc+j5dBJ9cGmqBL
155=J0wBJ58ChI45UAusE7grrAesAQOOlj+PlT28Eb8ahI45Kj8LnaVPtDCkID8UACpUCFsrgo
156=gwRG4gDAQBM+QCt3KPl0FAXqwKUBotJw6ao0kn5wWBizcnHAEDmqNJnKRRrBBTgIyUQSfv
157=AICIMawKKl8JgYs3sES8FzNMAQOHkTyUm0a0J7wRvAgq1AZIFQaiqFCPl0SHkTwqJwiPmU
158=YnNAcqbw6PmUY/eAWgBKQ1vA6oFbw7QBagBDMUAKQRqAO8RKQRKhQDCYyUQYiSP6OnUI+X
159=QSdHA4OMNKwBKiwJpCAn3wGKkDonTAEn5AW0Nie0BSpcCSdXBXuEMTNcAKxeJzwCJ78Ao6
160=dQKr8AjJU/vA4ndA9bIpCWPlBcvAIt1BK4HyAJFAC5K4Lws1ALKkQASBukICpkBCosALSB
161=KjwUA5qgS5eeRFYYjZjEF7QtJ1QaJ0wKLawBJ9wBA5CWPo+XRCfcASdcACq8AEQgJyQOLS
162=wAKkwKKkcbgIgxWBmsai3sADBfAI2WPKi9UM4qbAstFAYtHAGsFqxtrFikRLwCJ/wCKuwJ
163=M3QDJ6QAvDIq5AIqhBonzwiWnEYqpAMqBAQgBnwBLYQCJ9wBIDxcAFguvAusbVgBLXQGMB
164=wEvAU8XACmoY2Wc5LDrl4gErQFJ5QBSBKsAaQUrAE89AEgw4wAJ4QFA76uYKKoUBEAAA==


[AITriggerTypesEnable]
043F40BC-G=yes
043F521C-G=yes
043F874C-G=yes
044082BC-G=yes
05CB5B6C-G=yes
05CB830C-G=yes
05CBAEDC-G=yes
05CBC04C-G=yes
05CBC19C-G=yes
05CBC2EC-G=yes
05FC088C-G=yes
05FC0C9C-G=yes
05FC13EC-G=yes
05FC1A8C-G=yes
05FC1C5C-G=yes
05FC333C-G=yes
05FC37CC-G=yes
05FC3C9C-G=yes
05FC50EC-G=yes
05FC747C-G=yes
05FC75CC-G=yes
05FFA7DC-G=yes
05FFB18C-G=yes
06002BFC-G=yes
0611A1EC-G=yes
0611A33C-G=yes
0612B11C-G=yes
0612CD8C-G=yes
0612EAEC-G=yes
0612F46C-G=yes
0612F9AC-G=yes
0616004C-G=yes
06C551AC-G=yes
078F4B2C-G=yes
07C04C7C-G=yes
07C04EDC-G=yes
07C0B14C-G=yes
07C30A5C-G=yes
07C310BC-G=yes
07C3266C-G=yes
07C329FC-G=yes
07C330CC-G=yes
07C33DDC-G=yes
07C4853C-G=yes
08A3EEDC-G=yes
08B902EC-G=yes
08B90B1C-G=yes
08B911BC-G=yes
08B9154C-G=yes
08B9213C-G=yes
08B9305C-G=yes
08B9356C-G=yes
08B940EC-G=yes
08B9423C-G=yes
08B9483C-G=yes
08B9586C-G=yes
08B9641C-G=yes
08B9708C-G=yes
08B9767C-G=yes
08B97C6C-G=yes
0A31295C-G=yes
0A44F17C-G=yes
0A44F2CC-G=yes
0A452C6C-G=yes
0A452E5C-G=yes
0AA845AC-G=yes
0AA846FC-G=yes
0ABC484C-G=yes
0AD2BAEC-G=yes
0C0C7AEC-G=yes
0C0D184C-G=yes
0C0D251C-G=yes
0C1245AC-G=yes
0C1246FC-G=yes
0C32599C-G=yes
0C32D84C-G=yes
0C87B45C-G=yes
0C87B99C-G=yes
0C87E5AC-G=yes
0C8B81BC-G=yes
0C8BC5AC-G=yes
0C8C2AEC-G=yes
0C8C2C3C-G=yes
0C8C430C-G=yes
0C8C4C3C-G=yes
0C8C51BC-G=yes
0C8C56FC-G=yes
0C8C645C-G=yes
0C8C6EDC-G=yes
0C8C71BC-G=yes
0C8E2C3C-G=yes
0C8EE1BC-G=yes
0C8EEAEC-G=yes
0C8EEEDC-G=yes
0C91D45C-G=yes
0C92C1BC-G=yes
0C92C45C-G=yes
0C955AEC-G=yes
0C955C3C-G=yes
0C9561BC-G=yes
0C9565AC-G=yes
0C96F45C-G=yes
0C96F5AC-G=yes
0CA1F84C-G=yes
0CA24D8C-G=yes
0CA2A04C-G=yes
0CA2B06C-G=yes
0CA2D99C-G=yes
0CA2FEDC-G=yes
0CA5945C-G=yes
0CA6621C-G=yes
0CA6AEDC-G=yes
0CAD0B2C-G=yes
0CAD0C7C-G=yes
0CAD0DCC-G=yes
0CAD130C-G=yes
0CAD145C-G=yes
0CAD25AC-G=yes
0CAD2AEC-G=yes
0CAD2C3C-G=yes
0CAD5AEC-G=yes
0CADD99C-G=yes
0CADDEDC-G=yes
0CB29EDC-G=yes
0CB2CEDC-G=yes
0CDF899C-G=yes
0CDF8D8C-G=yes
0CDF8EDC-G=yes
0CE2395C-G=yes
0CE23AAC-G=yes
0CE26B5C-G=yes
0CE26CAC-G=yes
0CE2E8DC-G=yes
0CE2EA2C-G=yes
0CE44D0C-G=yes
0D022B1C-G=yes
0D022C6C-G=yes
0D052AEC-G=yes
0D0803CC-G=yes
0D08461C-G=yes
0D0848BC-G=yes
0D084A0C-G=yes
0D084B5C-G=yes
0D0873DC-G=yes
0D087D8C-G=yes
0D0B3B9C-G=yes
0D2769BC-G=yes
0D2C41EC-G=yes
0D2C448C-G=yes
0D2C45DC-G=yes
0D53099C-G=yes
0D53130C-G=yes
0D53430C-G=yes
0D535EDC-G=yes
0D62145C-G=yes
0D6215AC-G=yes
0D6216FC-G=yes
0D62199C-G=yes
0ECCB2BC-G=yes
0ECCB40C-G=yes
0ECCB55C-G=yes
0ECCB7FC-G=yes
0ECCBC3C-G=yes
0ECCF14C-G=yes
0ECCF29C-G=yes
0ECCF68C-G=yes
0ECCFA7C-G=yes
0ECCFCAC-G=yes

[Africans]
IQ=0
Edge=North
Color=DarkRed
Allies=Africans
Country=Africans
Credits=0
NodeCount=0
TechLevel=1
PercentBuilt=0
PlayerControl=no

[Alliance]
IQ=0
Edge=North
Color=Gold
Allies=Alliance
Country=Alliance
Credits=0
NodeCount=0
TechLevel=1
PercentBuilt=0
PlayerControl=no

[Americans]
IQ=0
Edge=North
Color=Gold
Allies=Americans
Country=Americans
Credits=0
NodeCount=0
TechLevel=1
PercentBuilt=0
PlayerControl=no

[Arabs]
IQ=0
Edge=North
Color=DarkRed
Allies=Arabs
Country=Arabs
Credits=0
NodeCount=0
TechLevel=1
PercentBuilt=0
PlayerControl=no

[Basic]
Name=Amazonas Delta (2)
Percent=0
GameMode=standard
HomeCell=98
InitTime=10000
Official=no
EndOfGame=no
FreeRadar=no
MaxPlayer=2
MinPlayer=2
SkipScore=no
TrainCrate=no
TruckCrate=no
AltHomeCell=99
OneTimeOnly=no
CarryOverCap=0
NewINIFormat=4
NextScenario=
SkipMapSelect=no
CarryOverMoney=0.000000
AltNextScenario=
MultiplayerOnly=no
IceGrowthEnabled=yes
VeinGrowthEnabled=yes
TiberiumGrowthEnabled=yes
IgnoreGlobalAITriggers=no
TiberiumDeathToVisceroid=no

[British]
IQ=0
Edge=North
Color=Gold
Allies=British
Country=British
Credits=0
NodeCount=0
TechLevel=1
PercentBuilt=0
PlayerControl=no

[CellTags]

[Confederation]
IQ=0
Edge=North
Color=DarkRed
Allies=Confederation
Country=Confederation
Credits=0
NodeCount=0
TechLevel=1
PercentBuilt=0
PlayerControl=no

[French]
IQ=0
Edge=North
Color=Gold
Allies=French
Country=French
Credits=0
NodeCount=0
TechLevel=1
PercentBuilt=0
PlayerControl=no

[GDI]
IQ=0
Edge=North
Color=Gold
Allies=GDI
Country=GDI
Credits=0
NodeCount=0
TechLevel=1
PercentBuilt=0
PlayerControl=no

[Germans]
IQ=0
Edge=North
Color=Gold
Allies=Germans
Country=Germans
Credits=0
NodeCount=0
TechLevel=1
PercentBuilt=0
PlayerControl=no

[Houses]
0=Americans
1=Alliance
2=French
3=Germans
4=British
5=Africans
6=Arabs
7=Confederation
8=Russians
9=YuriCountry
10=GDI
11=Nod
12=Neutral
13=Special

[IsoMapPack5]
1=kQ4AIAU9AAEAgwAAAEAAAjwAAgCDXABJAD0oKQA+SQGGSAJLADsAA+EEPEkBiEgCSQA9SA
2=HZBj4oKQA/SQGHVANIAAE6AAQAzQU7SAHRCTxIAVADaQA9SQGQYwEAAD5IAc0FP0gB3QpA
3=KCgAAjkABQCKrQU6SAGmAQA7SQGMrQE8SAHBDz1IAbACXQoFxgEAP1QCzQVASAHJDEEoKw
4=A4AAbpDDlIAd0GOkkBja0BO0gB2QY8KCkAPUgBwQ8+SAGoBVYNBgDNG0BUAtkGQSgpAEIo
5=KAACNwAHAI69BjhIAaYBADlIAcEPOkgBxQg7KCkAPCgpAD1IAd0rPkgBxQg/KCkAQEgB0R
6=9BSAHRCUIoKQBDKCgAATYACADBDzdIAc0FOEkBhaELOUgB0TU6SAHBBDsoKQA8KCkAPUgB
7=J2UCCL0HAFcjCACRsQFAQATRCUEoKQBCSAHdCkMoKQBEKCsANQAJ5Qg2SAHNBTcoKQA4SA
8=HBDzlIAbINADpIAd0gO0gB2QY8KCkAPUgB2QY+SAHZBj8oKQBAKCkAQSgpAEJIAd0KQ0gB
9=3QpEKCkARSgrADQACtoKADUoKQA2SAHBRjdIAcUIOCgpADlIAcEwOkgBwQQ7KCkAPEgBxS
10=k9SAHVZT5IAdkNPygpAEAoKQBBKCkAQkgBJxUDCu1+RFQC1Q1FKCkARigoAAEzAAsAxRM0
11=SQGLuQ01SAGmAQA2KCkAN0gByQw4SAHdCjkoKQA6KCkAO0gBzTE8SAHRCT0oKQA+SAHFVT
12=9IAdVwQEgBzQVBKCkAQkgBwQ9DSAHBD0QoKQBFKCkARigpAEcoKwAyAAzpIjNIAcUTNEgB
13=1Q01KCkANkgBxRM3SAHVDTgoKQA5SAHRNTooKQA7SAHdCjxIAd0KPSgpAD5IAdUYP0gB3Q
14=pASAHBMEEoKQBCSAHJDEMoKQBESAHZBkUoKQBGKCkARygpAEgoKwAxAA3xHzJIAd0KM0gB
15=3RU0SAHdFTVIAdEfNkgB1Q03KCkAOEgB2QY5SAHZBjooKQA7SAHZHDxIAc0bPSgpAD5IAd
16=0KPygpAEAoKQBBSAHJDEJIAckMQygpAERIAckMRUgB0QlGKCkARygpAEgoKQBJKCsAMAAO
17=6bwxSAHVDTJIAdUNM0kBkq0BNEgBpAFOfg4AwQ82VALBDzcoKQA4SAHRCTlIAdkGOigpAD
18=tIAcUIPEgBxQg9KCkAPkgBxTQ/KCkAQEgBzQVBSAHJDEJIAckMQygpAERIAdWRRUgB0QlG
19=SAHFCEcoKQBIKCkASSgpAEooKAACLwAPAENMDAEBAAAwSgH//08BAAAxSAHJDDJIAdWGM0
20=gBmwMAADQoKQA1SAHFHjZIAc0QN0gBxRM4KCkAOUgBwUY6KCkAO0gB2QY8KCkAPUgB3SA+
21=SAHBDz8oKQBASAHBD0FIAcUIQkgByQxDSAHdjkRIAcUIRSgpAEZIAcUIR0gBxQhIKCkASS
22=gpAEooKQBLKCgAAS4AEACPJgQAL0gBZikEBEUpEJEqBWUpEN4OADJABM0BMygpADQoKQA1
23=SAHZETZIAdEfN0gB2QY4KCkAOUgBzQU6SAHJFzsoKQA8KCkAPUgB0Qk+SAHRCT8oKQBASA
24=HRCUFIAdEJQigpAENIAcUIREgBxQhFKCkARkgBxQhHSAHFP0hIAdEJSSgpAEooKQBLKCkA
25=TCgrAC0AEacMBAAuKCkAL0kBP3wCfisRAGgBUVYxVAJwAk0AMkgByZszSAHRQDQoKQA1SA
26=HFEzZIAdHwN0gBVAdpADgoKQA5SAHBGjpIAdUYOygpADwoKQA9KCkAPkgBwQ8/KCkAQEgB
27=wQ9BKCkAQkgB3QpDKCkAREgB0VZFSAF4Ek0ARkgB2ZVHSAFEAmkASEgB0RRJSAHJDEooKQ
28=BLSAHJDEwoKQBNKCsALAASYAkCAAAEAC0oKQAuKCkAL0gBaS0CdS4SlS4DdFrZBgBVWhLp
29=pjNMBdUNNEgBwUY1SAGuDAA2KCkANygpADgoKQA5SAHdjjpIAcEaOygpADwoKQA9SAHVDT
30=5IAc0FP0gBwTtASAHBD0EoKQBCSAHJDENIAcUIRCgpAEVIAcEwRkgBxQhHSAHRS0hIAc0b
31=SUgBwQRKKCkAS0gB2TJMSAHJDE0oKQBOKCsAKwATowgEACwoKQAtKCkALigpAC9JAUR0BW
32=4xEwBoAYRgxAhtMRMoLQYTJk0gNFgG3RU1SAFgCE0ANigpADcoKQA4KCkAOSgpADooKQA7
33=KCkAPCgpAD1IASWVND5IAVgLaQA/KCkAQCgpAEEoKQBCKCkAQ0gB2TJESAHVOUVIAdknRk
34=gBxWtHSAHVAkhIAc0bSUgBdA5NAEooKQBLSAEnLAYnSQRNVALFCE4oKQBPKCsAKgAUXAhL
35=AAQAKygpACwoKQAtKCkALigpAC8oKQAwSAFkNFnBMcgBWcEySAHZETNIAc0QNCgpADVIAd
36=kcNkgBwVE3SAFQEWkAOCgpADkoKQA6KCkAOygpADwoKQA9SAHBDz5IAd0KP0gBcApNAEAo
37=KQBBKCkAQigpAEMoKQBEKCkARUgB3QpGSAHBGkcoKQBISAHBcklIAUQNaQBKSAHZaUtIAd
38=kGTCgpAE0oKQBOKCkATygpAFAoKwApABVsCnGYKigpACsoKQAsKCkALUgBgA9uyxUAI2Qj
39=bPcnBQEwQQRAewkEADHIAVFsMkgB2RwzSAHdFTQoKQA1KCkANkgBzVI3SAFsCU0AOCgpAD
40=koKQA6KCkAOygpADxIASUJPj1IAdUNPkgBxSk/SAFMCmkAQCgpAEEoKQBCKCkAQygpAERI
41=Ad0KRUgB3QpGKCkAR0gByRdISAF8C00ASUgB2QZKSAHZBksoKQBMKCkATSgpAE5IAd14Ty
42=gpAFBIAcUIUSgrACgAFkANSwAEACkoKQAqKCkAK0gB3TYsSQGJSAWO1hYAnBV0OScFAS9A
43=BHwDQQQwSAF0OVnXMcgBWdcySAEnNgcWANkRNFQCyQE1KCkANkgBiwwAADdIAZ8KAAA4KC
44=kAOSgpADooKQA7KCkAPCgpAD1IAdn4PkgB0Qk/KCkAQCgpAEEoKQBCKCkAQygpAEQoKQBF
45=SAHVp0ZIAdUYRygpAEhIAc1+SUgBwQ9KSAHdIEtIAdE1TCgpAE1IAdEfTkgB2QZPKCkAUE
46=gBxQhRSAHBD1IoKAACJwAXAPFAaE0xKEgBhAhtPBeEAVUCKihVACtIAZTIbOEngQAtKFUA
47=LkgBnAZkdieBADBUAiLgLVEJMcgBQQ4ySAHJIjNIAcUTNCgpADVIAcUeNigpADdIAd2vOC
48=gpADkoKQA6SAHFKTtIAZsRAAA8KCkAPSgpAD4oKQA/KCkAQCgpAEEoKQBCKCkAQygpAEQo
49=KQBFKCkARkgBzRtHSAHVGEhIAdE1SUgBxRNKSAGTKgAAS0gB1QJMKCkATUgBwQROSAHBBE
50=8oKQBQSAEnjQcX9WVSVALRKlMoKAACJgAYAHVICF1tJ0kB8EAxWTIoSAFQAmG0KSgpACoo
51=KQArSAGMEGU/GIgFWQYtKFUALkgBmAJkPyeBADAoVQAxSAFwQFntMsgBWe0zSAHJFzRIAd
52=UjNUgBkwkAADYoKQA3SAHRKjhIAc0bOSgpADpIAcUIO0gBxQg8KCkAPUgBjJQizVwYJtlN
53=P1QCwUZASAHZBkEoKQBCKCkAQygpAEQoKQBFKCkARigpAEcoKQBISAHZHElIAd1XSkgB1R
54=hLSAHVAkwoKQBNSAHBGk5IAcUTT0gB1RhQSAHFCFEoKQBSKCkAUygpAFQoKwAlABmQQE0x
55=JsgBAQUEACdIASc9CBkkgFhmgRkAlyMEACpABIwQIs0lGSQgK35BGQAntRcZKLUXGYgFVU
56=QvWAacFSJULCcxATFVAkJrBAQAMsgBTVEzSAHBJTRIAdEfNUgBaAVNADYoKQA3KCkAOEgB
57=2QY5SAHJIjooKQA7SAGQFGSB3xUAAD1UAs1zPkgB2QY/KCkAQEkBhVQOSQBBSAGfIAAAQk
58=gBRAJpAEMoKQBEKCkARSgpAEYoKQBHKCkASEgByVlJSAHBD0ooKQBLKCkATCgpAE0oKQBO
59=SAHBGk9IAcUIUCgpAFEoKQBSKCkAUygpAFQoKQBVKCgAAiQAGgA9QDFdgyVJAXFzHAQAJs
60=kBAXZEGgAnlQgaeAO1hhokOE91RBr9QStYBiNAJHREJ60ALVQCkDUiTCAnrQAvVAKUGHVE
61=GiQsaSKHJxoAg1gRQQ8yYARIAQECAAAzSAHZJzRIAZsGAAA1SAHFNDZIAaoTADcoKQA4SA
62=HZBjlIAdkGOkgBkxQAADtIAdkGPCgpAD0oKQA+SAGIFyIVZhomgW5AVALZSEFIAd0KQkgB
63=2RFDSAHdCkQoKQBFKCkARigpAEcoKQBIKCkASUgBwQ9KSAHJDEsoKQBMKCkATUgBwWdOSA
64=HBD09IAdEfUEgB3RVRKCkAUkgB3QpTKCkAVCgpAFUoKQBWKCgAAiMAGwA8WDJFNCRJAT5I
65=AU1+JUgBbEdZSCbJAQNvRxsA7aEEKFUC76kBKUgBJQUiKkgBnBVljBuEAVEJLChVAC1IAd
66=3QLkgBhARmzhsAI9QmbUcbgEYBBAMAMUAEbkcFA0SMtQIGbEepAQcijVQbsJhsR1QClAlF
67=zhugniI8KcwQIjwpJykAOVwKlw0AADpIAbQGTEcngQA8KFUAPSgpAD5IAdkGP0gB2QZAKC
68=kAQUgBzTxCSAHJOENIAc0FRCgpAEUoKQBGKCkARygpAEhIAZOuAABJSQGDqQhKKCkASygp
69=AEwoKQBNSAHBD05IAbYGAE8oKQBQKCkAUSgpAFJIAdFLU0gB1Q1UKCkAVSgpAFYoKQBXSA
70=HUDQIiABwAZ1gNAQMEACNIAWRKSQEkSAFkSllIJUkBd0AEXUEmyAFJTidJAV21AijIAVUC
71=KUgB3UwqSAHdTCtIAd1MLEgBI8A0IlVNHCjNGhxoCX2ZL0AEjAFlShyESggIAwAxABwAgw
72=EAABEAAN4PACAPCQIAMgAcAIMBAAAKAQAzABwAaAEBCwAANEoBkACBADVJAYOGAQA2KCkA
73=N0kBhbUCOEkBh6kBOUgBpgEAOkkBja0BO0gBzQU8KCkAPUgB2QY+SAGqBQA/KCkAQCgpAE
74=FJAYylBEJIAdkRQ0gBxQhESAG+AwBFKCkARigpAEcoKQBISAHRCUlIAdEJSigpAEsoKQBM
75=SQGIoQtNKCkATkgBwRpPSQGLoQRQSAGmAQBRKCkAUigpAFNIAdEqVEgBwQ9VSAHJDFYoKQ
76=BXSAHBBFhIAdQNAiEAHQBkbwwEACLIAQEBBAAjSQE+SDhJASRJATxIAQEABAAlSQF3TAUB
77=AgQAJsgBAQMEACdJAV21AijIAVUCKUkBgFQCAQAEACrIAVEJK0kB7bEJLEkB8akBLUkBjq
78=0FLkgBZAFZBi8oKQAwSQEfewIDADHoAX5MHQCUAn1MHUgSZARdTB1EGYkBNUwF1SM2SQGD
79=kgIANygpADgoKQA5SAHJIjpIAc0FOygpADxIAdEqPUkBirEJPkgBpAFeTB0A2VNAVALRCU
80=FIAdEJQigpAENJAYa9BkRIAaQBXUwdxgEARlQC0QlHSAHRCUhIAdEJSSgpAEooKQBLSAHd
81=CkxIAdUJTSgpAE5IAYstAABPSAHBBFBJAZOtAVFIAaYBAFIoKQBTKCkAVEkBkqUEVUgBpg
82=EAVigpAFdIAdFhWEgB3RVZKCgAAiAAHgD2pT8hSQF8aAh2Tx4AaAFVRCNVAmm1AiTIAVUC
83=JUkBbrUCJsgBVQInSAF0TwEEBAAoyAEBBQQAKUkBgEwFRVUqyAEBAwQAK0gBJ/cJHgDwrR
84=AtVAKXRAQALkkBhVgGAQAEAC9IAYeBBAAwSAGcTHVPHqhOdU8eqE51Tx6pTgFUT9cCAAA1
85=WQYicQkAVpweAIkMAFZPHgDZSDhABMkBOSgpADooKQA7SAHVOTxJAfd/FQAAPUgBg2cAAD
86=5IAaQMVE8niQFAVALdCkFJAYOlBEIoKQBDKCkAREgBmRwAVU8epQUAVk8eAMk4R0AExQhI
87=KCkASSgpAEooKQBLSAHdFUxIAdUJTSgpAE5IAd0KT0gBwQ9QSAHNBVFJAY+tAVJIAaYBAF
88=MoKQBUKCkAVSgpAFYoKQBXSAHJDFhIAckXWSgpAFooKQAfrTkAWT0gSAEnTQofgFFNRyJU
89=Am1SA2aiHwBsUlUCJFQCaAFVAiVIAWxSVQImyAFVAidJAWhsF25SHwBoAUVVKVUCc7UCKs
90=gBVQIrSAEnTgofAMkBLVQCjDxtUh+sMW5SHwCcK21SH7RPbVIfSKxAC21SH6FRAkTvwARs
91=UtUCAUxSJ80DNkgMUAZpADdIAdFLOEkB771MOSgpADpIAZsRAAA7SAHZfzxIAYwmbFLIF2
92=5SHwDFCD9ABMkBQEgBxQhBSAHFNEJJAYNnEAAAQygpAERIAd1XRUkBiaEERkgBzQVHKCkA
93=SCgpAEkoKQBKKCkASygpAExIAdEJTUgBg30AAE5IAd0KTygpAFBIAcEEUUgBwQRSSAHJ81
94=NIAaITAFQoKQBVKCkAVigpAFdIAcUeWEgB0QlZKCkAWigpAFsoKwAeACClDARMAicpACBV
95=AvpnNAQAIUkB8qkBIigpACMoKQAkSAHFSiVIAWRVXaQmyQEFbfcgmFNdVyhUAmVVA3anIA
96=BkVVUCKlQCaAFVAitIAdEJLCgpAC1IAcGpLkgBmRwEVacgKKQKJ+kCMUEEJmsaAwAySQEq
97=aAFkVWDCTQECVacgqFlkVcgBdacgtFp2pyAAkx8AADhECJsRAAA5KCkAOigpADtIAdVPPE
98=gBzQU9KCkAPigpAD8oKQBASAGDGgAAQUgB2bZCSQGDTBRJAENIAZdwAABESAFEAmkARSgp
99=AEZIAZ8gAABHSAHJWUgoKQBJSAHRCUooKQBLSAHdCkxIAXAKTQBNSAHNEE5IAdkGTygpAF
100=AoKQBRSAElXSJSSAFUB2kAUygpAFRIAdmrVUgBdANNAFYoKQBXSAHJF1hIAdUNWSgpAFoo
101=KQBbKCkAXCgpAB1UUkwKbaoeKCkAHygpACAoKQAhKCkAIigpACMoKQAkSAGEjCLtKSHxoy
102=ZUApQ5fVchJvUqKFQCIiArTaopSQF0cBAi7ikhAGgBVQIrVALZBiwoKQAtSAGYPWWtISim
103=FSEAkB9nrSEAhbEJMUwFjdYEXVch/a8zVQKCdXADXlchAGoBAQJEraoBAgFU/6kBA31XIW
104=gJbQA4WAaMG39XIQB5bwIAADpUAmgBXQk7SQFbtQI8yAFVAj1JAYC1Aj7IAVUCP0gBjxsA
105=AEAoKQBBSAHRrkJIAcE7Q0gB3UxESAGsCVT/J2UCRlQCJY0oR0gBwQRIKCkASUgB0QlKSA
106=GDJQAAS0gB3QpMSAHZBk0oKQBOSAHZBk9IAd1iUEgB0VZRSAHZBlIoKQBTKCkAVEgBxQhV
107=SAGbMgAAVigpAFdIAdkRWEgByQxZKCkAWkgBwQRbKCkAXCgpAF0oKQAc9o4EACdKMQQAJa
108=gnYFx46iPZLARdXyKkF3ayIgCQbCJMKydVACMoMQEkSAGEP3VaIihVCyImRSonQQQlVUUA
109=Iv4gIgBoAV1XKdQClLK1AgMiTSsiJjEtLEAE2cEtSAEnVQsiJOwpdbIiJOwpdFonKQAxTA
110=WAJXZaIgDBXDNUAmlZBHVaIpZaBQNUWqkBBnSyqQEHdloiACf8IMAadVoilVoCdFqoAU0a
111=O1wKdFpVAjzIAVUCPUkBgEAoVQI+yAFVAj9IASdUCyddAUFUAo8bAABCSAHRo0NIAZQYdb
112=IipHYiTCsnKQBGQATZU0dIAVANaQBIKCkASUgB0QlKSAHRCUtIAdlTTEgBbAZNAE0oKQBO
113=SAHVZU9IAVADaQBQKCkAUSgpAFIoKQBTSAElgTdUSQGDcwYAAFUoKQBWKCkAV0gBzRBYSA
114=GqBQBZKCkAWkgB3WJbSAHRCVwoKQBdSAHBGl4oKwAbACOvCQQAHCgpAB0oKQAeKCkAHygp
115=ACBIAYgXbV0j5UoiVAIjdCUiriwjACObJAQAJFQCgPZtXSMorQsjKK0LI4FcBGxdqQEFIg
116=QiqQEGZLipAQdvXSMA+FSdAQAEACxcCslvLUgB2WkuSAGI/m1dIyQYKmxdJykAMUAEhKJu
117=XSMAIyMrBAAzVAKBIQRFuCOOXQkETF2pAQptXSPhXDdMBc1SOCgpADlJAWSICEW4I4jSXR
118=Q7VQI9XABJADxJATtcAEFcPUgBaNJZBT7IAUEDP0gB3QpAKCkAQSgpAEJIAYwbIq4sIwCU
119=GG1dI6zWbV0jrNYi/DYnKQBHWQaFSA1JAEhJAYdcAEkASUgBWABpAEooKQBLKCkATCgpAE
120=1JAZFkBSKuLCMAwVFPVAKyAgBQKCkAUUgBi0MAAFJIAcEPU0gBzVJUKCkAVSgpAFZJAYa1
121=CVdIAaYBAFgoKQBZKCkAWkgB2XRbSAHVWlxIAcUIXUgBxQheKCkAX0gByWQaVFKDBAQAGy
122=gpABwoKQAdSAGEHnW9JKyJIg8uJACJfAZ1vSS8IGVgJGwCecEiWAaMAWRgJ1UAJChVACVI
123=AcVVJkgBkJgiDSMkhGBVWihUAie0F7QClL2pAQNlYCQotRck4VwtWAaMRyINIyTxbC8oVQ
124=AwKCkAMSgpADJIAYVKBEdgJAD1VFBNEDRVAkJ4GGVgJEqsAABBAzZUApx4d70kAF5gBCIM
125=LqgBQQQ5QQRftQI6yAFVAjtIAWRgUbk8SQE+SAJNBD1IASIcUUkBPsgBQQM/SAFkw1UCQM
126=gBVQJBSQGASAJJAELIAVUCQ0gBmCdlYCS822VgJLSRZWAk8WFHTQWDWAdJAEhIAdVESUgB
127=RAJpAEooKQBLKCkATCgpAE0oKQBOKCkAT0gBzV1QSAHNXVFIAdUNUigpAFMoKQBUKCkAVS
128=gpAFYoKQBXSAHZdFhIAWQUTQBZKCkAWigpAFsoKQBcSAGfmQAAXUgBSAZpAF4oKQBfSAHF
129=YGBIAdMUGQAlfAR9VxooKQAbSAElDSMcSAGEBCIUJCetAB5UApTefGInVQAgVALNBSEoKQ
130=AiKCgASLkkjFRlwyUmrSElQAQnXQwlKGQYXAJAR4TDqQEFZMOpAQZkw6kBB31iJShdDCXl
131=YC1cCideDCUAJW0kL1QCyQEwSAHBBDFIAZRaZcMlgVwBf2IlAB5NtgBkw6gBVQI1TAV0Ak
132=EDNsgBXRQ3SQFeVB9VAjjIAVUCOUgBfGJVAjrIAVUCO0gBcGFJWTzIAUEEPUgBfGJJAT7I
133=AU0FP0gBfGJVAkDIAVUCQUkBgLUNQsgBVQJDSAGAGn1iJbyDfWIl/cVGQATVp0dIAdWnSE
134=gB3UFJSQGFXApJAEooKQBLKCkATEkBh1QDSQBNSAFYAGkATigpAE9IAckMUEgByQxRSAHJ
135=DFIoKQBTKCkAVCgpAFUoKQBWKCkAVygpAFhIAdEUWUgB2RFaSAFsEU0AWygpAFwoKQBdKC
136=kAXigpAF9IASddDCX1hmFVAoZECUkAGCSkN2lkGSgpABooKQAbSAGIbyIdJSZEBkgAdWUm
137=7F0iTFicIHVlJigVGSYmmCQlMDlpDCJQCZiKdcgmuBF1ZSYmQUUlQASIsSIVZibtXSdVAm
138=FdDgAiHiUmAGgBRVUpVAJkSlUCKsgBVQIrSQFarQUsyAFVAi1JAVy1Ai5JASRYSVkGL8gB
139=QQQwSAHBBDFIAYxddmUmAGkBA3dlJgAeWFRFdjRABGgBAQUEADXIASPMMKAEI8wwuQYEdM
140=ipAQUizjAmAN3FOlgGaGRdCTvIAUUSPEkBOlRmXRQ9yAFVAT5JAUJcAFUCPygpAEBIAc0F
141=QUkBeFQDSQBCyAFZBUNJAYBIAkkARMgBVQJFSAHNy0ZIAVADaQBHKCkASEgBwVxJSQGDew
142=MAAEooKQBLSAGbPQAATEgBwQRNSQGFrQVOSAHRVk9IAbICAFAoKQBRSAHNUlJIAcUIUygp
143=AFRIAckMVSgpAFZIAc0FVygpAFgoKQBZKCkAWkgBzRBbSAHNEFwoKQBdKCkAXigpAF9IAc
144=UTYEgB1Q1hKCkAYkgB2xwXACe7CgQAGCgpABkoKQAaSAHZzBtIAZAFbWgn4WcdVAIjwCki
145=JCYnMQEfVALNBSAoKQAhSAEl1SYiSAGUI21oJygMDScpACVABCWFMiZIAdHPJ0gBYWcCbW
146=gnjWgDZs4nAGxoVQIqQARoAVUCK0gBbGhVAizIAVUCLUgBaGRVZS5IAWxoQQQvyAFBBDBI
147=AcEEMUkBXlgYVWUyyQEFb2gnAB1NXgBkzqgBUQk1QAR0AkEDNsgBUWE3SAF0ZVFWOEgBIn
148=wxXQk5yAFVAjrIAVUCO8gBVQI8SAEjRHci3l4nAGgBVQI+VALFCD/IAVUCQEgBbGhBD0FI
149=AWxoSQFCyAFNEENIAQmAAAAAAgAARAAnAIARAAAFEAAgCgAAAAMAAEUAJwDwAQBjAEYAJ3
150=gAbQBHKCkASCgpAElJAYx7AwAASkkBiqkBS0gBpgEATEkBkK0BTUkBg6kBTkkBhqkBT0gB
151=pgEAUCgpAFFIAdkGUkgB2QZTSAHZBlRIAdkGVSgpAFZIAdkGV0gB2QZYSQGIsQVZSAHVAl
152=pIAdEJW0gBvgMAXCgpAF0oKQBeSQGNpQRfSAHRCWBIAdEJYSgpAGJIAcEEYygrABYAKL8H
153=BAAXKCkAGCgpABkoKQAaSAGTKgQAG0kBiWMHBAAcSAGfFQQAHUgBcAIBAAQAHigpAB9JAY
154=97AgQAIEgBZAFBBCEoKQAiKCkAI0gByQwkSAHdCiVJAfdnPwQAJkkB7akBJ0kBfHUJBEIB
155=KABoAQEBBAApUQFstQIqSQFnqQEryAFBBCxJAW+1Ai3IAVUCLkgBBSQDAAAEBAAvyAEBBQ
156=QAMEkBbq0FMcgBTQUySQE7TBBJATNKAR0CmQY0yAFZBjXIAQEGAAA2yAEBBwAAN0kBPVgG
157=VQw4SAFkCEUHOcgBVQI6yAFVAjvIAVUCPEkBPFgGVQI9yAFVAj5IAcUIP8gBVQJASQE+TA
158=VJFkHIAVUBQkkBdkgCSQBDyAFVAkTIAV0KRUgBkyoAAEZJAe9UA00FRygpAEhJAfG1AklJ
159=AZJUA0kASkgBWABpAEsoKQBMKCkATUgBlzkAAE5IAc1ST0kBh3EGAERr108AAFFUArICAF
160=JIAdkGU0gBk0AAAFRIAcEEVSgpAFYoKQBXSAHFE1hIAc0FWUgByW9aSAHFgVtIAcEEXCgp
161=AF0oKQBeSQGOpQRfSAGmAQBgSAHRCWFIAdEJYkgBwQRjKCkAZEgB1RgVVFKDBAQAFigpAB
162=coKQAYKCkAGUkBkXMFBAAaSAGQH31tKWwCQE1ebSkAhBN8bSdVAB5MBYcEBAAfSAHBBCBI
163=AdUCISgpACIoKQAjSAGTFAQAJEgB1Q0lSQH6eD1+bSkAiUMETYYpkWwCfG2pAQN+bSkAfG
164=1RYSpYBnxtQQQryAFBBCxIAXxtVQItyAFVAi5IAX1tBn5tKQBpAQd+bSkAfG1NBTFABGgB
165=TQUySAFoDFWGM0kBG0RWSQE0yAFBDzXIAUEDNsgBUWE3SAF4EUEgOMgBTRo5SAF4aUkBOk
166=kBOlwAQQQ7yAFVATxIAXh0VQI9yAFVAj5IAcVrP8gBVQJAyAFBD0HIAUEPQkgBfG1JAUPI
167=AQEEAABEyAEBBQAARUgBkCp8bd8rAABHKFUASEgByd1JSAFIEWkASigpAEsoKQBMKCkATU
168=gB2VNOSQGDcwYAAE9JAYapAVBIAaQBXG3NRwBebSkAk0AAAFNABNkGVEkBhbEFVSgpAFZJ
169=AYu1AldIAaYBAFgoKQBZKCkAWigpAFsoKQBcKCkAXSgpAF5IAckXX0gByQxgSAHJDGEoKQ
170=BiKCkAYygpAGRIAdUYZUgB1BgCFAAqADRICAEDBAAVSQE3SAFNRxbIAU1HF0kBM7UCGEgB
171=ZAFBBBkoKQAaSAGEE3ZwKgAn1hsqAJTpdHAnVQAeTAWMJnZwKgCULnXeKpgKXQohQASPAQ
172=QAIkgBwX0jSAHRCSQoKQAlSAGcIHdwKgD2XE1FCCdUAoxHdXAq7XMpVAKBRgRDASoAJUhP
173=TQUrUAFoAVkcLMgBRWstyAFJIi5IAcHrL0gBgL91cCqUcE3hMVQCdHABBQQAMkgBdHBRCT
174=NIAXRwQQQ0yAFBBDXIAZbeKgBgBJbeKgB0cElkOEAEaAFREzlIAXRwSQE6SAF0cEEEO8gB
175=VQI8SAF0cFUCPcgBVQI+SAF0cFUCP8gBVQJASAHNBUHIAVUCQkkBdI4tAEPIAUUoREgBmC
176=d0cNgndHAnKQBHKIEASCgpAElIAcHgSkgBugoASygpAEwoKQBNKCkATkgBjEd3cCoAg70G
177=UFUChakBUSgpAFJIAcEEUygpAFRIAYtDAABVSAGHSgAAVkgBoggAVygpAFgoKQBZKCkAWi
178=gpAFsoKQBcKCkAXSgpAF4oKQBfKCkAYCgpAGEoKQBiSAEl7SljSAHBGmRIAdUYZSgpAGYo
179=KAADEwArAP//kRcUSAFsc0WiFUgBbHNBOxbIAUk4F0gBbHNVAhjIAQEDBAAZSQE1YAhm5C
180=sAaAFNUhtUAnAJWV4cSAF8A0kBHSgpAB5IAYwxbnMrAIz3b3MrAIBcQgEBAwAhQARqAQID
181=T3MrACBrCAMAI1QCyQEkSQGBTAUBAAMAJcgBWQYmSAHR5SdJAfJgBG1zKyhtDisk3DJtcy
182=uMc0FnK0wFbHMBBQQALMgBAQYEAC3IAU3hLkgBzX4vSAGQVmxzJ10BMShVADIoKQAzSQH1
183=rRA0SQGDSAFVIzXIAUUpNkkB+1QCWRs3SAEi2CxJATjIAUEDOUkBaEgCSQA6yAFVAjtIAX
184=h0SQE8SAF8bUEEPcgBVQI+SAFgBFUCP8gBVQJASAHNBUHIAVUCQkkBdUAFSQBDyAFVAkTI
185=AVEURUgBhB5sc8QeZOQnKQBIKIEASUgBjJ8irTcrSAqJAEtUAoMBAABMKCkATSgpAE4oKQ
186=BPSAHJx1BJAYO9BlEoKQBSKCkAU0kBhqEEVEgBpAFNcyvp6FZVAoe5AldIAaQBROQnZQJZ
187=KFUAWigpAFtIASOXNAAAXEgB2QZdKCkAXkgBwQRfSAHBBGAoKQBhSAHBcmJIAdUYYygpAG
188=QoKQBlKCkAZigpAGcoKQASVFLVGBNIASfFDizxdxUoVQAWSAHZERcoKQAYSAFwd1V7GUgB
189=eHRBOxrIAVV7G0gBZHZVAhzJAQN36SwANnQJIgw5qAFdVx9ABGxzQQQgyQEEZXYskncFAk
190=V2LKV2AkR2JykAJEwFZnYDAkZ2LABoAVkGJtQCSW8nSQFXtQ0oSAHdbSlIAZRPZ3YsAGSh
191=BCtUAmgBWREsSQF3tQItyAFVAi5JAYC1Ai/IAVUCMEgB0QkxKCkAMkgBk1YEADNIAXh0AQ
192=QDADTKAQUDWposAHQClOmoAZXpLCQPLgAAOEwFcHdFKTlIAWR2RSk6yAFVAjtIAWBySQE8
193=SAF0cEEEPcgBVQI+SAFgBFUCP8gBVQJASAHNBUHIAVUCQkgBZHZJAUPIASNOKywAdAJNPE
194=VUApgcZXYsrJ9kdicpAEgogQBJSAGQH2V2LGQmbQBLVAJ8AE0ATCgpAE0oKQBOKCkAT0gB
195=kLkiDDlUI0wGSQBRVQKDXABJAFIoKQBTSAEnxA4ntQFVVALFCFZIAc3sV0gBI4UnAEZ2LA
196=DFYFlUAkwKaQBaKCkAW0gBI5w1ZHYnXQFdVAJgBU0AXkgBwQRfSAFEAmkAYCgpAGFIAc0Q
197=YkgByRdjKCkAZCgpAGUoKQBmKCkAZygpAGgoKQARXMjBGhJIAYvdAAATSAFgEE0AFCgpAB
198=VIAdWGFkkBhVQDSQAXKCkAGEgBySIZKCkAGkgBzQUbSAHBJRxIAWh6XUEdSAF8eFFLHsgB
199=TUcfSAF8eFVaIMgBVVohygEIAV14Lb14AVx4JykAJEAEcncGAV14LZx4WQYm1AIBCAAAJ0
200=kBVV0WAGXvLSatLClVAmW1AirIAUFyK8kBAmbvLQB8eEkBLVQCaAEBAwQALkkBgFgGVQIv
201=yAFVAjBIAYNcBAAxKCkAMkgBiFl9eC2Fdgh8eKoBCQJceKoBCgFYmqkBCyIuSC0AI9AgfX
202=gt9WU5UQlmQA9JADrIAVniO8gBRSk8SAFsc0EEPcgBQQQ+SQFAXABVAj/IAVUBQEgBIogt
203=VQJByAFVAkJIAcUIQ0gBJYEsRMgBQQRFSAGYHHx4J2UCRyhVAEgoKQBJKCkASkgBJYEsS0
204=gBUA5pAEwoKQBNKCkATigpAE8oKQBQSAHRYVFJAYN8ByJsOkwmqQFTKFUAVEgByU5VSAG+
205=AwBWKCkAVygpAFhIASVZSFlIAc0FWigpAFtIAdX/XEgB1VpdKCkAXkgB2RFfSAEjTzYAAG
206=BIAdEJYSgpAGJIAdEJY0gB2QZkSAHBcmUoKQBmKCkAZygpAGhIAdkGaSgpABBUUtUNESgp
207=ABIoKQATSAEleSAUSAHNBRVIAdkRFkgBzRAXSAHRghhIAc0FGSgpABpIAdkGG0gB2QYcSA
208=HFgR1IAcElHigpAB9IAdkyIEgBYH0BCgAAIcgBWV4iSAEjMS0AVXsuo30AACRUAnZ7CQBV
209=ey6Ue1kGJlQCxRMnSAF0e1F3KEgBJ5YeLgB1ewN09KgBI1wtqQEFdnsuAGxdQQQtWAYjuF
210=R2ey4AmF4i5EmoAV0KMEAEmF52ey4AJRUvMlUC9FFiAHd7LgAffBF0e8gBdHvIAXR7yAF1
211=ey5kBW0AOEQInxUAADlIAXR7WaA6yAFJ6DvIAUmmPEgBfBVBfT3IAU0FPkgBdHtVAj/IAV
212=UCQEgBdHtVAkFJAXBvDQAAQsgBSRZDSQF+tQJEyAFVAkVIAZgcdXsu/Y5HKFUASCgpAEko
213=KQBKKCkAS0gBI5xAIl4tLgDNfk1UArINAE4oKQBPKCkAUCgpAFFIAdFLUkkBg70GUygpAF
214=RIAcH2VUgBvANUeydRBVcoVQBYKCkAWSgpAFooKQBbSAHZilxIAclZXUgBwQ9eSAHVDV9I
215=AdUNYCgpAGEoKQBiSAHJF2NIAdkGZEgB2QZlKCkAZigpAGcoKQBoSAHFCGlIAc0QaigrAA
216=8AL84JABBIAcnzEUkBhb0CEigpABNIAcUIFEgBwQQVSAHFExZIAbYGABcoKQAYKCkAGSgp
217=ABpIASW1IhtIAdkGHCgpAB1IAckXHkgBwQ8fKCkAIEgBzRAhKCkAIkgB0YIjSAHdCiQoKQ
218=AlSAHFlyZIAcEEJ0kBMWwBZ/ovAPxQV1VwKVUCnqkBKsgBUXcrSQGftQIsSQGgqQEtyAFB
219=BC5JAaG1Ai/JAQEiLD0nXQExVAJ4lQEBAwAyyAEBAgMAM0kBI2wQbX4vuH9sfsgBbH7IAW
220=x+J90GOFgG0fs5SAHdbTpJAWRzCQAAO8gBRRI8SAEiREtBAz3IAVUCPkgBdHtVAj/IAVUC
221=QEgBzQVBSAFsfll/QsgBUYJDSAFsflUCRMgBVQJFSAHNEEYoKQBHKCkASCgpAEkoKQBKKC
222=kASygpAExIASO/IwAATUgBQBRpAE4oKQBPKCkAUCgpAFFIAc1HUkgBzUdTKCkAVEgB0VZV
223=SAFwCk0AVigpAFcoKQBYKCkAWSgpAFooKQBbKCkAXCgpAF1IAc0QXkgBweBfSAFEDWkAYC
224=gpAGFIAclvYkgB3RVjSAHZBmRIAWwGTQBlKCkAZigpAGdIASN7VwAAaEgBxQhpKCkAaigp
225=AGsoKwAOADAk21gAAA9IAVgLaQAQSAHJFxFIAdEJEigpABMoKQAUKCkAFUgB0SoWSAFkCU
226=0AFygpABhIAdkcGUgB0XcaSAHZBhtIAUgGaQAcKCkAHUgB2REeSAHZER9IAdmrICgpACFI
227=AcEEIigpACNIASUpISQoKQAlSAHECAomADAAiwAAAAAAACcAEQAAOA8AIAgwADEAAAACAA
228=AoAKgBAQMEAClIAQWeAQAAAgQAKsgBVQIrSQGfVAIBAQQALEkBoEgBQQQtyAFBBC5JAaG1
229=Ai/IAVUCMEkBgFQCSQExyAEBBAMAMsgBAQUCADNKASAAQwACADRJASNEAQEAAgA1SQEfaw
230=EBADZJASZrAQAAN0kBIqkBOEgBpgEAOUkB9kgMWQE6SQFmXABJADvIAUEDPMgBAQIAAD1J
231=AT5IAgEDAAA+SQE8SAFVAj/IAVUCQEgBYARVAkFJAXRECUkAQsgBWQVDSQHtXABVAkQoKQ
232=BFKCkARigpAEcoKQBIKCkASSgpAEooKQBLKCkATCgpAE1JAe+1DU5JAfGpAU9IAVwPaQBQ
233=KCkAUUkBkG8CAABSSQGIqQFTSQGDqQFUKCkAVUkBh7UCVkgBpgEAVygpAFgoKQBZKCkAWi
234=gpAFsoKQBcKCkAXUkBkrUJXkgBpgEAXygpAGBJAY25AmFIAcUTYkkBhrUCY0gBpgEAZCgp
235=AGUoKQBmKCkAZygpAGhIAdEfaUgB0R9qSAHJDGsoKQBsKCkADVxfwQQOSAHNEA9IAc0QEE
236=gB3QoRSAHNBRIoKQATSAHVDRRIAcEEFSgpABZJAYW1CRcoKQAYSAHZBhkoKQAaSAHFCBtI
237=AdkGHCgpAB1IAcEEHkgB3RUfSAGmDAAgKCkAIUkBjLkCIkgBzQUjSQH3uUgkSAHRSyUoKQ
238=AmSAHdTCdIAaAIXYMxkgEFAF6DMQB+gwQAXIOoAVUCK1gDfINBZyxIAXyDQQQtyAFBBC5I
239=AXyDVQIvyAFUAnSOfoMGAE4CMQBqAQcAXIOqAQgBXYMxUBpVEAFcgycpADVUBYiFfINomI
240=EEN1QCl4YAADhJAfu5HDlIAcV2OkgBfINBfTvIAVkRPMgBWRE9SAFwgkUHPkkBPVwARQs/
241=SQFvXABJAEDIAUEDQUkBfkgCSQBCyAFVAkNIAdUNRCgpAEUoKQBGKCkARygpAEhJAV5ECU
242=kAScgBUQlKSQFZSAJJAEvIAVUCTEkBf0gCSQBNyAFVAk5JAfBcAFUCT0gBWABpAFAoKQBR
243=SAHFP1JIAc08U0gBwVxUSAHRS1UoKQBWSAHBUVdIAdWGWEgBfAtNAFkoKQBaKCkAWygpAF
244=woKQBdKCkAXigpAF8oKQBgSAHRVmFIAdkRYigpAGNIAc0QZEgBXA9pAGUoKQBmKCkAZygp
245=AGgoKQBpKCkAakgB1Q1rSAHVDWwoKQBtKCkADFRSxXYNKCkADkgB2QYPSQGLcxEAABBIAa
246=YBABFIAd0rEkgB1XATSAHBBBRIAc0QFUgB0QkWKCkAF0gB2QYYSAHZBhkoKQAaSAHFCBtI
247=AdEUHCgpAB0oKQAeSQGKqQgfSAGkAUFsMsYBACFUAtEJIkgBwQ8jSAHN7CRIAcFcJSgpAC
248=YoKQAnSAHZiihIAd1MKUgBdIZBfSrIAUF9K0gBdIZBcixIAXSGQQQtyAFBBC5IAXSGVQIv
249=yAFVAjBJAfmtXTFIAXWGCnWGMoKICwBVhjJQGo0aNEAEI4MhAAA1KCkANigpADdIAYyJdI
250=YnHQQ5VALFHjpIAcUeO0kBZJoKADzIAVkQPUgBItAgQQM+yAFVAj9IAXSGRaJAyAFZHEFI
251=AXSGVQJCyAFVAkNIAckMRCgpAEUoKQBGSQF5XAtJAEfIAUkMSEgBdIZRCUnIAVEJSkgBdI
252=ZVAkvIAVUCTEgBdIZVAk3IAVUCTkgBwQ9PSAHdNlAoKQBRSAHBBFJIAcWMU0gBSBFpAFRI
253=AcFcVUgB3VdWKCkAV0gB2UhYSAFsBk0AWSgpAFooKQBbKCkAXCgpAF0oKQBeKCkAX0gBJS
254=khYEgBwQ9hKCkAYigpAGNIAc0QZEgBXA9pAGUoKQBmKCkAZ0kBkXsDAABoSAHJemlIAbIC
255=AGpIAcUea0gBwQ9sKCkAbSgpAG4oKQALVFLJbwxIAdEJDSgpAA5JAY65Ag9IAaQBT4kzAJ
256=OtAREoVQASSAHZdBNJAYmhBBRIAdl/FUgBxRMWSAHVAhdIAc0QGEgBtgYAGSgpABpIAc0Q
257=G0gBwQQcKCkAHSgpAB4oKQAfKCkAICgpACFIAcElIkgBwQ8jSAHFayRIAdFLJUgBwVwmyA
258=FBXCdJAVuxECjIAVUCKUkBX7UCKsgBVQIrSAHVcCzIAVUCLUkBOlwAWV4uSQF4uQYvyAFB
259=AzBJAV21AjHIAVUCMkgB0WEzKCkANCgpADVIAcmbNkgBoggANygpADgoKQA5SAHFHjpIAc
260=UeO0kBe70GPMgBQQ89SQFptQI+yAFVAj9JAX21AkDIAVUCQUgB0QlCKCkAQygpAEQoKQBF
261=KCkARkgBaC1JIkfIAUWBSEgBbIkBBAAAScgBAQUAAEpIASJAJEEES0kBO1QOWQZMSAHFKU
262=3IAUEDTkkBXLEUT0gB0SpQyAFBBFFIAd0VUigpAFNIAcktVEgB0SpVSAHBXFZIAclZVygp
263=AFhIASVdIlkoKQBaKCkAW0gBJaUgXEgBohMAXSgpAF5IAcGIX0gByQxgKCkAYSgpAGIoKQ
264=BjKCkAZEgB3YNlSAHJDGYoKQBnKCkAaCgpAGkoKQBqKCkAa0gBxR5sSAHZEW0oKQBuKCkA
265=bygoAAEKADQAxWsLSAHNEAxIAdWGDUgB1QIOSAEleTYPSAHVAhAoKQARSAHJIhJIAcmmE0
266=gBzQUUKCkAFUgB0QkWSAHBBBcoKQAYSAHRCRlIAdE1GkgB3QobSAHZBhwoKQAdKCkAHigp
267=AB9IAdEJIEgBwTshSAElTSsiSAHZSCNIAd1MJCgpACVIAdleJsgBVVonSAFkjFVaKMgBVQ
268=IpSAFkjFUCKsgBVQIrSAFkjFUCLMgBVQItyAFFGS5IAXxiQQQvyAFBBDBIAXBhVQIxyAFV
269=AjJIAdVlM0kBgFgHSQA0yAFVZTVIAdntNkgBUANpADcoKQA4SAEnjjM0AMUeOlQCyQE7SA
270=FkjEEPPMgBQQ89SAFkjFUCPsgBVQI/SAFkjFUCQMgBVQJBSAHRCUIoKQBDKCkAREgBdIZJ
271=E0XIAUkXRkgBeCdVAkfIAVUCSEgBIkQ1SQFJyAFBBErIAVUCS0gBZIxVAkxIAcUpTcgBWR
272=FOSAFsJk0FT0gB0SpQyAFBBFFIAcUpUsgBTQVTSAHVGFRJAfRIAkkMVUgB3W1WSAHdbVco
273=KQBYSAHd5lkoKQBaSAHNBVtIAclZXEgBTAppAF1IAcVVXkgBzQVfKCkAYCgpAGEoKQBiKC
274=kAY0gByXpkSAFwCk0AZSgpAGYoKQBnKCkAaCgpAGkoKQBqKCkAa0gBxR5sSAHFE20oKQBu
275=KCkAb0gBzRtwSAElty0JADVEEYkACigpAAsoKQAMKCkADUkBj4oFAA5IAaYBAA9IASV1JR
276=BIASXhIhFIAdkREkgBwQ8TSAHZBhQoKQAVKCkAFigpABcoKQAYSAHZHBlIAd0KGigpABtI
277=AdWRHEgBxbgdSAHVDR4oKQAfSAHRCSBIAdkyIUgBxfoiSAHRSyMoKQAkKCkAJUgBJc0wJs
278=gBQVAnSAFwYUUOKMgBVQIpyAFVAirIAVUCK0gBfI5VAizIAVUCLcgBRXYuyAFFYC9IAc1o
279=MEgBaGRF+jHIAUX6MkgBzWgzSAF0ZUUINMgBRQg1SAHBGjZIAc2qN0gByfM4SAFIEWkAOU
280=gB3SA6SAHZBjsoKQA8KCkAPSgpAD4oKQA/KCkAQCgpAEEoKQBCSQF6bw0AAEPIAVEfREgB
281=fI5JF0XIAUkXRkgBfI5VAkfIAVUCSEgBaC1JAUnIAUEESsgBVQJLSAFsJlUCTMgBVQJNSA
282=F0LlUCTsgBVQJPSAHRKlDIAVEqUUgBxSlSyAFNBVNIAcW4VEgB2V5VSAHNUlYoKQBXSAHZ
283=XlhIAaIeAFkoKQBaSAElMS1bSAHBUVxIAc0FXUgBwQReSAHFl19IAdUNYCgpAGEoKQBiSA
284=HRCWNIAdEJZCgpAGUoKQBmKCkAZygpAGgoKQBpKCkAaigpAGtIAc1obEgB2RFtKCkAbigp
285=AG9IAd0gcEgB0UtxSAHEEwEIADYA0XcJSAHBiApIAd14C0gBzQUMSAHJsQ1IAckiDkgBJf
286=0gD0gBzQUQKCkAEUgBxSkSSAHVIxNIAc0FFEgBJXUlFUgB1QIWSAHNPBdIAdEUGEgBwQ8Z
287=KCkAGigpABtIAckMHEgB0QkdKCkAHigpAB9IASV5NiBIASXpIyFIAclvIigpACNIASK8I0
288=EKJMgBQWclSQFgSAJJACbIAVUCJ0gBaGRNXSjIAV1XKcgBVQIqyAFVAitIAd1iLMgBVQIt
289=SAEioDBdCi7IAV0KL0gBxWswyAFNBTFIASVNNjLIAVUCM0kBdVgHSQA0yAFFCDXIAU0QNk
290=gB2Rw3KCkAOEgBzZQ5SAHBBDooKQA7KCkAPCgpAD0oKQA+KCkAPygpAEAoKQBBKCkAQkgB
291=dJFZEUPIAUkXREgBdJFFrUXIAVGCRkgBaCJVGEdIAWQeTRtIyAFVAknIAVUCSsgBVQJLSA
292=F4BlUCTMgBVQJNSAF0LlUCTsgBVQJPSAF8ClkRUEgByThRSQFxQAVJAFLIAU0FU0gB1SNU
293=SAHRuVVIAc1dVkgBzXNXSAHVcFhIAUAJaQBZKCkAWigpAFsoKQBcKCkAXSgpAF4oKQBfSA
294=HVDWBIAd1iYUgB1Q1iSAFoDU0AYygpAGQoKQBlKCkAZigpAGcoKQBoKCkAaSgpAGooKQBr
295=SAEnNhI2AMUebVQCyQFuKCkAb0gBxRNwSAEnNRI2XBOJAHJWAv//iwEHADfxCQhIAdkGCU
296=gBmwMAAAooKQALKCkADEgBJRk1DUgBzQUOSAHVAg9IAdUCECgpABEoKQASKCkAE0gBJc0l
297=FEgB2QYVKCkAFigpABdIAc2JGEgBzQUZKCkAGigpABsoKQAcKCkAHSgpAB5IAcWtH0gB0R
298=8gSQH6SE9NCyFIAdVPIigpACNIAWyUXVckyAFZaSVIAWyUVQImyAFVAidIAd1iKMgBSQsp
299=SAFkYEkMKsgBVQIrSAF8jlUCLMgBVQItSAFkCF0KLsgBXQovSAFgZ00FMMgBTQUxyAFVAj
300=LIAVUCM0gBbJRZBjTIAU1+NcgBTX42SAHZHDcoKQA4KCkAOSgpADooKQA7KCkAPCgpAD0o
301=KQA+KCkAPygpAEAoKQBBSQFlUBVJAELIAV0VQ8gBRR5ESAFgJQoDAABFADcAPAEAAAIAEQ
302=AAPA8AIAoARgA3ADwBAAADAABHSAEFOgEAAAIAAEjIAVUCScgBVQJKyAFVAktJATytBUzI
303=AVUCTUkBPrUCTsgBVQJPyAEBAAAAUEkBPUAESQFRSQFxXABdClLIAU0FU0kB7aEEVCgpAF
304=VJAfG1AlZJAYxYBkkAV0kBg1wASQBYSQGFXABJAFlJAYtcAEkAWkgBWABpAFsoKQBcKCkA
305=XSgpAF4oKQBfKCkAYCgpAGFJAZBrCQAAYkkBh6kBY0gBpgEAZCgpAGUoKQBmKCkAZygpAG
306=hJAY+9BmlIAaYBAGooKQBrSAHZHGxIAdkcbSgpAG4oKQBvSQGGqQhwSQH8oSVxSgH//5kC
307=cigpAHMoKAABBgA4AN0KBygpAAhIAdEJCUgBnwcAAApJAZOtAQtIAaYBAAwoKQANKCkADi
308=gpAA9JAY2xBRBIAc0mEUgBsgIAEigpABNIAcUeFEgBzQUVSAHNBRZJAZGtARdJAYqpARhI
309=AaYBABlIAdUNGkgB3UEbSAHRCRxIAc0FHSgpAB5IAcEPH0gBySIgSAHZBiFJAfaxKiJIAd
310=lTI0kBY7UJJMgBTQQlSAFsaEkBJkgBzV0nSAHVZSjIAU1dKUgBbAVFYCrIAVUCK0kBO1gH
311=VQIsyAFVAi1IAWwFQQ4uyAFNBC9IAWgMTQUwyAFNBTHIAVUCMsgBVQIzSAHdCjRJAXVECU
312=kANcgBUQk2yAFZBjdIAdkcOCgpADkoKQA6KCkAOygpADwoKQA9KCkAPigpAD8oKQBAKCkA
313=QUkBZUwRURRCyAEBBAAAQ8gBAQUAAERIAXgnURRFSAFkjFkFRsgBVQJHSAFsG1UCSMgBVQ
314=JJSAF0I1UCSsgBVQJLSAHFKUzIAVUCTUgBxQhOyAFVAk9IAXQNSSJQSAFwCUkBUUgBZJdd
315=ClLIAU0FU0gBzSZUKCkAVUkB9FQDTQVWSAHdTFdIAd1MWEgB3W1ZSAFcBGkAWigpAFtIAc
316=mFXEgBdANNAF0oKQBeSAHBBF9IAVADaQBgKCkAYSgpAGJIAc0QY0gBwVxkSAFsBk0AZSgp
317=AGYoKQBnKCkAaEgBxQhpSAHRbGooKQBrSAHNG2woKQBtKCkAbigpAG8oKQBwSAHZlXEoKQ
318=ByKCkAcygrAAUAOeWXBkkBiFwWSQAHKCkACEgB3YMJSAFQA2kACigpAAtIAcmFDEgB3SAN
319=SAFgBU0ADigpAA9IAcG/EEgBzRsRSAHRHxIoKQATSAHBBBRIAcE7FUgBTAppABYoKQAXKC
320=kAGEgB2REZSAHFCBpIAc0bG0gBwRocSAFkCU0AHSgpAB5IAdEUH0gBxQggSAHZBiFIAScS
321=EzkAxVUjVAJwmFVaJMgBVXAlSAFoZEkBJkgB2V4nSAHJZCjIAUFbKUgBaGRZESrIAVUCK0
322=gBZAhVAizIAVUCLcgBVQ0uyAFJDC9IAXR7TQUwyAFNBTFIAcUIMsgBVQIzSAF4EU0FNEgB
323=cJhFCDXIAVWGNsgBVYY3SAHZHDgoKQA5KCkAOigpADsoKQA8KCkAPSgpAD4oKQA/KCkAQC
324=gpAEFJAWJYEkkAQsgBXRVDSAFsG0kBRMgBXRVFSAFsJl0gRsgBVQJHSAF8K1UCSMgBVQJJ
325=SAFkHlUCSsgBVQJLSAF0I1UCTMgBVQJNSAHFCE7IAVUCT8gBRRNQyAFZEVFIAXCYRQhSyA
326=FNBVNIAc0mVEkB8EAFWQZVSAHZU1ZIAdFLVygpAFhIAc1dWUgBSAZpAFooKQBbSAHVhlxI
327=AcFnXSgpAF5IAcUIX0gBeAdNAGAoKQBhKCkAYkgBzV1jSAHZBmRIAUgGaQBlKCkAZigpAG
328=coKQBoSAHZEWlIAcEaaigpAGsoKQBsKCkAbSgpAG4oKQBvSAHFl3AoKQBxKCkAcigrAAQA
329=OuWXBUgBzXMGSAF8Fk0ABygpAAgoKQAJKCkACkgBzTELSAHdgwwoKQANSAHdKw5IASUpLA
330=9IAVgLaQAQSAHZJxFIAcUIEigpABNIAckiFEgB3SsVSAF4B00AFigpABdIAdkRGEgB2QYZ
331=SAHZBhpIAUgGaQAbKCkAHEgBzdYdSAF0A00AHigpAB9JAY5IAkkAIEkB96FRIUgB2VMiKC
332=kAI0kBZkAFSQAkyAFZBSXIAUFcJkgBdHBBBCdIAclkKMgBWV4pSAHBcirIAVUCK0gB0Wws
333=yAFVAi1IAWByUQkuyAFVDS9IAWgMVQ0wyAFNBTFIAcUIMsgBVQIzSAFkCE0FNMgBVQI1SQ
334=FyUApJADbIAV0KN0gBxR44KCkAOSgpADooKQA7KCkAPCgpAD0oKQA+KCkAPygpAEAoKQBB
335=SAFwmEUTQsgBRRNDSAFsG0kBREgBYBpFE0VIAWQpXRVGyAFVAkdIAWAEVQJIyAFVAklIAW
336=QIVQJKyAFVAktIAXQuSQFMSAFoIkkMTUgBZAhNEE7IAVUCT0kBb1gHSQBQyAFZBlFJAX5I
337=AkkAUsgBVQJTSAHNJlRIAScSEzoAzX5WVALFVVcoKQBYKCkAWUgBzWhaKCkAW0gB2QZcSA
338=HBZ11IAdUCXigpAF9IAcUIYEgBJYEhYUgBTBVpAGIoKQBjSQGSbwIAAGRIAaYBAGUoKQBm
339=SAHRbGdIAd0KaEgBwQ9pKCkAaigpAGsoKQBsKCkAbSgpAG5IAcWXbygpAHAoKQBxKCsAAw
340=A75ZcESAHVewVIAd0VBigpAAdIAd0VCEgB3RUJKCkACkgBxQgLSAHFCAwoKQANSAHZfw5I
341=AcEEDygpABAoKQARKCkAEigpABNIAdk9FEgBwSUVSQGJtQkWSAHFExdIAcEEGCgpABlIAc
342=G0GkgBtgYAGygpABxIAckMHUgB3QoeKCkAH0gB2RwgSQH6TFNVCCFIAdlTIigpACNIAXCY
343=TV0kyAEBBAAAJcgBAQUAACZIAWxoXWInSAFgZ1EJKMgBSQspSAHBcirIAVUCK0gBeGlNBS
344=zIAVUCLUgBfG1RCS7IAUEPL8gBTQUwyAFNBTFIAWAPVQIyyAFVAjNIAWQIVQI0yAFVAjVJ
345=AXJIAl0KNsgBXQo3SAHFHjgoKQA5KCkAOigpADsoKQA8KCkAPSgpAD4oKQA/KCkAQCgpAE
346=FIAWQpWRBCyAFFE0PIAUUTREgBaCJFE0VIAWwmVQJGyAFVAkdIAWAEVQJIyAFVAklIAXwg
347=VQJKyAFVAktJAW1IDUkATMgBVQ1NSQFuSAJJAE7IAVUCT0kBb0gCRQhQyAFFCFFJAX61Al
348=LIAVUCU0gBzSZUSAElDTlVSQGMTAVJAFZIAdFWVygpAFgoKQBZKCkAWkkBiEwGSQBbSQGK
349=XABJAFxIAVgAaQBdSAHdCl5IAc0FX0gByQxgSAHJWWFIAWwGTQBiKCkAYygpAGRJAY9UA0
350=kAZUgBWABpAGZIAckMZ0gB3QpoKCkAaSgpAGooKQBrKCkAbCgpAG1IAcWXbigpAG8oKQBw
351=KCsAAgA84b8DSAHBDwQoKQAFSAHFgQYoKQAHSAHNBQgoKQAJKCkACkgBySILSAFsHE0ADC
352=gpAA1JAZBIAkkADkgByQwPKCkAEEkBh1QDSQARSAFYAGkAEigpABNIAcUIFEgB1Q0VSAFg
353=BU0AFkgBwQQXSAHdNhhIAc0FGUgBXARpABpJAZFhAQBSmDwA2REcVALNBR1IAb4DAB4oKQ
354=AfSAHdNiBIAd0VIUgBJzk5PCg4OScpACRBBGS1CSXIAUVgJkgBfG1BAydIAXCYUWEoyAFZ
355=XilIAWAEVQIqyAFVAitIAcFyLMgBVQItyAFRCS7IAUkML0gBYJNFCDDIAU0FMUgB0XcyyA
356=FVAjNIAc0FNEkBdkQJSQA1yAFRCTbIAVEJN0gBwXI4KCkAOSgpADooKQA7KCkAPCgpAD0o
357=KQA+KCkAPygpAEAoKQBBSAFwmFEUQsgBWcFDyAFZwURIAWAaXRVFyAFdFUZIAdWRR8gBVQ
358=JISQFqQAVJAEnIAVUCSkkBbEgCSQBLSAF4BlkcTMgBQQ9NSAFwmFUCTsgBVQJPSQF9TAZJ
359=AFDIAVEJUUgB1SNSKCkAU0gBJfklVEkBjUwGSQBVSAHFa1YoKQBXKCkAWEgByVlZSAHZlV
360=pIAVQHaQBbKCkAXCgpAF1JAY57AwAAXkgBpgEAX0gB3VdgSAHBD2FIAclZYkgBzQVjKCkA
361=ZEgB2QZlSAHVZWZIAcUIZygpAGgoKQBpKCkAaigpAGsoKQBsSAHFl20oKQBuKCkAbygoAA
362=EBAD0AzQUCSAHBfQNIAdUjBEgB2REFKCkABigpAAcoKQAIKCkACSgpAApIAdEJC0kBi6Eh
363=DEgBpgEADSgpAA5IAckiD0gBwQ8QKCkAEUgBxQgSSAHFCBMoKQAUSQGSuQIVSAGmAQAWKC
364=kAFygpABhIAc0FGUgBzQUaKCkAG0gBySIcSAEnERM9yAVQmCcpAB9ABMkXIEgBzQUhSAEl
365=USYiSAHdVyMoKQAkSQF7uQklyAFNXSZJAWi1AifIAVUCKEgBfJlJASlIAc1zKsgBVQIryA
366=FFByzIAVUCLUgByZsuyAFRbC9IAXAJTQUwyAFNBTFIAXiVVQIyyAFVAjNIAWQIVQI0SAFw
367=mEUINcgBVYY2yAFVhjdIAdkcOCgpADkoKQA6KCkAOygpADwoKQA9KCkAPigpAD8oKQBAKC
368=kAQSgpAEJIAcUpQ8gBSRdESAHBk0XIAVUCRkgB1ZFHyAFBGkhIAWwFVZFJyAFVAkpIAXCY
369=WQZLSAF4BkUeTMgBRR5NSAFwmFUCTsgBVQJPSAFwmFEJUMgBUQlRSAHVI1JJAfJQClEqU0
370=gBJfklVEgB2UhVSAHBZ1ZIAdFhV0gB2ZVYSAFUB2kAWSgpAFpIAdmgW0gB2YpcKCkAXUgB
371=2VNeSAF4B00AX0gBwQ9gSAHBD2FIAcEPYkgB0QljKCkAZEgBwQRlKCkAZigpAGcoKQBoKC
372=kAaSgpAGooKQBrSAHVkWwoKQBtKCkAbigrAAIAPuWXAygpAARIAdUYBUgBxRMGKCkABygp
373=AAgoKQAJSAHJIgpIAVghaQALKCkADEgBJWUjDUgB3SAOSAHJDA9IAc0mEEgBxTQRSAFkCU
374=0AEigpABMoKQAUKCkAFSgpABYoKQAXKCkAGCgpABlIAc08GkgB2cwbSAFEDWkAHEgB3SAd
375=SAHdFR5JAYl7AwAAH0gB3RUgSAHVGCFIAdEJIkgBxZcjSAHRViRIAXBsVVolyAFVWiZIAX
376=iVVQInyAEHAwAAKAA+AD4BABEAAAQPACAAAQADAAApAD4APAEAAAIAACoAPgBoAVUCK8gB
377=VQIsyAFVAi1JAT5MBQEAAAAuyAFVAS/IAU0FMMgBTQUxSQE9VANVAjJJAW9MBkkAM8gBQQ
378=M0SQF+SAJJADXIAVUCNkkB7VwAVQI3KCkAOCgpADkoKQA6KCkAO0kBXkwGSQA8yAFRCD1J
379=AVxIAkkAPkkBgFwASQA/yAFBBEBIAdUNQSgpAEJJAXtABUkXQ8gBQRpESQFqtQJFyAFVAk
380=ZJAW1UAgEEAABHyAEBBQAASEgB3QpJKCkASigpAEsoKQBMKCkATSgpAE4oKQBPSQHyUBVV
381=DFAoKQBRSQH0tQJSSQGNVANJAFNJAYVcAEkAVEkBhlwASQBVSAFYAGkAVkkBkmMBAABXSA
382=GmAQBYKCkAWSgpAFpJAYylBFtJAYOpAVwoKQBdSAHJDF5IAb4DAF9IAckMYEgB1QJhSQGQ
383=rQFiSQGIqQFjKCkAZEgByQxlKCkAZigpAGcoKQBoKCkAaSgpAGpKAf//gQtrKCkAbCgpAG
384=0oKAABAwA/AM0FBEgB2RwFSAHNEAYoKQAHKCkACCgpAAlIAdEfCkgBmw4AAAsoKQAMKCkA
385=DUgByQwOSQGKsQUPSAGmAQAQKCkAESgpABIoKQATKCkAFCgpABVJAZOpCBZIAaYBABcoKQ
386=AYSQGRuQIZSAHNGxpIAcEwG0gBwUYcSAHVAh1IAdEUHkgBoggAHygpACBIAcEaIUgB3Qoi
387=SQGHsQUjSQH2uVMkSAHRYSUoKQAmSQFmrQUnyAFZBSjIAUlvKUkBO0gCTQQqyAFVAStIAX
388=iKVQIsyAFVAi1IAWCTWQYuyAFNcy9IAc0FMMgBTQUxSQE6XABFCDJIAWCTWQYzyAFZBjRI
389=AWCTVQI1yAFVAjZIAdUYNygpADhJAXpECUkAOcgBSQs6SAHdjjtIAWCTUQk8yAFRCT1IAW
390=AETQU+SAFgk0EEP8gBQQRASAHVDUEoKQBCKCkAQygpAEQoKQBFKCkARigpAEcoKQBIKCkA
391=SSgpAEooKQBLKCkATEgB3Y5NKCkATkgB3Y5PSAHVT1BIAUwgaQBRSAHVkVJIAclDUygpAF
392=RIAcFnVUgBbAZNAFYoKQBXKCkAWEgB3VdZSAHFVVpIAd0KW0gB0VZcSAHVAl1IAd1XXkgB
393=WAtpAF8oKQBgSQGPbwIAAGFIAaYBAGIoKQBjKCkAZEgBzV1lSAHJDGYoKQBnKCkAaCgpAG
394=lIAcWMaigpAGsoKQBsKCgAAQQAQADJDAVIAckMBigpAAcoKQAIKCkACSgpAApIAdUjCygp
395=AAxJAYmxGw1IAdUuDkgBsgIADygpABAoKQARKCkAEigpABMoKQAUKCkAFSgpABZIAd1BF0
396=gByQwYKCkAGUkBjrkCGkgBpgEAG0gB3cUcSAHVAh0oKQAeKCkAHygpACBIAc0mIUgBzSYi
397=SAHZHCNIAScKEkAA2WklVALJASZIAWiQXW0nyAFZ+CjIAVn4KUgBaJBNcyrIAU0FK0gBeI
398=pVAizIAVUCLUgB2YouyAFVey9JAXClGjDIAVUCMUkBbLUCMkkBfakBM8gBQQQ0SAHRFDUo
399=KQA2KCkANygpADhIAWiQWRE5yAFZETpIAcWMO0gBaJBNGzzIAU0bPUgByaY+SQF3rRA/yA
400=FNEEBIAWCTQQNByAFVAkJIAcUTQygpAEQoKQBFKCkARigpAEcoKQBIKCkASSgpAEooKQBL
401=SQHwSA1BD0xIAc2JTUgBwVxOSAHZzE9IAVwEaQBQSAHNBVFIAd1BUigpAFMoKQBUSAHVRF
402=VIAXgHTQBWSAHFCFdIAckMWEgBUANpAFlIASUNI1pIAcWMW0gBdANNAFxIAclZXUgBRAJp
403=AF5IAd0KX0gB1RhgSAHNEGFIAWAFTQBiSAHBk2NIAUQCaQBkSAHNXWVIAc0bZigpAGcoKQ
404=BoSAHdjmkoKQBqKCkAaygoAAEFAEEA0QkGKCkABygpAAgoKQAJKCkACigpAAtIAdUYDEgB
405=cBVNAA1IAcElDkgBxR4PSAHVkRBIAd0rEUgBSAZpABIoKQATKCkAFEgBzcAVSQGLZwUAAB
406=ZIAaYBABdIAd0rGEgB1Q0ZSAHNGxpIAdkGG0gB2QYcKCkAHUgBxQgeSAHFCB9IAd0VIEgB
407=2cwhSAHdCiJIAdEfI0kB+rFWJEgB3eYlSAHVZSYoKQAnSAEifDFdECjIAUUHKUgB0YIqSQ
408=FuVANJACvIAUEELEgBZHZJAS1IAXCNTX4uyAFNfi9IAXCNVQIwyAFVAjFIAXwKWQYySAFw
409=jUEEM8gBQQQ0SAHRFDUoKQA2SQF5QBBJADfIAUUIOEkBYEgCSQA5yAFVAjpIAXykSQE7SA
410=FwFEEEPMgBVQI9SAFgBFUCPkgBcI1NED/IAU0QQEgBcI1VAkHIAVUCQkgBxRNDKCkARCgp
411=AEUoKQBGKCkARygpAEgoKQBJKCkASigpAEtIASexEUHx8E1UAs08TigpAE9IAclDUEgBwQ
412=RRKCkAUigpAFNIAcFGVCgpAFVIAcUIVkgBxQhXKCkAWEgBxVVZSAFcJWkAWigpAFtIAd2D
413=XEgBdANNAF1IAd1XXkgB3QpfKCkAYEgB2ZVhSAFIBmkAYkgB2YpjSAHFE2RIAcUIZSgpAG
414=YoKQBnSAHFjGgoKQBpKCkAaigrAAYAQuWMBygpAAgoKQAJKCkACigpAAtIAcVrDEgBcBVN
415=AA0oKQAOSAHFrQ9IAVADaQAQSAHBGhFIAcUpEkgBdANNABMoKQAUKCkAFSgpABYoKQAXSA
416=HRmBhIAckiGUgBxSkaSAFMCmkAGygpABwoKQAdSAHFCB5IAdkGH0gBbAZNACAoKQAhSAHJ
417=FyJIAdUNI0gB2TIkSAHJpiVIASVlIyZIAclkJ0gBeIpNaCjIAU1oKUgB2X8qSAF4ikEEK8
418=gBQQQsSQFpTBFJAC3IAUV2LkgBeAZVAi9IAXSGSQEwyAFBBDFIAcEPMigpADMoKQA0KCkA
419=NSgpADZIAXiKTRA3yAFNEDhIAXiKVQI5yAFVAjpIAXSGSQE7SAF4ikEEPMgBVQI9SAFgBF
420=UCPsgBVQI/SAFwo0kBQEkBclwWSQBByAFJF0JIAckXQygpAEQoKQBFKCkARigpAEcoKQBI
421=KCkASSgpAEpIAcG/S0gBJZU0TEgBwTtNSAHRgk5IAc08TygpAFAoKQBRSAHNBVJIAc1HU0
422=gBUBlpAFQoKQBVSAHJDFZIAd0KV0gBzWhYSAFsBk0AWUgByYVaSAHRS1tIAdUNXEgB1QJd
423=SAHVAl5IAd0KX0gB3QpgSAFMCmkAYUgB3QpiSAHNBWMoKQBkKCkAZSgpAGZIAc2JZygpAG
424=goKQBpKCsABwBD7YkIKCkACSgpAAooKQALSAHRFAxIAWQUTQANKCkADigpAA8oKQAQSAEl
425=hTIRSAFIBmkAEigpABMoKQAUKCkAFSgpABYoKQAXKCkAGEgB2ZUZSAFwCk0AGkgBzSYbSA
426=HVLhxIAcF9HUgBXARpAB4oKQAfKCkAICgpACFIAdFAIkgB3TYjSAHNMSRIAckiJUgBJbUi
427=JkgB0WEnKCkAKCgpACkoKQAqSAFgiAEEAAAryAEBBQAALEgBYIhVcC3IAUlvLkgBYIhdbS
428=9IAWCIQQQwyAFBBDFIAcEPMigpADMoKQA0KCkANUkBZXcgAAA2yAFdCjfIAV0KOEgBIkw2
429=VQI5SAEiFFtZBTrIAVUCO0gBaIVVAjzIAVUCPUgBeAZVAj7IAVUCP0gBzQVASAFgiEkMQc
430=gBSRdCSAHJF0MoKQBEKCkARSgpAEYoKQBHKCkASCgpAElIASUFIkpIAUgRaQBLSAHJQ0xI
431=Ad02TUgBdANNAE5IAc3LT0gBzTxQSAHJhVFIAVwEaQBSKCkAUygpAFQoKQBVSAHRCVZIAc
432=1HV0gB3QpYSAHZU1lIAdUCWkgBxRNbSAFoDU0AXEgBzWhdSAFEAmkAXkgB2VNfSAHFCGBI
433=Ad0KYUgB1QJiKCkAYygpAGQoKQBlSAHVhmYoKQBnKCkAaCgrAAgARPWGCSgpAAooKQALKC
434=kADEgB2RENKCkADkgBwXIPSAF0GU0AEEgByXoRSAFEAmkAEigpABMoKQAUKCkAFSgpABZI
435=Ac08F0gByQwYSAFkCU0AGSgpABpIAdknG0gBwSUcSAHBMB1IAUgGaQAeKCkAHygpACAoKQ
436=AhSAHFNCJIAWwGTQAjSAHJDCRIAckMJUgBxRMmSAHVhidIAcndKCgpAClIAd1iKigpACso
437=KQAsKCkALSgpAC4oKQAvKCkAMCgpADEoKQAyKCkAMygpADQoKQA1SAFohVl0NsgBWZU3yA
438=FZlThIAWx+QQQ5SAFohVV7OsgBVQI7SAF4f1UCPMgBVQI9SAF4BlUCPsgBVQI/SAHNBUBJ
439=AXVYKEkAQcgBTYlCyAFZBkNIAdUjRCgpAEUoKQBGKCkARygpAEgoKQBJSAElVSFKSAHNR0
440=tIAdE1TEgB2X9NSAFIEWkATigpAE9IAcU/UEgBdANNAFEoKQBSSAElsT1TSAElBS1USAFc
441=BGkAVSgpAFYoKQBXSAHNR1hIAdkRWSgpAFpIAcVVW0gBZAlNAFxIAdkRXUgBRAJpAF5IAd
442=EJX0gB0QlgKCkAYSgpAGIoKQBjKCkAZEgB3YNlKCkAZigpAGcoKwAJAEX9gwooKQALKCkA
443=DCgpAA0oKQAOSAHBGg9IAXwWTQAQKCkAESgpABIoKQATSAEl/TYUSAFIBmkAFSgpABZIAc
444=mxF0gB1TkYSAFgBU0AGSgpABpIAcElG0gBwSUcKCkAHUgB3ZkeSAHdeB9IAUAJaQAgKCkA
445=IUgB3ZkiSAF0A00AI0gB2REkSAHFwyVIAdUNJkgByQwnKCkAKEgB1Q0pSAElsTIqSAHFYC
446=soKQAsKCkALSgpAC4oKQAvKCkAMCgpADEoKQAyKCkAM0gBIrBTSRc0yAFVcDVJAV9IAkkA
447=NsgBVQI3SAEiUDFVAjjIAVUCOcgBVQI6yAFVAjtIAWB9VQI8SAEifDFJAT3IAUEEPsgBVQ
448=I/yAFVAkBIAXCCSYVByAFVkULIAVWRQ0gBySJEKCkARSgpAEYoKQBHKCkASEgBxYFJSAHF
449=gUpIAdkyS0gB2VNMSAFUEmkATUgBCJEAAAAAAABOAEUAEQAAvA4AIAGFAAAAQAACTwBFAI
450=ZcAEkAUEgBWABpAFEoKQBSKCkAUygpAFQoKQBVKCkAVigpAFdJAYxrCQAAWEkBg6kBWUkB
451=iKkBWkgBwQ9bSAGyAgBcSAHZBl1IAdEUXkgBxQhfKCkAYCgpAGEoKQBiKCkAY0oB//+FC2
452=QoKQBlKCkAZigoAAEKAEYAyQwLKCkADCgpAA0oKQAOKCkAD0gB0RQQKCkAEUkBh54OABJI
453=AaYBABNIAc0bFEkBibkCFUkBi6kBFkgBpgEAFygpABhJAY25AhlIAdUNGkgBxSkbSAHJFx
454=xIAdUCHSgpAB5IAcEEH0gBxRMgSAG6CgAhKCkAIigpACMoKQAkKCkAJUgB1RgmSAHdCico
455=KQAoSQGKoQspSgH6AY0BKkkB8qkBKygpACxJAe21Ai0oKQAuKCkALygpADAoKQAxSQF6mg
456=oAMsgBUQgzSQFeVAIBAgAANMgBAQMAADVJAV+1AjbIAVUCN0kBPkwGTQU4yAFVAjnIAVUC
457=OsgBVQI7SQE7rQU8SQE6qQE9yAFBBD7IAVkGP8gBVQJASAHZBkFJAXVMEEkAQsgBUQhDyA
458=FZBkRIAd0gRSgpAEYoKQBHSQHwTAZFCEhIAVgAaQBJSAHNMUpIAc0xS0gBxWtMSAFgBU0A
459=TSgpAE5IAdkGT0gB2QZQSAHJQ1FIAUgGaQBSKCkAUygpAFQoKQBVKCkAVkgBxVVXSAHdCl
460=hIAd1BWUgBcApNAFpIAc0QW0gB1VpcSAHZBl0oKQBeKCkAXygpAGAoKQBhKCkAYkgBzX5j
461=KCkAZCgpAGUoKwALAEftfgwoKQANKCkADigpAA8oKQAQKCkAEUgByS0SSAFcGmkAE0kBjm
462=MBAAAUSAGmAQAVKCkAFigpABdIAc0mGEgB0R8ZSAHdChpIAcUIG0gB3QocSAHVAh0oKQAe
463=SQGQuQIfSAHVLiBIAbACQX1HxgEAIihVACMoKQAkKCkAJUgBxTQmSAHZiidIAd0KKEgB1Q
464=kpSQGTrQEqSAGmAQArKCkALEgBxYEtSAHNXS4oKQAvKCkAMCgpADFIAWB9SWQyyAFFazNI
465=AWF9BGJ9RwBpAQVjfUcAPalkNkAEaAFVATfIAUkSOMgBVQI5SAFsc1UCOsgBVQI7SAFwgl
466=UCPEgBYH1JAT3IAUEEPkgBwQQ/yAFVAkBIAXQNTQVBSAFgfVEUQsgBURRDyAFRFERIAdEf
467=RSgpAEYoKQBHSQH0UApRCUhIAclDSUgByUNKKCkASygpAExIAdXITUgBVAdpAE5IAd1BT0
468=gBxQhQKCkAUUgB2QZSSAFsBk0AUygpAFRIAcE7VUgBUANpAFZIAclDV0gB3UFYSAF0A00A
469=WSgpAFpIAc0FW0gBzRBcKCkAXSgpAF4oKQBfKCkAYCgpAGFIAdV7YigpAGMoKQBkKCsADA
470=BI9XsNKCkADigpAA8oKQAQKCkAESgpABJIAdX0E0gB2RwUSAFIHGkAFSgpABZJAZFtAgBM
471=9yfhARhUAsUeGSgpABpIAcGeG0gBwX0cSAGiCAAdKCkAHigpAB8oKQAgSAHJQyFIAdm2Ik
472=gBxQgjKCkAJEgBxRMlSAHVGCZIAc0FJygpACgoKQApKCkAKigpACsoKQAsKCkALUkB9rFW
473=LkgBwVwvKCkAMCgpADFJAWOlDzLIAUUHM0gBbGhBfTTIAU1oNcgBVQI2yAFVAjfIAVUCOM
474=gBVQI5SAFoelUCOsgBVQI7SAFkdlUCPEgBaHpJAT3IAUEEPkgBwQQ/yAFVAkBIAdkRQcgB
475=VQJCSQF0qRdDyAFJF0RIAcUeRSgpAEZIAcH2R0gB0TVISAHdQUlIAc2qSigpAEtIAcU0TE
476=gBsg0ATSgpAE4oKQBPSAHFa1BIAdkGUUgB2QZSSQGPrQFTSAGmAQBUKCkAVUgBxRNWSAHB
477=UVdIAc0FWEgBxQhZSAHVAlpIAcEPW0gBwRpcKCkAXSgpAF4oKQBfKCkAYEgB3XhhKCkAYi
478=gpAGMoKwANAEn9eA4oKQAPKCkAECgpABFIAdUYEkgB3RUTKCkAFEgBxR4VSAHBZxZIAc0F
479=F0gByaYYSAHFNBkoKQAaSAHFHhtIAdUuHEgBxQgdSAHJph5IAdUCHygpACBIAdknIUgB0Q
480=kiSAHRgiNIAcUTJEgBxQglKCkAJkgByQwnSAHBBCgoKQApKCkAKigpACsoKQAsKCkALUgB
481=yfMuSAHJWS8oKQAwKCkAMUgBcHdNaDLIAV1iM0kBPERhXRA0yAFVATVIAXxtVQI2yAFVAj
482=dIAWRrVQI4yAFVAjlIAc0FOsgBVQI7SAFoek0FPCgpAD3IAUEEPkgBwQ8/yAFVAkBJAXBM
483=BkkAQcgBVQJCSQF+SAJJAEPIAVUCREgBxR5FKCkARkgB0fBHSAHRNUhIAdk9SUgBQAlpAE
484=ooKQBLKCkATEgBwWdNSAFgBU0ATigpAE9IASUtJ1BIAVADaQBRSAHNtVJIAdVPU0gB3UFU
485=SAFgBU0AVUgBxRNWSAHNBVdIAc3WWEgB0UtZSAHRS1pIAdUCWygpAFwoKQBdKCkAXigpAF
486=9IAcV2YCgpAGEoKQBiKCsADgBK5XYPKCkAECgpABFIASeZDkpMGYkAE1QCgAEi2ixKAM0b
487=FVQC3RUWSAEltSIXSAHNBRgoKQAZKCkAGkgB3SsbSAHNBRwoKQAdKCkAHkgB0YIfSAHBJS
488=BIAcEPISgpACIoKQAjSAHVGCRIAckMJSgpACYoKQAnKCkAKEgByUMpSAHZBiooKQArKCkA
489=LCgpAC0oKQAuSAHZ7S9IAd1XMCgpADFJAWKhCzLIAU1dM0gBdGVRdzTIAVF3NUgBaG9VAj
490=bIAVUCN0gBeHRVAjjIAVUCOUgBzQU6yAFVAjtIAXh0TQU8KCkAPcgBQQQ+SAHBDz/IAVUC
491=QEgBeHRZBkHIAVUCQkgBeHRVAkPIAVUCREgB2RxFSAHB60ZIAbYcAEdJAZKtAUhIAaQBRl
492=JKAME7SlQCwTtLKCkATEgBzTxNSAHBBE4oKQBPSAHNflBIAd0KUSgpAFIoKQBTSAHJx1RI
493=AdVwVUgBxQhWSAHFCFcoKQBYSAHNXVlIAdkRWigpAFsoKQBcKCkAXSgpAF5IAc1zXygpAG
494=AoKQBhKCsADwBL7XMQKCkAESgpABJIAd0gEygpABRIAcUTFUgB2V4WSAHBGhcoKQAYKCkA
495=GSgpABpIAdUjG0gB3ZkcSAHFCB0oKQAeSAHJIh9IAcEPICgpACFIAcGeIigpACNIAcktJE
496=gB3QolSAHNqiZIAc0bJygpAChIAcEaKUgB2QYqSAHZdCtIAdUCLCgpAC1IAcEELkgByegv
497=SAElnUswSAHRVjFIAWByVVoyyAFVWjNIAXhpTQs0yAFZdDVIAWhvVQI2yAFVAjdIAWxoVQ
498=I4yAFVAjlIAc0FOsgBVQI7SAHdCjxIAWxzWQY9yAFBBD5JAW1IAkkAP8gBVQJASAFob1UC
499=QcgBVQJCSAHVGEMoKQBEKCkARUgBJ0IOSwDJIkdUAkAJaQBIKCkASUgB0UBKSAHBO0soKQ
500=BMKCkATSgpAE5IAcU0T0gBcApNAFAoKQBRSAHBD1JIAVADaQBTKCkAVCgpAFUoKQBWSAHd
501=g1dIAclDWEgBxRNZKCkAWigpAFsoKQBcKCkAXUgB1XBeKCkAXygpAGAoKwAQAEz1cBEoKQ
502=ASKCkAEygpABQoKQAVKCkAFkgB3RUXSAHZaRhIAWQfTQAZSAHJIhpIAUQCaQAbSAHZ4hxI
503=AWgCTQAdSAHdIB5IAcVrH0gB3SAgSAHFayFIAUgGaQAiKCkAIygpACQoKQAlKCkAJkgByX
504=onSAHdCigoKQApSAHBGipIAdk9K0gBaA1NACwoKQAtSAHVGC5IAVADaQAvKCkAMEgBxeQx
505=SQF7ewMAADLIAVVaM0kBbrUCNMgBVQI1SAF4aVl0NsgBWXQ3SAFob1UCOMgBVQI5SAF411
506=EIOsgBRQg7SQFqSAJJADzIAVUCPUkBbEgCSQA+SAFob1EJP8gBUQlASAFob1UCQcgBVQJC
507=SAEn6g1MAMkBRChVAEVIASfpDUwmxSRHVALFKUhIAclDSUgBXA9pAEpIAc0xS0gB2T1MSA
508=HZMk0oKQBOKCkAT0gB3QpQKCkAUUgB2QZSSAHVDVNIAWgNTQBUKCkAVSgpAFZIAc0QV0gB
509=xQhYKCkAWSgpAFooKQBbKCkAXEgB3W1dKCkAXigpAF8oKwARAE39bRIoKQATKCkAFCgpAB
510=UoKQAWKCkAF0gBxWAYSAFcGmkAGUgB1RgaSAHVIxtIAcEaHEgBJSEgHUgB1VoeSAF4B00A
511=H0gBJeEiIEgBRAJpACEoKQAiKCkAI0gByXokSAFgBU0AJSgpACZIAdkRJ0gBzRAoKCkAKU
512=gB2T0qSAHBGitIAUAJaQAsKCkALUgB0QkuSAHNGy9IAc08MEgBJ5INTQBwbF1XMlQCaAFd
513=VzNIAXBsVQI0yAFVAjVIAdFhNkgBYARFDzfIAVVlOEgBdHBJATlIAXBsRQg6yAFFCDtIAX
514=BsVQI8yAFVAj1IAXwKWQY+SAFwbAEEAAA/yAEBBQAAQEgBzWhBKCkAQigpAENIAc33RCgp
515=AEVIASUxOEZIAckiR0gB3StISAHBO0lIAVAZaQBKSAHBO0tIAWgCTQBMSAHFCE1IAcUITk
516=gB2TJPSAHVAlAoKQBRKCkAUkgB1Q1TSAFMCmkAVCgpAFVIAdG5VkgB0QlXKCkAWCgpAFko
517=KQBaKCkAW0gBxWtcKCkAXSgpAF4oKwASAE7laxMoKQAUKCkAFSgpABZIAckXF0gBfBZNAB
518=goKQAZSAHVIxpIAckXG0gB2QYcSAFIBmkAHUgBJSkhHkgBzVIfSAF0A00AIEgB3SAhSAHV
519=cCJIAclZI0gByQwkSAHVAiUoKQAmSAHBBCcoKQAoSAHZESlIAUQNaQAqKCkAK0gBJcEpLE
520=gB3QotSAHRCS4oKQAvSAHRCTBIASURKTFIAcVVMigpADNIAXRlVVo0yAFVWjVIAdleNkgB
521=YARdYjfIAV1iOEgBYARUFAk5AE4AfgAAAAAAADoRAAAwDgAgCABOAH4AAAABAAA7SQHtXA
522=ABAAAAPCgpAD0oKQA+KCkAPygpAEAoKQBBSQHypQhCSQH0qQFDSQGNUApJAERJAYVcAEkA
523=RUkBiVwASQBGSQGDXABJAEcoKQBIKCkASUkBh1QDSQBKSAFYAGkASygpAExJAYxvAgAATU
524=kBiqkBTkgBpgEAT0kBkK0BUEkBiKkBUSgpAFJIAc0QU0gB0RRUKCkAVUgBwQRWKCkAVygp
525=AFgoKQBZKCkAWkoB//+ZDVsoKQBcKCkAXSgpABNYFMkMFCgpABUoKQAWSQGGjgkAF0gBpg
526=EAGCgpABlIAd0gGkgB0QkbSAHZBhxIAdkGHSgpAB5IAdkGH0gB0R8gSAHZBiFIAdkGIkgB
527=xSkjSAHFKSRIAdUNJSgpACYoKQAnKCkAKCgpAClIAdUNKkgBzTwrSAHVDSxIAdUNLUgByQ
528=wuKCkAL0gB0RQwSAHZBjFJAfq1TzJIAc1SM0gBwVw0KCkANSgpADZJAW5ICAEEAAA3yAEB
529=BQAAOEkBbFQCXQk5SQF+SAEBAgAAOskBA2JnTwDdCjxUAskBPSgpAD4oKQA/SAHZEUBIAc
530=lkQUgByWRCSAHJIkNIAcUeREgB1VpFSAFIEGkARkgB1SNHSAHNMUgoKQBJSAHFCEpIAd0K
531=SygpAExIAdknTUgBcApNAE4oKQBPKCkAUCgpAFEoKQBSSAHNR1NIAdUNVCgpAFUoKQBWKC
532=kAVygpAFgoKQBZSAHVZVooKQBbKCkAXCgoAAEUAFAA1Q0VKCkAFigpABdIAcUeGCgpABlI
533=AdkGGigpABtIAd0gHEgBTCBpAB0oKQAeSAHZHB9IAcUIICgpACFIAd1XIkgBeAdNACMoKQ
534=AkSAHFCCVIAcUIJigpACdIAck4KCgpACkoKQAqSAHRFCtIAVgLaQAsKCkALUgB3UEuSAHJ
535=DC9IAd0KMEgBySIxSAHdFTJIAWQJTQAzSAHBZzRIAcVVNSgpADZIAcFcNygpADgoKQA5KC
536=kAOigpADsoKQA8KCkAPUgByQw+SAHRYT9JAZFMEUkAQEgB0cRBSAHBGkIoKQBDSAHdYkRI
537=AUgGaQBFSQGTYwEAAEZIAaYBAEcoKQBIKCkASUgBzSZKSAHBJUtIAdUNTCgpAE1IAdknTk
538=gB2SdPSAHJDFBIAd14UUgBzQVSSAHRCVMoKQBUKCkAVSgpAFYoKQBXKCkAWEgB3WJZKCkA
539=WigpAFsoKwAVAFH9YhYoKQAXKCkAGCgpABkoKQAaKCkAGygpABxIAdUYHSgpAB5IAcEaHy
540=gpACAoKQAhSAHFVSJIAdUjIygpACRIAdUuJUgB1S4mSAHVOSdIAdkGKCgpACkoKQAqSAHZ
541=aStIAc0xLEgB2QYtKCkALkkBkrkCL0gBpgEAMEgBzRAxSAHBGjJIAcUeMygpADQoKQA1SA
542=HVDTZIAdVlN0gByVk4KCkAOUgB1WU6KCkAOygpADxJAfBAy0kSPUgBzUc+SQGLSAJJAD9I
543=AVgAaQBAKCkAQUgB0R9CSAHJLUNIAWAFTQBEKCkARSgpAEYoKQBHSAHJZEhIAUgGaQBJKC
544=kASigpAEtIAcElTEgBwSVNSAHdNk5IAc0QT0gBZAlNAFBIAdEUUUgB2QZSKCkAUygpAFQo
545=KQBVKCkAVigpAFdIAcVgWCgpAFkoKQBaKCsAFgBS5WAXKCkAGCgpABkoKQAaKCkAGygpAB
546=woKQAdSAHZHB4oKQAfSAHBGiBIAcEEISgpACJIAdVEI0gBWCFpACQoKQAlKCkAJigpACco
547=KQAoSAHZoClIAc1SKkgBwQ8rKCkALEgBwQQtSAHNRy5IAXQOTQAvKCkAMCgpADFIAcU0Mk
548=gB3QozKCkANEgBzRs1SAHBBDZIAdUNNygpADhIAcUeOUgB3WI6SAHdYjsoKQA8SAHVvT1J
549=AY5EFEkAPkgBWABpAD8oKQBASAHdYkFIAc0QQkgByU5DSAFsBk0ARCgpAEUoKQBGKCkARy
550=gpAEhJAY9MBkkASUgBWABpAEooKQBLKCkATEgB0RRNSAFgBU0ATkgB2SdPSAHJIlBIAdEU
551=USgpAFIoKQBTKCkAVCgpAFUoKQBWSAHNXVcoKQBYKCkAWSgrABcAU+1dGCgpABkoKQAaKC
552=kAGygpABxIAdknHUgBUBlpAB4oKQAfSAHJpiBIAXQDTQAhKCkAIkgB0YIjSAHJTiRIAVwE
553=aQAlKCkAJigpACcoKQAoKCkAKUgBxSkqSAHZJysoKQAsSAHdFS1IAXwLTQAuSAHJQy9IAc
554=EwMCgpADFIAdEJMigpADNIAdEJNEgBQAlpADVIAc0QNkgB2V43SAHFCDgoKQA5SAHVDToo
555=KQA7KCkAPCgpAD1IAcUIPkgB2QY/KCkAQEgBwQRBKCkAQigpAENIAcVrREgBcBVNAEUoKQ
556=BGKCkARygpAEhIAcU0SUgBwQ9KSAElSSVLSAHVAkxIAc0QTUgB1QJOSAHVAk8oKQBQKCkA
557=USgpAFIoKQBTKCkAVCgpAFVIAdVaVigpAFcoKQBYKCsAGABU9VoZKCkAGigpABsoKQAcSA
558=HVOR1IAUQjaQAeKCkAHygpACAoKQAhKCkAIigpACMoKQAkSAHRSyVIAcFcJkgBfAtNACco
559=KQAoSAEnrBYn6QIqVALZJysoKQAsKCkALUgBzTEuSAHJTi8oKQAwSAHFCDEoKQAyKCkAM0
560=gB0R80SAFUEmkANUgB0Xc2SAFoAk0AN0gBwVw4SAHdCjkoKQA6KCkAO0gB2RE8SAHNBT0o
561=KQA+SAHBBD9IAcEEQCgpAEEoKQBCKCkAQ0gBJYUnREgBVBJpAEUoKQBGKCkARygpAEgoKQ
562=BJSAHJsUpIAXgHTQBLSAHNG0xIAdkRTSgpAE4oKQBPKCkAUCgpAFEoKQBSKCkAUygpAFRI
563=Ad1XVSgpAFYoKQBXKCsAGQBV/VcaKCkAGygpABxIAd02HUgBRBhpAB4oKQAfKCkAICgpAC
564=FIAc3WIkgBbAZNACMoKQAkSAHFPyVIAVADaQAmSAHJWSdIAc2JKEgBdANNAClIAcmFKkgB
565=2ScrKCkALEgB3RUtSAFIBmkALigpAC8oKQAwSAHRCTFIAdEJMigpADNIAdEJNEgBZAlNAD
566=UoKQA2SAHZaTdIAd1MOEgB0Qk5KCkAOkgB0Qk7SAFACWkAPEgB3UE9SAHJTj5IAXQDTQA/
567=SAHRFEBIAckMQUgByQxCSAHdCkNIAUgGaQBESAHFKUVIAcUpRkgBdANNAEcoKQBISAHVGE
568=lIAdEJSkgBXARpAEtIAdEUTEgBwQ9NKCkATigpAE8oKQBQKCkAUSgpAFIoKQBTSAHFVVQo
569=KQBVKCkAVigrABoAVuVVGygpABwoKQAdSAHZHB5IAXwWTQAfKCkAICgpACFIAdEqIkgBya
570=YjSAFIBmkAJCgpACVIAdUjJkgB0R8nKCkAKEgBwQ8pSAF4B00AKkgBzSYrSAHZBixIAd0r
571=LUgBXARpAC4oKQAvKCkAMCgpADFIAdEJMkgB0QkzSAHdQTRIAcG0NUgB2RE2SAF8C00ANy
572=gpADhIAdEJOUgB0Qk6SAHFEztIAUgGaQA8SAHZdD1IAWgCTQA+KCkAPygpAEAoKQBBSAHd
573=K0JIAdVaQ0gBVAdpAERIAcEERUgBwQ9GSAF0A00AR0gBwYhISAFEAmkASUgB2RFKSAFoAk
574=0AS0gBwRpMSAHBGk0oKQBOKCkATygpAFAoKQBRKCkAUkgBzVJTKCkAVCgpAFUoKwAbAFft
575=UhwoKQAdKCkAHkgBzTEfSAFMFWkAICgpACEoKQAiKCkAIygpACQoKQAlKCkAJkgBxR4nSA
576=HFHigoKQApSAElbSQqSAHBBCsoKQAsSAHNRy1IAc0FLkgB0WEvSAFwFU0AMEgBxWAxSAHR
577=CTJIAcE7M0gBXARpADQoKQA1SAHRFDZIAd0gN0gBYAVNADhIAcEEOUgB3Qo6SAHdQTtIAV
578=wEaQA8KCkAPSgpAD4oKQA/KCkAQCgpAEEoKQBCKCkAQygpAEQoKQBFSAHB9kZIAXQOTQBH
579=SAHRFEhIAdUYSUgBUANpAEpIAcWtS0gB1RhMKCkATSgpAE4oKQBPKCkAUCgpAFFIAdVPUi
580=gpAFMoKQBUKCsAHABY9U8dKCkAHigpAB9IAcE7IEgByRchSAF8Fk0AIigpACMoKQAkSAHZ
581=PSVIAcUIJkgBzRsnKCkAKCgpAClIAcVKKkgBzQUrSAHVOSxIAVAOaQAtSAHdeC5IAWgCTQ
582=AvSAHNfjBIAUQCaQAxSAHZMjJIAWgCTQAzKCkANEgBwTA1SAHNEDZIAc0QN0gB1Rg4SAHV
583=AjkoKQA6SAHRFDtIAVgLaQA8KCkAPSgpAD4oKQA/KCkAQCgpAEEoKQBCKCkAQygpAEQoKQ
584=BFSAHZoEZIAdEUR0gB0RRIKCkASUgBwQRKSAHBBEsoKQBMKCkATSgpAE4oKQBPKCkAUEgB
585=3UxRKCkAUigpAFMoKwAdAFn9TB4oKQAfKCkAIEgB2SchSAFsJ00AIigpACMoKQAkKCkAJU
586=gBxWsmSAHBGicoKQAoSAHdCilIAUwKaQAqSAHZBitIAdkGLEgBwVwtSAFgBU0ALkgByUMv
587=SAHRCTBIAVADaQAxSAEncQlZZAJtADNUAnwATQA0SAHFVTVIAUQCaQA2SAHdNjdIAclOOC
588=gpADlIAcUTOigpADtIAdmrPEgBZAlNAD0oKQA+KCkAPygpAEAoKQBBKCkAQigpAEMoKQBE
589=KCkARSgpAEZIAc0mR0gBxRNIKCkASSgpAEooKQBLKCkATCgpAE0oKQBOKCkAT0gBxUpQKC
590=kAUSgpAFIoKwAeAFrlSh8oKQAgSAHFNCFIAUQjCgAAAAAiAFoAAAAAAAARAACODPUdBQAA
591=IwBaAAAAgwAkAFqcAFEAJUkBjFwASQAmSQGIXABJACdJAYNcAEkAKEgB1QIpSQGJSAJJAC
592=pIAcEEKygpACxJAYZUA0kALUgBWABpAC5JAZBjAQAAL0gB2QYwSQGFtQIxSAHVAjJIAckM
593=M0kBh6EENEgBpgEANSgpADYoKQA3KCkAOCgpADlIAc0bOkgBxRM7SAHRCTwoKQA9KCkAPi
594=gpAD8oKQBAKCkAQSgpAEIoKQBDSQGPoQtESAGmAQBFSQGNrQFGSAHZHEcoKQBIKCkASSgp
595=AEooKQBLKCkATCgpAE0oKQBOSgH//40MTygpAFAoKQBRKCgAAR8AWwDVOSBIAdkRIUgBzT
596=EiKCkAIygpACQoKQAlSAHFKSZIAZsOAAAnSQGSrQEoSAGmAQApKCkAKkgBzTErSAHBDyxI
597=AdEJLUgB2QYuKCkAL0gBzUcwSAHJFzFJAYqxBTJIAaYBADNIAckMNEkBi7kCNUgBpgEANi
598=gpADcoKQA4SAHFNDlIAcUTOigpADtIAcFRPEgB0Qk9KCkAPigpAD8oKQBAKCkAQSgpAEIo
599=KQBDSAHdFURIAcEwRUgBzRBGKCkARygpAEgoKQBJKCkASigpAEsoKQBMKCkATUgB1UROKC
600=kATygpAFAoKAABIABcAMUTIUgB2REiKCkAIygpACQoKQAlKCkAJkgBzSYnSAHNJigoKQAp
601=KCkAKkgB1Q0rSAHVDSxIAc08LUgBxQguSAHRbC9IAdUCMCgpADEoKQAySQGRpQQzSAHRCT
602=RIAbICADUoKQA2KCkANygpADhIAcUTOUgBxRM6KCkAO0gBzVI8SAHFlz1IAdEfPkgB1Q0/
603=SAHdTEBIAcEEQUgBwQRCKCkAQ0gBwQ9ESAHBD0UoKQBGKCkARygpAEgoKQBJKCkASigpAE
604=soKQBMSAHdQU0oKQBOKCkATygoAAEhAF0AzRAiKCkAIygpACQoKQAlKCkAJigpACdIAcFy
605=KEgBxR4pKCkAKkgBwX0rSAHRgixIAc0FLSgpAC5IAdUjL0gBxSkwSAHNBTEoKQAyKCkAMy
606=gpADRIAc0xNUgBxRM2SAHFCDcoKQA4SAHVDTlIAd0gOkgBxUo7SAHZBjwoKQA9SAHZBj5I
607=AdV7P0gBxQhAKCkAQUgBwQRCKCkAQ0gB0UtESAHZBkVIAdUCRkgB1QJHKCkASCgpAEkoKQ
608=BKKCkAS0gBxT9MKCkATSgpAE4oKwAiAF7lPyMoKQAkKCkAJSgpACZIAd02J0gBySIoKCkA
609=KSgpACooKQArSAHJxyxIAdkGLSgpAC5IAcUpL0gB1S4wSAHNBTFIAdU5MkgB3UEzSAHBBD
610=RJAY6tATVIAaQBWcFexgEAN1QCxQg4SAHRKjlIAcEaOkgB0QU7KCkAPEgBxYw9SAHZBj4o
611=KQA/KCkAQCgpAEEoKQBCSAHJDENIAckMREgBySJFSAHVAkZIAd0gR0gB1Q1IKCkASSgpAE
612=pIAc08SygpAEwoKQBNKCsAIwBf7TwkKCkAJSgpACZIAdEUJ0gB2REoKCkAKSgpACooKQAr
613=KCkALCgpAC0oKQAuSAHZMi9IAd0KMEgBzTExSAHZHDIoKQAzSAHVZTRIAcUTNUgBxQg2SA
614=HZMjdIAcUIOEgBwWc5KCkAOkgB0Qk7SAHNRzxIAdEJPUgB1S4+SAHRCT9IAdEJQCgpAEEo
615=KQBCKCkAQ0gBxYxESAHdCkVIAdkcRkgB3QpHKCkASCgpAElIAdU5SigpAEsoKQBMKCsAJA
616=BgJoUnJUgB3QomKCkAJ0gBxR4oSAHFHilIAcUTKkgBzewrSAHVAiwoKQAtSAHJFy5IAckM
617=L0gB3QowSAHVAjEoKQAyKCkAMygpADQoKQA1SAHZETZIAcEPN0gB1UQ4SAHVAjkoKQA6SA
618=HJxztIAd1BPEgBzQU9SAEnCgdgAMEEP1QCwQRAKCkAQSgpAEIoKQBDKCkAREgB0R9FSAHZ
619=HEYoKQBHKCkASEgB3TZJKCkASigpAEsoKAABJQBhANUYJkgB3QonSAHdTChIAdUCKUgByS
620=0qSAHBBCtIAdUCLCgpAC1IAdkGLigpAC8oKQAwKCkAMUgB0QkySAHZBjNIAdUCNEgB1QI1
621=KCkANkgBwQ83SAHdKzhIAd0rOUgBxUo6SAHVAjtIAdkyPEgBxQg9SAHJDD4oKQA/SAEldS
622=VASAHZaUFIAdEJQkgB2TJDSAHRCURIAdEJRSgpAEYoKQBHSAHFNEgoKQBJKCkASigoAAEm
623=AGIAwVEnSAHBDyhIAdUYKUgB0R8qSAHBBCtIAcEELEgB2REtKCkALigpAC9IAcktMEgByd
624=0xSAHRCTJIAcXDM0gB1QI0SAHNRzVIAckMNkgB0Qk3KCkAOEgBxSk5SAHdFTpIAdEJO0gB
625=3RU8SAHRCT0oKQA+SAHFEz9IAdkGQCgpAEFIAd2vQkgBxQhDKCkARCgpAEVIAdEURkgBzT
626=FHKCkASCgpAEkoKAABJwBjAM08KEgByQwpKCkAKkgBwQQrSAHBBCwoKQAtKCkALkgBwRov
627=SAHBGjAoKQAxKCkAMigpADMoKQA0KCkANUgBxTQ2SAHRCTcoKQA4KCkAOUgBzQU6SAHNBT
628=tIAScBBmPxuT1UAtEUPkgBzQU/SQGTrQFASAGmAQBBKCkAQkgB0QlDSAHdIERIAcU/RUgB
629=1S5GKCkARygpAEgoKwAoAGQmpSApKCkAKigpACsoKQAsKCkALUgB1Q0uSAHRFC8oKQAwKC
630=kAMSgpADIoKQAzKCkANCgpADUoKQA2KCkANygpADgoKQA5KCkAOigpADtIAcEwPEgBxRM9
631=KCkAPigpAD8oKQBAKCkAQUgB3Y5CSAHdK0MoKQBESAHdK0UoKQBGKCkARygrACkAZf0rKi
632=gpACsoKQAsKCkALSgpAC5IAd3mL0gB1RgwKCkAMSgpADIoKQAzKCkANCgpADUoKQA2KCkA
633=NygpADgoKQA5KCkAOigpADsoKQA8KCkAPUgB0YI+SAHNcz8oKQBAKCkAQUgBxSlCKCkAQ0
634=gBxSlEKCkARSgpAEYoKwAqAGblKSsoKQAsKCkALSgpAC5JAYaxJi9IAaYBADAoKQAxKCkA
635=MigpADMoKQA0KCkANSgpADYoKQA3KCkAOCgpADkoKQA6KCkAO0kBjbEQPEkBh6kBPUgBpg
636=EAPkkBjK0BP0kBg6kBQCgpAEEoKQBCSAHNJkMoKQBEKCkARSgrACsAZ+0mLCgpAC0oKQAu
637=KCkAL0kBhaEPMEgB0RQxSAGyAgAyKCkAMygpADQoKQA1KCkANigpADcoKQA4KCkAOUgByS
638=I6SAHBDztIAdEfPCgpAD1IAcEEPkgBwQQ/KCkAQCgpAEFIAdUjQigpAEMoKQBEKCsALABo
639=9SMtKCkALigpAC8oKQAwSAHFSjFIASdJBGjGAQAzKFUANCgpADUoKQA2KCkANygpADgoKQ
640=A5SAHRQDpIAdkcOygpADwoKQA9KCkAPigpAD8oKQBASAHdIEEoKQBCKCkAQygrAC0Aaf0g
641=LigpAC8oKQAwKCkAMUgByUMySAHVHzMoKQA0KCkANSgpADYoKQA3SAHFPzhIAcE7OUgBxR
642=46KCkAOygpADwoKQA9KCkAPigpAD9IAcUeQCgpAEEoKQBCKCsALgBq5R4vKCkAMCgpADEo
643=KQAySAHRFDNIAdEfNEgB0R81KCkANigpADdIAdU5OEgBzRs5KCkAOigpADsoKQA8KCkAPS
644=gpAD5IAc0bPygpAEAoKQBBKCsALwBr7RswKCkAMSgpADIoKQAzSAHVWjRIASdCA2sAxTQ2
645=VALRHzdIAdUYOCgpADkoKQA6KCkAOygpADwoKQA9SAHVGD4oKQA/KCkAQCgrADAAbPUYMS
646=gpADIoKQAzKCkANEgB0RQ1SAHRFDYoKQA3KCkAOCgpADkoKQA6KCkAOygpADxIAd0VPSgp
647=AD4oKQA/KCsAMQBt/RUyKCkAMygpADQoKQA1KCkANigpADcoKQA4KCkAOSgpADooKQA7SA
648=HFEzwoKQA9KCkAPigrADIAbuUTMygpADQoKQA1KCkANigpADcoKQA4KCkAOSgpADpIAc0Q
649=OygpADwoKQA9KCsAMwBv7RA0SQGIoU01KCkANigpADcoKQA4SAHVOTlIAdUNOigpADsoKQ
650=A8KCgAAzQAcAD7AY0MNUkB86kBNigpADdJAfW1AjhIAd0KOSgpADooKQA7KCsANQBxkApR
651=ADYoKQA3SAHFCDgoKQA5KCkAOigoAAE2AHIAzQU3KCkAOCgpADkoKwA3AHPsBQg4AHMA//
652=8AAAAAABEAAA==

[Lighting]
Red=1.080000
Blue=0.680000
Green=0.940000
Level=0.028000
Ground=0.000000
Ambient=1.000000
IonAmbient=0.870000
IonRed=0.300000
IonGreen=0.400000
IonBlue=0.750000
IonGround=0.000000
IonLevel=0.000000
DominatorAmbient=1.500000
DominatorRed=0.850000
DominatorGreen=0.200000
DominatorBlue=0.300000
DominatorGround=0.000000
DominatorLevel=0.000000
DominatorAmbientChangeRate=0.001000
DominatorAmbientChangeRate=0.009000

[Map]
Size=0,0,61,55
Theater=TEMPERATE
LocalSize=2,4,57,47

[Neutral]
IQ=0
Edge=North
Color=Grey
Allies=Neutral
Country=Neutral
Credits=0
NodeCount=0
TechLevel=1
PercentBuilt=0
PlayerControl=no

[Nod]
IQ=0
Edge=North
Color=Gold
Allies=Nod
Country=Nod
Credits=0
NodeCount=0
TechLevel=1
PercentBuilt=0
PlayerControl=no

[OverlayDataPack]
1=BQAAIP4AIACAeAAAIP5ABACCBgb//gFDAoMKCgj//AFBBIEI/gMAC4EK//oBQwaCBgr+BA
2=ALgQj++QEAgQf+BQAL//oBQwiCBAj//wE/CigBgQv/+wFBBkQC//sBQwiBByIBgQf//wFG
3=Dv/7AUgUHgX/+wFHEgIBggcH//4BQQT+uwMAgFUAACD+Sg4AgwQHBP79AQCDBwsI//8BTQ
4=6CCgb+5QEAggICyigUUA+DBwsL//0BTBCCBgr/6AFLEtUzFoMICgf+/gEAgQb//gFMDtcy
5=Dv/9AU4W/50BSRKAsAAAIP5kAACEBwsLCP7pAQCBAtJSAIIKB/77AQACAIQLCggE/vkBAI
6=EI/gUAC//qAWcAzVUEgQr+BQALggoG/vYBAIEGMf//AAJpCP/6AWcCF/+CCgj/9wFrCkQB
7=//kBagYkAf/8AWgEHAH/8QFnEIEEymkOggQE/70BpxT/7wExEoIGBv9BAFUY/7wBYxCBBv
8=4EAAqCCwv6agwSAP+4AWkMwWQE/gMAC/taHD/z/6QBWRiApgAAIP4RAACBB/4GAAuBB/49
9=AACHBAgKCwoIBP60AQAyAIIKBv3SAYIKCP62AQCCBgr+BAAL/0IAWgKBBv+1AVwA/gMAAI
10=EI/0QAFAL+uwEAFAH/twFaAv9HAMwHggcH/7gBWgT+WQIAgQT+AwAH//wBFgoeFv/8ARYI
11=EgCBCvsYAP+/AWoMwVcA//sBFwbBVgL//gEsFIMACAj//wEpDP8RBBYK/sMBAIBHAAAg/j
12=wGAIIGBv/8AUMEhAYICgr/+AE9BoEEAfyDCgsL//kBPQiCAAgB/YIIB//7AT0GgwoLCv79
13=AQCEBwoIBP/4Az8E/swLAIBvAAAg/i8GAIEE/gQAB4MGAAYQBf70AQCBB/4EAAv+AwAKAA
14=X/9QE5BiIA/gYAC4EH//UBOwSBCAP7JASCCAT+9gEAgQgx///1AToKdAKBCP77AQCBCP/6
15=ATcM/gUAAIIGCv/8ATcQEgH//AE3Ev7PBwCABQAAIP4AIACABQAAIP4AIACABQAAIP4AIA
16=CABQAAIP4AIACABQAAIP4AIACABQAAIP4AIACABQAAIP4AIACABQAAIP4AIACABQAAIP4A
17=IACABQAAIP4AIACABQAAIP4AIACABQAAIP4AIACABQAAIP4AIACABQAAIP4AIACABQAAIP
18=4AIACABQAAIP4AIACABQAAIP4AIACABQAAIP4AIACABQAAIP4AIACABQAAIP4AIACABQAA
19=IP4AIACABQAAIP4AIACABQAAIP4AIACABQAAIP4AIACABQAAIP4AIACA

[OverlayPack]
1=BQAAIP4AIP+AUwAAIP5ABP+CcHD//wFDAv4DAHD/AAJEBP/6AUMG/gcAcP8AAkUI//EBRA
2=qBrf//ATcM/wICNAzNOBD/+gNECP8AAj4I/wECQhYiAf70A/+Brv7DAf+AOwAAIP5KDv/+
3=AwBw/wAETQz/5gFMEIJeTP4LAP+ETEpKS//vAUQS2DMS/wECTRT/AAJMDP8YBDUM/5kBZh
4=yAfwAAIP5kAP/+BABw/ukB/4FV01IA/+oBZwDUUgL/+wFnAv//AWQE/gkAcP//AW0G/wAC
5=awj//QNsAv78Af//AgJkEP7wAf+CHh7/vQFYFMhkFoGx9CEWy1YW/68BaRb9ZBL+BQAe/7
6=8Bqwr/QQAZGv+3AVka/0UAYwz+BwAe/qMB/4BoAAAg/hEA//4IAHD+CwD/ga3+MQD//gcA
7=Hv60Af/QEQD+NAD/Uf7vJAD/hgGSAP5BAP//tgFbAGIB/voB////ARMGMgH+EAT//wACEg
8=j/BQInDv8AAhcG//8DFQj/AAIVCv8SBBUK/sMB/4BAAAAg/jwG/4IeHv/8AUME/gUAHv/5
9=AUAG/gcAHv/6AT8G//0BOgoiAP//AT8Egx4esf/3A0AEAf3+CQD/gbD+vwv/gDQAACD+Lw
10=b//gYAcCAH//sBOgRCBv/tBTwGUe///AEzCsgtDv8AAjQE//4BOBD/AAIxBP7KCf+ABQAA
11=IP4AIP+ABQAAIP4AIP+ABQAAIP4AIP+ABQAAIP4AIP+ABQAAIP4AIP+ABQAAIP4AIP+ABQ
12=AAIP4AIP+ABQAAIP4AIP+ABQAAIP4AIP+ABQAAIP4AIP+ABQAAIP4AIP+ABQAAIP4AIP+A
13=BQAAIP4AIP+ABQAAIP4AIP+ABQAAIP4AIP+ABQAAIP4AIP+ABQAAIP4AIP+ABQAAIP4AIP
14=+ABQAAIP4AIP+ABQAAIP4AIP+ABQAAIP4AIP+ABQAAIP4AIP+ABQAAIP4AIP+ABQAAIP4A
15=IP+ABQAAIP4AIP+A

[Russians]
IQ=0
Edge=North
Color=DarkRed
Allies=Russians
Country=Russians
Credits=0
NodeCount=0
TechLevel=1
PercentBuilt=0
PlayerControl=no

[Special]
IQ=0
Edge=North
Color=Grey
Allies=Special
Country=Special
Credits=0
NodeCount=0
TechLevel=1
PercentBuilt=0
PlayerControl=no

[SpecialFlags]
Inert=no
FogOfWar=no
IonStorms=no
MCVDeploy=no
Meteorites=no
Visceroids=yes
FixedAlliance=no
TiberiumGrows=yes
InitialVeteran=no
HarvesterImmune=no
TiberiumSpreads=yes
TiberiumExplosive=no
DestroyableBridges=yes

[Structures]
0=Neutral,CAMSC08,256,25,47,64,None,1,0,1,0,0,None,None,None,0,0
1=Neutral,CAMSC09,256,30,49,64,None,1,0,1,0,0,None,None,None,0,0
2=Neutral,CAMSC07,256,26,50,64,None,1,0,1,0,0,None,None,None,0,0
3=Neutral,CAMSC08,256,75,72,64,None,1,0,1,0,0,None,None,None,0,0
4=Neutral,CAMSC09,256,76,75,64,None,1,0,1,0,0,None,None,None,0,0
5=Neutral,CAMSC06,256,27,48,64,None,1,0,1,0,0,None,None,None,0,0
6=Neutral,CAMSC06,256,78,74,64,None,1,0,1,0,0,None,None,None,0,0
7=Neutral,CAMSC06,256,57,25,64,None,1,0,1,0,0,None,None,None,0,0
8=Neutral,CAMSC07,256,54,24,64,None,1,0,1,0,0,None,None,None,0,0
9=Neutral,CAMSC08,256,57,28,64,None,1,0,1,0,0,None,None,None,0,0
10=Neutral,CAMSC09,256,58,23,64,None,1,0,1,0,0,None,None,None,0,0
11=Neutral,CAMSC08,256,78,71,64,None,1,0,1,0,0,None,None,None,0,0

[TaskForces]

[Terrain]
8060=TREE14
9056=TREE21
9063=TREE20
10058=TREE20
10061=TREE22
10065=TREE22
10066=TREE20
11054=TREE23
12058=TREE23
12064=TREE22
13051=TREE22
13061=TREE20
14054=TREE13
15057=TREE22
15059=TREE23
16052=TREE23
16063=TREE13
17067=TREE24
17069=TREE23
17071=TREE21
18059=TREE23
18063=TREE23
19072=TREE21
19073=TREE13
19074=TREE24
20052=TREE21
20055=TREE23
20059=TREE21
20069=TREE14
20071=TREE24
20073=TREE24
20075=TREE13
21051=TREE21
21060=TREE22
21077=TREE24
22066=TIBTRE02
22072=TREE20
23051=TREE22
23055=TREE20
23056=TREE23
23072=TREE21
23077=TREE23
24045=TREE21
24073=TREE24
24074=TREE21
24076=TREE24
25051=TREE13
25062=TREE13
25081=TREE21
26051=TREE23
26077=TREE23
26080=TREE24
27043=TREE20
27054=TREE24
27077=TREE21
27079=TREE22
27081=TREE14
28048=TREE14
29065=TREE14
29082=TREE23
29084=TREE21
30044=TREE21
30059=TREE24
30077=TREE14
30080=TREE14
31046=TREE22
31049=TREE22
31059=TREE24
31060=TREE20
31062=TREE23
31065=TREE20
31073=TREE22
31075=TREE23
31086=TREE13
32058=TREE21
32069=TREE13
32073=TREE20
32074=TREE13
33067=TREE21
33071=TREE23
34063=TREE21
34071=TREE23
35046=TREE22
35063=TREE20
35065=TREE14
35067=TREE22
35072=TREE24
36033=TREE21
36038=TREE24
36049=TREE22
36051=TREE21
36066=TREE23
36074=TREE23
37039=TREE22
37046=TREE20
37073=TREE14
38030=TREE22
38033=TREE14
38037=TREE23
38043=TREE20
39028=TREE20
39071=TREE20
40049=TREE22
40095=TREE14
41027=TREE14
41032=TREE23
41034=TREE22
41036=TREE20
41038=TREE14
43031=TREE13
43052=TREE24
43069=TREE23
44041=TREE21
44051=TREE22
44053=TREE24
44099=TREE21
45046=TREE21
45056=TREE23
46026=TREE13
46042=TREE20
47018=TREE13
47024=TREE14
47028=TREE23
47049=TREE21
47051=TREE22
47053=TREE14
47074=TREE22
48031=TREE23
48032=TREE21
48056=TREE14
49019=TREE22
49032=TREE24
49036=TREE14
49049=TREE23
49096=TREE14
49099=TREE23
50025=TREE22
50059=TREE23
50066=TREE20
51016=TREE13
51025=TREE13
51033=TREE21
51037=TREE23
51070=TREE21
51083=TREE14
51102=TIBTRE02
52011=TREE13
52033=TREE21
52053=TREE24
52057=TREE21
52060=TREE23
52065=TREE20
52108=TREE22
53017=TREE14
53019=TREE22
53023=TREE21
53058=TREE23
54012=TREE14
54026=TREE13
54035=TREE23
54055=TREE14
54108=TREE24
55016=TREE22
55083=TREE20
55088=TREE23
55107=TREE21
56009=TREE21
56021=TREE21
56034=TREE21
56061=TREE20
56090=TREE21
56106=TREE22
57015=TREE24
57086=TREE24
57094=TREE20
57097=TREE21
57105=TREE13
58010=TREE23
58013=TREE13
58017=TREE23
58022=TREE24
58058=TREE13
58064=TREE21
58089=TREE21
58092=TREE20
58093=TREE22
58094=TREE24
58098=TREE21
58099=TREE14
58103=TREE24
59009=TREE20
59016=TREE13
59019=TREE24
59021=TREE20
59025=TREE21
59028=TREE24
59030=TREE21
59083=TREE21
59085=TREE13
59094=TREE13
59095=TREE14
59097=TREE22
59098=TREE24
60006=TREE21
60030=TREE20
60031=TREE21
60057=TREE20
60060=TREE22
60085=TREE21
60092=TREE20
60102=TREE22
60103=TREE13
61015=TREE23
61026=TREE21
61031=TREE23
61032=TREE23
61083=TREE20
61092=TREE22
61094=TREE21
61095=TREE23
61099=TREE22
61100=TREE14
62009=TREE21
62012=TREE23
62016=TREE24
62025=TREE23
62026=TREE20
62028=TREE22
62036=TREE23
62055=TREE14
62063=TREE21
62066=TREE21
62080=TREE23
62082=TREE14
62083=TREE23
62088=TIBTRE02
62094=TREE20
63015=TREE21
63036=TREE22
63053=TREE24
63067=TREE23
63077=TREE20
63093=TREE20
63099=TREE21
64010=TREE21
64020=TIBTRE02
64027=TREE21
64032=TREE24
64035=TREE13
64071=TREE23
64073=TREE23
64080=TREE24
64081=TREE14
64099=TREE22
65028=TREE23
65049=TREE13
65066=TREE23
65071=TREE24
65075=TREE20
65078=TREE21
65080=TREE24
65086=TREE23
65093=TREE21
65096=TREE20
66010=TREE20
66013=TREE23
66016=TREE14
66033=TREE23
66054=TREE24
66074=TREE22
66078=TREE14
66079=TREE21
66083=TREE13
66085=TREE14
66088=TREE23
66091=TREE14
67032=TREE24
67067=TREE21
67095=TREE14
68014=TREE24
68017=TREE24
68020=TREE21
68025=TREE22
68038=TREE23
68046=TREE20
68049=TREE21
68068=TREE23
68070=TREE22
68084=TREE24
68087=TREE20
68092=TREE24
69049=TREE23
69072=TREE24
69075=TREE24
69076=TREE14
69081=TREE13
69092=TREE22
70021=TREE22
70022=TREE13
70023=TREE21
70045=TREE22
70084=TREE22
70090=TREE24
71024=TREE14
71046=TREE13
71086=TREE14
71088=TREE21
72020=TREE14
72070=TREE21
72073=TREE22
72082=TREE24
73021=TREE20
73027=TREE14
73030=TREE23
73034=TREE21
73069=TREE24
73080=TREE21
74019=TREE24
74021=TREE22
74025=TREE23
74064=TREE22
74069=TREE23
74073=TREE21
74086=TREE24
74089=TREE24
75019=TREE24
75022=TREE22
75072=TREE22
75074=TREE22
75086=TREE14
76025=TREE23
76067=TREE21
76070=TREE24
76075=TREE22
77070=TREE20
77078=TREE21
77084=TREE22
78029=TREE24
78065=TREE24
78066=TREE14
78078=TREE24
78080=TREE14
78084=TREE20
78085=TREE13
79023=TREE21
79074=TREE22
79075=TREE13
79080=TREE21
79082=TREE20
80051=TREE24
80070=TREE21
80079=TREE14
80082=TREE21
80083=TREE21
81049=TREE23
81050=TREE21
81065=TREE24
81082=TREE20
82053=TREE21
82055=TREE24
82063=TREE13
82070=TREE23
82072=TREE22
82078=TREE24
82080=TREE23
82081=TREE20
83054=TREE21
83057=TREE23
83058=TREE13
83059=TREE22
83062=TREE22
83066=TREE20
83069=TREE24
83078=TREE20
83080=TREE22
84054=TREE22
85046=TREE21
85048=TREE21
85050=TREE23
85052=TREE13
85057=TIBTRE02
85076=TREE21
86063=TREE22
86065=TREE23
86067=TREE14
86076=TREE13
87052=TREE24
87070=TREE14
87073=TREE23
87075=TREE21
88050=TREE22
88061=TREE13
88065=TREE22
88066=TREE20
89047=TREE23
89052=TREE23
89065=TREE20
90045=TREE22
90046=TREE24
90047=TREE20
90050=TREE21
90064=TREE24
90065=TREE22
90069=TREE13
91054=TREE22
91060=TREE24
91061=TREE21
91072=TREE23
92045=TREE14
92049=TREE22
92051=TREE21
92061=TREE23
92064=TREE22
93060=TREE20
93067=TREE13
93068=TREE22
94038=TREE13
94057=TREE21
94059=TREE21
94060=TREE21
95041=TREE20
95043=TREE22
95046=TREE24
95049=TREE24
95050=TREE24
95052=TREE21
95063=TREE14
95064=TREE21
95065=TREE22
96053=TREE23
96055=TREE22
96063=TREE20
97043=TREE23
97047=TREE14
97048=TREE20
97050=TREE13
97053=TREE13
97057=TREE22
97061=TREE20
97063=TREE22
97065=TREE14
98058=TREE21
100044=TREE14
100046=TREE21
101051=TIBTRE02
101061=TREE21
103059=TREE23
105057=TREE24
105058=TREE21
107051=TREE14
108052=TREE24

[Triggers]

[Waypoints]
0=85034
1=38085

[YuriCountry]
IQ=0
Edge=North
Color=DarkRed
Allies=YuriCountry
Country=YuriCountry
Credits=0
NodeCount=0
TechLevel=1
PercentBuilt=0
PlayerControl=no



[Digest]
1=QniYEm3py/IKL5vr4HKT88/FgAo=

