[GAYARD]
Name=Allied Shipyard
TechLevel=11

[NAYARD]
Name=Soviet Shipyard
TechLevel=11

[YAYARD]
Name=Yuri Submarine Pen
TechLevel=11

[Header]
StartX=228
StartY=35
Width=55
Height=42
NumberStartingPoints=2
NumCoopHumanStartSpots=4
Waypoint1=235,57
Waypoint2=276,57
Waypoint3=0,0
Waypoint4=0,0
Waypoint5=0,0
Waypoint6=0,0
Waypoint7=0,0
Waypoint8=0,0

[SpecialFlags]
TiberiumGrows=yes
TiberiumSpreads=yes
TiberiumExplosive=no
DestroyableBridges=yes
MCVDeploy=no
InitialVeteran=no
FixedAlliance=no
HarvesterImmune=no
FogOfWar=no
Inert=no
IonStorms=no
Meteorites=no
Visceroids=no

[Ranking]
ParTimeEasy=00:01:00
ParTimeMedium=00:01:00
ParTimeHard=00:01:00
UnderParTitle=GUI:NoUnderParTitle
UnderParMessage=GUI:NoUnderParMessage
OverParTitle=GUI:NoOverParTitle
OverParMessage=GUI:NoOverParMessage

[Houses]
0=Americans
1=Alliance
2=French
3=Germans
4=British
5=Africans
6=Arabs
7=Confederation
8=Russians
9=YuriCountry
10=GDI
11=Nod
12=Neutral
13=Special

[Americans]
Country=Americans
TechLevel=0
Credits=0
IQ=0
PlayerControl=yes
Color=Gold
Allies=Americans
PercentBuilt=0
NodeCount=0

[Alliance]
Country=Alliance
TechLevel=1
Credits=0
IQ=0
PlayerControl=no
Color=Gold
Allies=Alliance
PercentBuilt=0
NodeCount=0

[French]
Country=French
TechLevel=1
Credits=0
IQ=0
PlayerControl=no
Color=Gold
Allies=French
PercentBuilt=0
NodeCount=0

[Germans]
Country=Germans
TechLevel=1
Credits=0
IQ=0
PlayerControl=no
Color=Gold
Allies=Germans
PercentBuilt=0
NodeCount=0

[British]
Country=British
TechLevel=1
Credits=0
IQ=0
PlayerControl=no
Color=Gold
Allies=British
PercentBuilt=0
NodeCount=0

[Africans]
Country=Africans
TechLevel=1
Credits=0
IQ=0
PlayerControl=no
Color=DarkRed
Allies=Africans
PercentBuilt=0
NodeCount=0

[Arabs]
Country=Arabs
TechLevel=1
Credits=0
IQ=0
PlayerControl=no
Color=DarkRed
Allies=Arabs
PercentBuilt=0
NodeCount=0

[Confederation]
Country=Confederation
TechLevel=1
Credits=0
IQ=0
PlayerControl=no
Color=DarkRed
Allies=Confederation
PercentBuilt=0
NodeCount=0

[Russians]
Country=Russians
TechLevel=1
Credits=0
IQ=0
PlayerControl=no
Color=DarkRed
Allies=Russians
PercentBuilt=0
NodeCount=0

[YuriCountry]
Country=YuriCountry
TechLevel=1
Credits=0
IQ=0
PlayerControl=no
Color=DarkRed
Allies=YuriCountry
PercentBuilt=0
NodeCount=0

[GDI]
Country=GDI
TechLevel=1
Credits=0
IQ=0
PlayerControl=no
Color=Gold
Allies=GDI
PercentBuilt=0
NodeCount=0

[Nod]
Country=Nod
TechLevel=1
Credits=0
IQ=0
PlayerControl=no
Color=Gold
Allies=Nod
PercentBuilt=0
NodeCount=0

[Neutral]
Country=Neutral
TechLevel=1
Credits=0
IQ=0
PlayerControl=no
Color=Grey
Allies=Neutral
PercentBuilt=0
NodeCount=0

[Special]
Country=Special
TechLevel=1
Credits=0
IQ=0
PlayerControl=no
Color=Grey
Allies=Special
PercentBuilt=0
NodeCount=0

[Basic]
NextScenario=GDI2A.map
AltNextScenario=GDI9C.MAP
NewINIFormat=4
CarryOverCap=0
EndOfGame=no
SkipScore=no
OneTimeOnly=no
SkipMapSelect=no
Official=yes
IgnoreGlobalAITriggers=no
TruckCrate=no
TrainCrate=no
Percent=0
Theme=No theme
MultiplayerOnly=1
TiberiumGrowthEnabled=yes
VeinGrowthEnabled=yes
IceGrowthEnabled=yes
TiberiumDeathToVisceroid=yes
FreeRadar=no
InitTime=10000

[Lighting]
Ambient=1.000000
Red=0.900000
Green=0.900000
Blue=1.000000
Ground=0.050000
Level=0.008000
IonAmbient=0.870000
IonRed=0.300000
IonGreen=0.400000
IonBlue=0.750000
IonGround=0.000000
IonLevel=0.000000
DominatorAmbient=1.500000
DominatorRed=0.850000
DominatorGreen=0.200000
DominatorBlue=0.300000
DominatorGround=0.000000
DominatorLevel=0.000000
DominatorAmbientChangeRate=0.001000

[Preview]
Size=0,0,110,42

[PreviewPack]
1=exEAIAAVoKhIoKhQqKBQoJhAoJhImKBIqLBQwLhYwLxY0MBouLxYwMRYsLRQcAIIwFjIyG
2=CgsFCotFBTApioSFQAAAPQ0GCgtFCYrFDQ0GiwvFC4wFiwvFhDBJCgSFAFVwPAwGBQAgOg
3=rFCQpEisBLQDSwPY0HBeApisfAhUCcQClAlcDlYJsLhoCSqUAX4FqEhQBVwLTARLA5ikSE
4=QLVgCIlHIXgJCUGAKYSKCkUEwZXAJUAK8BoKhQQAED4Lxw4MBwVAAAA8CocHCAYEhUWGh0
5=YFBYWEBAWEBEWFoBSFCMAQRAWFBcWFhkZAIDcHhYAMAASABUBgHgvGiYRgukUFQJArCYQL
6=igYA1YClQMzA0CoFCwlEheFLi4cCZQFAGwtFjAWyK4ULBEAkQpArRQyMhYXAJcIwnY1HDA
7=yGCosEjY1GhIAEIEoKTMAVACbC6UA6wEKhQASCpcLKcC2NRgSCedBUhTJrjAUCpHAJikQF
8=wIrA1IDEgAtwygrECJP0BEDlwsUAIOiJBAiIw4kJhAkJRAeIQ4iIyGKaBIQB9JAKCcGgOw
9=qFjguGh+IMBwUAJIAFQnUSZAlCdAKDQIAFQDqAAJRFh4eFh4gGDYvHjgaQBwQApYEAGolE
10=CgSAACnEh4fHhIAFgKSABELEMrsJxIW1K4uFhYKwXAvGCgrEjIxEQmZE1QGkAfVEhQGgHg
11=2HDISFEFsEi4xGC4xFhJALBYVYQCvAK0AFwCSACsAbcAqLxQJ6QAA9jYaODceEArSFq8Ak
12=gDUAJcTVQGQRCwbStoTA1cL0gPbQ3AYBNcAkQ+XFBUAFAFSABcU1wFApCcSIiYSQBATAGE
13=RE1SUG4BpEhAH6QpAsiweHCEhVBEZFBkKewlzAEwXADkAgNITFiYmGhFWcCAAFwyAbiwWK
14=BPUpxQqEhgCJhIeIQwgJA4iJA4UA5MEy5NCrxFelhuGcxgTEkF0NRgwMxg2NhtAbhCT7RI
15=SHVQAkwiXQLITgTMYFwCRAUGqKxIaGQAyMAQVAMnvABMBEwiVANMBAPg4Gjg4HBQJlhSSD
16=ZUS0wBUClAIlxNTARAB0QCBqioSMi8WLiwUEwxTARXV8jMWEwEUFACuKxQsKxYJQNAqLhQ
17=mJxsWFACSBhQU0BGrENYQ1QqDrisYNi4aNCwaMiscFhgWEBI3HfIUScwBbAmLRQAVAPkAl
18=B9CZiYYODAiODAeMDEwEgAvAtcKQionECAiDCAiCiImGQpQGpEpHx6BbxYsKRQqKhQrFJA
19=UmQmhKFMUkArA9jccNDYaEQjTCJqQqhQWElHArjIWFQAszLAwAAnCwDQ1GhcHSqMAFgoUQ
20=jYXAVesLxYRFO8U1ywBqCwSMi4UMC0WFQGSABIZkgAQBBADbUniE15oFWrYE+siJRASFFY
21=o1ykVXuA9HtXmZCcQEAHSAALwLBg0LRo0LRwwKxwcHwsTApUJKwlVABIAFgBSABAAUgAQA
22=FIAEIBQFhQp1Z70LTXe8i0YGQ1ZMV8KVwdXDV1AKRQzkkAUETLagC4UEB8fCldpKicKYWk
23=0EhOlHhMQ0BGWCtQTVxQUEpAKCfQBD8gAKxVrAdEU0kJ6FwpAtBgsLRISDO0CVRUXDWkUF
24=sNwLBQQCJLAJigQEgAWCVAT1C2TE9mPqBILjQKVNJdwqDUe1cewLRgvynYuHhMfFRLwFJM
25=JagA5CZQJqgDQAFMqVcAeHhgSA9IAER6TChIAGhRKXwBUFNIAFQMXQKoSPZIAJT2bCg4TA
26=qBHFhEU1RFSABETT/oBC2AAEh4UFNAEycIAFR4SFFcAkxzRFNYSSoECkf+0MxoRHpIKkQm
27=SANcUEgtXClAAVzOTFW0UbQY7ENY63hDVBtACkgAJ7QUSEt0pVh8VCe6KERYWPdZ0ECAAF
28=hPSAAG0LyI2LyA0LiAVMxAJUgARClMo1DLLQgASANIAASYnEiYkECYbaZAYVK0cPVMUrgc
29=WPcnLABAlERQRBpYGSd8CnyeKRQPLdAEMzgAblLEEDxMClAmVKVWNsjEIiAkTGe8ekBSTD
30=cqVxTApEhUkEhUX1OIlDhEBWQpVUKgIl0nuExqWOgjpCdQKUgAVCGoAHwpIxQkVU5wKdQJ
31=dgPAgESh5CAojBJYJUgAvAtICUgAWAFIAEgPQFKkKUr2mIwiPya4tFhV4bhg9wFQwMBgSb
32=rAgqawpCJ8KEDBvAtfRMjMaFxHTCt+U9BoM9AEM1AATE9MUkCCSqXA0EnYWCq0FEAlSABc
33=y1SlQFVUAFBQVE5MAVA4Sc+wZHcBSIicQFgBRKFIJ1CkVBtAvlQAWQG4WiikSDDoAVAdXF
34=OsfLQYA+DAgNjAiMwBAbxw4LwjpSS8PiwDjM1AKEgApA5QDmEopGAoZwKkSLCUe1zOSJBM
35=QFBlYQHAJVwqAcCoULBKPLRYQAQkbynQvFhEmEwBXClMHyAGfApAo0z9A+DgYODcaFwOVP
36=wB2Nxg2EwBiSTATKYF2GDQyGDIvFBENVR4RKdIACQkKUxSQEBMKwOYmECorFCIUQJQkJA4
37=qIRQQCVQGkpFmKBYQCksCS/UDFwOSAC0KnFQvCWcKVALQC4wFAYqRABcC0Q4QnOAjCXMI0
38=gJiABYsty5QHlEArxlQFIBuLhguEJSpFBcKVwCtwDAxGBIA1jNQAFULQKwoFDQtGTUVFRA
39=xFxTSHIq3AEwLABI9kCjYlLMWFxTAai8UNhB2bxsYVykXCxEVgbQwGDAtFjgxFhYiG1kxC
40=UkKVxQQH9UGFApUKRcLKRKTKZEFEwcSAAwxAEwRABALlQhUAWIAK1JUFwvkAgxPAsqBAFu
41=BKBIRIlIAGwBfPVssqwBYQqgzPcDgIhAgIQ4ImEprGymXJVQF7QASC180e76wMQjLTm4Iv
42=A4VKhUHiADZAqMJVBQSQBoVCRAEHB3AahIwLgiDTXQQFIivSpYQAFIA1BQVCdXD8CwWFQP
43=vCZQAkSAKrQUkFNcy0gAPTQKrCK8HaRQbAEj9DdIWkgAUCysBDYUADC8ALwISFRMB4wWIg
44=g5TAGkZVgWUCZMBCcUAFQeXKck1CEqfAqRfWBIG0TspB1EU0hUNiQCVC1MeQPg4Gjo4HhQ
45=Slh5ZgvEWFwpWxDQ1GhIAEBbbIVMK1y2Wo7AUKCjSKJjK6xQiCGJQKRAQ3hJUAKsFiADHA
46=S0EkANRB287GmcoGgwUB1Ie1QATyWImECkBbQAJLwtvAtsBKQvWJFDB5hIsFDaJ4wzI2Qu
47=fAvvVaicSEgA1QysXXdQW6agnEg2fAp2pchYWyKwtEg8fAq09gLQ3GDAxNSKtFFUKkAoSI
48=RYBypcM0BSSQBAgAC0UUh7LZwUWCJoFUy+MqwZtCG0AGwcWB+X+ZCMQCGgN7wgRAidfUhA
49=BKQmXCncffwFSANIAGQpTCgpPCm8BXwCUAKMEG4BqEgm5CBsf2QCSKWcuVBTXEFMVXQJnC
50=xIVIgAcZjInKesUlSoUB1YUlgiXFNcI7QYVKJMoERQnKEi1DMDuMBQwLhQVFFIAFyeVACk
51=CEBSVNgqHApbspisSEz3SACs31wFUi+IkCJMQ7ykdBVIJFqUlEik+GQCdBtswVgWWCVIAC
52=jFBKhsHHwC/EcqvABdC4AiED0o/BR0A2woB0iAiDCAjDCQlDhkAih8AZYMoEhcC0BbSANl
53=C6BIM3wCVwmIkDhUAEwKSFRIACTMKUQFQAG0AKwfTFVSLMDAIgRJvFNISyfkFCQMKVwmSC
54=RYMUxMTHxIBrQASGlAHJBOAUCwqFBU2KwKXA5MT77awKxwYkA0ZgK8WEgPXLmYKGz3rAdQ
55=AnwXSEhsf3wXvErcAogeaFdABEwBVABZLqhYBGiEZAVQAkoAoFBE2lOeeIgoTMosXA9wgK
56=RNagOUONQDnAi0DEAQQAEqDAWkVlwLWBxHGniEMCSESitsEUIWmEhAKEAHQCtYKFynWNCk
57=p7QhpFNEJlAgA9DEYMi4WEgAA7isWNC4UEskyLRYTPRMK1QqRK1AT7YAyLB0A0QaVAZUCV
58=RatABIonIRiDhPKKikUFC2XCmQAihMLkwWSACsK0SSaABdqpQi1CRMB1wIUIlYrFwavHrU
59=IWwoXEd0KqwfbCL8oW4BqEhQSkQdUAtIAKSDeAFEMinsAKS2tC1YBCAHfBC8p1YevFhMf0
60=QpKiQvSCpIAERTXHRYfEABRBRIJKwBVCdAJbyqQBxETVVRqEJPsEhcJkIHqLAioEl8AnmL
61=SEF5uF2AmCIcUlA+QDdPKIiMOKxMZBpEdIQaaCdMapRsJYQsRMJSCKxQUAhTFMDAYFwFUA
62=5QjEAWXCNQEX0IjEhOSACUVFQJzH90e0gVVFSkelRRRGhECFQARBFQLGwBeKNAB1AFImRS
63=KpwFpDWsBFAFSAZID0x8rApUD0gDdQ+gzFIkPFNTSrjAYLRRVD9PIsjIaFimWEBkUCPIXU
64=ABXBckzDJcBVSfpAWJS0BUA0ghXAJcCEQOUEdDDYiUSFACXN0kfD28TVwCSACsE3QAjCVI
65=BnQJTC5SKaRIvFZYLlBlJ7EAsHQefP51P7wizCBcU0ANVABMBCcMFEwBqABkAkCjBYgweI
66=AweIQorB8ovAkozAWIWnQ5eK9IEmwEtFpUAHwCUQ5AVHtTCHCAKLSHbARAu049mEhcFGgA
67=VnW4WFA+REdYFkQvXEpAQEBSAdDIaECAAEArRKdTpLC8WKwrUlCYnCJ4R3DyI8wyTAdiSa
68=hIVABQCFQeVMlseU0NpCRRM0iQCSlEV1wUlGN2WpxITzGwoEhQrUI9wKQiVD6sClQARBFU
69=J1iRRAtIQlQAvwuAiDhMNCK8XZ8dgIgoVCcoxgSkUHofgDBcBTN8BKx5SANABHAv/H1kAk
70=wTjFttAagizEpMWy1EBkTUQEBUVMWDuGB8SAlIFVhnTPq0+WFSxCK0KVhMrKBMT1RpvAJE
71=CHBBKYxRbge4YHUnlCV0UUQvRN1MeUAHUCNMal1rkPyevGhcUEgzpgWQkCKAJ7QASDx2Oc
72=RgTChjAchgmEnMqCVsYlUeiF04pFXtSHkQmFUzUKRTdAwjZChEkkwBRAV0AEkkmHh/UAJE
73=F0wfUAJIEqwQVC1EAqSAfAUorApIfkB/ZFZDB/AAACcIAFA1RCZQLFQJWAdYAUAHtLe0Kl
74=wXSgC4vCKYOVwXSABAyksAuLBQIfxBjUZQQ6a4tFBEJkwitIFDCpCQOHkEuHRjRAhUJ0Sh
75=UM5EVlQnWBZADUgAXJtEX7x9dwOcQMBNDbglfEBUKkwHtwCwuFhUBkAQXVDII5RVhQJAUL
76=BAWLwOtACsUlALSAC0GFxuJ8gDQAFYE0gDqABEVkAfSEu8JlwjVAxQAkgARHdIAFAFSCSw
77=BVBfXFCkBS1MAVwFrAQqvACsAXQAgGQtTElEJlA+WFJUn0wcWHxATEAxWA3da5BBiDhYBE
78=wNXN1CPZiYmOhUh1x6pUGoI7AwIwxxJ3wBWPdIKlxfVE5IrlAsKhQAWyWoqFBEKUhgSwbA
79=tFhQDkQRQA1UAFQYRLBxIJBEjGTFJ/wCYhCkSEAoJwgAUAV0AyM8KUwBUCCwgEABbBZEgL
80=SoImBuJbQpWARQC0QOeS6EeKxIBidAAUABSDCkLFwgUAu8BbQJ3NSc5nhGI+Q+XEG8PrQA
81=rKl+TZBARFBJckCAAFBToApcC0gATBC4AdwLhGu8aEtOyLxgvFDWschYUClIV0gGRAJUKm
82=mxwCLIeFgoRQKoQK99U0BuWJhAeyugSMBRArAi9ChcL7QPVBhUllAIXBpEIFAdJwgAXBG8
83=blRjSABEBUgATAR0JCPkKbQGQAdAAUAESABABIgAIiQvQFV2zIQoJ0ABQAEppAB4RkgMdA
84=+IUbQevCBAKEymSE5MRk1qkFXAuGDllHvU6kgJTARUKkhUeEBYJSl8FtQJkFNEWUShUAhQ
85=AiQsfkgnRCYC0Mhg2MwieyDQ0GBhIqRk4EgMVCdEAlwmSA+BNUC0A1UAmES/TqOkSCSkS0
86=AKCJCcSJCgSJikSJCcEQAAdAwkFg1IiJhAoKRQmKBIeIgo8AAAJwgABaCoSJikSJigVAAE
87=UJikUKCkUIwBZAIqLABuBKRI5AJMBFAFbARXCYiUONYDqFCUCfQDLbwABKBIoJhIsJx0AL
88=8FqJxISwCwtFBIAEAHVwAAwABIAKwBA4CIQIiMOEgGfBGNB6CcCwKgoFCwlFQVaQBAgABA
89=BwbIvGDAwFjAwGBECwaIlEC4vFiwsFBEAgO4uFjIyFhaAdDMYARAAQOgpEDQ0FhYAQ/Y1G
90=DQ0GCgqECotFDAyGCosEi3AKCsQEAQXwKgpEhECwOosFCYnEBVAJBBKKxAHAVQkJA4qKBQ
91=oFgBnBFSJpiglCEsvAPNBJh0JFQSiABYBFAjAUiQnEB0BkgtJ+QFJwQBzAp0G9wdRAJkBW
92=wHThCAjFQtUAhYASiMAJELSLwFWB8EgJA4sLRYkKgtQBBYBzJ8AUAreiukUExDQxzAuFhX
93=BsC8WJMqQLC4RAgKQMjEYNDIaNDIYNjMaFglA9jQcMjMYEgnAAagtFCYrEjY1Gjg2HDQ1G
94=DY2GiouFCgsEhYN0gApAhXErDAUFsQsLhQRBdcLAGYqEiQZE1oFVQDSgOImGdTqKxQWBbE
95=Jr0doLQktCc0vANsKEExqHQJfkqUQHUAmNRUSEsEoJRIuKBIqFAsRCCoAPwFA3iAMHiEKL
96=RXt1q4qFBIBlQSWCJkCyy8AKQaZCzsZJFEULwCvAVwKQKgSLi4UFgZSB5MT38pwFiwRguo
97=UFxQcCkp7wnI0GBATLQAUC8DuLRY2NhgeCsBwFjIvGgATDFYUgW4yFigrEi4wFQAZlOwvF
98=1cWP1TWFQM3FNQSkBVXDICnECIkDhMK9QhnCPEFIwrvB28F3hJhDJUHvwCcIBkHYAHWAQr
99=TASEcWh+VAZILbRgaEhYUnA1UCBKAJiMUFNIVGgJRAukCDB8AVwISAC0A8QUWS6g1IRoG4
100=xwQHlqJ8hoYAFIdQK4UNDMaFwgAtDUaLDAUCZ8UwTIvFDg0GDQVC0IwFi4xFjg4Gjo4HhA
101=AVB6A7DEWKi8UFwFUFZiAcBYjVVQQFJQXFECmF56rFBQU0laoEABCqRIiJxAsKRQqKBIiJ
102=BsLlApTGRIVEArZCNQFAKkSICIMIgAByiAjDCQlDh4hDBcbqwBZBpUgVQtdKsp9ApAB1wm
103=dABkYrAvWCUBkIxAqChsFDS8AGwKUC+TMsDAADMIAKQsZCm8fV4FrFBiUrBQSJ+kGkwoQC
104=tUUUYCyMhMoAJo0MRgyFykVCdIAALYYNDYYLRaDNjcaOjkeOjkaODkcNDYaFgBVFoDyNRg
105=sLxIQgHAzE8HYKi0UKRkp0gJUAJMpr6nmKB8JkcsmJhAWGEEkJRAqKRQuEFGqHynRBRcKW
106=Qp/CNYQEgAvBeUKppzhCjsBFhJeHxUUVgEhEp0S6SGMygEUAKsB7x6tADMKITIQAQ/CAC8
107=FLw+rCJIJ5B6AWC4vGBMUkfOyMhoTB8D0NBoyMxoXBcDyLBQyMxYRKRLouDceLxQDOjkcO
108=joeOjscPDsgMDMWEBSAbjMWMBYf4hR1lS8WEhRRFNIAExVSA9UJ1SlTAFENbynRBFIgUCs
109=SAABeIg4gFhGhKdISERuvB10AEgtTo6cSCuUE4RHpCBQC10vwIAASCpIBgNoZADAvBA2QA
110=RcBUgA1AxU9qxYRKFFXKRc7DQ0Cio0AXjxQsqYQEAZpClon1X2vF9TWMDEbJpMUkgqKnQe
111=XKF7KOBg4GhRfFAG6Oxo6Ohw8PB4SABQIEgAVFEBwMhY4EZZyGBEUFxTRCxuVbRISFQq/B
112=RcKURHpKdcU0gAYvGcQEp+sKx0gUCpQHxRfbCo55x0vCNEL0QmQCVYAScMBU8iwMTASABU
113=A0x/QAFIAG0EpD1MBHgQAphIyLBgSAC8BXYAqEgqxAQ2LABEUEEQoFUwnNDpW8TQwGhoJy
114=ykHrTzYCj8UHRRB+Ro6Nho4Mxg6OxAUnso6PB4qE5DUqi4WERTQCVOUqCw9NtER1hMXcuk
115=xBRABGVTuEGpWFimTAHUAJCeUKphK6RE+FD7SQBAXCNYo0wrRBdoAHxHhHplLEhQJkgAQE
116=NcoaTybARMDYwrNhwEvAID4Lxw4LxoWEBIAE8BuLBYUjKYoD38BUQ+VKJQlUT+QAdIAFcq
117=yMRoMh0KaFko2FZLvFgjnSNgTChJANh0otwOYFIAAeyA8PBo8PBwuMRQ0NxgqLBQqKxwpE
118=BSpKRcUEQCSEtQDqQXKhQAUHpIAFUPqEotqEBMBFCMaBJYMU7TqEhQI2gq5PtkcSRcJycM
119=DowlWARMKKQgTC5ALqQCQAFIKlAsaAAv7BgDuKxg2LhoVCcG2LyA2MCI4MCATwGwqFhQU0
120=gAKpwCMCwARlm4tGxAX6GosFhAH79QqLRYUERAo1QAT6OwvFBZKLhI8wq0WMC0UNjAWMjE
121=WNjcWCVF9XBAdkakyNDMUlykAcDQWNhcy079tFBEelgKRAJpJMiNDcRXPEiwwCABlAcCkK
122=RImKhk+yIMJgOcUKioULBEApz7QCJYMST8KUwBiABk72gkAsTAeHx4JwgAVLpYHEB/UHR4
123=BAGgSLisZCanBeDAeKQmXFAABdCwaMiscHiAYFBYWEhUWJiUaNi4eOC8SAB0VLwybTeM3G
124=i8KbwLMTwUZSBoXL9q9qxQSULQIxQzQyXQ0GBPGci4UExSlMwohBROBOjATStoSKVcXFoK
125=4OhNpmhEUwTAxFC4wEi4IiwkcFOkU1yhTDSkETwUAFgEXCBYpkshmJhISuqIkCKMNkxMXP
126=sCeIQ4iIxR/lB0A1IsoEhaWJic1HtUUUSAtHtJS+CcTUQmUCMF0LiAwLB4sKhcJgdYcHxg
127=0LRw0LBwQAEFSFBYQEBYQETIAANQXFh4hGBIdUgAXFNEfbwmUDJAAXQATGdQYlUzuHtDwL
128=xgQEZUUVBHXFABwMRguEwoAaBQ0LRkzq5S0LhISFP1aNDUIXgjA3DY2HDg4MgATPRfeuDk
129=cFhPVAC2KujQIu8z4OhwIkwuTny4UFARSABUn0ktiCmEFDwkBVft0MgYWE9cg1QnQCtcI1
130=QVQKlUzCpMClwaTJQCsJRAuJAjzDhEm4R9fVCk3FBUIQOooHBofGBKTmh0bE+wJlgBKAwF
131=RClIALApAkhYYGxYWBZIAEwHWDFYfEoAwKxwSrRUrPRRpKhRJrhkJnF3wEB8IiQyRJVIAF
132=AXVwDIzFghzDJMGUAZTAFAJUxSSABQC0gAUKFUTkCmSQDQVH5EU4SnWCVIogPY4GjAyFB8
133=Akz3L7wePAwFtwO4vFghRD9EzlhSWiiYmCLcOlRUhAJB0EBM+lgQSAACqIg4qJRcUwJYsK
134=BQoFBTAahQiJgizDLUeAS8cMCocHCAbCi0J2xPJ8QEQAFIALQnKhQAkAIGUFRYeHxY2MSQ
135=3oDAcLQzTDdsYUBSUaGkIvcrwKRIWHakU0QUSLq8U0QXSABUVFQAS3vY0HBAAUAETqbg2F
136=lSaEx8TENImVT5VFQieSPAZKcB2OBwQIMAwMxgUAJ9ULAiN0O4yGBMAVD4RBE/nBSkKbQA
137=XDJMplQAeQfAfGhcPlAIWAFDEKiMOFRRRERUVHACWf2kkqqoWKV6wFSfAYxoWGgr5A4rPA
138=WEJitEACo8BQJIWGhsWCfOFMi0IjxHVDlPDYCIMCS0L0CaSABQekg/SKJMo1A7SAAk9Ci0
139=pSYMKW/3wMhgQCt8IwTYYMDIWNDYVfNIXHcqRAC8AqxVrAFUBkwoVABU9lgoXPJOdsjAN4
140=QstCcqFAC8BUygSBJLOai4WLQAYVW4cKRYQyQsM6DNWAFiHKhQRG5UckyjA7iseHCAaCis
141=BCqgBEwBKiQFWAFIAClEAAJYZFiYnMxDVAlUpVQ2SABIpVwpJDwgTijAuNyAXFAnnEdYJV
142=BQKgQKTEBmAqhQZs64WFQGSABc/rwCtACkAkAxSABIRUxVQAFIAEmrqHzUIoBIbQS8cEo/
143=TApQJrSKVBVfEaCwUEgAUIxauJisTcpgVABQC0gAWI5MQ6wotABEKVDsrHwDwLBg0LRoTM
144=oFyLR4eIhoWGDkU0wlqABcJqgAKjgAjAFfp4CEaFjTUNRMKFRRSABgKCLUKiL4OVRgQA1E
145=FLykYFJVb8AiTEZUUVgBUKFeU7C8Ikg4VPZApiesPUwBpAK2AMCwdAYrpgDUYFeouMBQRC
146=+0AFQqZYbQItw9TAFISyq8CTAsACoEClA1A8C0WIiUSESkULZMr0gAQDcJmJhIuKhQiJBA
147=kJRAEQAA

[Map]
Theater=TEMPERATE
Size=0,0,60,52
LocalSize=2,4,56,42

[Waypoints]
0=77036
1=36077
26=66020
27=64036
28=55043
29=50101
30=48080
31=67080
32=25059
33=86053
699=57056

[IsoMapPack5]
1=Lw8AIAQ8AAEACQEAVAAFADsAAgAJAQBWAAA8UABoAQEDAAA9SQEAogA6AFwBqQE7SQEGTA
2=VVATzIAVUBPUgBRAJpAD4oKwA5AARkAm0AOigpADtIAWYIAgBWDQQAaAFVCz1UAmAFTQA+
3=KCkAPygrADgABUwDiQA5KCkAOigpADtIAXAJTQ48yAFFBj1IAZMGAAA+KCkAPygpAEAoKw
4=A3AAbKBQA4KCkAOSgpADooKQA7SAF0DUUGPMkBB2wmXAGtCD5UAqYBAD8oKQBAKCkAQSgq
5=ADYATAexBTcoKQA4KCkAOSgpADooKQA7SQEFVC9FBzzIAVUBPUgBRAJpAD4oKQA/KCkAQC
6=gpAEEoKQBCKCsANQAIdAdtADYoKQA3KCkAOCgpADkoKQA6KCkAO0gBZBOOPAgAaAGMPCdd
7=AT5ABHwLTQA/KCkAQCgpAEEoKQBCKCkAQ0kB00wGXwo0AAlAAYkANSgpADYoKQA3KCkAOC
8=gpADkoKQA6KCkAO0gBcBSNRwmcFYxHJ4kBPkAEjQ0AVDknVQBAKFUAQSgpAEJIAXAURQhD
9=yAFVQkTIAUc9MwAKzgkANCgpADUoKQA2KCkANygpADgoKQA5KCkAOigpADtIAXQYVQ08yA
10=FVDT1IAdkNPigpAD8oKQBAKCkAQUgBaBddNELIAVEdQ8gBVRZESAHRCUUoKwAyAAvSAgAz
11=KCkANCgpADVJAfdMU1UENkkB8akBN0gBRAJpADgoKQA5KCkAOigpADtJAbFkBXaGCwBoAV
12=EIPVUC57UCPsgBVQI/yAFVREBJAbmhBEHIAUEEQkgBeBwBDQAAQ0gBvgMARCgpAEUoKQBG
13=KCsAMQAMygUAMigpADMoKQA0KCkANUkB9kgNQQY2SQHwqQE3SAFEAmkAOEgBySI5SAHJIj
14=pIAXQDTQA7SAF4HFUYPMgBjmgMAGQeSQE+VAJoAVFWP8gBSU5ASAFkHlkGQcgBTQVCSAFM
15=CmkAQygpAEQoKQBFKCkARigpAEcoKgAwAFQlfwcAADEoKQAyKCkAMygpADRIAc0bNUkB7b
16=EfNigpADdJAe+1AjhIAcEEOSgpADpIAcEEOygpADwoKQA9SAHNJj5IAaATTHMnkQJAKFUA
17=QSgpAEIoKQBDKCkARCgpAEUoKQBGKCkARygpAEgoKwAvAA7eDgAwKCkAMSgpADJIAd0gM0
18=gBwRo0SAHFHjVJAV6tCDbIAVUiN0kBXLUCOEkBW6kBOcgBQQQ6SQFdtQI7yAFVAjxIAd0K
19=PSgpAD5IAcEPP0kB9UAFRQdASAFYAGkAQSgpAEIoKQBDKCkARCgpAEUoKQBGKCkARygpAE
20=goKQBJKCsALgAPZA1tAC8oKQAwKCkAMSgpADJIAcFnM0kBenEGAF6kDwBoAVUXNVQCbCZB
21=XDbIAUFcN0gBbCZBBDhIAWwmQQQ5yAFBBDpIAWwmVQI7yAFVAjxJAX+pDD3IAUUIPkgBxX
22=Y/SAG+AwBAKCkAQSgpAEIoKQBDKCkARCgpAEVJAaxQClUIRkkBpqkBR0gBRAJpAEgoKQBJ
23=KCkASigrAC0AEHwEbQAuKCkALygpADBIAd1MMUgB2T0ySAHdQTNIAXgnUR80yAFRHzVIAW
24=QpQYg2yAFBiDdJAUKxFDhJATupATnIAVUBOkgBZClZBjvIAVkGPEgBZClJDD3IAUkMPkgB
25=JyQFJxUDQFQCdBlNAEEoKQBCKCkAQygpAEQoKQBFSQGrQBBZBkZJAampAUdIAUQCaQBIKC
26=kASSgpAEooKQBLKCsALAARaAZtAC0oKQAuSAHFKS9IAcUpMEgBxSkxSQF5cQYATsARAGgB
27=WRAzVQJgtQI0yAFVAjVJATpcAEEDNsgBVQE3SQFDXABVAjhIAXwrTSY5yAFNJjpIAdkGO8
28=gBWQU8SQFyTAZJAD3IAVUCPkgBxRM/SAEndA8nbQNBVAJIBmkAQigpAEMoKQBEKCkARUkB
29=sVAKUQVGSAFYAGkARygpAEgoKQBJSQGNewMAAEpJAYepAUtIAaYBAEwoKwArABLSAgAsKC
30=kALSgpAC5JAfqhDy9IAcEaMCgpADFIAWgtQSUyyAFBJTNIAXQuVQI0yAFVAjVIAXgnVQI2
31=yAFVAjdIASdXCxIAPbUNOVQCaAFVATpIAdkGO8gBWQY8SAF0LlEJPcgBVQI+SAEnVAsnbQ
32=NAVALdHEEoKQBCKCkAQygpAEQoKQBFKCkARigpAEcoKQBIKCkASUkBjK0MSkkBg6kBS0gB
33=wTBMSAGyAgBNKCsAKgAT0gIAKygpACwoKQAtKCkALigpAC9IAcmxMEkBZa0IMcgBTSYyyA
34=FVIzNIAWhZTQQ0yAFBBDVJATxcAFUCNsgBVQE3SAEnBQwTjDFFCDlUAmwxXSs6SAHZBjvI
35=AVkGPEkBcUQJSQA9yAFVAj5IAcFGP0gBJU0gQEgBXARpAEEoKQBCKCkAQygpAERIAclZRU
36=gBxSlGSAF4B00ARygpAEgoKQBJSQGQVANJAEpJAYhcAEkAS0kBilwASQBMSAFYAGkATSgp
37=AE4oKwApABRwA20AKigpACsoKQAsKCkALSgpAC4oKQAvSAEnhgYUAGQ0WScxVAJoAUG0Ms
38=gBQbQzSAFkNEktNMgBTQU1SAFoLVUCNsgBVQI3SQE+UCtJEzjIAVUBOUgBzWg6SAHZBjvI
39=AVkGPEgBZDRRCT3IAVUCPkgBJ4YGFADBZ0BUAlgLaQBBKCkAQigpAEMoKQBESAHZXkVJAY
40=ZzBgAARkgBpgEARygpAEgoKQBJKCkASigpAEsoKQBMKCkATSgpAE4oKQBPKCsAKAAV0g0A
41=KSgpACooKQArKCkALCgpAC0oKQAuSAEnbhkVAMkiMFUCYqULMcgBSS0ySAF0kUEDM8gBVQ
42=I0SAHBZzVIAcEENsgBQQQ3SAF8NkEwOMgBQTA5SAHNBTrIAU0FO0kBdlwLSQA8yAFVAj3I
43=AUUIPkgB0RQ/SQH0VANNBUBIAVgAaQBBKCkAQigpAENJAZF7AwAAREgB3WJFSAHdYkZIAb
44=wDXDYnUQVIVQKsqQxJSQGqqQFKSAHNBUsoKQBMKCkATUgB2QZOSQGmuQZPSAHZBlAoKwAn
45=ABbSAgAoKCkAKSgpACooKQArKCkALCgpAC0oKQAuSAHJby9IAcElMEgBdDlZJzHIAUEwMk
46=gBYDBVAjPIAVUCNEkBQr0VNUgBwQQ2yAFBBDdIAWSiURY4yAFZBTlIAc0FOsgBTQU7SAF0
47=OUkBPMgBWX89yAFZfz5IAclvP0gBTAppAEBIAdknQUgB1S5CSAF0A00AQygpAEQoKQBFKC
48=kARigpAEcoKQBISQGxUBVFCElIAVgAaQBKKCkASygpAEwoKQBNSQGvuQZOSAElhSdPSAF4
49=B00AUCgpAFEoKwAmABdMA4kAJygpACgoKQApKCkAKigpACsoKQAsKCkALSgpAC5IASddIh
50=coxw4XAGOSDQAxQARoAUkWMkgBeKtBAzPIAVUCNEgBfKRVAjXIAVUCNkkBQ1wAVQI3SAFs
51=PElDOMgBSTg5SQFvVANJADrIAVkFO0kBfUgCSQA8yAFVAj1IAdVPPkgB2XQ/SAHBO0BJAa
52=VABVkGQUgBWABpAEIoKQBDKCkAREkBrq0FRUgBYAVNAEYoKQBHKCkASCgpAEkoKQBKKCkA
53=SygpAEwoKQBNKCkATkkBj1wLSQBPSAFYAGkAUCgpAFEoKQBSKCsAJQAYfARtACYoKQAnKC
54=kAKCgpACkoKQAqKCkAKygpACwoKQAtKCkALigpAC9IAcF9MEkBY1gOUTUxyAFRNTJIAWQ/
55=VQIzyAFVAjRIAWQ/VQI1yAFVAjZIAc1+N0gBYARdCTjIAUEvOUgBZD9ZBjrIAVkGO0gBZD
56=9VAjzIAVUCPUgByXo+SAFACWkAP0gBJZU0QEkBolAKWQJBSQGoqQFCSAHBfUNIAVADaQBE
57=SAHFdkVIAWgCTQBGKCkARygpAEgoKQBJKCkASigpAEsoKQBMKCkATUkBkVAKSQBOSQGIXA
58=BJAE9JAYtcAEkAUEgBWABpAFEoKQBSKCkAUygrACQAGXwEbQAlKCkAJigpACcoKQAoKCkA
59=KSgpACooKQArKCkALCgpAC0oKQAuSAEn7R4ZKCcQGQBmZBAiTEyoAUksMkwFdAJRNTNIAW
60=y1TQQ0yAFBBDVIAWBGVQI2yAFVAjdIAXxBWQY4yAFNPDlJAXNABUkAOsgBTQU7SAHNfjwo
61=KQA9KCkAPkgBJTE4P0kBq0wGRQhASAEnJhAZACXRK0JVAoVUA0kAQ0gBJf0rREgBRAJpAE
62=UoKQBGKCkARygpAEhIAdEJSUgB0QlKKCkAS0kBi2sJAABMSAGmAQBNKCkATigpAE8oKQBQ
63=KCkAUSgpAFIoKQBTKCkAVCgrACMAGsYMACQoKQAlKCkAJigpACcoKQAoKCkAKSgpACooKQ
64=ArKCkALCgpAC1IAcmmLkgBJ70YGiiVCBqURFU5MUAEaENJ8zLIAUnzM0kBOkQ0RT80yAFN
65=BTVIAXREVQI2yAFVAjdIAWwFQRw4yAFFBzlJAXNIAk0FOsgBTQU7SAEnlAgnOQI9VALRxD
66=5IAVQGaQA/SQGvRAlNAUBIAcXvQUkBjEgCSQBCSAElvTlDSAHRd0RIAcE7RUgBXARpAEYo
67=KQBHKCkASEgBJcE0SUgBxQhKSQGKcwYAAEtIAcUpTEgBsAJVRBrGAQBOKFUATygpAFAoKQ
68=BRKCkAUigpAFMoKQBUKCkAVSgrACIAG+kMIygpACQoKQAlKCkAJigpACcoKQAoKCkAKSgp
69=ACooKQArKCkALCgpAC1IAdUuLkkBqqEwL0gB2UgwSAHJODFJAXu5FDLIAVkFM0kBabUCNM
70=gBVQI1SQFutQI2yAFVAjdJATpcAFVEOMgBVUQ5SQF0rQU6yAFNBDtIAcEPPEgB2cw9SAGq
71=BQA+KCkAPygpAEBIAcWBQUgBwUZCSQGGvQZDSQGyXAtVAURIAVgAaQBFKCkARkgBwQRHSA
72=F0A00ASCgpAElJAaylCEpJAaipAUtIAdFWTEgBSAZpAE0oKQBOKCkATygpAFAoKQBRKCkA
73=UigpAFMoKQBUKCkAVSgpAFYoKwAhABxwDm0AIigpACMoKQAkKCkAJUkBIWcFAAAmSQEBTD
74=JVAScoKQAoKCkAKUkBIlQDSQAqSAHVIytIAUQCaQAsKCkALSgpAC4oKQAvKCgABTAAHAD2
75=AQAAEQAAOw8AIAUAAAAxABwAe1wABAIAADIAHABoAQEDAAAzSQFptQI0yAFVAjVJAW61Aj
76=bIAVUCN0kBa1QCSQA4yAEBAQAAOUkBfUgCSQA6yAFVAjtJAe1cAFUCPEkB8KkBPUgBRAJp
77=AD4oKQA/KCkAQEkBkHsDAABBSQGDqQFCSQGIqQFDSQGLqQFESAGmAQBFKCkARigpAEcoKQ
78=BIKCkASUkBsbkRSkgBxQhLKCkATCgpAE0oKQBOKCkATygpAFBJAayxCVFJAaSpAVJJAaqp
79=AVNIAckMVCgpAFUoKQBWKCkAVygrACAAHdYGACEoKQAiKCkAIygpACRJASG1BSVJASWpAS
80=ZIAZcCAQAnSQECWD4BAAEAKEkBImMEAQApSQEmawEAACpIAZcCAAArSQGuqRcsSAG+AwAt
81=KCkALigpAC8oKQAwSQH6uQYxSQHyqQEySAHRQDNIAdUCNEgB1QI1SAF8TAEEAAA2yAEBBQ
82=AAN0gBfExJFjjIAVVPOUgBfExVAjrIAVUCO0gB0Qk8SQH0oQ89SAHJFz4oKQA/KCkAQEkB
83=sq0FQUkBkrEFQkgBpgEAQygpAEQoKQBFKCkARigpAEcoKQBISQGRqQhJSQGHqQFKSAGmAQ
84=BLSQGPrQFMSAGmAQBNKCkATigpAE8oKQBQSQGrvRVRSQGpqQFSSAHFCFMoKQBUKCkAVSgp
85=AFYoKQBXKCkAWCgrAB8AHkQAmQkgQQEBXCxRASEoKQAiKCkAIygpACRIAclOJUgByU4mSA
86=GUAnVPHlwISQACVk8eAIhOdk8eAIlOAVdPHgAEtQ0rWQaxrRssSAFQBmkALSgpAC4oKQAv
87=KCkAMCgpADEoKQAySQH8sQkzSAFkCU0ANEgBxVU1SAHNUjZIAdlINygpADgoKQA5SAHNBT
88=ooKQA7SAHJTjxIAVgLaQA9KCkAPigpAD8oKQBAKCkAQSgpAEIoKQBDKCkAREkBjXUKAFec
89=HgCFqQFGVQKLqQFHSAGmAQBIKCkASUkBjLkCSkgB2QZLSAHNqkxIAdlTTUgBqgUATigpAE
90=8oKQBQSAHZMlFIAc0FUigpAFMoKQBUKCkAVSgpAFYoKQBXKCkAWCgpAFkoKAACHgAfAAN9
91=QQFCAR8AxZcgUAHJASFIAY1KAUhIeFZDEgEAI1QCxUokSAFNAgBBniVJAf5xQAFFTx9QqV
92=0CAkSiyAxtUh9UCJUCKU0FH0QBWQYqSAGEVWaiHwDRYSxUAskBLUgBlw0AAC5IAXQGTQAv
93=SQGRXABJADBIAcU0MUgBRAJpADIoKQAzKCkANCgpADUoKQA2SAHFVTdIAdVPOEgByU45SA
94=FwCk0AOigpADsoKQA8KCkAPSgpAD4oKQA/KCkAQCgpAEEoKQBCKCkAQygpAERIAdFLRUkB
95=hkAQSQBGSAFYAGkARygpAEgoKQBJSAHZBkpIAcFRSygpAExJAYp9BwBEooQxcQFOVAJ8AE
96=0AT0gB0WFQSAHVWlEoKQBSSAHVWlNIAUgGaQBUSAHRrlVIAWgCTQBWKCkAVygpAFgoKQBZ
97=KCkAWigoAAMdACAA//9dBwJIVicpAB9UAk8CAAACQQEghAFJASFQAYWiAk1MIEwAQQMCRV
98=UgUFFLAQEAJEAEh0oBACVIAcmmJkkB/3BWZFXRCQNXpyAABX1iAkz3JwUBKkwF0WErKCkA
99=LEgBmVMBTfcg+asuVALR+y9IAUQQaQAwKCkAMSgpADIoKQAzKCkANCgpADUoKQA2KCkANy
100=gpADgoKQA5KCkAOkkBk3sOAAA7SAGmAQA8KCkAPSgpAD5IAd0VP0gBzQVASAHFCEFIAdUC
101=QigpAEMoKQBESAHJTkVIAdFLRkgB2QZHKCkASCgpAElIAdkGSkgBJ6YKIADNXUxUAsUITU
102=gB0RROSAHVAk9IAcUIUEgBxQhRKCkAUigpAFNIAclZVEgByQxVSAHRCVYoKQBXSQGsa0MA
103=AFhJAaqpAVlIAc0FWigpAFsoKQAcRJ/RVh0oKQAeKCgAyKO9VyFcAlkJAlkAIVxSiQEiUA
104=GEonxXIlQglQIkVAKVTwJcBCdVACZUAohZfFeeXwAAfVchuF58VyetACpMBcUIK0gBk1YC
105=ACxIAYCAfVchKP8KIQCxpR4vQAREEGkAMCgpADEoKQAyKCkAM0gBzSY0SQGmpQg1SAF4B0
106=0ANigpADcoKQA4KCkAOSgpADooKQA7KCkAPEkBsL0KPUgBJR0wPkkBorUCP0gB0TVASAFQ
107=DmkAQSgpAEIoKQBDKCkAREgBJXEqRUgBbAZNAEYoKQBHKCkASCgpAElJAZBABUkASkgBJe
108=00S0gBwVFMSAHV001IAdEqTkgBSAZpAE9IAcUIUEgBxQhRSAHFCFJIAdUCUygpAFRJAYp/
109=BwAAVUgBpgEAVigpAFdIAdUNWEgBwQRZKCkAWigpAFsoKQBcKCkAG1moBrmgHEgBJ1ULIi
110=hUFpBIaFlo+5xPdbIiSFRcDXRacFlJAQNcByJUK4kBI1ABgVEDVLInVQAlKFUAJigpACdI
111=AZi2dFonrQApVAIjiyIDACpIAZcQAwArSAGIWXVaIrzIdVoisGEi/SAiSARPEAAAL0ABzY
112=kwSAGMAiLkPogJdQEyVQKwpUozSAHRSzRIASVJMDVIAWAFTQA2KCkAN0gBxWA4SQGqpQg5
113=SAFcBGkAOigpADsoKQA8KCkAPUkBr7kGPkgB1Q0/SAF4B00AQCgpAEEoKQBCKCkAQygpAE
114=QoKQBFKCkARigpAEcoKQBIKCkASUkBsq0QSkgBUA5pAEtJAZJjAQAATEgBpgEATSgpAE4o
115=KQBPKCkAUCgpAFFJAY69BlJIAaYBAFMoKQBUKCkAVSgpAFYoKQBXKCkAWCgpAFkoKQBaKC
116=kAWygpAFwoKQBdKCsAGgAjq1kDABtIASesC9cCAgAdVALZXh5IAcFcH0gB0a4gSAGVAgNZ
117=ZiO4Xm1dI1gBVRsEWAMiBDeJASRQAZleBFwEJ1UAJihVACdIAZdaBAAoSAGLUQQAKUkBsm
118=0xBE1dIyRcImxdIhQuXAptXSOgXGxdbGtXAgEALlgGJa03L0kBrWcIAAAwSAFYA2kAMSgp
119=ADIoKQAzSAHVhjRIAWAFTQA1SAGMECL1QCNAAokAN1QCzQU4SAGMAiKUSieBADooVQA7KC
120=kAPCgpAD0oKQA+KCkAPygpAEAoKQBBKCkAQigpAEMoKQBESQGuuRxFSAHZEUZJAY2tAUdI
121=AdX/SCgpAElIASUhK0pIAaoFAEsoKQBMKCkATSgpAE4oKQBPKCkAUEkBkakIUUkBiqkBUk
122=gBpAFMXSd1BFQoVQBVSAHJF1ZIAc0FVygpAFgoKQBZKCkAWigpAFsoKQBcKCkAXSgpAF4o
123=KQAZWK6XWgMAGigpABtIAScFDCS8YmRgJykAHkAEI4E3AkirIjgiWxQDACBUApBhZWAkSA
124=JJAARKbCQAjAVkYM0FBUUFJCSROQVEYCcpACZcAo9dBQAnSAFfBwAABUVgJKxdZWAkRANc
125=AnS9dGiJAStMBYBcZmAkAJtTAgAtVAIj6C5lYCQmOSMvVQKxqUMwSQGPQAhJADFIAcm8Mk
126=gBJbUiM0gBUANpADQoKQA1KCkANigpADcoKQA4KCkAOSgpADooKQA7KCkAPCgpAD0oKQA+
127=KCkAPygpAEAoKQBBSQGRfxIAAEJIASVVIUNIAdUYREkBp7kcRUkBqqkBRkkBkLkGR0gBJS
128=khSEgBJYEhSUgB1QJKSAHdCktIAbQGVL3AOyK0OCcpAE4ogQBPSQGwtQ1QSAHBD1FIAcUI
129=UigpAFMoKQBUSAHZBlVIAcndVkgB2QZXKCkAWCgpAFkoKQBaSAHVe1tIAckXXEgBxQhdKC
130=kAXigpAF8oKQAYSFHRYRkoKQAaKCkAG0gBh0oCABxIAZS9fWIlJKxCIm06JVwCXA1+YiUA
131=Izg5fGKXYgAABEjBJygAImQkJ1wMzAV8YsEEBkAJJykAJlABgA99YiWkYGXDJaR5fGIizE
132=VAD3xiwwQCACtYBoyMfGLUAmTD2AZ9YiW8xSIUJCLUJUQIZ8MlAI6GAQAxRAimAQAySQGx
133=oTszSAHVAjQoKQA1KCkANkgBzTE3SAHFrThJAYe9BjlIAaYBADooKQA7KCkAPEgBn3gAAD
134=1IASXpOT5IAdkGPygpAEBIAc1HQUgByU5CSAGHNAAAQ0gBI+coAABEKCkARSgpAEZIAZ+O
135=AABHSAHJDEhIAd0gSUgB1QJKKCkASygpAEwoKQBNKCkATigpAE8oKQBQKCkAUSgpAFIoKQ
136=BTKCkAVCgpAFUoKQBWKCkAVygpAFhIAdUuWUgB1S5aSQGKrRdbSAGmAQBcKCkAXSgpAF4o
137=KQBfKCkAYCgpABdYRclkGCgpABkoKQAaKCkAG0gBkFZ0ZSJkZEgPdGUioDpKAQMAIlxaIx
138=UkA1TIaFyUAiWQRbRlI/A7aAEi4C4ntAzQCXVlJrBhd8gmAAkihTIFWA4iJCVQCXZlJgCE
139=w3VlJqTDdWUmoMp0ZcAEdGXABHZlJgCA4HZlJgCQS3ZlJgCHwwEAL1AMgAR3ZSYAkFANSQ
140=AxVALdjjJIAUQCaQAzKCkANCgpADUoKQA2SAHFCDdIAd2vOEgB3TY5SAFkCU0AOigpADso
141=KQA8KCkAPSgpAD5JAa6ldj9IAdFhQEgB0WFBKCkAQkgB2Y1DSAGPBQEAREgBIxsqAQBFSA
142=GLZAEARkgBkCp0Zc8mAABIVQKSRBRJAElIAVgAaQBKSQGwrRBLSAGYJyLMMMA7dMgnKQBO
143=QATdV09IAcmFUEgBZAlNAFEoKQBSKCkAUygpAFQoKQBVKCkAVigpAFdIAckMWEgB1d5ZSQ
144=GGXAtJAFpIAVgAaQBbSAHdjlxIAWgCTQBdKCkAXigpAF8oKQBgKCkAYSgpABZcVMFnFygp
145=ABgoKQAZKCkAGigpABtIAZwjbWgnvHBsaCJ0cVARbWgnUMpJAQRNaCdIaokBIFgGjDxlzi
146=e00yIkJsQIIiQmxAhuaCcAlDluaCcAkDVvaCcAqnw2bWgnvBhsaCIQPokMKUgMI4Q9bGjA
147=BGxowARsaNQCbGjUAm1oJyQ0SWxowARsaMAEItw9zBAixHzMECLFfCdUDokANEAPgwEAAD
148=UoKQA2KCkANygpADgoKQA5KCkAOigpADsoKQA8KCkAPSgpAD5IAdXeP0gBi5AAAEBIAclk
149=QUgByWRCSAEJIgAAAAABAEMAJwD/EQAABhAAIAkBAAAAAQBEACcArgFIAQUCAEUAJwAFAk
150=sBAQBGSQEmRAFJAEdJAQF3AgAASEkBIkgCSQBJSAFYAGkASigpAEtJAbFzCQAATEgBdANN
151=AE1JAY1cAEkATkkBg1wASQBPSQGKXABJAFBIAVgAaQBRKCkAUigpAFNJAZN7AwAAVEgBpg
152=EAVSgpAFYoKQBXSQGQpQRYSQGIqQFZSAHVDVpIAbICAFtJAay9FVxJAaqpAV1IAcEEXigp
153=AF8oKQBgKCkAYSgpAGIoKAADFQAoAP//TwgDABYoKQAXKCkAGCgpABkoKQAaKCkAG0kBIU
154=AIAQADABxJAQJjMAMAHUkBJbUCHkkBHWsBBAAfSAGPBQUAIEkBHncCBQAhKCkAIkgBnzYF
155=ACNIAZsGBQAkSAGPPAUAJUgBjzwFACZIAc0FJ0gBiUMFQQEoq0MEAClQAZsGAwAqSAGPBQ
156=MAK0gBlwICACxIAZcCAgAtSAGXAgEALkgBiwwBAC9IAYMEAQAwSAGDBAAAMUgBgwQAADJI
157=AYMEAAAzSQGyuTI0SAFoG00ANSgpADYoKQA3KCkAOCgpADkoKQA6KCkAOygpADwoKQA9SA
158=HVDT5IAZMqAAA/SAGXLgAAQEkB/3sRAQBBSAGXIwIAQkgBlxgBAENIAY8FAQBESAGQYWVr
159=KEArQBdmaygAhzQBAEdABJkcAUdrKAAEbzwAAElUAp8KAABKSAFQBmkASygpAEwoKQBNSA
160=HNXU5JAYZnBQAAT0gBpgEAUCgpAFEoKQBSKCkAUygpAFQoKQBVKCkAVigpAFcoKQBYKCkA
161=WSgpAFooKQBbSAGTHwAAXEgB2RFdKCkAXigpAF8oKQBgKCkAYSgpAGIoKQBjKCkAFEhR0W
162=wVKCkAFigpABcoKQAYKCkAGSgpABpIAY88AwAbSAGcNn1tKbkVBF1tKVxoVQEETTYpWGSJ
163=AR9MBc1oIEgBhQgGXgQpAJU5BlkAKVByTAV9bSlAbYkBJE0FB2w8fm0pAMkBJlUCI14DAA
164=VahykAjCZ9bSmgRnxt3QoEXG3UAnxt1QIDXG3UAn5tKQCJhQJcbcEEAlxtwAR9bSlEGVkN
165=AVxtwQQBXG3ABHxt1wIAADREE0QFaQA1KCkANigpADcoKQA4SAHBqTlJAaZrZAAAOkgBeA
166=dNADsoKQA8SAHBXD1IAZsnAAA+SAGAMHxtwTABXG1IAWwmfG3UI3xt2TICXG0nxQNERQgD
167=bAV8bSdVAEZUApsyAgBHSQEfTREAfW0pKLwN3Ap8bVQNYwQAAEtNBZGpAUxJAYupAU1IAa
168=YBAE5JAZKtAU9IAaQBXG0nBQFRVQKwvSBSSQGoqQFTSAHZzFRIAckMVUkBiakIVkkBh6kB
169=V0gBpgEAWEgBzSZZSAHVAlooKQBbKCkAXEgB2e1dSAHRCV5IAdkGXygpAGAoKQBhKCkAYi
170=gpAGMoKQBkKCkAE0hRyW8UKCkAFSgpABYoKQAXSAGPPAMAGEgBi7wDABkoKQAaSAGEP3Vw
171=KlxoWRQEVt4qAIwFdXAq6W8eTAVZAwBVZR9JAf5wKnXeKrBsdXAqTNxIBHVwKqw8dnAqAI
172=wxdt4qAIwxdnAqAIwxdd4qWG9ZBgRbACoACXlIBEmNKkTqlQIpVA2YdHdwKgCyYQ8EV94q
173=AAZsBXRwyQwDVN7dCgNVcCq8eHVwKqlvAlXeKkyEXQoCVHDABHRw1QIBVN7IF3Rw3woAAD
174=VMEMVrNkgBXAdpADcoKQA4SQGvZxMAADlJAaWpATpIAWAFTQA7KCkAPEkBraEEPUkBAHQY
175=dXAqJDUoAVTezDF0cMAwdHDUAnRw1AJ0cNMUAwBEUAmfKwMARUgBnxUDAEZIASNoKXVwKr
176=CjdHDQH3Te2D10cNwgdHDUDSI+KSoAl3sAAE1QCYl6AFRwwA903tUuAFRwJ9kAUUwFm0gA
177=AFIoKQBTKCkAVEgB3QpVSAHdClZJAZJAJkkAV0gBjUcAV3AqAKetJllUApscAABaSAGbSA
178=AAW0gByXpcSQGIWAdJAF1JAYpcAEkAXkkBsqUIX0gBRAJpAGAoKQBhKCkAYigpAGMoKQBk
179=KCkAZSgpABJIUcFyEygpABQoKQAVKCkAFigpABdIAYxobXMr6W8ZVAKXyAQAGkgBiSIERe
180=QrXOFYFWxzzQUFRQIrtVoFWQArpXYFXTsrpHZtcytMBkgAbHMnKQAiXQomUAJdeCNIAYQ0
181=bHMnBQElVAKAD25zKwAjbCRtcyvpbyhABJiKZeQrtN5tcyuka21zK6hvbHPcCmxzJykALk
182=QIIyUmA0Tk2QYDTHPYBmxz1QICReQrUBpAFmxzwARsc8AEbXMrr/cAADZcCiWxMjdIAVAG
183=aQA4KCkAOUkBsbFAOkgBdANNADsoKQA8SAHBBD1IASduDisAhHZsc0QpZHZsc8siAgBBTA
184=WUOWxzxzQDAENUAoBcbHPcFWxz3BVucysAJ2wOzBtsc9MqAQBJRAiPMQEASkgBnDZsc8w8
185=bHPNEAFMc8QIbHPILWxzJykAUEUIJVgdSQBRSAGJOAFMcye1AVNUAtUNVEgBl94BAFVIAc
186=EPVkgBgwQAAFdIAYQIbHMniQFZVQIBdCNscydVAFsoVQBcKCkAXSgpAF4oKQBfKCkAYEgB
187=1Q1hSAGbEQAAYkgBRBhpAGMoKQBkKCkAZSgpAGYoKwARACwmXTgSKCkAEygpABQoKQAVKC
188=kAFkgBmxwDABdIAZgnZHZQCXlIBFXpLGgReeIaQASAJWV2LLRwZXYsSHVMBGV2LKF9BkV2
189=LEwAVQIGUFsnKQAgRAiYJ2Z2LADJASJUApVlBlzrJ60AJFQClSMGRQ0sVAhQCWV2LKhvZH
190=bECHTpJzkCKVgGRAV9FSpIAd0VK0gBiQwEQAHJDARU6ScpAC5cApUNBER2yAxldiytfgNU
191=6cwQZHbABGR2wwQBADRECJQNZHbEE2R2wwQAADdABIcTAAA4KCkAOSgpADooKQA7SAHdQT
192=xIAc1+PUgBJ8UOLCjFDiwkiCJkdiKEPFAMdOnYMmR21Dlldiz1nERQCZwVZHbQFGV2LKSi
193=duksACPjLQIASEwFme0CRHYn8QNKVAKTKgEASygpAExIAYQpZHbdQQFU6cstAQBPQATZBl
194=AoKQBRSAGUT2R20xQCAFNUAiMXJAEAVEgBIwQiZXYsJHclAQBWVAKFjABEdsQeZHYn4QFZ
195=QATVDVooKQBbKCkAXCgpAF0oKQBeKCkAX0gBwRpgSAGfxQAAYUgBmBFldiwk3ycAAGNVAq
196=pjZwAAZEgBRDFpAGUoKQBmKCkAZygpABBIUc3sESgpABIoKQATKCkAFCgpABVIAdF3FkgB
197=mCd9eC1zDgAABCFVLC2oQ3x4IsREQANk78EEBUXvLad2BQAc5Ah9eC2oenx4wQQHRXAtr+
198=EHACBMBZn4B1QHJ1UAIihVACNIAY0mB10PLUgHQA99eC2wd314LbyDImw6xAgibDonVQAp
199=RAifgwUAKkgBiTgFWJ0ngQAsKFUALUgBlw0FAC5IAZRafXgtsXcERO/MEHx4zBB8eMMEAg
200=Az+AZ8eMsMAQA1VAKdCgFF7y28Yn14LaxofHjEKSJULCcpADpYBlwdaQA7SAGD6wAAPEgB
201=kzUAAD1IAZA1IlcsLQCrYEZm7y0AkGx+eC0AmO18eMwxfHjUOXx41Dll7y0kXy0EAEVcCp
202=BhfHjcFX54LQCEVX14LSSUKX14La1oAkTvwTACXHgnSQRMUAmEKX14LUywXBl8eN1BAlx4
203=J60AUEwFjxsCAFFIAYlDAkTvJ4EAU1QC0QlUSAGAO3x4wAR8eNgyfHjXDQAAWEwFIztEAQ
204=BZSAHJDFpIAckMWygpAFwoKQBdKCkAXkgBizgCAF9IASWNPmBIAZgRfXgtvNB8eCcpAGNA
205=BJAUfHgnVQBlKFUAZigpAGdIAYsMAABoSAFYJGkAD0hRyXoQKCkAESgpABIoKQATKCkAFE
206=gBmxwDABVIAZREIqVXLkBtWQoEVvQuACPMJXV7LqBydXsupDR1ey5ABUgAdXsuuEh0e8UI
207=BkR7zAV2ey4AI8xRdXsuJB07CFV7Lr2ZCFAOJykAIlgRmVMIVvQuAJxMdXsuqHp1ey6peg
208=ZFAi6rbwYAJ1gGUxEAAAYhzDsnDQIpVAKJOAZUe9UYBlR7JykALEAEkSoGSSouqG91ey6t
209=XQVU9MwQdHvABHV7Lq9zAwAyRAiMPHR73QoCVPTFEwJVey6gk3R71Bh0e8AEd3suAI+OFw
210=A5UAmmAQA6KCkAO0gBJTEtPEgByfM9aAFzBQEAPkgBJ3YPLgAj1Dx0e9gydXsuQKRQBXR7
211=IhxbiQFDWAaYMnV7Lrz8dHvEHnR73BV1ey68V3R7JykASUQIjEd0e91BA1R7J9kATEAEj6
212=oCAE0oKQBOSAHZBk9IAdknUEgB1QJRSAEjkTkDVHsnMQFTVALRCVRIAZ82AgBVSAGECHR7
213=yUMBVPQnKQBYQAScCnR7w1ECAFpUAiPbIQMAW0kBpHOjAwBcKCkAXUgBg1EDAF5IAYBRdH
214=vbEQEAYFQCkUsBVPQntQFiVAKRFAFU9CdVAGQoVQBlKCkAZkgBlxgBAGdIAZQYdHsnaQhp
215=VAJINWkADkhRwX0PKCkAECgpABEoKQASKCkAE0gBwX0USAGcIG1+L2wKbfcWVAKESmx+1Q
216=IFRPonKQAZQASHCAUAGkgBmJVtfi+kgW1+L7R7bH7ZBgdJdC+oTm9+LwAIIjQzZPonKQAh
217=UQkodRAHTXgvtE9tfi9YelgCbX4vvY4HRQ0vUASVAiZYBoAlbX4vrFJsftsRBgApQAQjtU
218=MHTn4vAIE7B01+L7feBwAsQASUOW1+LyjNDy8k+Dttfi+8jmx+2BFsfswQbX4vJMkqA0X6
219=L73bA0x+2AZsftwKbX4vr4kBADdADyOUKW9+LwCSXBlJADlUAlgAaQA6KCkAO0gBlC5k+s
220=wbZPrAD29+LwCicFZn+i8AqakBQFgGJ0UfL1yqWApsfsQIIpxL0DVsfsQebH4nmQNGRAif
221=VwMARygpAEgoKQBJKCkASkgBnEFsfid1BExUAokXA01+L0BBTxADAE5UAt0KTygpAFAoKQ
222=BRSAHRCVJIAYdrAwBTSAGLZAMAVEgBhD9sft8KAgBWVAKdCgJMfidVAFgoVQBZSAGYXm9+
223=LwCvYCVtfi8kiCJsficpAF1MBYQpbH7IImx+zRsCTH7BXAJMfid9BWJYBs0QYygpAGQoKQ
224=BlSAGXGAIAZkgBlBhsft0KAUT6w0YAAGlABEQmaQBqKCsADQAwJt09DigpAA8oKQAQKCkA
225=EUgBwTASSAHRKhNIAZ8gAwAUSAGBBARV/zCnawQAFlQCmMFlgTB8DyJ1OxhUAo8FBQAZSA
226=GECGWBMLNLBgAbVAKTNQYAHEgBgARkgcQIZYEwWPNcCSKOPjAAI9VoBlT/IuR0lQIhWAaA
227=D2WBMKQ0ZYEwJnkgJEAEibEIRIEIMAAmAAAAAAcAJgARAABFEAAgDDAAAgIAAAAHACcAMA
228=AiAEMABwAoSQEnRAEBAAYAKUkBKKkBKkoBqwFPAQcAK0kBqakBLEoBBQJXAgYALUkBJkQB
229=AQAFAC5IAZMJBQAvSQEEYQQEQwEwALJ7BgQAMVEBBncCAwAySQGtdwIDADNIAYMPAgA0SQ
230=EjcwkCADVIAYcIAQA2SAGPBQEAN0gBhwgAADhJAa5nCAAAOUgBdAZNADooKQA7aAF3DQAA
231=PEkBsG8FAQA9SQGiqQE+SAGDGgEAP0kBIVgHAQABAEBJASWpAUFJAf9vBQIAQkgBlxgDAE
232=NJAf53AgMAREgBmwYEAEVIAZMqBABGKCkAR0kBHnMJBABIKCkASSgpAEpIAY8mBABLSAGH
233=KQMATEgBjxADAE1IAckMTkgB0QlPKCkAUCgpAFFIAdEJUkgBfA4BAAQAU0gB3QpUSAGHCA
234=MAVUgBnxUDAFYoKQBXSAHBBFgoKQBZKCkAWkkBAXMqAwBbKCkAXCgpAF0oKQBeSAGbEQMA
235=X0kBH38RAgBgSAGDGgIAYUgBmxwCAGJIAZcCAwBjSAHFE2RIAcUIZUgBlxgCAGZIAZcCAg
236=BnSAGfCgEAaEgBgwQAAGlIAYMEAABqSAF8Dk0AaygpAAxKUf//TwIDAA0oKQAOKCkADygp
237=ABAoKQARSAHFPxJIAZ8VBAATSAGfFQQAFEgBgxoEABVIAZsRBAAWSAHVAhdIAZsGBQAYSA
238=GXAgUAGUgBlwIGABpIAZcCBgAbSAFIFHl0HEgBi2QGAB1JAQljMAYAHkgBl2UGAB9IAZtT
239=BgAgSAGTFAYAIUkBJGkIB1N8MQAIewYHACNUApd7BwAkSQGva1kIACVJAaipASZJAaqpAS
240=dIAYB9fYMxWAxUCX6DMQCfYgYAKkEEsWwFfYMxXImBBCxUAsUTLUgBxRMuSAGQCXyD0Al8
241=g9kGA1kDMVQTRAh+gzEAjH5+gzEAhCl9gzFEGUAEfoMxACd+EDEAjBB+gzEAJ3wQ1AJ9gz
242=FMBokAOlAMmxEAADtIAZQjfYMxXJ+BBD1UAtEJPkgBmDJ9gzFEJEAEfYMxQCtLAQIAQUAE
243=kDV8g9QCfIPMBXyDwCV8g88QBQBGWAZdBwBJpkdIAYsMBQBISAGbSAUASUgBn1cFAEpIAZ
244=AffYMxSD5BBwRcgycpAE1ABI8QBABOSAHRCU9IAdEJUEgB0QlRSAHRCVJIAZx4foMxAI8F
245=BABUVAKNBQRcg98VBABWVAJZDgBNiVdIAYsMBABYSAHZBlkoKQBaKCkAWygpAFwoKQBdSA
246=HJDF5IAZB3fIMnjQdgVAKAGnyDJ1EFYvQCfIMnZQJkVAKbPQMAZUgBmcEDXoMxAJxMfIPc
247=CnyDzUcBXIPMR3yD0wkAAGtECJscAABsKCkAC0jVyYUMKCkADSgpAA4oKQAPKCkAEEgBgy
248=UDABFIAYMaAwASSAGAZ3WGMrENBVSGJykAFUAEmQIFVYYyv0wFABdUAoQIdIbNBQZVhjJA
249=eFQFd4YyAAd0e3aGMgDdgxxYBtVwHUkBrHh0doYyAJR7dIYnMQEgQASQYXSGJzEBIlQCiY
250=UGXXIyrH50htgGdYYyrX4HSHTADyJVITJcBUQTdYYyKNQQJ70CKlwKl5EGACtIAdEULEgB
251=l5wFAC1IAZQYIlQh0Al0htAJdYYyuH92hjIAjBt2hjIAkPt0htscAwA0UAndQTVIAYhOIl
252=QhyxcAADdUAowQIlQhzBt0hicpADpABFgZaQA7SAGcTHaGMgCHrQAAPVQCmz0BAD5IAZA1
253=dIbLOAIAQPQCdIbXAgMAQvQCdIbXAgQARPQCdIbMEHSGwwQFAEfgBHSGwwQGAElUApR7dY
254=Yyv6QFAEtUAoUTBVWGMqOIBQBNVAKd/AVVhjKrmwUAT1QCbBwBAAYAUEgB0QlRSAHNBVJI
255=AZN3BQBTSAGdIAVVhjJUP0AHd4YyAANgUXSGJykAV0wFiCJ2hjIAIycmBQBZVAKHzgUAWk
256=kBpntTBQBbSQH7qQFcSQHxqQFdSAGLOAQAXkgBhBN0hsMaAwBgVAKTFAMAYUgBlw0DAGJI
257=AVwSZZdjSAGTSwMAZEgBmD11hjL5zGZUAoyJdYYyJMsqAgBoVAKAD3SGyE50htQudIYnKQ
258=BsTAWXDQAAbSgoAAEKADMAwYgLKCkADCgpAA0oKQAOKCkAD0gBnzYDABBIAcEaEUgBiQwE
259=TYkzuH9tiTO41yIFIjP1hhVMBYwxbYkz7TwXVAKfCgYAGEgBlDltiTO4Mm+JMwCkdC5tiT
260=PphRxMBYAPIgUiM7jtbokzAJA1b4kzAPW5BiBMBYBybokzAIE7Bl1RM7RlbInIF2yJyRcH
261=QhQzAIT6bInYEWyJzBBuiTMAhDQiBiIzAJRPIgUiM6mQBU6JMwCboAUALEwQjDxsidAJbI
262=nQCW2JM7DEbInAD26JMwAjuDNuiTMAI3QwbInIDCIFIjOomyIFIjOom2yJxAhsicQTbYkz
263=iCZRADlYEVgAaQA6SAGEYCIEIsgMbInENG+JMwAdZAVsidc5AgA/WAaQQG2JM7tTAwBBVQ
264=IAfG1sicMPBABDVAKAk2yJxwgFAEVUAoj+bInUDWyJwwQGAEhABIBGbYkzQDZTEAYASlQC
265=nG1siSfZAExUAtlITUgBiW8GTYkzpYwGTokzAJQNbIknVQBRTAXJTlJIAZg9bInULmyJ10
266=8FAFVABN2DVkgBj9YFAFdIAVwSIvEkWCgpAFkoKQBaSAEjTCtsiSe5B1xVAvx7UwUAXUgB
267=gBpuiTMAJQ0jX1QCyQFgKCkAYUgBnRUETInQQCIEItBAbInQS2yJ1DkiBCLQS2yJ2AYiBC
268=LYBmyJJ8EIakgMgBpsiSfBCGwoVQBtKCkAbigpAAlY2tmKCigpAAsoKQAMKCkADSgpAA5I
269=AZ82AwAPSAGESmWMNKsQBAARVAKABGWMNLQ5ZYw0XHNMBGWMNCQjIAUAFUwFTQIAXcUWSA
270=GbBgYAF0gBnApljDSkw2WMNOVKGkAEI2wvZIzDDwYAHFQC0QkdKCkAHkgBI7wuZIwnrQAg
271=VAKMPGeMNAClYDtljDSkomWMNKWiBkUCNLhpZIzYEWaMNACMXWSMxBNljDSokGWMNPWcKl
272=QNnI5kjMwQZYw0v44EAC1ABCO3IgQALigpAC9IAYiQZIzcCmSM3ApkjMUIAlk6NPmKNFgG
273=g9UBADVIAYcIAQA2SAGUZWSMxAhkjNgRIrciNACPnicAOkwFjDFljDS8NmWMNKTDIgxE1A
274=JkjNQjZIzDBAMAQEQIkHdkjMwFZIzAD2WMNLC5ZIzECGSMxwgGAEZECJtpBgBHSAHdQUhI
275=AZc5BwBJSAGUcGSM30wGAEtUAs2JTEgB2QZNSAGBGgdFjDSldgdEjNsGBwBQQASbdAcAUU
276=gBI4cnBgBSSAGMJmeMNACvdERljDS8umSM2ycFAFZMBZQnZ4w0APmtBVhUApwVIrQiJ60A
277=WlQCzQVbKCkAXCgpAF0oKQBeSAGH5AUAX0gBJTkjYEgB3QphSAEjgCFljDS0ZWSMzFJkjC
278=eVCGVMBZxMIgxEJ8EIZ1QCmBxkjNAUZow0AJBWIrQi1AJkjCcpAGxYBpQYIrQiJ1UAbihV
279=AG8oKQAISFHRjQkoKQAKKCkACygpAAwoKQANSAGLDAMADmgBodUPaAF7AgQAECgpABFIAc
280=3WEkgBmz0FABNIAZhIIpU0NahZfY41q1kGABZABNVEF0gBeAoBAAcAGCgpABlIAZwgImUj
281=Nel6G1QCjAV9jjW06SJnIzUA92Q/ImYjNQCQNX2ONYgFVZwgKNkAIUgBI6QgfY41JpEjI1
282=QClBh9jjVMj0QHfY41tJF8jtUNCFKHNQCEP32ONaQ/fY41/aQqUAmIZHyO1AJ9jjWslH2O
283=NSTkM36ONQAj1yYEAC9YBiPMJXyO3Ap8jsQIfI7ECHyO2RECUT01oUYBXAfVAgFcjsQIfI
284=7ECHyOyCJ/jjUAjlQcSQA6QAcjMCJ8jicFATz0AnyO1wICAD5UAoAlfY41oLR8jsM7BABB
285=QASHPwQAQkgBlHt8jswFfI7IAX2ONajSfY41JCErB12ONST3KgcASEQIhEp9jjWz2gcASl
286=QCkY0HXI4nVQBMKFUATUgBkEt8jskXCF2ONUw3XB19jjW4tn2ONSQ0KHyO3Ct8jsRKfY41
287=JIAsfI7YJ3yOJykAV1UN9ndPBQBYSQHvqQFZKCkAWkgBjFIiZCMn2QBcVAIjPCkiZCPHHg
288=UAXlQCSBQimSRfSAEl6SNgSAGPywQAYUgBjMt8jsAafI7AGnyO1xgCAGVMBSNAL3yOzF0i
289=ZCPIQ3yOyEN8jtgGfI7QFHyOJykAbFAJhBN8jidVAG4oVQBvKCkAB1xP3Y4IKCkACSgpAA
290=ooKQALKCkADCgpAA1IAZQNaZA2oHIi6SM2oHIi6SM2rIki6SM2pIwi6SM2pEppkDaACFl/
291=FPMJBgAVaAF8mWiQwwQHABd0AnQFaZA2tEQi6SM2tERrkDYA/WA7Iugj2AZpkDb9jh1FCO
292=2hBB4oKQAfSAGcQSJ5VzbhkyFUApDaaZA2sNoi6CPYHGiQ2RwGXBrUAmqQNgAj8EUi6yM2
293=AC69FShQCZNsBwApSAGAyiJzNTYArrkRK1QCmJVpkDYoCRI2JMA0aZA2JPBFa5A2AKd4Bm
294=mQNrRwIvlnNqCeaZA2o54CADNcCoAPaJDUAmmQNrigaJDPEAEAN0wFkLlokNQCa5A2AJJ3
295=GAAAOkAEIxhLaJDQHyLoI9AfaJDUAiLpIza8jmiQyAFokMQ/a5A2ALJ1GAVIkMQTaJAnlQ
296=hEVA0jpDZokMgMaJDIDCLoI9BLaJDYBmiQ1QIISJDZHAhIkCdVAExcCo+fCABNKCkATkgB
297=gCVokMAwaJDYSGiQ3CtokMAEapA2ANl/VEQInHhpkDas1mmQNiQQPyLqIzYAlE9okCcpAF
298=lYBtUCWkkB8KkiW0gBky4FAFwoKQBdKCkAXigpAF8oKQBgSAGIOGiQyDhpkDawz2iQ1C5o
299=kNQCaJDcTGiQ0EtokNBLIqBG0B9okNAfaJDUI2iQJykAbEwQiBdokCdVAG4oVQAGRE2LZA
300=IABygpAAgoKQAJKCkACkgBJVEmCygpAAxIAcUIDUgBIxNVAgAOSAGc0GmQN1ByVxADABBU
301=AphIaZA3t5EFABJUApDPaZA3QAVLAAYAFFQCQAEiyTUVSAGI6GmQN/GNF1QCmBEi9TU3/Y
302=4ZVAKEP2mQN6Q/aJAnXQEcQASQzyIVJDewQCIUJCcpAB9ABJBAaJAnVQAhVAKI0miQJzEB
303=I1QCgGdpkDewrmqQNwAjdUYGSX83va8GWRY3tHAiFSQ3qOhpkDekjGmQNySITiKtWDegiG
304=iQwwQEAC1UDSMkJmmQN7ugBAAvVAKL3QMAMEgBjzEDADFIAZfeAwAySAGRFANJkDe0T2mQ
305=N6GeAlTQ1AJokMwQaJDUAmmQNyQ8KWiQ0B9okMQIaJDQH2iQxB4ifUc3pB5okMgBaJDIAW
306=iQ2AZokNgGIhQkJ2kIQ0gXn4MFAERIAdVERUgBgBppkDckeDZokNwKCQcASAA3ACEAAAAA
307=CBEAAFYQACAKAEkANwAlAAAAAAgASkoBJgBDAAgAS0kBJUQBVQJMSgGwAU8BCQBNSQGqqQ
308=FOSgEFAlcCCABPSAGbBgcAUEkBIlACAQAHAFFJAR9rAQYAUkgBgwQFAFNIAYMEBQBUSQGv
309=cwkFAFVJAampAVZIAXQGAQAFAFdJAfa1AlhJAe2pAVkoKQBaKCkAW0kB76EEXEkB9akBXU
310=gBixcFAF5JAaa1Al9JASdvDAQAYEkBI6kBYUkBrWMEBABiSAGPGwMAY0gBjwUCAGRIAY8F
311=AgBlSAGPBQIAZkgBgwQBAGdJAQhrIgEAaEgBjwUBAGlJAQR3AgAAakgBcA1NAGsoKQBsKC
312=kAbSgoAAIFADgACXsGAQAGSQEoTgYAAVoqOADVDQhVAgehBAlIAcEECkgBaAUBAAIACygp
313=AAxJASF7AgIADUgBgzsCAA5JAf9nHgMAD0gBfAMBAAQAEEkB/ncCBAARSQEdewIFABJIAY
314=cIBgATSQEDYw8GABQoKQAVSAGfCgYAFkgBhx4GABdJAbJzCQYAGEgBbAlZGRlIAYc/BgAa
315=SAGHPwYAG0gBwQQcSQH6uQYdSQHyqQEeSAGTQAYAHygpACAoKQAhKCkAIkgBk0AGACNIAd
316=0KJEgBn0EGACVIAYtZBgAmSAGFHgZPKzgAJHMFBwAoVAKLOAcAKUgBwRoqSQGxuRErSAGX
317=RAUALEgBgwQEAC1IAYMEBAAuSAGTNQMAL0gBkwkDADBIAZcCAgAxSAGLOAIAMkgBmz0CAD
318=NIAY8FAgA0SAGTCQIANUkBBncuAQA2SAGVAgFaRTgAlQIATwI4AI9rFwAAOVABpgEAOkkB
319=q38VAAA7SAGHYAAAPEgBhx4AAD1IAY88AQA+6wECAD9IAZ8gAwBASAGTSwMAQUgBjwUEAE
320=JIAY9HBQBDSAHNPERIAdVERUgB1URGSAHJQ0dIAYcIBwBI6wEIAElIAZkGCUuQOAAebRcJ
321=SJAnKQBMQQQBcB9qkDgAg4gJAE5UApiKaJDVAghJkDhYQ0gIaZA4UDtIAWiQwQQGSJDUAm
322=qQOACcCmiQwwQFAFZcClEGAIqQOAAnChI4AJdPBQBZQATJAVooKQBbSQHway0FAFxIAcUI
323=XSgpAF5IAZeGBQBfSAGIF2iQww8EAGFUAoAEapA4AJBLapA4AJBLa5A4AKxoDGuQOAClqQ
324=FmWAaQCWiQ0AlokMmFAEmQOFRggRJqTAWDAQAAaygpAGwoKQAEVkf//0kEAVofOQDJAQZU
325=ApxBaZA5sQkBTcM5QAVLAAEACUAETY4ATZQKaAFQAlkBCygpAAxoAWg4aJDZBgNJkDm8bW
326=mQOUxuXQYDSpA5AJREaJDIAWiQWBFkHmiQxQgHSJAnKQAVaAxACFWkFkgBiCJpkDmgRmiQ
327=zwUGABlBBPuxCRpIAcmFG0gBYAhNlBwoKQAdKCkAHkgBwZMfSAHBkyAoKQAhSAGRQAZQDi
328=e1ASNVAq61DSRIAckMJSgpACZIAZwraJDdIAZZITlEklUFBkiQ1y4GACpMBYOIBQArSAGI
329=hWmQOaxdaJDEHmmQOaxHapA5AIwQaZA5tIZqkDkAhKJrkDkAqHAUapA5AIiFaJDNEAFIkM
330=wQaJDVAgBIkNQCa5A5AJJYFUkAOUQTWABpADpIAScKEjkAlL1qkDkAJwgSzDxokNxBaJDd
331=IAJIkMAEaJDIAWiQyAFqkDkAg4gGAERUDdGNRUgBl2UHAEZIAYMaBwBHSAGAD2iQxAhokM
332=gBaJDRCQpLkDkAAnNWCgBMWAafjgoATUgBkEtokMstCQBPVAIjvCNokMwxaJDDBAcAUkAE
333=mAZpkDm3nAYAVFQCnwoGAFVIAYB9aJDMRyIWJDkAi04FAFhABIhOaZA59ZFaKFUAW0kB9G
334=g4aJAnBQFdVAKMPCIXJDkAoqEEX1QCg+AFAGBIAZTIapA5AIzLaZA5KAgS2EhrkDkAr2QI
335=a5A5AKepAWZECJMJAgBnSAGEl2iQ2AZokNgRIhQkJykAa0wFaERNAANI1YPgAAAEKCkABS
336=gpAAZIAZHlAF57OgDJAQhUApXTAEmQOq+JAQAKVAIlJSYLSAGDBAEADEgBjNZpkDpMDkgA
337=aJAnKQAPQASIQ2mQOigIEsgBaJDIDGqQOgCJDAZIkCcpABVECNUCFkgBgA9qkDoAgDtpkD
338=q0cGiQwA8iFCQnKQAbWAaTVgYAHEkBpH0rBkoROgDJAR5UAogtIhQkJ9kAIFQCWRkARZch
339=SQH8uQYiSAHVAiNIAYE7BlAkJ9kAJVQCiEMiFiQ6AN0KJ1QCnCBpkDq06WmQOrWRBUmQOq
340=zAaZA6qNJokMcIBQAtRAiQQGiQ0B9pkDqwS2mQOrBLaJDfCgEAMlgGjyYBADNIAZwVapA6
341=AJhTa5A6ALJsG2iQ1AJokMwQaJDMECIUJNkcAEgJwA8iFSQ6qIVqkDoAiIUiFCTAO2mQOk
342=CvVyYBAD9AB5zQaJDQQGiQyAFokMgBapA6AJBLaZA6r6oHAEVECIhkaZA6rJ9pkDqsn2iQ
343=xAhokMgBaJDQCWiQxR4LSJDEHmiQ1wIKAE5IDIgtaZA6rMBpkDpA0FcYCABRQAScjmmQOr
344=+OBwBTVAKdjgdIkCeNB1VUAowFaJDECGiQwBpokNwrapA6AJ9MBQBaWAaTVgUAW0gBmEho
345=kMMwBQBdVAJQESJJJV5IASOQIyIUJMQ/IhQkxEpokNcCAwBiTAWc2yIUJNhIaJDcCmiQzw
346=UBAGZMBYhvIhQk0AlokNgGaJDYBmiQJysAAgA7gBNRAAMoKQAEKCkABSgpAAYoKQAHKCkA
347=CEgBjPdpkDvhkwpUAotZAAALSAGYSGmQO7REaJDAD2iQJykAD0wFiG9pkDtcflwSIhUkO1
348=R2SAFrkDsAIEQBAQAFABNMBYkMBUmQO+1zFShVABZIAYQTaZA7pHZpkDu0cGiQwA9pkDuw
349=ViIhNju8umiQJykAHVAJjfcGSEgn2QAfVAJ0EV2OIEgBkUAGQWw7JPwgIhQkJ60AI0AEzQ
350=UkKCkAJUkB92h6a5A7APGpASdUAskXKEgBkEBpkDugqWmQO/2OK0AEIygsaJDcICIUJMQe
351=aZA7sJhokMMEAgAwWAacCmmQO6BnaZA7VJdYFGmQO6u8AQA07AVokMcIAAA29AJokNAqaJ
352=DEHmiQJykAOkwFVAppADtIAYw8aZA7UCVTAgEAPVQCI6whaZA7oJNokNBAaJDIAWiQyAFo
353=kMgBaJDURGiQyRcGSJAnKQBGSAyDRgYAR0gBjFJokMQIaJDIAWiQ0wkKAEtNBQgmFyQ7AC
354=5YFUXsTVQCgIhokNgnaZA7v44JAFBABIyJaZA7UEZfBggAUlQCmQYISJDYMmiQxAgiFCTH
355=CAYAVkwFhAhokNQCaJDQKmiQJykAWk0FsWxHaJAnVQBcVAJYDn2OXSgpAF5JAa2tBV9IAY
356=zLaJDYBmmQO6TOaZA7pM5okNAUaJDYEWiQ1BhokCdpCGdcCiWJImhIAZxMaJDLDAAAASEQ
357=PocTAAACKCkAAygpAAQoKQAFKCkABigpAAcoKQAIKCkACSgpAApIAd1MC0gBmD1pkDysiW
358=mQPKBcIi1IPLfeAgAP7AVokMwFa5A8ACBjFgQAEkAEmUgESJDABGmQPKeMBQAVQASTdwUA
359=FkgBmwYFABcoKQAYSQEJZ0oFABlIAZNLBQAaKCkAGygpABwoKQAdKCkAHkgBjRAFRXs85Z
360=cgVAKY7WmQPPGYIlQCI2AzIi1IPCaRIyRUAnwZRZclSAEjiC1qkDwAIwQtIiE2PCapJihA
361=BCXJNSlIAZQ5apA8ACNgMyIVJDyw+2qQPACc8WmQPLWyA1Bm1CNpkDywjWmQPLxiaZA8oG
362=ciITY8UBpME2iQxQgASJDDMAAANewQaZA8uFNpkDxMBokAOEAEgAFokCdVADpUAiMEOCIV
363=JDwkBCJpkDyo0miQxx4CAD5MBSNENSIhNjy0kWmQPKjSaJDIAWiQJxEIQ1gGm14FAEQoKQ
364=BFSAHRNUZIAYBRaJDECGiQyAFokNAJapA8AJAJIixI21MJAEzkCCIWJDwAI1wtaJDfIAoA
365=T0AElIZokN8rCQBRVAKdjglIkNwraJDMMWiQwzAHAFVMBYQIaJDXAgYAV1QClA1okMhOaJ
366=DESiIUJMgtaJAnKQBcWAYjiC0iFSQ8JBQvIiA2J8EIX0AEwUZgSAGfTAMAYUgBnExokNAJ
367=aJDcQWiQxEpokMAaaJDLIgAAZ0QI0UBoKCkAAkDN1QIDKCkABCgpAAUoKQAGKCkABygpAA
368=goKQAJSAHFSgpIASeyET0AmH9xjT23hgEADUAEk0ABAA5IAZBAcI3MBXCNzwUDABFABI0F
369=A1CNwARxjT2vlAQAFEAEI2hKcY09JJRKcY09vW0EUI0nrQAYTAWEHnCNJ4EAGlQCk0sEAB
370=soKQAcKCkAHUgBjRAESHTMEHGNPammBV4aPQDRmCFMBdGYIigpACMoKQAkKCkAJUgBnQoF
371=VYA95ZcnVAIldSUoSAGL0gUAKUkBrKHVKkgBJZEjK0gBl0QEACxIAZREcY09QApAHXGNPS
372=TYQnCNJykAMEwFh2ADADFIASOsQnGNPSiwEcQIcY09tJFxjT1QCokANlkGk4YBADdIAaYB
373=ADgoKQA5KCkAOkgBjOxxjT0osBFQNWAaco09AIAEcI1IDHjBcY09vJki4FnYBnCNwDBwjS
374=dhB0NIDNUjREgBI39HBQBFSAGDUQUARkgBnExxjT2kl3CNzBBxjT0kEClxjT0kyCpwjcAP
375=cI3AD3KNPQCILXCN2EgivSM97ZRQVA2ESnCNzAVyjT0AlIZxjT2jyggAVEwFjDxwjVAfay
376=kHAFZUAoSBcI3MMXKNPQAjJF1wjdgycI3QCXKNPQAjBC0iyTU9JAQtcY09JJgvcI3fFQQA
377=X0gMlBgivCPEE3CNJ9UFYkAEdREAco09AJgRcI3HCAEAZUAEhAhwjcQIcI3VGABBBz6ACF
378=EABFzIWABpAAUoKQAGKCkABygpAAhIAZykIhk1PiRvWwAAClQCjIkiGTU+qy0AAAxUAo1o
379=AFmKPqA7eYo+vI54is8FAgAQ7QUCWIrABHmKPq+JAwATQASIDHiK1wIEABVUAsWMFkgBnC
380=B4iscIBAAYVAKPfgQAGUgBiyIEABpIAYxSeYo+t70EABxUAplTBEwVJwUBHlQCI20kBERw
381=J+EBIFQCYCYBAAUAIUgBwX0iSAHNBSMoKQAkSAGdIARE9NwKeYo+7ZQnQASRFAVVHT68V3
382=mKPiQMTyINIz4m4SIrTAWMUnmKPrRweIrUOSIZNT67lQQAL0wFI5c/BAAwSAGUI3mKPkQZ
383=UBd5ij60kSINIz6siSIZNT6wYXiKyAwiDCPIDCIMIycpADhcCkgJaQA5KCkAOkgBI5gveY
384=o+KFkRPigNIz64XniKyCJ4itwrIgwjzAV4iswQeIpAD2uQBABDSAwjhFMiDCMndQRFVAIn
385=WBHITniKyAF4itwKeIrcK3iKxAh4itgReIrYUyI8a8QTIjBZ1CN5ij7hk1BAD4xHeYo+vN
386=siGDXUOXiKxB56ij4AiDh4ikAacCd4iswxeIrMMQYGAFgAPgCuAQARAAAtEAAgAAMAAAYA
387=WQA+AAYCAAAABQBaAD4ArQGJAVtJAfqpAVxJAfSpAV1JASdcAwEABABeSQEjqQFfSAGXAg
388=MAYEgBlwIDAGFIAZcCAgBiSQEIawwCAGNIAYMEAgBk6wEBAGVIAY8FAABmSAGBBABRDD9g
389=DG4ABQAnKQAGKCkABygpAAgoKQAJSQGvfxUAAApJAaipAQtJAaqpAQxJAf6pAQ1JASRjDA
390=EADkkBKKkBD0kBrmMEAgAQSQEAqRcRSQGydwIDABJIAZsGAwATSAGbBgMAFEgBlwIEABVI
391=AYceBAAWSAGDGgQAF0gBmxwDABhJAQd/CgMAGUgBxQgaSAGLFwQAG0kBp3cNBAAcSQGpqQ
392=EdSAHFCB5IAdkGH0gBwQ8gSAHBDyFIAcEPIkgB2QYjSAHZBiRIAdkGJUkBIHMfBAAmSAGH
393=EwQAJ0gBjwUEAChIAZMfBQApSAGTCQQAKkkBCXcYBAArSAHVDSxJASGxCS1JASKpAS5IAZ
394=sGAwAvSAGbBgMAMEgBmwYDADFJAQRzCQIAMkgBwTAzSQEFdwIBADRJASZzCQAANUgBnwoA
395=ADZIAbICADcoKQA4SAGHCAAAOUgBwQQ6SQGPrQE7SAHRQDxIAZ8gAQA9SAGFEwFZUD9UHl
396=EFAU8CPwAdRAFBQUBQAY8FAwBBSAGXIwMAQkgBlwIEAENIAcEwREgBgwQEAEVIAYcIBQBG
397=6wEGAEfrAQcASEgBhwgIAElIAYcICABKKCkAS0gBkwkIAExIAY8bCQBNSAGbBgkATkgBhy
398=kJAE9JAa9jRgkAUEgBj0cJAFFIAYN9CABSSAGHCAgAU0gBmzIHAFRIAYcIBwBVSAFgHgEA
399=BwBWSAGDBAYAV0gBgwQGAFhJAbFoDGKIPwCcCmGIPygBET9cR08IBABcTAWDGgQAXUgBhA
400=hgiMMEAwBf9AJgiMB9Yog/AIQ/YIjNBQFCiD8AhQgBQIgBPwD//0kMAkCIJysABQBASAKJ
401=AAYoKQAHKCkACCgpAAlJAY+IBUiFJ9kAC1QCsgIADEgBnysAAA1IAYEwAEuFQAD/cx8BAA
402=9UApwgaoVAAI8FAgARVAKZSAJJhUC5SAJIhcAEaoVAAJFsA0iFJykAFlgG1QIXSAGYHGiF
403=xBNohScFARpABJEqA0qFQACVDQNKhUAA1QIdQATFCB5IAYcTAwAfSAHJDCBIAY9+AwAhKC
404=kAIkgB2QYjSAHZBiRIAc0FJUgBnSADSoVAAJCCaIXEE2iFzRAESYVAsDVrhUAAsGwma4VA
405=AKapASxQCYsMBAAtSAGDDwQALkgBhIFrhUAArGwFaIXYBmmFQKhOaoVAAMEwM1gGgFFqhU
406=AAgVwBSIXMBWiF1QIASIXTKgAAOFkGr2gMaIXLDAAAOlUCkrVAO0gBkxQAADxIAZEfAEiF
407=0B9qhUAAjIlohd0gAkQFJ+UHQVABhAhqhUAAxSlDVAKTCQMAREgBnINphUCwjWiFyAFohd
408=wKaIXHCAcASVgGkQkHSIXXDQcAS1QCmFNqhUAAjBtqhUAAgOBphUCtcwhIhc1HCEiF3TYI
409=SIXcNmiF3CtphUCgcmiFxQgGSIXFCAZIhdgGaIXBBAVIhd8KBQBZRBOMPGiF3woFAFtUAo
410=B9aIXZBgNIhSddDF5ABJgGaIXcNmiFJykAYUAEhAhohcwQaIVYdL2DZEAEyYUGQLe8OlGb
411=QcYBAAhVApGxAQlJAYOpAQpJAYWpAQtJAYepAQxIAaQBUYJBpD9xgkG4f3GCQbdwAQAQTA
412=WNPAFRgkGsUnCCzAVxgkH9gxRMBc1dFUkBpG9SAwAWKCkAF0gBiDhxgkGrOAIAGVQCi3oC
413=ABpIAZUNAlGCQaxzcIInrQAdQATNBR5IAc0FH0kBsrUNIEgBlb0CUYJBp1UCACJUAp1MAl
414=h5J1UAJFQCxQglSAHBXCZIAdWRJ0gBlQ0DSBzZBgNQgicpACpABIcIAwArSQGrbxAEACxI
415=AZgccILJFwNRgkFQD1wucoJBAIwFcoJBAJzbcYJBuFNwgtsGAQAzUAmMR3GCQaiFcYJBoI
416=hxgkGs1nCCJz0IOFgGTA1pADlJAbFkE3CCJ4EAO1QChIxwgtQ5cILXOQAAPkAElHBwgswx
417=cILNBQJYA98gAgBCUAGfIAIAQ0gBhIFxgkGkgXCCyAFwgsQIcYJBt8gGAEhYBoktBlCCzR
418=AGUILYBnCCyAFwgtcjCABNWAafxQgATkgBgCVwgtwVcILNBQdQgtcNBwBSTAWbBgcAU0gB
419=mAZygkEAmLZxgkG4tnGCQbyOcILENHCC3QoEUILfIAQAWlAJnQoEUILYPXCC3ApwgscTAw
420=BeTAV5MwBwgtgycILfCgIAYUAEhBNxgkEmpSBjVALFgQdcLoUIAFl/QsYBAAlVAoyxAQpI
421=AcWBCygpAAxJAYuhBA1IAZheeX9CrzEAAA9UApU5AFl/QialIBFUAoixeX9CqCJ4f0APIn
422=srAgAU4AQiTyBCAKdoTnl/QuFcF0AEzXMYSAHNGxlIAZB3eX9CqJB6f0IAl3ACABxABM0F
423=HUgBzQUeSAGLFwIAH0gBlS4CXX1CsGx5f0KljAFYf80bAVEDQkx5VR8BRA3PGwIAJUUIrL
424=0VJkgBxZcnSAGc/Hh/0QkCWH/HCAIAKkAEiGR5f0Ksc3h/zwUDAC1ABIgXeX9CJPwgeH8n
425=SQQwQATJIjFIAYwFeX9CoFF5f0Kwrnh/3Aoi+DDYHHh/wA94f0wxSBtJADhQCVgAaQA5KC
426=kAOigpADtIAZQ5eH/UOXl/QvnBPkAEnCt6f0IAnSsBVdBCTCxZCgFYUN0gAUUFQqB9eH/I
427=AXh/yAF4f8gteX9C5WtHQAeILXl/QiRIJXh/zBB4f8QIeH/IQ3h/0B94f8kiB1h/xxMHAE
428=9cCp8VBwBQSAGQKnl/QqHKB1h/2QYGWH/XGAYAVEwFJ/gP0Cp4f88FBQBXQASQCXl/QlhO
429=XCB4f8EEA1h/3UwDWH8nKQBc+AZ4f80FAlh/0yoCAF9ABJ8VAgBgSAGIDHh/TCa1/2JUAs
430=1+CECsWA5pAAlJAZBgASKfQEMAiKkBC1UChqkBDEgBpAFd/EPGAQAOVALBvw9IASPcJ2F9
431=Q0BiTAR9/EP5PRJABIeBAQATSAGcQWF9Q+1zFVQC2XQWKCkAF0gB1RgYSAGBXAFc/NkGAV
432=38Q/VwG0AEyXocSAHNBR1IAZ8KAQAeSAGFwwFFLkOtlAFRUENMAJ0VIUAElA1hfUOsPGF9
433=Q6hZYX1DsJhhfUMkPCki8S9D7ZQnRAjR8ChIASUlJilIAYTZYH3UI2B91SMDXfxDXIlMEG
434=B93CthfUO/jgIAL0QIlxgCADBIAZMUAgAxSAHZHDJIAZQCYX1DuPhhfUPx+zVABNE1NkgB
435=TA1pADcoKQA4KCkAOSgpADooKQA7KCkAPCgpAD1IAZQ5fPzTKgAAP1QCiS0AQH3FNABBfU
436=O0e2B9yAFgfcgBYH3IAWB9yC1gfcgtf/xDAKJ4q2N9QwClqQFJVA2UT2B93CtgfcM7BwBM
437=QAQj1SYHXPzILWB93SsGQH3JFwZAfd0VBlz8J4EAUkQInSsGQH3IDGB90Al8/M8FBQBW7A
438=VgfdcCBABY9AJifUMAnINhfUOwmGF9Q6/hAwBcTAV4M0X6XUgB2UheSAHZPV9IAZkRAUB9
439=QCW1e2FUAtd7CQBEgAhRAAooKQALSAHBfQxIASfsHietAA5UAiPcU273RADBOxBUAtU5EU
440=gBn3gAABJIAYAEaXpE9XAUVQKwezICABVJAaipARZIASMjKwIAF0gB1RgYSAHVGBlIAZB3
441=aHrDDwEAG1QCmV4BTfdEqWQBSUhEoOBqekQAgL9pekS4J2l6RKNnAAAhRAjJFyJIAckXI0
442=gBgHJoetQNaXpEu5UCACZABIEPAkAJJ1UAKFQCnBVs9yfZACpUApNLAgArKCkALCgpAC1I
443=AYMPAgAuSQEEJJEjL0gBI6QgaHrIF2l6RKd2AQAy4ARpekQk6CNoesAEbfdEJKQgbfdERD
444=2JADdYBoABIjw/J1UAOVQCnCsi6C4nVQA7VALNBTwoKQA9KCkAPkgBlDlpekSg62l6RKSi
445=aXpEXDFMCGh6yAFoesgBaHrIAWh6zCZoesNGBQBHSAwj/CBoetgcbPfMBWl6RKO0BgBLTA
446=WJLQZIeidVAE1UAp0rBk/3RAAEfCtpekSkuGh6JzIBUQDZSAZM9yeBAFNUAo1SBUz33woF
447=AFVUApg9aHrMBWh6wDBpekREH0gAaHrUAmh62DJoesAEaHonKQBdXAonSA/ZEQFN90QmZS
448=5gQATfeAoARVwLiQALKCkADCgpAA0oKQAOSAGEKXF3RbxiffFF/TYRQASEdnF3RaV2AF3x
449=RaN9AQAUQASZXgFRd0WzYQEAFlQCI1UhAVF3RfVwGFQChEp98UVYZJEUGlQCjTEAUXdFoD
450=BwdyeBAB0ogQAeSAEjODlwdyeBACBUApQucHfHCAAAIlQCibwAXA8nvQIkVAKfQQEAJUgB
451=gQ8BUHfYBnB33QoBVR1Fu0gBAClMBdkGKigpACsoKQAsSAHRCS1IAYwmcHfQH33xRahvcH
452=cniQExTAWIF3F3RfHwM1QCk0sAADRIAYAEcHcnYQc2VAKQJyLgLSdVADhVAo+5AjlIAaYB
453=ADooKQA7KCkAPEkBjaUEPUkBiakBPkgBybw/SAGILXF3RSjxDkUo8A7IAXB3yAFwd8gtcH
454=fDRgQARlAJiCJxd0UkAycFAEhUAo9HBQBJSAGfKwUASigpAEsoKQBMSAGdKwVc8dQNcXdF
455=TDdMF3F3RUg+iQFQTAWcTHzxyS0FUHfZUwVc8dgycHfBBARQd9k9BFzxzwUEAFdQCYAwcH
456=fPBQMAWfQCcHfXAgIAW1QCmV4CXPHHCAIAXVQChAgi4S1F5XZfVALFdgtcI0AXaQAMKCkA
457=DSgpAA4oKQAPSQGvZOR5dEYkEykAABFUApDle3RGAAB8mXl0RvXeFEEEpngGeXRG6W8WVA
458=KRKgBZdEbpbxhUAtVPGUgBixcAABpIAYg4enRGAJ02AE3sRlRrZBdZQkazggAAHkwFwQQf
459=SAHFCCBIASU9KSFIAZAGeHQn2QAjVALF7yRIAcUTJUgBgA96dEYAnSsBRBjAD3h0J0EDKU
460=wFxQgqKCkAK0gB0QksSAHRCS1IAYlOAU7sRgCbBgEAL1QCixcBADBIAYsXAQAxSAGQ2nl0
461=RuHrM1UCBqktNEgBiE55dEbKGwA2VALNATdJAZGtAThJAYqpATlIAaQBWHQn2QA7KFUAPE
462=kBkqUEPUgBI2RwItssRgADoQ8/VALJAUBJASWtBUFIASW1IkLoAXh0yC15dEZYm1EFA1hQ
463=1AJ4dNcCBABHWAaEHnl0RrjBeHTJLQRZdEaxowRM7CfZAExYBoAPeXRGTEJIDHh02AZ4dN
464=w2bOzXAgUAUVgGiC14dNUCBFh02TIETOzYBnh0wQQDWHTBBANYdCcpAFjwCXh0zwUCAFr0
465=Anh01QIBWHTdCgFZdEbtc15MBc1zDEQhTBhpAA0oKAABDgBHABEAADYPACABAAAAAEMADw
466=BHVACJABAoKQARKCkAEkkBJJ4DABNJASipARRKAbEBTwEBABVKAQUCSwEAABZIAc0FF0kB
467=CbUCGEkBI54DABlJAa57BgAAGkgBsgIAG0kBsLUCHEkBqKkBHSgpAB5JAaS1Ah8oKQAgSQ
468=GptQIhSAHRCSIoKQAjSAHVDSRIAcUTJUkBB6UTJigpACcoKQAoSAHdFSlIAcUTKkkBqrUN
469=K0gB0QksSAHRCS1IAdUjLkgBmwYBAC9IAYMaAQAwSAGHCAEAMUkBJ6EWMkgBwSUzSAHBDz
470=RIAb4DADUoKQA2KCkANygpADgoKQA5SAHFHjpIAcUIOygpADxIAcEEPUkBAL0gPkgB3RU/
471=SAGLLQEAQEgB3RVBSQH+cx8BAEJJAf9rAQIAQ0gBiwwDAERoAXMJAwBFSAGLDAQARkgBgS
472=UEQgFHAJcjBABIUAGPRwUASUgBj0cEAEpJASF3CQQAS0kBJakBTEkBHWsBBQBNSAGTCQYA
473=TkgBgyUGAE9JAbJ7EQYAUEkBBm8QBQBRSAGPEAUAUkgBlwIEAFNJAaxvBQQAVEkBpqkBVU
474=gBgwQDAFZIAYMEAwBXSAGTHwMAWEgBkzUCAFlIAYMPAgBaSAGXAgEAW0gBlwIBAFxIAZcC
475=AABdSgH//08XAgANTB5AAWkADigpAA8oKQAQKCkAESgpABIoKQATSAGTHwAAFEgBwUYVSA
476=GAD2pvSACLOAAAF1QCi04AABgoKQAZSAHVZRpIAWwRTQAbKCkAHEkBjUgCSQAdSQGHXABJ
477=AB5JAa9jJQAAH0gBxQggSAFQA2kAIUgB2QYiSAHZBiNIAdkGJEgBhykAACVIAWwGTQAmSA
478=HdFSdIAd0VKEgBzQUpSAFcBGkAKigpACsoKQAsSQGTewMAAC1IAdUjLkgB1SMvKCkAMCgp
479=ADFIAc0mMkgByRczSQGLsQk0SAGkAUlvSMYBADYoVQA3KCkAOEgBg0YAADlJAaKhJTpIAd
480=UYO0gByQg8SQGtoQQ9SAHdFT5IAZ9iAAA/SAGABGpvSACTYQEAQVQCkGFqb0gAkGFob8AE
481=aW9IQCtQDGtvSACraAxqb0gAwVxHRAiUDWtvSAAIaWQESm9IAJwgaG/cCmhv3AoBBQBMAN
482=wKam9IAJgcam9IAIwbam9IAI1dBUhv0Alqb0gAlBhqb0gAhGtobydlAlRcCptIBABVSAGA
483=BGpvSACQgmhv3QoCSG/cCmhv1QIBSG/UAmhv1QIASG/XAgAADlQbQCJpAA8oKQAQKCkAES
484=gpABIoKQATKCkAFCgpABUoKQAWKCkAFygpABgoKQAZKCkAGkkBkWUQAF/bSQCJqQEcVQKD
485=qQEdSQGIqQEeSQGLqQEfSAGmAQAgKCkAIUkBjLkCIkkBhqkBI0gBpgEAJCgpACVJAY25Ai
486=ZJAYWpASdIAc1zKEgBsgIAKSgpACpIAd0VK0gB2REsSAHNBS0oKQAuSAHRdy9JAahpTgBd
487=20mpQwBd20nWBgAyQQSSsQEzSAGmAQA0KCkANSgpADYoKQA3KCkAOEkBq6kMOUkBqakBOk
488=gB0Qk7KCkAPEgB3Y49SAGHVQAAPkgByd0/SQGxZAhwbFAUcGFwbEgBdQkCXttJAIndAl7b
489=SQCI3XFsSbmrBF/bSQCnZAhybEkAmBF920mxYQNOWkkAI00gA00NSbXeA13bSbB3cGzcCn
490=Bs3QoGXNvQCXBs0QkFXdtJuHRwbMwFcGzMBXFsSSiRDUmsaHzbxQgDUGzECHBs1QICXNvU
491=AnBs1QIBXNvUAnBs1QIAXNvXAgAAD1wYfCRNABAoKQARKCkAEkgB1U8TSQGHQAVJABRIAV
492=gAaQAVKCkAFigpABcoKQAYSQGsfysAABlIAck4GkgBeAdNABsoKQAcSAHRSx1IAVADaQAe
493=KCkAHygpACBIAcUTIUgB1XAiSAEnOQ1KdAdtACRVApFgAW/WSgCIqQEmVALJASdJAYq1Ai
494=hIAaQBWGknBQEqKFUAKygpACwoKQAtKCkALigpAC8oKQAwKCkAMSgpADIoKQAzKCkANCgp
495=ADUoKQA2KCkANygpADhJAbG9KzlIAckXOigpADsoKQA8KCkAPSgpAD5IAYDKbdZKo1wAAE
496=D0Anhp1AJt1kq4XnlpSlyUXA17aUoACWhvbtZKAIvSAwBGRAjJAUdIAZTTeGnQKnlpSqxz
497=eGncCnhpyAF5aUq0cGzWywwFAE7wCXhpwQQETNbDBAQAUUAEgw8EAFJIAYAPbNbPBQMAVP
498=QCeGknOQJWVAIj9Cp4ac0FAU3WSqR2eGnVAgBO1koAJTcoEABLUCCJABEoKQASSQGQkgIA
499=E0gB2VMUSAHFuBVJAYuhBBZIAaYBABcoKQAYSAHBOxlIAcEEGigpABsoKQAcKCkAHSgpAB
500=4oKQAfKCkAIEkBjLUJIUgBxRMiKCkAI0gBwX0kSAGqBQAlKCkAJigpACcoKQAoKCkAKSgp
501=ACooKQArKCkALEkBrLFWLUkBqqkBLkgB1Q0vKCkAMCgpADEoKQAyKCkAMygpADQoKQA1KC
502=kANigpADcoKQA4KCkAOSgpADooKQA7KCkAPCgpAD0oKQA+SAEjWDJhZ0uwYWFnS+1oQUAE
503=I4QnYGfABGBnwwQCAERABIQeYWdLrV0CQ2dLACB7AgIAR0AEIz8pAgBISAEjEClhZ0tcMU
504=QEYWdLoHJgZ8gBY2dLAARgcmFnSySwJ2FnS6T6YmdLACOoJmBn3FdgZ80QA0JnSwDV3lNA
505=D4xoYGfMBWBnJykAVkAEJ+EMS/VlWFQCyWRZKCsAEQBMXBaJABIoKQATSAHVZRRJAYqeAw
506=AVSAGmAQAWKCkAFygpABgoKQAZKCkAGigpABsoKQAcKCkAHSgpAB4oKQAfSQGRuQ0gSAHF
507=wyFIASeKDEwAyQEjVALBBCRJAYm5BiVIAcFnJkgBsAJQOifFAygoVQApKCkAKkgBJeUzK0
508=gB2QYsSQGxvWItSAHVAi4oKQAvKCkAMEgB2WkxSQGmuQYySAHZBjMoKQA0KCkANUgB2QY2
509=SAHZBjdIAdkGOCgpADkoKQA6KCkAO0kBsrUNPEgB2QY9KCkAPkgBJQEnP0kBqq0FQEgBI1
510=MmAABBSAGQz2lkTKNnAQBD9AJqZEwAk7kCAEVUAoBRaWRMJEQ1aWRMsGFpZEywYWhkwAQi
511=PDTABGlkTLh0aWRMpFVpZEwkoCVpZExANl8YBABP9A1oZNUCA0zL2AZqZEwAm38DAFNMBV
512=IGAABoZNg9aWRMsMQiqCYnKQBXTAXdYlgoKwASAE2ACFEAEygpABQoKQAVKCkAFigpABdI
513=Ac1HGEgBVAdpABkoKQAaKCkAGygpABxJAZFlBQBeJU0A3dAeVAKyAgAfKCkAICgpACFJAY
514=ylBCJJAYqpASNIAaQBTCsnFQMlVALJeiZIAclkJ0gBweAoSAHVZSlIAcUIKigpACsoKQAs
515=SQGPpQQtSAGmAQAuSAHVAi9IAdUCMEkBq71MMUkBp6kBMkkBqqkBM0gBzQU0KCkANUkBr6
516=EENkkBqakBN0gBzQU4KCkAOUgB1S46SAHBBDsoKQA8KCkAPSgpAD4oKQA/KCkAQEgBhGBx
517=YU2nYAAAQvQCcWFNq7EBAERUApeyAQBFSAGHwwEARkgBI2AzcGHAMCKhJU0mdSVJ4ARwYc
518=EEBU2yTe1dTEAEnQoEQQFNJC8nBABOUAGcbXJhTQCAfXJhTQCIx3FhTSQYNXFhTSTsNHFh
519=TfleVEQIjF1wYSdVAFYoVQBXKCkAE1wNxSkUKCkAFSgpABYoKQAXKCkAGCgpABkoKQAaSQ
520=GsqTgbSAHJmxxIAckMHSgpAB4oKQAfSAGZHABB8E7IBUONTgCSsQEiQASkAVCHJ4EAJChV
521=ACUoKQAmKCkAJ0gB0WEoSQGKqQgpSAGmAQAqKCkAKygpACxJAYylBC1IAcFnLkkBhrUCL0
522=gBpgEAMEkBsaUeMUgB1QIyKCkAMygpADQoKQA1KCkANigpADcoKQA4KCkAOSgpADooKQA7
523=KCkAPCgpAD0oKQA+KCkAPygpAEBIAZSneV5ORIeFFkJUApVaAE3ATiTgInleTiT0S3leTr
524=RaeF7YBnleTqBnbcBOTJpQCWzAwAR4XsAEbsBOACNtJARVr068V3teTgCoeCd5Xk4kmCR5
525=Xk6rZAMAUEQTkGF4XsQ/eV5O7V1TQATNXVQoKQBVKCkAVigpABRUy0gUaQAVKCkAFigpAB
526=coKQAYKCkAGUkBsHAUIr5lTwAlfVIbVALZlRxIAXAKTQAdKCkAHigpAB8oKQAgKCkAISgp
527=ACIoKQAjKCkAJEkBj1AKSQAlSAFYAGkAJigpACcoKQAoKCkAKSgpACooKQArKCkALEkBkG
528=gJItFXTyZ1JS5VAoi1Ai9JAYupATBIAaYBADEoKQAyKCkAM0kBrLUjNEkBpqkBNUgB2QY2
529=KCkANygpADgoKQA5KCkAOigpADsoKQA8SAHJDD1IASNkZSI9Sk+gRiIdME/SDQBAQQSvrR
530=BBSQGqqQFCSAEl7UpDSAGABGFcT7SnYVxPsGFhXE+3WgEAR0wFIyQxYFzABGBcwAQiHDDU
531=AmFcT1CTWBBhXE/9V01ECIVrA1hQJ1UAT1QC1VpQSAEj/1cCAFFIAY8FAgBSSAFICSJlI1
532=NIASeBC0/5XlUoVQAVUGSMBSL9YlDGAQAXKFUAGCgpABkoKQAaSAHFlxtIAd0GHCgpAB0o
533=KQAeKCkAHygpACAoKQAhSAElWUgiSAHJpiMoKQAkSAElFS8lSAHBBCZJAYelDydIAaQBUC
534=8nFQMpKFUAKigpACsoKQAsKCkALUgB3cUuSAHRCS8oKQAwKCkAMSgpADJIAdFLM0gB1Xs0
535=KCkANUgB2Ug2SAHdCjcoKQA4KCkAOSgpADooKQA7SQGwoVE8SQGnqQE9SAHBiD5IAd0KPy
536=gpAEAoKQBBKCkAQkgBJeEiQ0gBIwNIAABEKCkARUgBm0gAAEZIAZxXaVlQoFxpWVBMLF8N
537=AgBJQASQCWpZUAAjMyIDAEtUAskBTEgBxVVNSAHNBU5IAdUCT0gB3VdQSAGUAmlZUCTQV2
538=hZ1DkiiCJUAiIwbyK8LicpABZAX1ARaQAXKCkAGCgpABkoKQAaKCkAGygpABwoKQAdKCkA
539=HigpAB8oKQAgKCkAIUkBjHsOAAAiSAHZUyMoKQAkKCkAJSgoAAkmAFEAigAAAAAAACcRAA
540=BuDwAgAQBRAAChACgoKQApKCkAKigpACsoKQAsSgGwAZ0GLUkBpKkBLigpAC9JAaq1AjBI
541=AYcFAAAxKCkAMkkBr6EEM0kBp6kBNEkBpakBNUkB96kBNkkB76kBN0kB8akBOEgB3Qo5SA
542=HNBTpIAcEEO0gBwQQ8KCkAPSgpAD4oKQA/SQH5vQpASAHZBkEoKQBCSQGPuQJDSAHRH0RI
543=AdkcRUkB/qUIRkkBJG8FAQBHSQEoqQFISQH/YwQCAElJAaxrAQMASkgBmycDAEtJAaa1Ak
544=xJASd7BgIATUgBhwgCAE5IAXACAQADAE9JASZvAQIAUEoBAgJNAQJDAVEAJUQBAQACAFJS
545=Af//TwEDAFMoKQAXXAJMAmkAGCgpABkoKQAaKCkAGygpABwoKQAdKCkAHigpAB8oKQAgKC
546=kAIUkBkG8NAAAiSQGIqQEjSQGDqQEkKCkAJUkBhrUCJkgBpgEAJygpACgoKQApKCkAKigp
547=ACtJAa57JwAALEgB0TUtSQGrtQIuSQGpqQEvSAHBBDBIAdUNMSgpADIoKQAzKCkANEkBsa
548=UINUkB9qkBNkkB7akBNygpADhIAdFWOUgBwQQ6KCkAO0gBwQQ8SAHRVj1IAdkRPkgB1Vo/
549=SQHwqQxASAHBBEEoKQBCSAHJLUNJAYmlBERJAYepAUVIAY9SAABGSAGFSgBbU1IAHWMEAQ
550=BIVAInewpSAK90DXtTUgCnqQFLQASPcwMATEkBBalOTUgBnAp6U1IAnQoCWVNSdQoARVVQ
551=QASNAQNaUFIAzVJSVALJARhAVIMEAAAZKCkAGkkBkbkCG0kBhakBHCgpAB0oKQAeSQGHoQ
552=QfSAGmAQAgKCkAISgpACIoKQAjSAHNJiRIAdlTJUgBJyEKU8wJQFEnKQAoQASTdwAAKUkB
553=pncjAAAqSAHRBStJAbG1AixJAY65Ai1IAdUCLkkBjbUCL0gB0WEwSAHdNjFJAYuhBDJIAa
554=YBADMoKQA0SAHJQzVIAdFLNkkBerEFN8gBWRA4SQFbtQI5yAFVAjpJAV21AjvIAVUCPEgB
555=0Qk9SAHZUz5IAdUCPygpAEBIAdFWQUgBrgkAQigpAEMoKQBESAHdIEVJAa5IDV0FRkgBya
556=ZHSAEnIgpTAMVKSVUCCL1MSkgB0UtLSAGEKWNRUwAGoQRNVAJNCgBNn05oAbUCT2gBeQID
557=XaRT9U9RVALXTxkAVHgDbQAaKCkAG0kBjG8CAAAcSAHFNB0oKQAeKCkAH0gB2VMgKCkAIU
558=gBzVIiSAGuCQAjKCkAJCgpACVJAZKlBCZIAaQBSE4nZQIoVQKrrSYpSQGpqQEqSAHNBSso
559=KQAsSAHJFy1JAYmlBC5IAdUYL0kBhrUCMEkBsLEJMUkBpqkBMkgBvANITicNAjRVAvqhBD
560=VIAd1BNkgBaE5VLTfIAQEDAAA4SAFoTlUCOcgBVQI6SAFoTlUCO8gBVQI8SQFZuQ09yAFV
561=DD5JAX+1Aj/IAVUCQEgB2aBBSAG8A0hOJ5ECQyhVAERIAdEqRUkBrVgHXQVGSAEnyQlUvE
562=xtn1RYhVkDAUnzVLGYAUjzwQQCSvNUAMFRTEUII0gFXUxNSAGV9AFL81QABEAbQQNPVALR
563=S1AoKwAaAFVMA4kAG0kBkIQBUktVANkyHVQCyQEeKCkAH0gBwZMgKCkAIUkBiqUIIkgBpA
564=FQSyeJASQoVQAlKCkAJigpACcoKQAoSAGYaXyZJwUBKlQC3QorKCkALEgB0SotSAHdeC5I
565=AclOL0gB1RgwSQGLqQgxSAHJDDJIAbACUEsntQE0KFUANUgBJ2MdVQBksQU3VAJoAVU4OE
566=kBOlwAQQM5yAFVATpIAXBLAQQAADvIAQEFAAA8SAFwS0UzPcgBSU4+SAFwS1UCP8gBVQJA
567=SAHVWkFIAcmbQkgBRA1pAEMoKQBEKCkARUgBzRtGSAGEl2PrVQAHXAtdBkhUAoWXAFFLVe
568=lOSlUCIFYDAAFRS1X1T0woVQBNSAGcTHFLVShxCVXzmBsAVnwHbQAcSAHFSh1IAcFGHkgB
569=1UQfSAFgBU0AICgpACEoKQAiKCkAIygpACQoKQAlSQGsXCxFCCZJAaqpASdIAUQCaQAoKC
570=kAKSgpACooKQArKCkALEkBsKUILUkBqakBLkkBjGsJAAAvSQGGqQEwSAHdTDFJAZG1AjJI
571=AdFLM0gBJekuNEgBvgMANUgBJxsJVgBjuQI3VAJoAUEOOEgBeEhRNDnIAVFAOkkBPFQDWQ
572=U7yAFVATxJATtcAFUCPcgBVQE+SQF1SAJJAD/IAVUCQMgBXQpBSAHFSkJJAfVUA00FQ0gB
573=WABpAEQoKQBFKCkARigpAEcoKQBISAHRS0lIAdFLSigpAEsoKQBMKCkATSgpAE5IAYRKcd
574=pXfA9uAB0AJykAHigpAB8oKQAgKCkAISgpACIoKQAjKCkAJEgBwTslSQGlpR4mSAFoDU0A
575=JygpACgoKQApKCkAKigpACsoKQAsKCkALUgB0UAuSAHNXS9JAYpcC0kAMEkBsaEPMUgBJZ
576=kkMkgBJTkjM0gB2TI0SAHVAjVIAdUCNkkBY0QJSTg3yAFJQzhJAUK9CjlJAUOpATpIAWBG
577=TQU7yAFNBTxIAWBGVQI9yAFVAj5IAWBGSQE/yAFZlUDIAVmVQUgB3dtCSAFIEGkAQygpAE
578=QoKQBFKCkARigpAEcoKQBIKCkASSgpAEooKQBLKCkATCgpAE0oKwAdAFh8D20AHigpAB8o
579=KQAgKCkAISgpACJJAZNxBgBI0icFASRUArICACVIAcU0JkgB1QInKCkAKCgpACkoKQAqSQ
580=GPsQUrSAGmAQAsKCkALSgpAC4oKQAvSQGysTUwSAHFEzFIAd2DMkgBxT8zKCkANEkBea0M
581=NcgBUQg2SQFgtQI3yAFVAjhIAXg9QQM5yAFVAjpJAURcAFUCO0kBPakBPMgBVQE9SAFokE
582=EEPsgBVQI/SQFzSAJJAEDIAVUCQUgB0RRCSAEnLBEnfQVEVAJIBmkARSgpAEYoKQBHKCkA
583=SCgpAEkoKQBKKCkASygpAEwoKgAeAGzpZgwAHygpACAoKQAhKCkAIigpACMoKQAkKCkAJS
584=gpACYoKQAnKCkAKCgpACkoKQAqSQGOihAAK0gBpAFQQCdlAi0oVQAuKCkALygpADAoKQAx
585=SAElTSsySAHdKzMoKQA0SAFwQF14NcgBUXc2SAFwQFUCN8gBVQI4SAFwQFUCOcgBVQI6SA
586=HVhjtIAXBAQQQ8yAFBBD1IAXBAVQI+yAFVAj9IAXBAVQJAyAFVAkFIASd8ECfFA0NUAt0g
587=RCgpAEUoKQBGKCkARygpAEgoKQBJKCkASigpAEsoKwAfAFrGDAAgKCkAIUkBjb0CIkkBha
588=kBI0gBJeUzJEgBsAJMficFASYoVQAnKCkAKCgpACkoKQAqSQGSqQgrSAGkAVo9WgDBDy1U
589=AtUNLkgBwQQvSAHBBDBIAcEEMUgBwQQySAHZfzNJAWW5AjTIAV1tNcgBQTA2SAFovE0EN8
590=gBQQQ4SAHNwDlIAWg4QQQ6yAFBBDtJAT5cAFUCPMgBVQE9SAF0RFUCPsgBVQI/SQFySAJJ
591=AEDIAVUCQUgBJ7gHJ/kEQ1QCXARpAEQoKQBFKCkARigpAEcoKQBIKCkASSgpAEooKgAgAC
592=LINnoKACFJAZCGAQAiSAElQS8jKCkAJEgB2T0lKCkAJkgByS0nSAGiCAAoKCkAKSgpACoo
593=KQArKCkALEgBJQkoLUgBJQkoLkgB0QkvSAHBBDBIAcn+MUgBwQQySAEnYgdbAGA7QWc0VA
594=JoAVntNcgBWe02SAFgO008N8gBTQU4SAHZtjlIAWA7QQQ6yAFBBDtIAWA7VQI8yAFVAj1I
595=AWA7VQI+yAFVAj9IAWA7VQJAyAFVAkFIAdGNQkgBJQUiQ0gB3bpESAHBGkUoKQBGKCkARy
596=gpAEgoKQBJKCsAIQBcwAhKOFwAzSYjVAIlxSQkSAHBOyUoKQAmKCkAJ0gB1TkoSAHVCSko
597=KQAqKCkAKygpACxIAdUNLUgB1Q0uSQGJqQgvSAHdNjBIAbICADFIASeqJlwA1SMzVQJhpQ
598=Q0yAFdYjVIAWgtQQM2yAFVAjdIAd02OEgBJ24OXADdrzpUAnyvWQY7yAFZBjxIAWw8VQI9
599=yAFVAj5JAXZIAkkAP8gBVQJAyAFVOUFIAdEUQkgB2XRDSAFIBmkARCgpAEUoKQBGKCkARy
600=gpAEgoKAABIgBdAMGeI0gBZAlNACRIAdEqJUgB3TYmKCkAJ0gB1WUoSAFIBmkAKSgpACoo
601=KQArKCkALEgB1ektSAFsBk0ALigpAC8oKQAwSAEl+SUxSAEn3RxdKLIGXQBwNVUjNEAEaA
602=FNXTVIAXA1VQI2yAFVAjdIAWhvVQ04yAFdKzlIAck4OkkBRUgCQQQ7SAF8NlkGPEgBcDVR
603=CT3IAVUCPkgBcDVJAT/IAUF9QMgBQX1BSAEnswZdAPS9CkNUAlgLaQBEKCkARSgpAEYoKQ
604=BHKCsAIwBeaAZtACRIAd2kJUgBzV0mKCkAJ0gBzV0oSAFsBk0AKSgpACooKQArKCkALEgB
605=2T0tSAHFrS4oKQAvKCkAMEgBxT8xSAFYC2kAMkgBJxsUXgBibwIAADRUAmgBXR81SAFkKU
606=EDNsgBVQI3SAF4Ml0rOMgBUSo5SAEnWgZeAHQ5WQY7VAJoAVkGPEkBb0gCSQA9yAFVAj5J
607=AX5IAkkAP8gBVQJASAHNMUFIAc0xQkgBXARpAEMoKQBEKCkARSgpAEYoKwAkAF9oBm0AJS
608=gpACYoKQAnKCkAKCgpACkoKQAqKCkAKygpACxIAcE7LUgBwTsuKCkALygpADBIAc08MUgB
609=bBFNADJIAScBBl+AMFEqNFQCYDBRKjVIAWAwVQI2yAFVAjdJAUJUJEUIOEgBYARJATlIAd
610=2ZOkgBdC5ZBjvIAVkGPEgBYDBVAj3IAVUCPkgBYDBVAj/IAVUCQEgB2ZVBSAFYC2kAQigp
611=AEMoKQBEKCkARSgqACUAIvQrdgYAJigpACcoKQAoKCkAKSgpACooKQArKCkALCgpAC0oKQ
612=AuKCkALygpADAoKQAxSQH7oSUySAHFSjNJAXuAE05dYABoAU0ENVUCbrUCNsgBVQI3SAHR
613=KjhIAWgtQSU5yAFBJTpJAW25BjvIAVkGPEkBfbUCPcgBVQI+SAHNED8oKQBAKCkAQUgB0f
614=tCSAGiCABDKCkARCgpACaYqIkEJygpACgoKQApKCkAKigpACsoKQAsKCkALUkBwI4JAC7I
615=AQkBAAAvAGEAwAAAAAIRAADIBOgJBgAAMABhAJEAAGAAAjEAYQCLYwEAADJKAfYBjQEzSQ
616=F7RAEBAgAANMgBAQMAADVJAW61AjbIAVUCN0kBa1QCSQA4yAFRCDlJAWxIAkkAOkkBbVwA
617=UQk7yAFZBjxJAX21Aj3IAVUCPkkB7VgHQQM/SQHyqQFASQH0qQFBSAFQA2kAQigpAEMoKw
618=AnAGJwA20AKCgpACkoKQAqKCkAKygpACwoKQAtSQHAXAdZES7IAQEEAAAvyQEFeydiAAFY
619=EUkAMVQCaAFNGzJJAfpIAkUHM0gByRc0SAHBGjVIAXgnUQk2yAFRCTdIAXgnRQg4yAFBDz
620=lIAXgnXQk6SAF4J1kGO8gBWQY8SAHdCj1IAdUNPkgBwSU/SAFIEWkAQCgpAEEoKQBCKCsA
621=KABjfARtACkoKQAqKCkAKygpACwoKQAtSQEGRBRdBi7IAVUBL0gBaCJRFDDIAQEGAAAxyQ
622=EHfUxjmCcBCAAAM9UCCX5MYwDZJzVUAsEaNkgB2Rw3KCkAOCgpADlIAc0FOkgBzQU7KCkA
623=PEkB8FgSURQ9SAFYAGkAPigpAD8oKQBAKCkAQSgrACkAZGgGbQAqKCkAKygpACwoKQAtSA
624=FoIlU5LsgBVTkvSQGPfAdtR2SRHwtoIqkBDGgiqQENaCKpAQ5rImQA9VgGVRc1RAhEAWkA
625=NkgBwSU3SAHRHzhIAcU/OUgBYAVNADpIAc0FO0gBzQU8SAHNBT1IAVwEaQA+KCkAPygpAE
626=AoKwAqAGV8BG0AKygpACwoKQAtSAFwH0VVLsgBUUAvSQGScAZwHycFATFUArACXI4nVQAz
627=VAJkHkUINMgBRQg1yAFZSDZIAdkGNygpADgoKQA5KCkAOigpADsoKQA8KCkAPSgpAD4oKQ
628=A/KCsAKwBm0g0ALCgpAC1IAXgcWREuyAFVWi9IAdEFMEgB2T0xSAHVAjIoKQAzKCkANEgB
629=ZB5FYDXIAQEKAAA2yAFVRDdIAcUIOCgpADkoKQA6KCkAOygpADwoKQA9KCkAPigrACwAZ9
630=oKAC1JAQdQTF0BLsgBVQEvSAFEAmkAMEkBjGABc1ZnAIWpATJVAoepATNIAaQBXMUnXQE1
631=VAJsG0lZNsgBAQ8AADdJAfhQBUkMOEgBRAFpADkoKQA6KCkAOygpADwoKQA9KCgAAS0AaA
632=BoF5xtqAGdbWhsCm0AMEAEJ+sCaACDbAJ/bWgAhqkBM0AEpAFIFyfZADUoVQA2SAF8FV0K
633=N8gBWVM4yAFZUzlIAcUIOigpADsoKQA8KCsALgBpnBVZBi9IAdkGMEkBkK0BMUkBiKkBMk
634=kBiqkBM0gBpAFRFGnEAVzxJykANiiBADdIAXwVTVI4yAFFrTnIAVUuOkgByQg7KCsALwBq
635=0gIAMCgpADEoKQAyKCkAMygpADQoKQA1KCkANigpADcoKQA4SAFkE0UpOcgBRSk6yAFKIj
636=AAZOGZEDEoKQAyKCkAMygpADQoKQA1KCkANigpADcoKQA4KCkAOUgBbBBWIzEAZOyVDTIo
637=KQAzKCkANCgpADUoKQA2KCkANygpADgoKgAyAHj1nQozKCkANCgpADUoKQA2KCkANygqAD
638=MAIpwghQg0KCkANSgpADYoKwA0AG+ABVEANSgoAAEAAAAAEQAA

[Terrain]
55089=TIBTRE02
55031=TIBTRE02
25065=TIBTRE02
85048=TIBTRE02
36055=TIBTRE02
75058=TIBTRE02
63018=TREE14
67033=TREE14
65046=TREE14
53045=TREE14
48043=TREE02
39046=TREE02
57053=TREE02
48035=TREE02
63023=TREE02
68027=TREE04
66018=TREE04
58019=TREE05
62019=TREE06
66025=TREE06
64038=TREE06
53047=TREE06
55046=TREE07
47044=TREE07
40040=TREE07
41049=TREE08
40038=TREE08
49054=TREE08
49050=TREE10
58049=TREE11
55041=TREE11
47032=TREE11
49033=TREE12
48034=TREE13
67039=TREE13
65034=TREE12
65036=TREE11
64034=TREE10
67036=TREE08
66022=TREE07
62032=TREE06
62033=TREE05
63032=TREE04
60043=TREE04
70050=TREE11
69047=TREE12
68048=TREE13
62057=TREE13
46059=TREE13
62013=TREE14
64009=TREE13
67016=TREE11
72018=TREE10
65020=TREE08
64017=TREE07
64020=TREE05
45047=TREE05
62050=TREE08
47101=TREE08
45085=TREE08
42068=TREE08
50062=TREE08
67070=TREE08
78069=TREE08
79072=TREE02
65064=TREE02
62074=TREE02
53078=TREE02
68088=TREE02
50103=TREE02
49101=TREE03
41071=TREE03
42070=TREE04
59083=TREE04
44083=TREE04
59066=TREE04
72064=TREE04
80070=TREE05
64065=TREE05
51071=TREE05
47084=TREE06
55100=TREE06
65085=TREE06
77071=TREE06
67083=TREE07
65082=TREE08
75080=TREE10
75078=TREE11
73080=TREE12
74079=TREE13
68076=TREE14
72071=TREE15
57075=TREE07
39068=TREE07
52101=TREE07
62095=TREE07
87067=TREE08
84069=TREE07
83066=TREE06
100045=TREE06
12059=TREE06
28044=TREE04
30048=TREE02
24048=TREE05
26058=TREE05
14056=TREE07
14054=TREE08
13055=TREE10
19061=TREE10
23061=TREE11
17051=TREE12
19048=TREE13
30056=TREE14
31054=TREE02
29052=TREE04
28058=TREE07
28060=TREE06
25060=TREE12
83056=TREE12
95050=TREE13
99055=TREE14
89064=TREE08
84060=TREE08
88053=TREE06
85054=TREE05
82057=TREE04
83059=TREE02
84063=TREE14
98056=TREE12
98053=TREE11
82054=TREE10

[Infantry]
0=Neutral,COW,256,62,16,2,Guard,0,None,0,-1,0,1,1
1=Neutral,COW,256,62,18,2,Guard,0,None,0,-1,0,1,1
2=Neutral,COW,256,45,91,2,Guard,0,None,0,-1,0,1,1
3=Neutral,COW,256,47,92,2,Guard,0,None,0,-1,0,1,1

[Structures]
1019032=Neutral,CAHSE07,256,49,101,0,None,0,0,1,0,0,None,None,None,0,0
1019033=Neutral,CAFARM01,256,45,94,0,None,0,0,1,0,0,None,None,None,0,0
1019034=Neutral,CAFRMA,256,62,9,0,None,0,0,1,0,0,None,None,None,0,0
1019035=Neutral,CAFARM02,256,66,16,0,None,0,0,1,0,0,None,None,None,0,0
1019036=Neutral,CAFARM01,256,64,17,0,None,0,0,1,0,0,None,None,None,0,0
1019037=Neutral,SNODUSLAMP,256,65,25,0,None,0,0,1,0,0,None,None,None,0,0
1019038=Neutral,SNODUSLAMP,256,89,55,0,None,0,0,1,0,0,None,None,None,0,0
1019039=Neutral,SNODUSLAMP,256,58,75,0,None,0,0,1,0,0,None,None,None,0,0
1019040=Neutral,SNODUSLAMP,256,48,85,0,None,0,0,1,0,0,None,None,None,0,0
1019041=Neutral,SNODUSLAMP,256,31,55,0,None,0,0,1,0,0,None,None,None,0,0
1019042=Neutral,SNODUSLAMP,256,55,36,0,None,0,0,1,0,0,None,None,None,0,0

[OverlayPack]
1=FgAAIIH//jsc/4HMQAH++AH/Qfn/vQFDHIBjAAAggf/+QgD/gcz+/wH///oFQwCBzDAB/v
2=oB/4FmEAH++wH/IgD/+wFCCv/8AT4Mga5R///6AUIMIfz/+QFCEIGvVAD++gH//wACPhQi
3=Av7oA/+BqUAIgaj+AAL/gaz+ygH/gf+AcwAAIIH/8wAAgmZm/vsB/4FmMAH++QH/QgD/+A
4=E6AlH///wBOwQwBf7zAf+Bqv/6ATEEgaj/CAIsAkIB/uwB/4Gp0CUI/vwB////ATgQ/gUC
5=/2oQ/h0C/4Gu/tUB/4Gr/hkC/4Gv/tAB/4GxQAiBrP7UAf+B/4DUAAAggf/sAACBrP7uAf
6=+BZjAHgbDbAQKBrf7XAf+CZmZCANIdAMpFAsgwACA0ADvYHgT+owH/IcHRWQQh94Gq4f4F
7=/70BXARhx9I+AoKuqeE5Bv+9AVkG9lgI/8YBVAj0GQqBrv/IAVEKQb/KXAwB3eb1Df++AV
8=cEy1MI014Oga//UwAACv6JAf/7Uwj/wgFWDOEXEHABgavcCgj+sgH/3RgUgbHj+RX+wAH/
9=/R0S/scB/9RdGEwQ0zAA/8sBWxjbGwDPRQLCOAj/3wFbGuX+Af6eAf+B/4B/AAAggf/wAA
10=CBsNoXAIGuQAiBZv7QAf+Bqf77Af+Bq/4RAv///AErAmABga3+/wH/gaxZ7f7uA/+Brw3e
11=AAH+7wH/yT8KEf//8QE6Ds4sEGIBgar+7wH/Qf//+QE8ECH8//sBOhRUAIJmrP73Af//AA
12=I2FM02Ev7xAf9h//+/AScEgFgAACCB//YAAIJmZv7zA/+BZv/+AToAAf8iAoGp/vcB/zIA
13=//kBMQQR+8wxCIGs/uwB/0P/yTQKgav+7AH///8BLghSAv73Af+BzGAB/vYB///3ATQS/9
14=4JIhSAEAAAIIH/5wAAgcxQAf7LH/+B/4AJAAAggf/+/h//gf+ACQAAIIH//v4f/4H/gAkA
15=ACCB//7+H/+B/4AJAAAggf/+/h//gf+ACQAAIIH//v4f/4H/gAkAACCB//7+H/+B/4AJAA
16=Aggf/+/h//gf+ACQAAIIH//v4f/4H/gAkAACCB//7+H/+B/4AJAAAggf/+/h//gf+ACQAA
17=IIH//v4f/4H/gAkAACCB//7+H/+B/4AJAAAggf/+/h//gf+ACQAAIIH//v4f/4H/gAkAAC
18=CB//7+H/+B/4AJAAAggf/+/h//gf+ACQAAIIH//v4f/4H/gAkAACCB//7+H/+B/4AJAAAg
19=gf/+/h//gf+ACQAAIIH//v4f/4H/gAkAACCB//7+H/+B/4AJAAAggf/+/h//gf+ACQAAII
20=H//v4f/4H/gAkAACCB//7+H/+B/4AJAAAggf/+/h//gf+A

[OverlayDataPack]
1=HgAAIIEA/jscAIIGCiABgQz++AEAgQEwB4EF/rsBAIEAgHIAACCBAP5CAACBBf7/AQD/+g
2=VDAIICChABgQn++gEAhQQHBwcG/vsBAIUHCwsLCv/7AUIKgQgCAIILCP75AQCDBgoLGAH/
3=+QFDDAX/ggoA//sBQhA0AP/6AUMOgwAGCAIC//wBQgqCAAb//QFBCv7BBQCBAIBsAAAggQ
4=DzAACCBgb++wEAhgQHCAoKCP/6ATgAgggLEAGBCv/4AToCiQYKCwoKCgsLB/73AQASAIEA
5=//sBOAYGABQA//kBOgQUAQABgQj++gEAgQcCAf/6AToKIgGBCv/5ATsI/wICMgD+ywsAgQ
6=CA9wAAIIEA/h4CAIED/v0BAIMGCAf17AGFBgcHBwT+vAEAiAMGBwgKCwoI71wEAjYQO4ML
7=Cwj+vQEAgQgBwvJZBoEHMDmBCwI9ggcG/7oBHwJBx4IKBvYjCP++AVkGFACDCgoK714KgQ
8=YV/BA68R8K/okBAIEHIcCBAAgD7h8EgQYYOQA6/7sBXQqBAyH/M8bwHwaBCEQA/7oBXwpJ
9=/vRZCiYDEDn/uQFcBMlTCvEgCjIB/7oBXhCBBMBZBE/H8lsUNEDxHwT+jQEAwVgEAgeBCO
10=4mFIEEEjv/uwFeDMwRGPBfEgoE/8EBXhb74QP/yAFeGPTiFf6kAQCBAIBrAAAggQD+WQAA
11=gQH+3Q0AhAYHBwb++wEAhgYKCwsKB/76AQCCCAsAAYEK//kBOw4D/4UKCgoLCP74AQCBBw
12=P9gQACBP/4AT0SRACBC//5ATwQgQcB/QAB//oBPBD//wE3EoYABAgKCgj/wwE+HIBqAAAg
13=gQD2AACCBgb+8wMAggYH//0BOwCFBgoLCgj/+wExBIMICgoCAv/5ATMGiAYKCgAKCwsH/v
14=gBAIIHC//+AS8IggQIA/6CCwj++wEAhQYHBwcE/vcBAAf+MAH/9wEzDoEF/v8BAP/VCSsU
15=gBMAACCBAOcAAIIDCjABgQj+yx8AgQCACQAAIIEA/v4fAIEAgAkAACCBAP7+HwCBAIAJAA
16=AggQD+/h8AgQCACQAAIIEA/v4fAIEAgAkAACCBAP7+HwCBAIAJAAAggQD+/h8AgQCACQAA
17=IIEA/v4fAIEAgAkAACCBAP7+HwCBAIAJAAAggQD+/h8AgQCACQAAIIEA/v4fAIEAgAkAAC
18=CBAP7+HwCBAIAJAAAggQD+/h8AgQCACQAAIIEA/v4fAIEAgAkAACCBAP7+HwCBAIAJAAAg
19=gQD+/h8AgQCACQAAIIEA/v4fAIEAgAkAACCBAP7+HwCBAIAJAAAggQD+/h8AgQCACQAAII
20=EA/v4fAIEAgAkAACCBAP7+HwCBAIAJAAAggQD+/h8AgQCACQAAIIEA/v4fAIEAgAkAACCB
21=AP7+HwCBAIAJAAAggQD+/h8AgQCACQAAIIEA/v4fAIEAgA==

[AITriggerTypesEnable]
0CAD0DCC-G=yes
0CAD0C7C-G=yes
0CAD0B2C-G=yes
0CA6621C-G=yes
0CDF8EDC-G=yes
0CDF8D8C-G=yes
0C0C7AEC-G=yes
0D62199C-G=yes
0CDF899C-G=yes
0D6216FC-G=yes
0D6215AC-G=yes
0D62145C-G=yes
0D0803CC-G=yes
0C32599C-G=yes
0CE23AAC-G=yes
0CA1F84C-G=yes
0CE26CAC-G=yes
0CE26B5C-G=yes
0CAD145C-G=yes
0CAD130C-G=yes
0CE2395C-G=yes
0D084B5C-G=yes
0D084A0C-G=yes
0D0848BC-G=yes
0CAD2AEC-G=yes
0D08461C-G=yes
0D0873DC-G=yes
0C8E2C3C-G=yes
0CAD25AC-G=yes
0D087D8C-G=yes
0C8B81BC-G=yes
0CADDEDC-G=yes
0C92C45C-G=yes
0C9565AC-G=yes
0C92C1BC-G=yes
0CADD99C-G=yes
0C9561BC-G=yes
0CE2EA2C-G=yes
0CE2E8DC-G=yes
0C955C3C-G=yes
0C955AEC-G=yes
0C8C71BC-G=yes
0C8C6EDC-G=yes
0D052AEC-G=yes
0CE44D0C-G=yes
0CA5945C-G=yes
0CAD2C3C-G=yes
0D535EDC-G=yes
0AA846FC-G=yes
0AA845AC-G=yes
0C8C645C-G=yes
0AD2BAEC-G=yes
0C96F5AC-G=yes
0C96F45C-G=yes
0CB2CEDC-G=yes
0C91D45C-G=yes
0CAD5AEC-G=yes
0D2C45DC-G=yes
0D2C448C-G=yes
0C8C56FC-G=yes
0D2C41EC-G=yes
0CA6AEDC-G=yes
0C0D251C-G=yes
0C8C51BC-G=yes
0CA24D8C-G=yes
0C8BC5AC-G=yes
0C8C4C3C-G=yes
0D53430C-G=yes
0ECCFCAC-G=yes
0ECCFA7C-G=yes
0C8EEEDC-G=yes
0C0D184C-G=yes
0ECCF68C-G=yes
0C8C430C-G=yes
0C87B99C-G=yes
0ECCF29C-G=yes
0ECCF14C-G=yes
0C8EEAEC-G=yes
0C87B45C-G=yes
0ECCBC3C-G=yes
0C8EE1BC-G=yes
0ECCB7FC-G=yes
0C32D84C-G=yes
0ECCB55C-G=yes
0ECCB40C-G=yes
0ECCB2BC-G=yes
0CB29EDC-G=yes
0C8C2C3C-G=yes
0C8C2AEC-G=yes
0A31295C-G=yes
0C87E5AC-G=yes
08A3EEDC-G=yes
0D022B1C-G=yes
0C1246FC-G=yes
0C1245AC-G=yes
0D0B3B9C-G=yes
0CA2A04C-G=yes
0CA2B06C-G=yes
0CA2FEDC-G=yes
0D2769BC-G=yes
0A452E5C-G=yes
0A452C6C-G=yes
0A44F2CC-G=yes
0A44F17C-G=yes
0D53099C-G=yes
0612B11C-G=yes
06C551AC-G=yes
0612CD8C-G=yes
0ABC484C-G=yes
05FFB18C-G=yes
05FFA7DC-G=yes
06002BFC-G=yes
05CB5B6C-G=yes
07C04EDC-G=yes
07C04C7C-G=yes
07C0B14C-G=yes
05FC1A8C-G=yes
05FC50EC-G=yes
05FC3C9C-G=yes
05FC37CC-G=yes
05FC333C-G=yes
05FC0C9C-G=yes
05FC088C-G=yes
05FC75CC-G=yes
05FC747C-G=yes
08B9154C-G=yes
08B911BC-G=yes
08B9213C-G=yes
08B9356C-G=yes
08B9305C-G=yes
08B9483C-G=yes
08B9423C-G=yes
08B940EC-G=yes
08B9586C-G=yes
0611A33C-G=yes
0611A1EC-G=yes
08B9641C-G=yes
08B97C6C-G=yes
08B9767C-G=yes
08B9708C-G=yes
05FC1C5C-G=yes
0612EAEC-G=yes
0612F9AC-G=yes
05FC13EC-G=yes
08B90B1C-G=yes
08B902EC-G=yes
0612F46C-G=yes
044082BC-G=yes
07C310BC-G=yes
07C329FC-G=yes
07C3266C-G=yes
07C33DDC-G=yes
0616004C-G=yes
07C330CC-G=yes
07C30A5C-G=yes
07C4853C-G=yes
043F521C-G=yes
043F874C-G=yes
043F40BC-G=yes
05CBC2EC-G=yes
05CBC19C-G=yes
05CBC04C-G=yes
078F4B2C-G=yes
05CB830C-G=yes
05CBAEDC-G=yes

[Triggers]
090AC3BC=Neutral,<none>,@Sounds,0,1,1,1,0

[Events]
090AC3BC=1,13,0,0

[Actions]
090AC3BC=8,99,7,_Amb_BirdsTemperate1,0,0,0,0,AA,99,7,_Amb_BirdsTemperate2,0,0,0,0,AB,99,7,_Amb_BirdsTemperate1,0,0,0,0,AC,99,7,_Amb_BirdsTemperate2,0,0,0,0,AD,99,7,_Amb_BirdsTemperate1,0,0,0,0,AE,99,7,_Amb_BirdsTemperate2,0,0,0,0,AF,99,7,_Amb_WavesLake,0,0,0,0,AG,99,7,_Amb_WavesLake,0,0,0,0,AH

[Tags]
090AEDAC=0,@Sounds,090AC3BC

[Digest]
1=NOy3JWf36kuesiaOB0B2EY8ZRok=
